===== launched 2026-08-26 00:06:54 =====
COMMIT 98b5ece46ecf30f75044eac1d675edae3b52b8c7
RUN E08
HYPOTHESIS eyepacs-pretrain-plus-longer-schedule-and-first-external-validation
device=cuda  torch=2.5.1+cu121  gpu=Tesla P100-PCIE-16GB
[gpu] sm_60 usable
[corpora] IDRiD          516 images
[corpora] Messidor-2    1744 images
  IDRiD       n=   516  DR0=168 DR1=25 DR2=168 DR3=93 DR4=62   dme_supervised=  516 (exact=516)
  Messidor-2  n=  1744  DR0=1017 DR1=270 DR2=347 DR3=75 DR4=35   dme_supervised= 1744 (exact=151)
[split] /kaggle/working/repo/data/splits/dev_v1.json fingerprint=0cfbbfeb081999af 5 folds
[corpora] EyePACS      35126 images
  EyePACS     n= 35126  DR0=25810 DR1=2443 DR2=5292 DR3=873 DR4=708   dme_supervised=    0 (exact=0)
[cache] decoding 37386 images -> /kaggle/temp/cache560
[cache]   250/37386  36s, ~5329s left
[cache]   500/37386  72s, ~5299s left
[cache]   750/37386  78s, ~3804s left
[cache]   1000/37386  82s, ~2973s left
[cache]   1250/37386  86s, ~2476s left
[cache]   1500/37386  90s, ~2145s left
[cache]   1750/37386  93s, ~1886s left
[cache]   2000/37386  95s, ~1681s left
[cache]   2250/37386  97s, ~1521s left
[cache]   2500/37386  101s, ~1416s left
[cache]   2750/37386  106s, ~1330s left
[cache]   3000/37386  110s, ~1256s left
[cache]   3250/37386  114s, ~1193s left
[cache]   3500/37386  118s, ~1139s left
[cache]   3750/37386  122s, ~1091s left
[cache]   4000/37386  126s, ~1050s left
[cache]   4250/37386  130s, ~1013s left
[cache]   4500/37386  134s, ~979s left
[cache]   4750/37386  138s, ~948s left
[cache]   5000/37386  142s, ~920s left
[cache]   5250/37386  146s, ~894s left
[cache]   5500/37386  150s, ~870s left
[cache]   5750/37386  154s, ~849s left
[cache]   6000/37386  158s, ~828s left
[cache]   6250/37386  162s, ~809s left
[cache]   6500/37386  166s, ~791s left
[cache]   6750/37386  170s, ~774s left
[cache]   7000/37386  175s, ~758s left
[cache]   7250/37386  179s, ~743s left
[cache]   7500/37386  183s, ~729s left
[cache]   7750/37386  187s, ~715s left
[cache]   8000/37386  191s, ~702s left
[cache]   8250/37386  195s, ~689s left
[cache]   8500/37386  199s, ~676s left
[cache]   8750/37386  203s, ~665s left
[cache]   9000/37386  207s, ~653s left
[cache]   9250/37386  211s, ~642s left
[cache]   9500/37386  215s, ~632s left
[cache]   9750/37386  219s, ~621s left
[cache]   10000/37386  223s, ~611s left
[cache]   10250/37386  227s, ~602s left
[cache]   10500/37386  231s, ~592s left
[cache]   10750/37386  236s, ~584s left
[cache]   11000/37386  240s, ~575s left
[cache]   11250/37386  244s, ~567s left
[cache]   11500/37386  248s, ~558s left
[cache]   11750/37386  252s, ~550s left
[cache]   12000/37386  256s, ~541s left
[cache]   12250/37386  260s, ~533s left
[cache]   12500/37386  264s, ~526s left
[cache]   12750/37386  268s, ~518s left
[cache]   13000/37386  272s, ~511s left
[cache]   13250/37386  276s, ~503s left
[cache]   13500/37386  280s, ~496s left
[cache]   13750/37386  284s, ~489s left
[cache]   14000/37386  288s, ~482s left
[cache]   14250/37386  292s, ~475s left
[cache]   14500/37386  297s, ~468s left
[cache]   14750/37386  301s, ~462s left
[cache]   15000/37386  305s, ~455s left
[cache]   15250/37386  309s, ~449s left
[cache]   15500/37386  313s, ~442s left
[cache]   15750/37386  317s, ~436s left
[cache]   16000/37386  321s, ~429s left
[cache]   16250/37386  325s, ~423s left
[cache]   16500/37386  329s, ~416s left
[cache]   16750/37386  333s, ~410s left
[cache]   17000/37386  337s, ~404s left
[cache]   17250/37386  341s, ~398s left
[cache]   17500/37386  345s, ~392s left
[cache]   17750/37386  349s, ~386s left
[cache]   18000/37386  353s, ~380s left
[cache]   18250/37386  357s, ~375s left
[cache]   18500/37386  362s, ~369s left
[cache]   18750/37386  366s, ~363s left
[cache]   19000/37386  369s, ~358s left
[cache]   19250/37386  374s, ~352s left
[cache]   19500/37386  378s, ~346s left
[cache]   19750/37386  382s, ~341s left
[cache]   20000/37386  386s, ~335s left
[cache]   20250/37386  390s, ~330s left
[cache]   20500/37386  394s, ~325s left
[cache]   20750/37386  398s, ~319s left
[cache]   21000/37386  402s, ~314s left
[cache]   21250/37386  406s, ~308s left
[cache]   21500/37386  410s, ~303s left
[cache]   21750/37386  414s, ~298s left
[cache]   22000/37386  418s, ~293s left
[cache]   22250/37386  422s, ~287s left
[cache]   22500/37386  427s, ~282s left
[cache]   22750/37386  430s, ~277s left
[cache]   23000/37386  435s, ~272s left
[cache]   23250/37386  439s, ~267s left
[cache]   23500/37386  443s, ~262s left
[cache]   23750/37386  447s, ~257s left
[cache]   24000/37386  452s, ~252s left
[cache]   24250/37386  456s, ~247s left
[cache]   24500/37386  460s, ~242s left
[cache]   24750/37386  464s, ~237s left
[cache]   25000/37386  468s, ~232s left
[cache]   25250/37386  472s, ~227s left
[cache]   25500/37386  476s, ~222s left
[cache]   25750/37386  480s, ~217s left
[cache]   26000/37386  485s, ~212s left
[cache]   26250/37386  489s, ~207s left
[cache]   26500/37386  493s, ~203s left
[cache]   26750/37386  497s, ~198s left
[cache]   27000/37386  501s, ~193s left
[cache]   27250/37386  505s, ~188s left
[cache]   27500/37386  510s, ~183s left
[cache]   27750/37386  514s, ~178s left
[cache]   28000/37386  518s, ~174s left
[cache]   28250/37386  522s, ~169s left
[cache]   28500/37386  526s, ~164s left
[cache]   28750/37386  530s, ~159s left
[cache]   29000/37386  534s, ~155s left
[cache]   29250/37386  538s, ~150s left
[cache]   29500/37386  542s, ~145s left
[cache]   29750/37386  547s, ~140s left
[cache]   30000/37386  551s, ~136s left
[cache]   30250/37386  555s, ~131s left
[cache]   30500/37386  559s, ~126s left
[cache]   30750/37386  563s, ~121s left
[cache]   31000/37386  567s, ~117s left
[cache]   31250/37386  571s, ~112s left
[cache]   31500/37386  575s, ~107s left
[cache]   31750/37386  579s, ~103s left
[cache]   32000/37386  583s, ~98s left
[cache]   32250/37386  587s, ~93s left
[cache]   32500/37386  591s, ~89s left
[cache]   32750/37386  595s, ~84s left
[cache]   33000/37386  599s, ~80s left
[cache]   33250/37386  603s, ~75s left
[cache]   33500/37386  607s, ~70s left
[cache]   33750/37386  611s, ~66s left
[cache]   34000/37386  615s, ~61s left
[cache]   34250/37386  619s, ~57s left
[cache]   34500/37386  623s, ~52s left
[cache]   34750/37386  627s, ~48s left
[cache]   35000/37386  631s, ~43s left
[cache]   35250/37386  635s, ~38s left
[cache]   35500/37386  639s, ~34s left
[cache]   35750/37386  643s, ~29s left
[cache]   36000/37386  647s, ~25s left
[cache]   36250/37386  651s, ~20s left
[cache]   36500/37386  655s, ~16s left
[cache]   36750/37386  659s, ~11s left
[cache]   37000/37386  663s, ~7s left
[cache]   37250/37386  667s, ~2s left
[cache]   37386/37386  670s, ~0s left

==============================================================================
PRETRAIN on 35126 images (5 epochs)
==============================================================================
Warning: You are sending unauthenticated requests to the HF Hub. Please set a HF_TOKEN to enable higher rate limits and faster downloads.
/usr/local/lib/python3.12/dist-packages/torch/optim/lr_scheduler.py:224: UserWarning: Detected call of `lr_scheduler.step()` before `optimizer.step()`. In PyTorch 1.1.0 and later, you should call them in the opposite order: `optimizer.step()` before `lr_scheduler.step()`.  Failure to do this will result in PyTorch skipping the first value of the learning rate schedule. See more details at https://pytorch.org/docs/stable/optim.html#how-to-adjust-learning-rate
  warnings.warn(
  pretrain ep  0/5  loss 0.4380  676s
  pretrain ep  1/5  loss 0.3359  674s
  pretrain ep  2/5  loss 0.2842  674s
  pretrain ep  3/5  loss 0.2391  674s
  pretrain ep  4/5  loss 0.2182  674s
[pretrain] saved /kaggle/working/E08/pretrained.pt

==============================================================================
FOLD 0   train=1805  val=455
==============================================================================
  initialised from the pretrained backbone
  ep   0/40  loss 0.3491 (dr 0.3194 dme 0.3936)  DR qwk 0.758 acc 55.6%  DME qwk 0.378 acc 48.6%  score 0.6056  42s  *best
  ep   1/40  loss 0.2547 (dr 0.2602 dme 0.2464)  DR qwk 0.770 acc 56.0%  DME qwk 0.770 acc 79.0%  score 0.7703  42s  *best
  ep   2/40  loss 0.2236 (dr 0.2275 dme 0.2177)  DR qwk 0.775 acc 57.1%  DME qwk 0.837 acc 85.7%  score 0.7998  42s  *best
  ep   3/40  loss 0.2080 (dr 0.2193 dme 0.1910)  DR qwk 0.783 acc 58.2%  DME qwk 0.859 acc 86.7%  score 0.8132  42s  *best
  ep   4/40  loss 0.1897 (dr 0.2027 dme 0.1702)  DR qwk 0.799 acc 59.3%  DME qwk 0.874 acc 86.7%  score 0.8294  42s  *best
  ep   5/40  loss 0.1767 (dr 0.1836 dme 0.1663)  DR qwk 0.803 acc 60.0%  DME qwk 0.874 acc 86.7%  score 0.8313  42s  *best
  ep   6/40  loss 0.1659 (dr 0.1778 dme 0.1481)  DR qwk 0.810 acc 61.3%  DME qwk 0.876 acc 86.7%  score 0.8362  42s  *best
  ep   7/40  loss 0.1588 (dr 0.1691 dme 0.1432)  DR qwk 0.813 acc 61.5%  DME qwk 0.913 acc 87.6%  score 0.8533  42s  *best
  ep   8/40  loss 0.1516 (dr 0.1567 dme 0.1440)  DR qwk 0.816 acc 63.1%  DME qwk 0.913 acc 87.6%  score 0.8548  42s  *best
  ep   9/40  loss 0.1488 (dr 0.1554 dme 0.1390)  DR qwk 0.821 acc 64.4%  DME qwk 0.913 acc 87.6%  score 0.8582  42s  *best
  ep  10/40  loss 0.1441 (dr 0.1500 dme 0.1353)  DR qwk 0.826 acc 64.8%  DME qwk 0.924 acc 89.5%  score 0.8650  42s  *best
  ep  11/40  loss 0.1425 (dr 0.1475 dme 0.1350)  DR qwk 0.831 acc 65.3%  DME qwk 0.930 acc 90.5%  score 0.8707  42s  *best
  ep  12/40  loss 0.1413 (dr 0.1470 dme 0.1327)  DR qwk 0.842 acc 67.3%  DME qwk 0.930 acc 90.5%  score 0.8773  42s  *best
  ep  13/40  loss 0.1362 (dr 0.1391 dme 0.1318)  DR qwk 0.848 acc 68.6%  DME qwk 0.930 acc 90.5%  score 0.8806  42s  *best
  ep  14/40  loss 0.1366 (dr 0.1385 dme 0.1338)  DR qwk 0.845 acc 69.2%  DME qwk 0.925 acc 89.5%  score 0.8771  42s
  ep  15/40  loss 0.1329 (dr 0.1355 dme 0.1290)  DR qwk 0.845 acc 69.0%  DME qwk 0.920 acc 88.6%  score 0.8749  42s
  ep  16/40  loss 0.1337 (dr 0.1367 dme 0.1292)  DR qwk 0.849 acc 70.8%  DME qwk 0.926 acc 89.5%  score 0.8796  42s
  ep  17/40  loss 0.1325 (dr 0.1356 dme 0.1279)  DR qwk 0.846 acc 71.4%  DME qwk 0.920 acc 88.6%  score 0.8759  42s
  ep  18/40  loss 0.1332 (dr 0.1347 dme 0.1309)  DR qwk 0.848 acc 71.9%  DME qwk 0.925 acc 89.5%  score 0.8788  42s
  ep  19/40  loss 0.1316 (dr 0.1334 dme 0.1289)  DR qwk 0.847 acc 71.6%  DME qwk 0.920 acc 88.6%  score 0.8765  42s
  ep  20/40  loss 0.1304 (dr 0.1307 dme 0.1300)  DR qwk 0.850 acc 72.3%  DME qwk 0.920 acc 88.6%  score 0.8780  42s
  ep  21/40  loss 0.1292 (dr 0.1307 dme 0.1268)  DR qwk 0.850 acc 72.3%  DME qwk 0.920 acc 88.6%  score 0.8780  42s
  ep  22/40  loss 0.1293 (dr 0.1310 dme 0.1269)  DR qwk 0.849 acc 72.3%  DME qwk 0.920 acc 88.6%  score 0.8775  42s
  ep  23/40  loss 0.1284 (dr 0.1298 dme 0.1264)  DR qwk 0.849 acc 72.3%  DME qwk 0.920 acc 88.6%  score 0.8774  42s
  ep  24/40  loss 0.1282 (dr 0.1301 dme 0.1253)  DR qwk 0.850 acc 72.7%  DME qwk 0.921 acc 88.6%  score 0.8787  42s
  ep  25/40  loss 0.1293 (dr 0.1307 dme 0.1272)  DR qwk 0.846 acc 72.5%  DME qwk 0.921 acc 88.6%  score 0.8759  42s
  ep  26/40  loss 0.1273 (dr 0.1279 dme 0.1264)  DR qwk 0.852 acc 73.4%  DME qwk 0.921 acc 88.6%  score 0.8795  42s
  ep  27/40  loss 0.1271 (dr 0.1282 dme 0.1254)  DR qwk 0.851 acc 73.8%  DME qwk 0.921 acc 88.6%  score 0.8792  42s
  ep  28/40  loss 0.1265 (dr 0.1275 dme 0.1249)  DR qwk 0.853 acc 74.3%  DME qwk 0.921 acc 88.6%  score 0.8803  42s
  ep  29/40  loss 0.1265 (dr 0.1272 dme 0.1253)  DR qwk 0.850 acc 74.1%  DME qwk 0.921 acc 88.6%  score 0.8785  42s
  ep  30/40  loss 0.1265 (dr 0.1281 dme 0.1242)  DR qwk 0.850 acc 74.1%  DME qwk 0.921 acc 88.6%  score 0.8785  42s
  ep  31/40  loss 0.1272 (dr 0.1286 dme 0.1251)  DR qwk 0.852 acc 74.5%  DME qwk 0.921 acc 88.6%  score 0.8797  42s
  ep  32/40  loss 0.1264 (dr 0.1272 dme 0.1253)  DR qwk 0.851 acc 74.3%  DME qwk 0.916 acc 87.6%  score 0.8772  42s
  ep  33/40  loss 0.1270 (dr 0.1278 dme 0.1258)  DR qwk 0.853 acc 74.7%  DME qwk 0.922 acc 88.6%  score 0.8806  42s  *best
  ep  34/40  loss 0.1265 (dr 0.1271 dme 0.1256)  DR qwk 0.852 acc 74.5%  DME qwk 0.917 acc 87.6%  score 0.8781  42s
  ep  35/40  loss 0.1264 (dr 0.1280 dme 0.1240)  DR qwk 0.852 acc 74.5%  DME qwk 0.917 acc 87.6%  score 0.8781  42s
  ep  36/40  loss 0.1256 (dr 0.1267 dme 0.1240)  DR qwk 0.852 acc 74.5%  DME qwk 0.917 acc 87.6%  score 0.8781  42s
  ep  37/40  loss 0.1258 (dr 0.1271 dme 0.1237)  DR qwk 0.851 acc 74.3%  DME qwk 0.917 acc 87.6%  score 0.8777  42s
  ep  38/40  loss 0.1265 (dr 0.1281 dme 0.1241)  DR qwk 0.850 acc 73.8%  DME qwk 0.917 acc 87.6%  score 0.8768  42s
  ep  39/40  loss 0.1287 (dr 0.1292 dme 0.1279)  DR qwk 0.849 acc 73.6%  DME qwk 0.917 acc 87.6%  score 0.8762  42s

  fold 0 best (selected on validation score, never on test):
    dr                     n=  455  acc  75.6% [71.6,79.3]  floor  52.3%  QWK  0.858  F1 0.640  BEATS
    dme_ungated            n=  105  acc  85.7% [79.0,92.4]  floor  48.6%  QWK  0.904  F1 0.730  BEATS
    dme_gated              n=   71  acc  78.9% [70.4,88.7]  floor  71.8%  QWK  0.760  F1 0.601  below-floor
    dme_referable_binary   n=  455  acc  94.9% [93.0,96.9]  floor  82.0%  QWK  0.823  F1 0.911  BEATS

==============================================================================
FOLD 1   train=1805  val=455
==============================================================================
  initialised from the pretrained backbone
  ep   0/40  loss 0.3533 (dr 0.3173 dme 0.4074)  DR qwk 0.731 acc 54.9%  DME qwk 0.227 acc 38.1%  score 0.5293  42s  *best
  ep   1/40  loss 0.2680 (dr 0.2707 dme 0.2639)  DR qwk 0.740 acc 55.6%  DME qwk 0.764 acc 69.5%  score 0.7499  42s  *best
  ep   2/40  loss 0.2328 (dr 0.2373 dme 0.2261)  DR qwk 0.744 acc 55.4%  DME qwk 0.825 acc 75.2%  score 0.7767  42s  *best
  ep   3/40  loss 0.2134 (dr 0.2231 dme 0.1988)  DR qwk 0.752 acc 56.9%  DME qwk 0.792 acc 72.4%  score 0.7679  42s
  ep   4/40  loss 0.1926 (dr 0.2044 dme 0.1750)  DR qwk 0.760 acc 58.5%  DME qwk 0.804 acc 76.2%  score 0.7777  43s  *best
  ep   5/40  loss 0.1802 (dr 0.1882 dme 0.1682)  DR qwk 0.771 acc 59.8%  DME qwk 0.800 acc 75.2%  score 0.7827  43s  *best
  ep   6/40  loss 0.1676 (dr 0.1792 dme 0.1502)  DR qwk 0.780 acc 61.5%  DME qwk 0.807 acc 76.2%  score 0.7905  42s  *best
  ep   7/40  loss 0.1597 (dr 0.1673 dme 0.1483)  DR qwk 0.790 acc 62.6%  DME qwk 0.823 acc 79.0%  score 0.8034  42s  *best
  ep   8/40  loss 0.1594 (dr 0.1677 dme 0.1470)  DR qwk 0.796 acc 63.1%  DME qwk 0.825 acc 79.0%  score 0.8078  43s  *best
  ep   9/40  loss 0.1515 (dr 0.1587 dme 0.1407)  DR qwk 0.796 acc 63.1%  DME qwk 0.827 acc 79.0%  score 0.8082  43s  *best
  ep  10/40  loss 0.1464 (dr 0.1522 dme 0.1377)  DR qwk 0.799 acc 64.2%  DME qwk 0.843 acc 81.9%  score 0.8165  42s  *best
  ep  11/40  loss 0.1404 (dr 0.1437 dme 0.1353)  DR qwk 0.805 acc 64.8%  DME qwk 0.859 acc 81.9%  score 0.8265  42s  *best
  ep  12/40  loss 0.1413 (dr 0.1452 dme 0.1355)  DR qwk 0.826 acc 67.3%  DME qwk 0.870 acc 81.0%  score 0.8437  42s  *best
  ep  13/40  loss 0.1383 (dr 0.1418 dme 0.1330)  DR qwk 0.832 acc 68.4%  DME qwk 0.877 acc 81.9%  score 0.8500  42s  *best
  ep  14/40  loss 0.1348 (dr 0.1377 dme 0.1306)  DR qwk 0.841 acc 69.5%  DME qwk 0.877 acc 81.9%  score 0.8555  42s  *best
  ep  15/40  loss 0.1345 (dr 0.1365 dme 0.1316)  DR qwk 0.843 acc 69.0%  DME qwk 0.883 acc 82.9%  score 0.8590  42s  *best
  ep  16/40  loss 0.1361 (dr 0.1370 dme 0.1348)  DR qwk 0.849 acc 70.1%  DME qwk 0.883 acc 82.9%  score 0.8627  42s  *best
  ep  17/40  loss 0.1308 (dr 0.1327 dme 0.1280)  DR qwk 0.854 acc 70.8%  DME qwk 0.883 acc 82.9%  score 0.8654  43s  *best
  ep  18/40  loss 0.1324 (dr 0.1353 dme 0.1280)  DR qwk 0.857 acc 71.4%  DME qwk 0.883 acc 82.9%  score 0.8671  42s  *best
  ep  19/40  loss 0.1325 (dr 0.1346 dme 0.1293)  DR qwk 0.858 acc 71.6%  DME qwk 0.883 acc 82.9%  score 0.8679  43s  *best
  ep  20/40  loss 0.1309 (dr 0.1334 dme 0.1273)  DR qwk 0.856 acc 71.4%  DME qwk 0.883 acc 82.9%  score 0.8667  42s
  ep  21/40  loss 0.1295 (dr 0.1313 dme 0.1268)  DR qwk 0.856 acc 72.3%  DME qwk 0.883 acc 82.9%  score 0.8668  42s
  ep  22/40  loss 0.1295 (dr 0.1314 dme 0.1267)  DR qwk 0.861 acc 72.5%  DME qwk 0.889 acc 83.8%  score 0.8724  42s  *best
  ep  23/40  loss 0.1284 (dr 0.1304 dme 0.1255)  DR qwk 0.856 acc 72.3%  DME qwk 0.889 acc 83.8%  score 0.8691  42s
  ep  24/40  loss 0.1290 (dr 0.1304 dme 0.1267)  DR qwk 0.860 acc 72.3%  DME qwk 0.889 acc 83.8%  score 0.8718  42s
  ep  25/40  loss 0.1280 (dr 0.1297 dme 0.1254)  DR qwk 0.866 acc 72.7%  DME qwk 0.889 acc 83.8%  score 0.8753  42s  *best
  ep  26/40  loss 0.1285 (dr 0.1300 dme 0.1264)  DR qwk 0.862 acc 71.9%  DME qwk 0.889 acc 83.8%  score 0.8731  42s
  ep  27/40  loss 0.1275 (dr 0.1294 dme 0.1248)  DR qwk 0.867 acc 72.5%  DME qwk 0.889 acc 83.8%  score 0.8761  42s  *best
  ep  28/40  loss 0.1271 (dr 0.1289 dme 0.1243)  DR qwk 0.865 acc 73.2%  DME qwk 0.895 acc 84.8%  score 0.8773  43s  *best
  ep  29/40  loss 0.1267 (dr 0.1276 dme 0.1253)  DR qwk 0.867 acc 73.6%  DME qwk 0.895 acc 84.8%  score 0.8784  42s  *best
  ep  30/40  loss 0.1271 (dr 0.1287 dme 0.1247)  DR qwk 0.867 acc 73.6%  DME qwk 0.891 acc 83.8%  score 0.8765  42s
  ep  31/40  loss 0.1270 (dr 0.1281 dme 0.1254)  DR qwk 0.869 acc 74.1%  DME qwk 0.891 acc 83.8%  score 0.8778  43s
  ep  32/40  loss 0.1275 (dr 0.1276 dme 0.1272)  DR qwk 0.865 acc 73.6%  DME qwk 0.891 acc 83.8%  score 0.8750  42s
  ep  33/40  loss 0.1263 (dr 0.1276 dme 0.1242)  DR qwk 0.865 acc 73.6%  DME qwk 0.891 acc 83.8%  score 0.8750  43s
  ep  34/40  loss 0.1263 (dr 0.1279 dme 0.1240)  DR qwk 0.864 acc 73.4%  DME qwk 0.891 acc 83.8%  score 0.8746  42s
  ep  35/40  loss 0.1256 (dr 0.1268 dme 0.1237)  DR qwk 0.866 acc 73.8%  DME qwk 0.891 acc 83.8%  score 0.8756  42s
  ep  36/40  loss 0.1262 (dr 0.1277 dme 0.1239)  DR qwk 0.863 acc 73.6%  DME qwk 0.891 acc 83.8%  score 0.8739  42s
  ep  37/40  loss 0.1265 (dr 0.1278 dme 0.1246)  DR qwk 0.860 acc 73.6%  DME qwk 0.891 acc 83.8%  score 0.8725  43s
  ep  38/40  loss 0.1266 (dr 0.1276 dme 0.1250)  DR qwk 0.860 acc 73.6%  DME qwk 0.897 acc 84.8%  score 0.8749  42s
  ep  39/40  loss 0.1258 (dr 0.1270 dme 0.1242)  DR qwk 0.861 acc 73.8%  DME qwk 0.891 acc 83.8%  score 0.8731  42s

  fold 1 best (selected on validation score, never on test):
    dr                     n=  455  acc  76.7% [72.7,80.4]  floor  52.3%  QWK  0.856  F1 0.681  BEATS
    dme_ungated            n=  105  acc  88.6% [82.9,94.3]  floor  46.7%  QWK  0.934  F1 0.802  BEATS
    dme_gated              n=   71  acc  85.9% [77.5,93.0]  floor  69.0%  QWK  0.854  F1 0.747  BEATS
    dme_referable_binary   n=  455  acc  96.7% [94.9,98.2]  floor  83.1%  QWK  0.885  F1 0.942  BEATS

==============================================================================
FOLD 2   train=1808  val=452
==============================================================================
  initialised from the pretrained backbone
  ep   0/40  loss 0.3574 (dr 0.3252 dme 0.4058)  DR qwk 0.772 acc 60.2%  DME qwk 0.058 acc 26.0%  score 0.4865  43s  *best
  ep   1/40  loss 0.2576 (dr 0.2654 dme 0.2460)  DR qwk 0.780 acc 60.8%  DME qwk 0.653 acc 59.6%  score 0.7290  42s  *best
  ep   2/40  loss 0.2360 (dr 0.2430 dme 0.2256)  DR qwk 0.784 acc 61.9%  DME qwk 0.777 acc 69.2%  score 0.7811  43s  *best
  ep   3/40  loss 0.2136 (dr 0.2215 dme 0.2018)  DR qwk 0.800 acc 63.3%  DME qwk 0.830 acc 74.0%  score 0.8122  43s  *best
  ep   4/40  loss 0.1899 (dr 0.2009 dme 0.1734)  DR qwk 0.809 acc 64.8%  DME qwk 0.830 acc 74.0%  score 0.8176  43s  *best
  ep   5/40  loss 0.1810 (dr 0.1962 dme 0.1583)  DR qwk 0.830 acc 65.7%  DME qwk 0.837 acc 75.0%  score 0.8328  43s  *best
  ep   6/40  loss 0.1722 (dr 0.1837 dme 0.1548)  DR qwk 0.834 acc 66.4%  DME qwk 0.837 acc 75.0%  score 0.8355  42s  *best
  ep   7/40  loss 0.1665 (dr 0.1761 dme 0.1522)  DR qwk 0.838 acc 66.2%  DME qwk 0.850 acc 76.9%  score 0.8430  42s  *best
  ep   8/40  loss 0.1565 (dr 0.1642 dme 0.1450)  DR qwk 0.843 acc 67.0%  DME qwk 0.848 acc 76.9%  score 0.8454  43s  *best
  ep   9/40  loss 0.1535 (dr 0.1600 dme 0.1438)  DR qwk 0.851 acc 67.7%  DME qwk 0.858 acc 80.8%  score 0.8539  43s  *best
  ep  10/40  loss 0.1467 (dr 0.1528 dme 0.1375)  DR qwk 0.858 acc 69.7%  DME qwk 0.865 acc 81.7%  score 0.8607  43s  *best
  ep  11/40  loss 0.1445 (dr 0.1489 dme 0.1378)  DR qwk 0.865 acc 71.5%  DME qwk 0.864 acc 81.7%  score 0.8643  42s  *best
  ep  12/40  loss 0.1396 (dr 0.1426 dme 0.1351)  DR qwk 0.866 acc 71.2%  DME qwk 0.864 acc 81.7%  score 0.8648  43s  *best
  ep  13/40  loss 0.1384 (dr 0.1424 dme 0.1324)  DR qwk 0.868 acc 71.9%  DME qwk 0.864 acc 81.7%  score 0.8664  43s  *best
  ep  14/40  loss 0.1354 (dr 0.1400 dme 0.1286)  DR qwk 0.874 acc 73.0%  DME qwk 0.876 acc 83.7%  score 0.8750  43s  *best
  ep  15/40  loss 0.1339 (dr 0.1375 dme 0.1284)  DR qwk 0.871 acc 72.6%  DME qwk 0.876 acc 83.7%  score 0.8729  44s
  ep  16/40  loss 0.1330 (dr 0.1348 dme 0.1303)  DR qwk 0.873 acc 72.6%  DME qwk 0.876 acc 83.7%  score 0.8745  43s
  ep  17/40  loss 0.1331 (dr 0.1355 dme 0.1295)  DR qwk 0.875 acc 73.0%  DME qwk 0.876 acc 83.7%  score 0.8756  42s  *best
  ep  18/40  loss 0.1327 (dr 0.1344 dme 0.1301)  DR qwk 0.874 acc 72.6%  DME qwk 0.876 acc 83.7%  score 0.8746  43s
  ep  19/40  loss 0.1313 (dr 0.1333 dme 0.1283)  DR qwk 0.874 acc 72.1%  DME qwk 0.861 acc 83.7%  score 0.8690  42s
  ep  20/40  loss 0.1301 (dr 0.1319 dme 0.1274)  DR qwk 0.878 acc 73.0%  DME qwk 0.861 acc 83.7%  score 0.8710  43s
  ep  21/40  loss 0.1299 (dr 0.1313 dme 0.1277)  DR qwk 0.878 acc 73.2%  DME qwk 0.840 acc 82.7%  score 0.8626  42s
  ep  22/40  loss 0.1318 (dr 0.1305 dme 0.1339)  DR qwk 0.880 acc 73.7%  DME qwk 0.840 acc 82.7%  score 0.8637  42s
  ep  23/40  loss 0.1293 (dr 0.1307 dme 0.1273)  DR qwk 0.881 acc 73.9%  DME qwk 0.840 acc 82.7%  score 0.8642  42s
  ep  24/40  loss 0.1298 (dr 0.1306 dme 0.1287)  DR qwk 0.882 acc 74.3%  DME qwk 0.840 acc 82.7%  score 0.8650  43s
  ep  25/40  loss 0.1304 (dr 0.1294 dme 0.1318)  DR qwk 0.885 acc 75.2%  DME qwk 0.834 acc 81.7%  score 0.8647  42s
  ep  26/40  loss 0.1280 (dr 0.1287 dme 0.1268)  DR qwk 0.885 acc 75.2%  DME qwk 0.818 acc 81.7%  score 0.8587  42s
  ep  27/40  loss 0.1269 (dr 0.1279 dme 0.1254)  DR qwk 0.888 acc 75.9%  DME qwk 0.818 acc 81.7%  score 0.8603  42s
  ep  28/40  loss 0.1268 (dr 0.1285 dme 0.1243)  DR qwk 0.889 acc 76.1%  DME qwk 0.823 acc 82.7%  score 0.8628  43s
  ep  29/40  loss 0.1274 (dr 0.1282 dme 0.1263)  DR qwk 0.891 acc 76.5%  DME qwk 0.823 acc 82.7%  score 0.8639  42s
  ep  30/40  loss 0.1271 (dr 0.1281 dme 0.1258)  DR qwk 0.888 acc 76.1%  DME qwk 0.823 acc 82.7%  score 0.8623  42s
  ep  31/40  loss 0.1264 (dr 0.1274 dme 0.1250)  DR qwk 0.887 acc 75.7%  DME qwk 0.823 acc 82.7%  score 0.8612  43s
  ep  32/40  loss 0.1272 (dr 0.1277 dme 0.1265)  DR qwk 0.888 acc 75.9%  DME qwk 0.823 acc 82.7%  score 0.8617  42s
  ep  33/40  loss 0.1267 (dr 0.1282 dme 0.1246)  DR qwk 0.888 acc 75.9%  DME qwk 0.823 acc 82.7%  score 0.8617  43s
  ep  34/40  loss 0.1256 (dr 0.1269 dme 0.1237)  DR qwk 0.888 acc 76.1%  DME qwk 0.823 acc 82.7%  score 0.8623  43s
  ep  35/40  loss 0.1265 (dr 0.1279 dme 0.1244)  DR qwk 0.889 acc 76.3%  DME qwk 0.823 acc 82.7%  score 0.8628  42s
  ep  36/40  loss 0.1258 (dr 0.1270 dme 0.1241)  DR qwk 0.889 acc 76.3%  DME qwk 0.823 acc 82.7%  score 0.8628  42s
  ep  37/40  loss 0.1264 (dr 0.1280 dme 0.1240)  DR qwk 0.888 acc 76.1%  DME qwk 0.823 acc 82.7%  score 0.8620  43s
  ep  38/40  loss 0.1261 (dr 0.1270 dme 0.1247)  DR qwk 0.888 acc 76.1%  DME qwk 0.823 acc 82.7%  score 0.8620  42s
  ep  39/40  loss 0.1281 (dr 0.1304 dme 0.1247)  DR qwk 0.891 acc 76.3%  DME qwk 0.823 acc 82.7%  score 0.8639  42s

  fold 2 best (selected on validation score, never on test):
    dr                     n=  452  acc  77.7% [73.7,81.6]  floor  52.4%  QWK  0.901  F1 0.707  BEATS
    dme_ungated            n=  104  acc  83.7% [76.9,91.3]  floor  49.0%  QWK  0.859  F1 0.718  BEATS
    dme_gated              n=   70  acc  78.6% [68.6,87.1]  floor  72.9%  QWK  0.667  F1 0.669  below-floor
    dme_referable_binary   n=  452  acc  94.9% [92.7,96.9]  floor  82.7%  QWK  0.821  F1 0.910  BEATS

==============================================================================
FOLD 3   train=1811  val=449
==============================================================================
  initialised from the pretrained backbone
  ep   0/40  loss 0.3533 (dr 0.3180 dme 0.4063)  DR qwk 0.713 acc 55.5%  DME qwk 0.183 acc 29.7%  score 0.5013  42s  *best
  ep   1/40  loss 0.2644 (dr 0.2586 dme 0.2730)  DR qwk 0.728 acc 56.6%  DME qwk 0.739 acc 65.3%  score 0.7324  43s  *best
  ep   2/40  loss 0.2306 (dr 0.2350 dme 0.2239)  DR qwk 0.738 acc 56.8%  DME qwk 0.805 acc 76.2%  score 0.7645  43s  *best
  ep   3/40  loss 0.2056 (dr 0.2175 dme 0.1876)  DR qwk 0.750 acc 57.5%  DME qwk 0.782 acc 77.2%  score 0.7626  43s
  ep   4/40  loss 0.1906 (dr 0.1979 dme 0.1797)  DR qwk 0.758 acc 58.8%  DME qwk 0.809 acc 79.2%  score 0.7785  42s  *best
  ep   5/40  loss 0.1817 (dr 0.1929 dme 0.1649)  DR qwk 0.770 acc 59.9%  DME qwk 0.809 acc 79.2%  score 0.7855  42s  *best
  ep   6/40  loss 0.1703 (dr 0.1802 dme 0.1554)  DR qwk 0.772 acc 60.4%  DME qwk 0.823 acc 78.2%  score 0.7921  42s  *best
  ep   7/40  loss 0.1628 (dr 0.1653 dme 0.1591)  DR qwk 0.773 acc 60.4%  DME qwk 0.816 acc 77.2%  score 0.7903  43s
  ep   8/40  loss 0.1504 (dr 0.1566 dme 0.1412)  DR qwk 0.784 acc 61.0%  DME qwk 0.837 acc 78.2%  score 0.8053  43s  *best
  ep   9/40  loss 0.1498 (dr 0.1561 dme 0.1404)  DR qwk 0.786 acc 61.9%  DME qwk 0.851 acc 80.2%  score 0.8115  42s  *best
  ep  10/40  loss 0.1460 (dr 0.1527 dme 0.1360)  DR qwk 0.796 acc 63.0%  DME qwk 0.857 acc 81.2%  score 0.8205  43s  *best
  ep  11/40  loss 0.1407 (dr 0.1449 dme 0.1344)  DR qwk 0.801 acc 63.5%  DME qwk 0.864 acc 82.2%  score 0.8263  42s  *best
  ep  12/40  loss 0.1412 (dr 0.1443 dme 0.1365)  DR qwk 0.818 acc 65.7%  DME qwk 0.857 acc 81.2%  score 0.8338  42s  *best
  ep  13/40  loss 0.1364 (dr 0.1393 dme 0.1319)  DR qwk 0.825 acc 66.8%  DME qwk 0.830 acc 79.2%  score 0.8268  42s
  ep  14/40  loss 0.1388 (dr 0.1397 dme 0.1374)  DR qwk 0.826 acc 67.3%  DME qwk 0.830 acc 79.2%  score 0.8276  42s
  ep  15/40  loss 0.1333 (dr 0.1349 dme 0.1309)  DR qwk 0.837 acc 69.3%  DME qwk 0.830 acc 79.2%  score 0.8342  43s  *best
  ep  16/40  loss 0.1328 (dr 0.1338 dme 0.1314)  DR qwk 0.835 acc 69.7%  DME qwk 0.823 acc 78.2%  score 0.8303  42s
  ep  17/40  loss 0.1322 (dr 0.1348 dme 0.1282)  DR qwk 0.835 acc 70.2%  DME qwk 0.828 acc 79.2%  score 0.8322  42s
  ep  18/40  loss 0.1335 (dr 0.1347 dme 0.1317)  DR qwk 0.832 acc 70.4%  DME qwk 0.828 acc 79.2%  score 0.8304  42s
  ep  19/40  loss 0.1318 (dr 0.1340 dme 0.1284)  DR qwk 0.833 acc 71.0%  DME qwk 0.841 acc 81.2%  score 0.8362  42s  *best
  ep  20/40  loss 0.1308 (dr 0.1325 dme 0.1283)  DR qwk 0.834 acc 71.3%  DME qwk 0.847 acc 82.2%  score 0.8392  43s  *best
  ep  21/40  loss 0.1299 (dr 0.1312 dme 0.1280)  DR qwk 0.832 acc 71.3%  DME qwk 0.857 acc 81.2%  score 0.8420  42s  *best
  ep  22/40  loss 0.1284 (dr 0.1299 dme 0.1261)  DR qwk 0.830 acc 71.5%  DME qwk 0.852 acc 80.2%  score 0.8387  42s
  ep  23/40  loss 0.1280 (dr 0.1293 dme 0.1262)  DR qwk 0.830 acc 71.7%  DME qwk 0.857 acc 81.2%  score 0.8411  42s
  ep  24/40  loss 0.1278 (dr 0.1295 dme 0.1252)  DR qwk 0.831 acc 71.9%  DME qwk 0.852 acc 80.2%  score 0.8395  43s
  ep  25/40  loss 0.1303 (dr 0.1295 dme 0.1316)  DR qwk 0.833 acc 72.8%  DME qwk 0.859 acc 81.2%  score 0.8430  43s  *best
  ep  26/40  loss 0.1289 (dr 0.1299 dme 0.1275)  DR qwk 0.827 acc 72.8%  DME qwk 0.859 acc 81.2%  score 0.8396  42s
  ep  27/40  loss 0.1274 (dr 0.1286 dme 0.1256)  DR qwk 0.828 acc 72.4%  DME qwk 0.859 acc 81.2%  score 0.8402  42s
  ep  28/40  loss 0.1272 (dr 0.1285 dme 0.1251)  DR qwk 0.831 acc 73.1%  DME qwk 0.859 acc 81.2%  score 0.8420  42s
  ep  29/40  loss 0.1274 (dr 0.1287 dme 0.1255)  DR qwk 0.832 acc 73.3%  DME qwk 0.864 acc 82.2%  score 0.8445  42s  *best
  ep  30/40  loss 0.1265 (dr 0.1280 dme 0.1243)  DR qwk 0.829 acc 73.3%  DME qwk 0.864 acc 82.2%  score 0.8428  42s
  ep  31/40  loss 0.1273 (dr 0.1286 dme 0.1255)  DR qwk 0.827 acc 73.5%  DME qwk 0.857 acc 81.2%  score 0.8393  42s
  ep  32/40  loss 0.1303 (dr 0.1312 dme 0.1289)  DR qwk 0.827 acc 73.3%  DME qwk 0.857 acc 81.2%  score 0.8389  42s
  ep  33/40  loss 0.1259 (dr 0.1268 dme 0.1247)  DR qwk 0.828 acc 73.7%  DME qwk 0.857 acc 81.2%  score 0.8395  42s
  ep  34/40  loss 0.1262 (dr 0.1277 dme 0.1241)  DR qwk 0.827 acc 73.5%  DME qwk 0.862 acc 82.2%  score 0.8409  42s
  ep  35/40  loss 0.1256 (dr 0.1270 dme 0.1236)  DR qwk 0.828 acc 73.7%  DME qwk 0.857 acc 81.2%  score 0.8395  42s
  ep  36/40  loss 0.1256 (dr 0.1268 dme 0.1239)  DR qwk 0.828 acc 73.9%  DME qwk 0.857 acc 81.2%  score 0.8399  42s
  ep  37/40  loss 0.1275 (dr 0.1293 dme 0.1248)  DR qwk 0.829 acc 74.2%  DME qwk 0.857 acc 81.2%  score 0.8405  43s
  ep  38/40  loss 0.1289 (dr 0.1279 dme 0.1305)  DR qwk 0.830 acc 74.4%  DME qwk 0.862 acc 82.2%  score 0.8431  43s
  ep  39/40  loss 0.1268 (dr 0.1284 dme 0.1244)  DR qwk 0.826 acc 74.2%  DME qwk 0.857 acc 81.2%  score 0.8387  43s

  fold 3 best (selected on validation score, never on test):
    dr                     n=  449  acc  75.7% [71.7,79.7]  floor  52.6%  QWK  0.854  F1 0.639  BEATS
    dme_ungated            n=  101  acc  84.2% [76.2,91.1]  floor  44.6%  QWK  0.862  F1 0.723  BEATS
    dme_gated              n=   68  acc  77.9% [67.6,86.8]  floor  66.2%  QWK  0.744  F1 0.629  BEATS
    dme_referable_binary   n=  449  acc  95.5% [93.8,97.3]  floor  82.6%  QWK  0.842  F1 0.921  BEATS

==============================================================================
FOLD 4   train=1811  val=449
==============================================================================
  initialised from the pretrained backbone
  ep   0/40  loss 0.3494 (dr 0.3250 dme 0.3860)  DR qwk 0.725 acc 54.6%  DME qwk 0.099 acc 29.7%  score 0.4746  43s  *best
  ep   1/40  loss 0.2634 (dr 0.2672 dme 0.2579)  DR qwk 0.734 acc 54.3%  DME qwk 0.637 acc 62.4%  score 0.6956  42s  *best
  ep   2/40  loss 0.2425 (dr 0.2497 dme 0.2316)  DR qwk 0.748 acc 56.3%  DME qwk 0.719 acc 72.3%  score 0.7366  42s  *best
  ep   3/40  loss 0.2057 (dr 0.2117 dme 0.1968)  DR qwk 0.764 acc 59.0%  DME qwk 0.737 acc 74.3%  score 0.7530  42s  *best
  ep   4/40  loss 0.1929 (dr 0.2026 dme 0.1782)  DR qwk 0.774 acc 59.2%  DME qwk 0.759 acc 75.2%  score 0.7684  43s  *best
  ep   5/40  loss 0.1749 (dr 0.1863 dme 0.1579)  DR qwk 0.784 acc 60.1%  DME qwk 0.759 acc 75.2%  score 0.7742  42s  *best
  ep   6/40  loss 0.1658 (dr 0.1731 dme 0.1548)  DR qwk 0.804 acc 63.0%  DME qwk 0.773 acc 77.2%  score 0.7916  43s  *best
  ep   7/40  loss 0.1594 (dr 0.1668 dme 0.1481)  DR qwk 0.809 acc 63.9%  DME qwk 0.780 acc 78.2%  score 0.7976  43s  *best
  ep   8/40  loss 0.1534 (dr 0.1593 dme 0.1446)  DR qwk 0.811 acc 64.6%  DME qwk 0.787 acc 79.2%  score 0.8015  42s  *best
  ep   9/40  loss 0.1527 (dr 0.1585 dme 0.1438)  DR qwk 0.812 acc 65.0%  DME qwk 0.809 acc 80.2%  score 0.8107  43s  *best
  ep  10/40  loss 0.1449 (dr 0.1506 dme 0.1362)  DR qwk 0.831 acc 66.6%  DME qwk 0.840 acc 80.2%  score 0.8343  43s  *best
  ep  11/40  loss 0.1413 (dr 0.1461 dme 0.1341)  DR qwk 0.834 acc 67.3%  DME qwk 0.840 acc 80.2%  score 0.8365  42s  *best
  ep  12/40  loss 0.1412 (dr 0.1434 dme 0.1378)  DR qwk 0.841 acc 68.2%  DME qwk 0.840 acc 80.2%  score 0.8407  42s  *best
  ep  13/40  loss 0.1371 (dr 0.1404 dme 0.1323)  DR qwk 0.846 acc 69.3%  DME qwk 0.840 acc 80.2%  score 0.8436  42s  *best
  ep  14/40  loss 0.1348 (dr 0.1382 dme 0.1296)  DR qwk 0.841 acc 69.7%  DME qwk 0.840 acc 80.2%  score 0.8405  42s
  ep  15/40  loss 0.1331 (dr 0.1354 dme 0.1298)  DR qwk 0.844 acc 70.6%  DME qwk 0.840 acc 80.2%  score 0.8420  42s
  ep  16/40  loss 0.1321 (dr 0.1339 dme 0.1293)  DR qwk 0.843 acc 71.0%  DME qwk 0.840 acc 80.2%  score 0.8415  43s
  ep  17/40  loss 0.1329 (dr 0.1363 dme 0.1277)  DR qwk 0.852 acc 71.9%  DME qwk 0.840 acc 80.2%  score 0.8469  42s  *best
  ep  18/40  loss 0.1313 (dr 0.1330 dme 0.1288)  DR qwk 0.859 acc 73.7%  DME qwk 0.840 acc 80.2%  score 0.8510  42s  *best
  ep  19/40  loss 0.1369 (dr 0.1376 dme 0.1360)  DR qwk 0.863 acc 74.8%  DME qwk 0.840 acc 80.2%  score 0.8538  42s  *best
  ep  20/40  loss 0.1291 (dr 0.1309 dme 0.1264)  DR qwk 0.864 acc 75.1%  DME qwk 0.846 acc 81.2%  score 0.8568  43s  *best
  ep  21/40  loss 0.1305 (dr 0.1317 dme 0.1286)  DR qwk 0.870 acc 75.9%  DME qwk 0.862 acc 81.2%  score 0.8664  43s  *best
  ep  22/40  loss 0.1283 (dr 0.1300 dme 0.1256)  DR qwk 0.871 acc 76.4%  DME qwk 0.862 acc 81.2%  score 0.8676  42s  *best
  ep  23/40  loss 0.1276 (dr 0.1288 dme 0.1257)  DR qwk 0.870 acc 76.8%  DME qwk 0.862 acc 81.2%  score 0.8667  42s
  ep  24/40  loss 0.1292 (dr 0.1306 dme 0.1271)  DR qwk 0.872 acc 77.3%  DME qwk 0.855 acc 80.2%  score 0.8653  42s
  ep  25/40  loss 0.1284 (dr 0.1300 dme 0.1260)  DR qwk 0.870 acc 77.5%  DME qwk 0.849 acc 79.2%  score 0.8615  42s
  ep  26/40  loss 0.1266 (dr 0.1283 dme 0.1240)  DR qwk 0.869 acc 77.5%  DME qwk 0.862 acc 81.2%  score 0.8663  42s
  ep  27/40  loss 0.1279 (dr 0.1286 dme 0.1267)  DR qwk 0.867 acc 77.1%  DME qwk 0.862 acc 81.2%  score 0.8649  42s
  ep  28/40  loss 0.1273 (dr 0.1285 dme 0.1254)  DR qwk 0.865 acc 76.6%  DME qwk 0.862 acc 81.2%  score 0.8636  42s
  ep  29/40  loss 0.1270 (dr 0.1282 dme 0.1254)  DR qwk 0.863 acc 77.5%  DME qwk 0.862 acc 81.2%  score 0.8627  42s
  ep  30/40  loss 0.1273 (dr 0.1292 dme 0.1244)  DR qwk 0.860 acc 77.7%  DME qwk 0.862 acc 81.2%  score 0.8610  42s
  ep  31/40  loss 0.1268 (dr 0.1280 dme 0.1252)  DR qwk 0.858 acc 77.7%  DME qwk 0.855 acc 80.2%  score 0.8567  43s
  ep  32/40  loss 0.1270 (dr 0.1283 dme 0.1250)  DR qwk 0.858 acc 77.7%  DME qwk 0.862 acc 81.2%  score 0.8593  42s
  ep  33/40  loss 0.1267 (dr 0.1275 dme 0.1256)  DR qwk 0.856 acc 77.3%  DME qwk 0.862 acc 81.2%  score 0.8584  42s
  ep  34/40  loss 0.1266 (dr 0.1279 dme 0.1248)  DR qwk 0.855 acc 77.5%  DME qwk 0.855 acc 80.2%  score 0.8550  42s
  ep  35/40  loss 0.1255 (dr 0.1266 dme 0.1239)  DR qwk 0.855 acc 77.5%  DME qwk 0.855 acc 80.2%  score 0.8550  42s
  ep  36/40  loss 0.1255 (dr 0.1265 dme 0.1241)  DR qwk 0.855 acc 77.5%  DME qwk 0.862 acc 81.2%  score 0.8577  43s
  ep  37/40  loss 0.1265 (dr 0.1279 dme 0.1244)  DR qwk 0.856 acc 77.7%  DME qwk 0.862 acc 81.2%  score 0.8582  43s
  ep  38/40  loss 0.1272 (dr 0.1287 dme 0.1249)  DR qwk 0.855 acc 77.5%  DME qwk 0.862 acc 81.2%  score 0.8578  42s
  ep  39/40  loss 0.1261 (dr 0.1275 dme 0.1240)  DR qwk 0.855 acc 77.5%  DME qwk 0.862 acc 81.2%  score 0.8576  42s

  fold 4 best (selected on validation score, never on test):
    dr                     n=  449  acc  76.8% [72.6,80.6]  floor  52.6%  QWK  0.873  F1 0.657  BEATS
    dme_ungated            n=  101  acc  84.2% [77.2,90.1]  floor  46.5%  QWK  0.846  F1 0.727  BEATS
    dme_gated              n=   68  acc  77.9% [67.6,88.2]  floor  69.1%  QWK  0.662  F1 0.641  below-floor
    dme_referable_binary   n=  449  acc  94.4% [92.2,96.4]  floor  82.4%  QWK  0.811  F1 0.905  BEATS

==============================================================================
POOLED OUT-OF-FOLD (2260 images, folds [0, 1, 2, 3, 4])
==============================================================================
    dr                     n= 2260  acc  74.2% [72.5,76.0]  floor  52.4%  QWK  0.860  F1 0.646  BEATS
    dme_ungated            n=  516  acc  84.1% [81.0,87.2]  floor  47.1%  QWK  0.884  F1 0.715  BEATS
    dme_gated              n=  348  acc  77.9% [73.3,82.2]  floor  69.8%  QWK  0.742  F1 0.630  BEATS
    dme_referable_binary   n= 2260  acc  94.9% [93.9,95.8]  floor  82.6%  QWK  0.819  F1 0.910  BEATS

wrote /kaggle/working/E08/results.json  (12916s)
