[{"stream_name":"stderr","time":6.748645728,"data":"0.00s - Debugger warning: It seems that frozen modules are being used, which may\n"}
,{"stream_name":"stderr","time":6.748737138,"data":"0.00s - make the debugger miss breakpoints. Please pass -Xfrozen_modules=off\n"}
,{"stream_name":"stderr","time":6.7487446,"data":"0.00s - to python to disable frozen modules.\n"}
,{"stream_name":"stderr","time":6.748748379,"data":"0.00s - Note: Debugging will proceed. Set PYDEVD_DISABLE_FILE_VALIDATION=1 to disable this validation.\n"}
,{"stream_name":"stderr","time":7.346857066,"data":"0.00s - Debugger warning: It seems that frozen modules are being used, which may\n"}
,{"stream_name":"stderr","time":7.346913617,"data":"0.00s - make the debugger miss breakpoints. Please pass -Xfrozen_modules=off\n"}
,{"stream_name":"stderr","time":7.346920946,"data":"0.00s - to python to disable frozen modules.\n"}
,{"stream_name":"stderr","time":7.34692709,"data":"0.00s - Note: Debugging will proceed. Set PYDEVD_DISABLE_FILE_VALIDATION=1 to disable this validation.\n"}
,{"stream_name":"stdout","time":9.548077742,"data":"CODE COMMIT 6ac40163d92ef7fbd4048d83d44bcc3e40493b22\n"}
,{"stream_name":"stdout","time":9.548134055,"data":"I21: LP-FT -- probe on a frozen backbone, then unfreeze at a low LR with warmup\n"}
,{"stream_name":"stdout","time":114.330366118,"data":"datasets                                                  73471 files\n"}
,{"stream_name":"stdout","time":117.993782098,"data":"torch 2.10.0+cu128 | cuda True | Tesla P100-PCIE-16GB\n"}
,{"stream_name":"stderr","time":117.994889542,"data":"/usr/local/lib/python3.12/dist-packages/torch/cuda/__init__.py:435: UserWarning: \n"}
,{"stream_name":"stderr","time":117.99491572,"data":"    Found GPU0 Tesla P100-PCIE-16GB which is of cuda capability 6.0.\n"}
,{"stream_name":"stderr","time":117.994920951,"data":"    Minimum and Maximum cuda capability supported by this version of PyTorch is\n"}
,{"stream_name":"stderr","time":117.994925589,"data":"    (7.0) - (12.0)\n"}
,{"stream_name":"stderr","time":117.994930036,"data":"    \n"}
,{"stream_name":"stderr","time":117.994935329,"data":"  queued_call()\n"}
,{"stream_name":"stderr","time":117.994940105,"data":"/usr/local/lib/python3.12/dist-packages/torch/cuda/__init__.py:435: UserWarning: \n"}
,{"stream_name":"stderr","time":117.994945194,"data":"    Please install PyTorch with a following CUDA\n"}
,{"stream_name":"stderr","time":117.994950532,"data":"    configurations:  12.6 following instructions at\n"}
,{"stream_name":"stderr","time":117.994955277,"data":"    https://pytorch.org/get-started/locally/\n"}
,{"stream_name":"stderr","time":117.99496028,"data":"    \n"}
,{"stream_name":"stderr","time":117.994965029,"data":"  queued_call()\n"}
,{"stream_name":"stderr","time":117.994969862,"data":"/usr/local/lib/python3.12/dist-packages/torch/cuda/__init__.py:435: UserWarning: \n"}
,{"stream_name":"stderr","time":117.994974235,"data":"Tesla P100-PCIE-16GB with CUDA capability sm_60 is not compatible with the current PyTorch installation.\n"}
,{"stream_name":"stderr","time":117.994979155,"data":"The current PyTorch install supports CUDA capabilities sm_70 sm_75 sm_80 sm_86 sm_90 sm_100 sm_120.\n"}
,{"stream_name":"stderr","time":117.994983862,"data":"If you want to use the Tesla P100-PCIE-16GB GPU with PyTorch, please check the instructions at https://pytorch.org/get-started/locally/\n"}
,{"stream_name":"stderr","time":117.994988529,"data":"\n"}
,{"stream_name":"stderr","time":117.994992917,"data":"  queued_call()\n"}
,{"stream_name":"stderr","time":117.99499739,"data":"\n"}
,{"stream_name":"stderr","time":117.99500194,"data":"/usr/local/lib/python3.12/dist-packages/torch/cuda/__init__.py:435: UserWarning: \n"}
,{"stream_name":"stderr","time":117.995022647,"data":"    Found GPU0 Tesla P100-PCIE-16GB which is of cuda capability 6.0.\n"}
,{"stream_name":"stderr","time":117.995027409,"data":"    Minimum and Maximum cuda capability supported by this version of PyTorch is\n"}
,{"stream_name":"stderr","time":117.995031284,"data":"    (7.0) - (12.0)\n"}
,{"stream_name":"stderr","time":117.99503466,"data":"    \n"}
,{"stream_name":"stderr","time":117.99503784,"data":"  queued_call()\n"}
,{"stream_name":"stderr","time":117.995041069,"data":"/usr/local/lib/python3.12/dist-packages/torch/cuda/__init__.py:435: UserWarning: \n"}
,{"stream_name":"stderr","time":117.995044624,"data":"    Please install PyTorch with a following CUDA\n"}
,{"stream_name":"stderr","time":117.995047987,"data":"    configurations:  12.6 following instructions at\n"}
,{"stream_name":"stderr","time":117.995051449,"data":"    https://pytorch.org/get-started/locally/\n"}
,{"stream_name":"stderr","time":117.995055338,"data":"    \n"}
,{"stream_name":"stderr","time":117.995059177,"data":"  queued_call()\n"}
,{"stream_name":"stderr","time":117.995062859,"data":"/usr/local/lib/python3.12/dist-packages/torch/cuda/__init__.py:435: UserWarning: \n"}
,{"stream_name":"stderr","time":117.995067246,"data":"Tesla P100-PCIE-16GB with CUDA capability sm_60 is not compatible with the current PyTorch installation.\n"}
,{"stream_name":"stderr","time":117.995071467,"data":"The current PyTorch install supports CUDA capabilities sm_70 sm_75 sm_80 sm_86 sm_90 sm_100 sm_120.\n"}
,{"stream_name":"stderr","time":117.995075282,"data":"If you want to use the Tesla P100-PCIE-16GB GPU with PyTorch, please check the instructions at https://pytorch.org/get-started/locally/\n"}
,{"stream_name":"stderr","time":117.995079426,"data":"\n"}
,{"stream_name":"stderr","time":117.995082716,"data":"  queued_call()\n"}
,{"stream_name":"stdout","time":118.1949182,"data":"GPU Tesla P100-PCIE-16GB  sm_60  torch 2.10.0+cu128\n"}
,{"stream_name":"stdout","time":118.22638882,"data":"UNUSABLE: CUDA error: no kernel image is available for execution on the device\n"}
,{"stream_name":"stdout","time":118.226421537,"data":"Search for `cudaErrorNoKernelImageForDevice' in https://docs.nvidia.com/cuda/cuda-runtime-api/group__CUDART__TYPES.html for more information.\n"}
,{"stream_name":"stdout","time":118.226427428,"data":"CUDA kernel errors might be asynchronously reported at some other API call, so the stacktrace below might be incorrect.\n"}
,{"stream_name":"stdout","time":118.226432349,"data":"For debugging consider passing CUDA_LAUNCH_BLOCKING=1\n"}
,{"stream_name":"stdout","time":118.226436314,"data":"Compile with `TORCH_USE_CUDA_DSA` to enable device-side assertions.\n"}
,{"stream_name":"stdout","time":118.22644028,"data":"\n"}
,{"stream_name":"stdout","time":118.226443968,"data":"installing a torch build that supports this GPU ...\n"}
,{"stream_name":"stdout","time":128.837104648,"data":"     ━━━━━━━━━━━━━━━━━━━━━━━━━━━━━━━━━━━━━━━ 780.4/780.4 MB 2.2 MB/s eta 0:00:00\n"}
,{"stream_name":"stdout","time":129.039235248,"data":"     ━━━━━━━━━━━━━━━━━━━━━━━━━━━━━━━━━━━━━━━ 780.4/780.4 MB 2.2 MB/s eta 0:00:00\n"}
,{"stream_name":"stdout","time":131.44659107,"data":"     ━━━━━━━━━━━━━━━━━━━━━━━━━━━━━━━━━━━━━━━━ 7.3/7.3 MB 103.0 MB/s eta 0:00:00\n"}
,{"stream_name":"stdout","time":131.648721429,"data":"     ━━━━━━━━━━━━━━━━━━━━━━━━━━━━━━━━━━━━━━━━ 7.3/7.3 MB 103.0 MB/s eta 0:00:00\n"}
,{"stream_name":"stdout","time":131.72024918,"data":"     ━━━━━━━━━━━━━━━━━━━━━━━━━━━━━━━━━━━━━━━ 23.7/23.7 MB 192.9 MB/s eta 0:00:00\n"}
,{"stream_name":"stdout","time":131.847514261,"data":"     ━━━━━━━━━━━━━━━━━━━━━━━━━━━━━━━━━━━━━━ 823.6/823.6 kB 81.6 MB/s eta 0:00:00\n"}
,{"stream_name":"stdout","time":131.9227317,"data":"     ━━━━━━━━━━━━━━━━━━━━━━━━━━━━━━━━━━━━━━━ 23.7/23.7 MB 192.9 MB/s eta 0:00:00\n"}
,{"stream_name":"stdout","time":131.92278947,"data":"     ━━━━━━━━━━━━━━━━━━━━━━━━━━━━━━━━━━━━━━ 823.6/823.6 kB 81.6 MB/s eta 0:00:00\n"}
,{"stream_name":"stdout","time":131.978168016,"data":"     ━━━━━━━━━━━━━━━━━━━━━━━━━━━━━━━━━━━━━━━ 14.1/14.1 MB 201.1 MB/s eta 0:00:00\n"}
,{"stream_name":"stdout","time":132.180478284,"data":"     ━━━━━━━━━━━━━━━━━━━━━━━━━━━━━━━━━━━━━━━ 14.1/14.1 MB 201.1 MB/s eta 0:00:00\n"}
,{"stream_name":"stdout","time":139.701548875,"data":"     ━━━━━━━━━━━━━━━━━━━━━━━━━━━━━━━━━━━━━━━ 664.8/664.8 MB 2.4 MB/s eta 0:00:00\n"}
,{"stream_name":"stdout","time":139.904252137,"data":"     ━━━━━━━━━━━━━━━━━━━━━━━━━━━━━━━━━━━━━━━ 664.8/664.8 MB 2.4 MB/s eta 0:00:00\n"}
,{"stream_name":"stdout","time":143.909994808,"data":"     ━━━━━━━━━━━━━━━━━━━━━━━━━━━━━━━━━━━━━━ 410.6/410.6 MB 89.2 MB/s eta 0:00:00\n"}
,{"stream_name":"stdout","time":144.112307668,"data":"     ━━━━━━━━━━━━━━━━━━━━━━━━━━━━━━━━━━━━━━ 410.6/410.6 MB 89.2 MB/s eta 0:00:00\n"}
,{"stream_name":"stdout","time":145.895146944,"data":"     ━━━━━━━━━━━━━━━━━━━━━━━━━━━━━━━━━━━━━ 121.6/121.6 MB 121.0 MB/s eta 0:00:00\n"}
,{"stream_name":"stdout","time":146.09516542,"data":"     ━━━━━━━━━━━━━━━━━━━━━━━━━━━━━━━━━━━━━ 121.6/121.6 MB 121.0 MB/s eta 0:00:00\n"}
,{"stream_name":"stdout","time":147.353527338,"data":"     ━━━━━━━━━━━━━━━━━━━━━━━━━━━━━━━━━━━━━━━ 56.5/56.5 MB 159.8 MB/s eta 0:00:00\n"}
,{"stream_name":"stdout","time":147.55544471,"data":"     ━━━━━━━━━━━━━━━━━━━━━━━━━━━━━━━━━━━━━━━ 56.5/56.5 MB 159.8 MB/s eta 0:00:00\n"}
,{"stream_name":"stdout","time":148.330191709,"data":"     ━━━━━━━━━━━━━━━━━━━━━━━━━━━━━━━━━━━━━ 124.2/124.2 MB 135.6 MB/s eta 0:00:00\n"}
,{"stream_name":"stdout","time":148.534244216,"data":"     ━━━━━━━━━━━━━━━━━━━━━━━━━━━━━━━━━━━━━ 124.2/124.2 MB 135.6 MB/s eta 0:00:00\n"}
,{"stream_name":"stdout","time":149.923174624,"data":"     ━━━━━━━━━━━━━━━━━━━━━━━━━━━━━━━━━━━━━ 196.0/196.0 MB 116.9 MB/s eta 0:00:00\n"}
,{"stream_name":"stdout","time":150.125451736,"data":"     ━━━━━━━━━━━━━━━━━━━━━━━━━━━━━━━━━━━━━ 196.0/196.0 MB 116.9 MB/s eta 0:00:00\n"}
,{"stream_name":"stdout","time":151.705662347,"data":"     ━━━━━━━━━━━━━━━━━━━━━━━━━━━━━━━━━━━━━ 188.7/188.7 MB 134.5 MB/s eta 0:00:00\n"}
,{"stream_name":"stdout","time":151.908090296,"data":"     ━━━━━━━━━━━━━━━━━━━━━━━━━━━━━━━━━━━━━ 188.7/188.7 MB 134.5 MB/s eta 0:00:00\n"}
,{"stream_name":"stdout","time":153.219632574,"data":"     ━━━━━━━━━━━━━━━━━━━━━━━━━━━━━━━━━━━━━━━━ 99.1/99.1 kB 92.8 MB/s eta 0:00:00\n"}
,{"stream_name":"stdout","time":153.421793568,"data":"     ━━━━━━━━━━━━━━━━━━━━━━━━━━━━━━━━━━━━━━━━ 99.1/99.1 kB 92.8 MB/s eta 0:00:00\n"}
,{"stream_name":"stdout","time":155.549101786,"data":"     ━━━━━━━━━━━━━━━━━━━━━━━━━━━━━━━━━━━━━━━ 209.6/209.6 MB 8.8 MB/s eta 0:00:00\n"}
,{"stream_name":"stdout","time":155.7514877,"data":"     ━━━━━━━━━━━━━━━━━━━━━━━━━━━━━━━━━━━━━━━ 209.6/209.6 MB 8.8 MB/s eta 0:00:00\n"}
,{"stream_name":"stdout","time":156.427037197,"data":"   ━━━━━━━━━━━━━━━━━━━━━━━━━━━━━━━━━━━━━━━━ 6.2/6.2 MB 68.9 MB/s eta 0:00:00\n"}
,{"stream_name":"stdout","time":156.629266231,"data":"   ━━━━━━━━━━━━━━━━━━━━━━━━━━━━━━━━━━━━━━━━ 6.2/6.2 MB 68.9 MB/s eta 0:00:00\n"}
,{"stream_name":"stderr","time":272.153355769,"data":"ERROR: pip's dependency resolver does not currently take into account all the packages that are installed. This behaviour is the source of the following dependency conflicts.\n"}
,{"stream_name":"stderr","time":272.153416296,"data":"torchaudio 2.10.0+cu128 requires torch==2.10.0, but you have torch 2.5.1+cu121 which is incompatible.\n"}
,{"stream_name":"stderr","time":272.361438067,"data":"ERROR: pip's dependency resolver does not currently take into account all the packages that are installed. This behaviour is the source of the following dependency conflicts.\n"}
,{"stream_name":"stderr","time":272.361469804,"data":"torchaudio 2.10.0+cu128 requires torch==2.10.0, but you have torch 2.5.1+cu121 which is incompatible.\n"}
,{"stream_name":"stderr","time":272.361473708,"data":"\n"}
,{"stream_name":"stderr","time":272.361476885,"data":"ERROR: pip's dependency resolver does not currently take into account all the packages that are installed. This behaviour is the source of the following dependency conflicts.\n"}
,{"stream_name":"stderr","time":272.36148057,"data":"torchaudio 2.10.0+cu128 requires torch==2.10.0, but you have torch 2.5.1+cu121 which is incompatible.\n"}
,{"stream_name":"stdout","time":272.776339027,"data":"installed -- src/train.py runs in a subprocess so it picks up the new build\n"}
,{"stream_name":"stdout","time":272.792244743,"data":"/usr/bin/python3 -u /kaggle/working/repo/src/train.py --datasets /kaggle/input --splits /kaggle/working/repo/data/splits/dev_v1.json --run-id E15LPFT --out /kaggle/working/E15LPFT --cache /kaggle/temp/cache560 --channels-last --resume --folds 0,1,2,3,4 --epochs 40 --size 448 --batch 16 --cache-size 560 --pretrain-corpora EyePACS --pretrain-epochs 5 --tta --lpft --lpft-epochs 5 --lpft-lr-backbone 1e-5 --lpft-warmup-epochs 2\n"}
,{"stream_name":"stdout","time":274.986301084,"data":"COMMIT 6ac40163d92ef7fbd4048d83d44bcc3e40493b22\n"}
,{"stream_name":"stdout","time":274.9871287,"data":"RUN E15LPFT\n"}
,{"stream_name":"stdout","time":275.043591763,"data":"device=cuda  torch=2.5.1+cu121  gpu=Tesla P100-PCIE-16GB\n"}
,{"stream_name":"stdout","time":275.176399088,"data":"[gpu] sm_60 usable\n"}
,{"stream_name":"stdout","time":364.272770238,"data":"[corpora] IDRiD          516 images\n"}
,{"stream_name":"stdout","time":366.572980774,"data":"[corpora] Messidor-2    1744 images\n"}
,{"stream_name":"stdout","time":366.576135858,"data":"  IDRiD       n=   516  DR0=168 DR1=25 DR2=168 DR3=93 DR4=62   dme_supervised=  516 (exact=516)\n"}
,{"stream_name":"stdout","time":366.576986832,"data":"  Messidor-2  n=  1744  DR0=1017 DR1=270 DR2=347 DR3=75 DR4=35   dme_supervised= 1744 (exact=151)\n"}
,{"stream_name":"stdout","time":366.578458372,"data":"[split] /kaggle/working/repo/data/splits/dev_v1.json fingerprint=0cfbbfeb081999af 5 folds\n"}
,{"stream_name":"stdout","time":367.114210393,"data":"[corpora] EyePACS      35126 images\n"}
,{"stream_name":"stdout","time":367.158069472,"data":"  EyePACS     n= 35126  DR0=25810 DR1=2443 DR2=5292 DR3=873 DR4=708   dme_supervised=    0 (exact=0)\n"}
,{"stream_name":"stdout","time":367.389277579,"data":"[cache] decoding 37386 images -\u003e /kaggle/temp/cache560\n"}
,{"stream_name":"stdout","time":403.99505781,"data":"[cache]   250/37386  37s, ~5437s left\n"}
,{"stream_name":"stdout","time":440.259297282,"data":"[cache]   500/37386  73s, ~5376s left\n"}
,{"stream_name":"stdout","time":446.344227284,"data":"[cache]   750/37386  79s, ~3857s left\n"}
,{"stream_name":"stdout","time":450.17283055,"data":"[cache]   1000/37386  83s, ~3012s left\n"}
,{"stream_name":"stdout","time":454.197402866,"data":"[cache]   1250/37386  87s, ~2510s left\n"}
,{"stream_name":"stdout","time":458.164616803,"data":"[cache]   1500/37386  91s, ~2172s left\n"}
,{"stream_name":"stdout","time":461.16998991,"data":"[cache]   1750/37386  94s, ~1910s left\n"}
,{"stream_name":"stdout","time":464.102816326,"data":"[cache]   2000/37386  97s, ~1711s left\n"}
,{"stream_name":"stdout","time":466.639219254,"data":"[cache]   2250/37386  99s, ~1550s left\n"}
,{"stream_name":"stdout","time":471.31472824,"data":"[cache]   2500/37386  104s, ~1450s left\n"}
,{"stream_name":"stdout","time":475.80564956,"data":"[cache]   2750/37386  108s, ~1365s left\n"}
,{"stream_name":"stdout","time":480.471403927,"data":"[cache]   3000/37386  113s, ~1296s left\n"}
,{"stream_name":"stdout","time":485.174835218,"data":"[cache]   3250/37386  118s, ~1237s left\n"}
,{"stream_name":"stdout","time":489.818316665,"data":"[cache]   3500/37386  122s, ~1185s left\n"}
,{"stream_name":"stdout","time":494.863100974,"data":"[cache]   3750/37386  127s, ~1143s left\n"}
,{"stream_name":"stdout","time":500.209757051,"data":"[cache]   4000/37386  133s, ~1109s left\n"}
,{"stream_name":"stdout","time":505.551917013,"data":"[cache]   4250/37386  138s, ~1077s left\n"}
,{"stream_name":"stdout","time":511.146724343,"data":"[cache]   4500/37386  144s, ~1051s left\n"}
,{"stream_name":"stdout","time":517.372139443,"data":"[cache]   4750/37386  150s, ~1030s left\n"}
,{"stream_name":"stdout","time":523.344652665,"data":"[cache]   5000/37386  156s, ~1010s left\n"}
,{"stream_name":"stdout","time":529.417486008,"data":"[cache]   5250/37386  162s, ~992s left\n"}
,{"stream_name":"stdout","time":534.18946289,"data":"[cache]   5500/37386  167s, ~967s left\n"}
,{"stream_name":"stdout","time":538.994887153,"data":"[cache]   5750/37386  172s, ~944s left\n"}
,{"stream_name":"stdout","time":544.110392906,"data":"[cache]   6000/37386  177s, ~924s left\n"}
,{"stream_name":"stdout","time":549.1629368,"data":"[cache]   6250/37386  182s, ~906s left\n"}
,{"stream_name":"stdout","time":555.572003128,"data":"[cache]   6500/37386  188s, ~894s left\n"}
,{"stream_name":"stdout","time":560.425100537,"data":"[cache]   6750/37386  193s, ~876s left\n"}
,{"stream_name":"stdout","time":565.33909673,"data":"[cache]   7000/37386  198s, ~859s left\n"}
,{"stream_name":"stdout","time":570.121221747,"data":"[cache]   7250/37386  203s, ~843s left\n"}
,{"stream_name":"stdout","time":575.075315686,"data":"[cache]   7500/37386  208s, ~828s left\n"}
,{"stream_name":"stdout","time":579.962397136,"data":"[cache]   7750/37386  213s, ~813s left\n"}
,{"stream_name":"stdout","time":585.638184184,"data":"[cache]   8000/37386  218s, ~802s left\n"}
,{"stream_name":"stdout","time":591.878011697,"data":"[cache]   8250/37386  224s, ~793s left\n"}
,{"stream_name":"stdout","time":596.537254936,"data":"[cache]   8500/37386  229s, ~779s left\n"}
,{"stream_name":"stdout","time":601.159558289,"data":"[cache]   8750/37386  234s, ~765s left\n"}
,{"stream_name":"stdout","time":605.852851895,"data":"[cache]   9000/37386  238s, ~752s left\n"}
,{"stream_name":"stdout","time":610.696261043,"data":"[cache]   9250/37386  243s, ~740s left\n"}
,{"stream_name":"stdout","time":615.627291723,"data":"[cache]   9500/37386  248s, ~729s left\n"}
,{"stream_name":"stdout","time":620.866323229,"data":"[cache]   9750/37386  253s, ~718s left\n"}
,{"stream_name":"stdout","time":626.24552051,"data":"[cache]   10000/37386  259s, ~709s left\n"}
,{"stream_name":"stdout","time":630.985578179,"data":"[cache]   10250/37386  264s, ~698s left\n"}
,{"stream_name":"stdout","time":635.844787683,"data":"[cache]   10500/37386  268s, ~687s left\n"}
,{"stream_name":"stdout","time":640.5399512,"data":"[cache]   10750/37386  273s, ~677s left\n"}
,{"stream_name":"stdout","time":645.492565421,"data":"[cache]   11000/37386  278s, ~667s left\n"}
,{"stream_name":"stdout","time":650.63351255,"data":"[cache]   11250/37386  283s, ~658s left\n"}
,{"stream_name":"stdout","time":656.763281628,"data":"[cache]   11500/37386  289s, ~651s left\n"}
,{"stream_name":"stdout","time":661.749460574,"data":"[cache]   11750/37386  294s, ~642s left\n"}
,{"stream_name":"stdout","time":666.650610547,"data":"[cache]   12000/37386  299s, ~633s left\n"}
,{"stream_name":"stdout","time":671.497174238,"data":"[cache]   12250/37386  304s, ~624s left\n"}
,{"stream_name":"stdout","time":676.267046746,"data":"[cache]   12500/37386  309s, ~615s left\n"}
,{"stream_name":"stdout","time":681.028792497,"data":"[cache]   12750/37386  314s, ~606s left\n"}
,{"stream_name":"stdout","time":685.718232362,"data":"[cache]   13000/37386  318s, ~597s left\n"}
,{"stream_name":"stdout","time":691.603502877,"data":"[cache]   13250/37386  324s, ~591s left\n"}
,{"stream_name":"stdout","time":696.373027473,"data":"[cache]   13500/37386  329s, ~582s left\n"}
,{"stream_name":"stdout","time":701.217226052,"data":"[cache]   13750/37386  334s, ~574s left\n"}
,{"stream_name":"stdout","time":706.555214273,"data":"[cache]   14000/37386  339s, ~567s left\n"}
,{"stream_name":"stdout","time":711.521341759,"data":"[cache]   14250/37386  344s, ~559s left\n"}
,{"stream_name":"stdout","time":716.452264023,"data":"[cache]   14500/37386  349s, ~551s left\n"}
,{"stream_name":"stdout","time":721.263393666,"data":"[cache]   14750/37386  354s, ~543s left\n"}
,{"stream_name":"stdout","time":726.059510863,"data":"[cache]   15000/37386  359s, ~535s left\n"}
,{"stream_name":"stdout","time":730.879456659,"data":"[cache]   15250/37386  363s, ~528s left\n"}
,{"stream_name":"stdout","time":735.834355232,"data":"[cache]   15500/37386  368s, ~520s left\n"}
,{"stream_name":"stdout","time":740.869239168,"data":"[cache]   15750/37386  373s, ~513s left\n"}
,{"stream_name":"stdout","time":745.752285553,"data":"[cache]   16000/37386  378s, ~506s left\n"}
,{"stream_name":"stdout","time":750.562996702,"data":"[cache]   16250/37386  383s, ~498s left\n"}
,{"stream_name":"stdout","time":755.461001848,"data":"[cache]   16500/37386  388s, ~491s left\n"}
,{"stream_name":"stdout","time":760.28296176,"data":"[cache]   16750/37386  393s, ~484s left\n"}
,{"stream_name":"stdout","time":765.206928742,"data":"[cache]   17000/37386  398s, ~477s left\n"}
,{"stream_name":"stdout","time":771.359954215,"data":"[cache]   17250/37386  404s, ~472s left\n"}
,{"stream_name":"stdout","time":778.045724186,"data":"[cache]   17500/37386  411s, ~467s left\n"}
,{"stream_name":"stdout","time":783.506190937,"data":"[cache]   17750/37386  416s, ~460s left\n"}
,{"stream_name":"stdout","time":790.81232576,"data":"[cache]   18000/37386  423s, ~456s left\n"}
,{"stream_name":"stdout","time":795.853619727,"data":"[cache]   18250/37386  428s, ~449s left\n"}
,{"stream_name":"stdout","time":803.253640209,"data":"[cache]   18500/37386  436s, ~445s left\n"}
,{"stream_name":"stdout","time":808.246394385,"data":"[cache]   18750/37386  441s, ~438s left\n"}
,{"stream_name":"stdout","time":813.135994901,"data":"[cache]   19000/37386  446s, ~431s left\n"}
,{"stream_name":"stdout","time":817.946473557,"data":"[cache]   19250/37386  451s, ~424s left\n"}
,{"stream_name":"stdout","time":822.794557962,"data":"[cache]   19500/37386  455s, ~418s left\n"}
,{"stream_name":"stdout","time":827.634931739,"data":"[cache]   19750/37386  460s, ~411s left\n"}
,{"stream_name":"stdout","time":832.461354737,"data":"[cache]   20000/37386  465s, ~404s left\n"}
,{"stream_name":"stdout","time":837.583292042,"data":"[cache]   20250/37386  470s, ~398s left\n"}
,{"stream_name":"stdout","time":842.499676423,"data":"[cache]   20500/37386  475s, ~391s left\n"}
,{"stream_name":"stdout","time":847.357929604,"data":"[cache]   20750/37386  480s, ~385s left\n"}
,{"stream_name":"stdout","time":852.182209492,"data":"[cache]   21000/37386  485s, ~378s left\n"}
,{"stream_name":"stdout","time":857.036475602,"data":"[cache]   21250/37386  490s, ~372s left\n"}
,{"stream_name":"stdout","time":861.864659579,"data":"[cache]   21500/37386  494s, ~365s left\n"}
,{"stream_name":"stdout","time":866.710354793,"data":"[cache]   21750/37386  499s, ~359s left\n"}
,{"stream_name":"stdout","time":871.570259271,"data":"[cache]   22000/37386  504s, ~353s left\n"}
,{"stream_name":"stdout","time":876.515237149,"data":"[cache]   22250/37386  509s, ~346s left\n"}
,{"stream_name":"stdout","time":881.54415187,"data":"[cache]   22500/37386  514s, ~340s left\n"}
,{"stream_name":"stdout","time":886.446862736,"data":"[cache]   22750/37386  519s, ~334s left\n"}
,{"stream_name":"stdout","time":891.359357783,"data":"[cache]   23000/37386  524s, ~328s left\n"}
,{"stream_name":"stdout","time":896.302252473,"data":"[cache]   23250/37386  529s, ~322s left\n"}
,{"stream_name":"stdout","time":901.363009646,"data":"[cache]   23500/37386  534s, ~316s left\n"}
,{"stream_name":"stdout","time":906.231465175,"data":"[cache]   23750/37386  539s, ~309s left\n"}
,{"stream_name":"stdout","time":911.157995519,"data":"[cache]   24000/37386  544s, ~303s left\n"}
,{"stream_name":"stdout","time":916.234854521,"data":"[cache]   24250/37386  549s, ~297s left\n"}
,{"stream_name":"stdout","time":921.408386732,"data":"[cache]   24500/37386  554s, ~291s left\n"}
,{"stream_name":"stdout","time":926.342375847,"data":"[cache]   24750/37386  559s, ~285s left\n"}
,{"stream_name":"stdout","time":931.411371866,"data":"[cache]   25000/37386  564s, ~279s left\n"}
,{"stream_name":"stdout","time":936.488660702,"data":"[cache]   25250/37386  569s, ~274s left\n"}
,{"stream_name":"stdout","time":941.383773032,"data":"[cache]   25500/37386  574s, ~268s left\n"}
,{"stream_name":"stdout","time":946.28785885,"data":"[cache]   25750/37386  579s, ~262s left\n"}
,{"stream_name":"stdout","time":951.165506562,"data":"[cache]   26000/37386  584s, ~256s left\n"}
,{"stream_name":"stdout","time":956.227465882,"data":"[cache]   26250/37386  589s, ~250s left\n"}
,{"stream_name":"stdout","time":961.288556518,"data":"[cache]   26500/37386  594s, ~244s left\n"}
,{"stream_name":"stdout","time":966.219106295,"data":"[cache]   26750/37386  599s, ~238s left\n"}
,{"stream_name":"stdout","time":971.315601901,"data":"[cache]   27000/37386  604s, ~232s left\n"}
,{"stream_name":"stdout","time":976.208093672,"data":"[cache]   27250/37386  609s, ~226s left\n"}
,{"stream_name":"stdout","time":981.170222761,"data":"[cache]   27500/37386  614s, ~221s left\n"}
,{"stream_name":"stdout","time":986.062882482,"data":"[cache]   27750/37386  619s, ~215s left\n"}
,{"stream_name":"stdout","time":991.067728928,"data":"[cache]   28000/37386  624s, ~209s left\n"}
,{"stream_name":"stdout","time":995.929096723,"data":"[cache]   28250/37386  629s, ~203s left\n"}
,{"stream_name":"stdout","time":1000.777205261,"data":"[cache]   28500/37386  633s, ~197s left\n"}
,{"stream_name":"stdout","time":1005.735767061,"data":"[cache]   28750/37386  638s, ~192s left\n"}
,{"stream_name":"stdout","time":1010.70505828,"data":"[cache]   29000/37386  643s, ~186s left\n"}
,{"stream_name":"stdout","time":1015.616011476,"data":"[cache]   29250/37386  648s, ~180s left\n"}
,{"stream_name":"stdout","time":1020.465058843,"data":"[cache]   29500/37386  653s, ~175s left\n"}
,{"stream_name":"stdout","time":1025.740880818,"data":"[cache]   29750/37386  658s, ~169s left\n"}
,{"stream_name":"stdout","time":1030.68245537,"data":"[cache]   30000/37386  663s, ~163s left\n"}
,{"stream_name":"stdout","time":1035.722073215,"data":"[cache]   30250/37386  668s, ~158s left\n"}
,{"stream_name":"stdout","time":1040.797769425,"data":"[cache]   30500/37386  673s, ~152s left\n"}
,{"stream_name":"stdout","time":1046.083794152,"data":"[cache]   30750/37386  679s, ~146s left\n"}
,{"stream_name":"stdout","time":1051.11436125,"data":"[cache]   31000/37386  684s, ~141s left\n"}
,{"stream_name":"stdout","time":1056.249767548,"data":"[cache]   31250/37386  689s, ~135s left\n"}
,{"stream_name":"stdout","time":1061.361758651,"data":"[cache]   31500/37386  694s, ~130s left\n"}
,{"stream_name":"stdout","time":1066.533748873,"data":"[cache]   31750/37386  699s, ~124s left\n"}
,{"stream_name":"stdout","time":1071.56836942,"data":"[cache]   32000/37386  704s, ~119s left\n"}
,{"stream_name":"stdout","time":1076.751437198,"data":"[cache]   32250/37386  709s, ~113s left\n"}
,{"stream_name":"stdout","time":1081.967889735,"data":"[cache]   32500/37386  715s, ~107s left\n"}
,{"stream_name":"stdout","time":1087.229147189,"data":"[cache]   32750/37386  720s, ~102s left\n"}
,{"stream_name":"stdout","time":1092.61296027,"data":"[cache]   33000/37386  725s, ~96s left\n"}
,{"stream_name":"stdout","time":1097.688446926,"data":"[cache]   33250/37386  730s, ~91s left\n"}
,{"stream_name":"stdout","time":1102.767530576,"data":"[cache]   33500/37386  735s, ~85s left\n"}
,{"stream_name":"stdout","time":1108.0133393,"data":"[cache]   33750/37386  741s, ~80s left\n"}
,{"stream_name":"stdout","time":1114.084064821,"data":"[cache]   34000/37386  747s, ~74s left\n"}
,{"stream_name":"stdout","time":1120.572077818,"data":"[cache]   34250/37386  753s, ~69s left\n"}
,{"stream_name":"stdout","time":1127.291615916,"data":"[cache]   34500/37386  760s, ~64s left\n"}
,{"stream_name":"stdout","time":1134.193073393,"data":"[cache]   34750/37386  767s, ~58s left\n"}
,{"stream_name":"stdout","time":1139.807629533,"data":"[cache]   35000/37386  772s, ~53s left\n"}
,{"stream_name":"stdout","time":1145.343732598,"data":"[cache]   35250/37386  778s, ~47s left\n"}
,{"stream_name":"stdout","time":1151.824227702,"data":"[cache]   35500/37386  784s, ~42s left\n"}
,{"stream_name":"stdout","time":1156.80426014,"data":"[cache]   35750/37386  789s, ~36s left\n"}
,{"stream_name":"stdout","time":1161.831405299,"data":"[cache]   36000/37386  794s, ~31s left\n"}
,{"stream_name":"stdout","time":1166.854896947,"data":"[cache]   36250/37386  799s, ~25s left\n"}
,{"stream_name":"stdout","time":1171.786124485,"data":"[cache]   36500/37386  804s, ~20s left\n"}
,{"stream_name":"stdout","time":1176.778542917,"data":"[cache]   36750/37386  809s, ~14s left\n"}
,{"stream_name":"stdout","time":1181.912276813,"data":"[cache]   37000/37386  815s, ~8s left\n"}
,{"stream_name":"stdout","time":1186.871003219,"data":"[cache]   37250/37386  819s, ~3s left\n"}
,{"stream_name":"stdout","time":1189.55752998,"data":"[cache]   37386/37386  822s, ~0s left\n"}
,{"stream_name":"stdout","time":1189.563224379,"data":"\n"}
,{"stream_name":"stdout","time":1189.564009259,"data":"==============================================================================\n"}
,{"stream_name":"stdout","time":1189.564719123,"data":"PRETRAIN on 35126 images (5 epochs)\n"}
,{"stream_name":"stdout","time":1189.565440082,"data":"==============================================================================\n"}
,{"stream_name":"stdout","time":1196.155773952,"data":"Warning: You are sending unauthenticated requests to the HF Hub. Please set a HF_TOKEN to enable higher rate limits and faster downloads.\n"}
,{"stream_name":"stdout","time":1199.135226843,"data":"/usr/local/lib/python3.12/dist-packages/torch/optim/lr_scheduler.py:224: UserWarning: Detected call of `lr_scheduler.step()` before `optimizer.step()`. In PyTorch 1.1.0 and later, you should call them in the opposite order: `optimizer.step()` before `lr_scheduler.step()`.  Failure to do this will result in PyTorch skipping the first value of the learning rate schedule. See more details at https://pytorch.org/docs/stable/optim.html#how-to-adjust-learning-rate\n"}
,{"stream_name":"stdout","time":1199.136580567,"data":"  warnings.warn(\n"}
,{"stream_name":"stdout","time":1876.090708553,"data":"  pretrain ep  0/5  loss 0.4383  678s\n"}
,{"stream_name":"stdout","time":2553.867465035,"data":"  pretrain ep  1/5  loss 0.3349  678s\n"}
,{"stream_name":"stdout","time":3231.45896274,"data":"  pretrain ep  2/5  loss 0.2825  678s\n"}
,{"stream_name":"stdout","time":3909.253976765,"data":"  pretrain ep  3/5  loss 0.2389  678s\n"}
,{"stream_name":"stdout","time":4587.497380257,"data":"  pretrain ep  4/5  loss 0.2181  678s\n"}
,{"stream_name":"stdout","time":4587.590354166,"data":"[pretrain] saved /kaggle/working/E15LPFT/pretrained.pt\n"}
,{"stream_name":"stdout","time":4587.627624953,"data":"\n"}
,{"stream_name":"stdout","time":4587.628665593,"data":"==============================================================================\n"}
,{"stream_name":"stdout","time":4587.629589036,"data":"FOLD 0   train=1805  val=455\n"}
,{"stream_name":"stdout","time":4587.630579479,"data":"==============================================================================\n"}
,{"stream_name":"stdout","time":4588.020260391,"data":"  initialised from the pretrained backbone\n"}
,{"stream_name":"stdout","time":4588.028173276,"data":"  [LP-FT] probe 5 epochs (backbone frozen), then unfreeze at 1e-05 with 2-epoch warmup\n"}
,{"stream_name":"stdout","time":4588.202476251,"data":"  [LP-FT] epoch 0: backbone FROZEN (probe)\n"}
,{"stream_name":"stdout","time":4611.903900562,"data":"  ep   0/40  loss 0.3611 (dr 0.3321 dme 0.4047)  DR qwk 0.722 acc 53.4%  DME qwk 0.354 acc 38.1%  score 0.5748  24s  *best\n"}
,{"stream_name":"stdout","time":4636.108892757,"data":"  ep   1/40  loss 0.2960 (dr 0.3072 dme 0.2792)  DR qwk 0.738 acc 53.8%  DME qwk 0.700 acc 65.7%  score 0.7226  24s  *best\n"}
,{"stream_name":"stdout","time":4659.66877428,"data":"  ep   2/40  loss 0.2849 (dr 0.2878 dme 0.2805)  DR qwk 0.746 acc 53.8%  DME qwk 0.833 acc 78.1%  score 0.7807  23s  *best\n"}
,{"stream_name":"stdout","time":4683.53374497,"data":"  ep   3/40  loss 0.2778 (dr 0.2892 dme 0.2608)  DR qwk 0.752 acc 54.7%  DME qwk 0.865 acc 82.9%  score 0.7969  24s  *best\n"}
,{"stream_name":"stdout","time":4707.086564324,"data":"  ep   4/40  loss 0.2711 (dr 0.2852 dme 0.2501)  DR qwk 0.755 acc 55.2%  DME qwk 0.912 acc 87.6%  score 0.8180  23s  *best\n"}
,{"stream_name":"stdout","time":4707.316368904,"data":"  [LP-FT] epoch 5: backbone UNFROZEN (fine-tune)\n"}
,{"stream_name":"stdout","time":4748.144658584,"data":"  ep   5/40  loss 0.2594 (dr 0.2685 dme 0.2458)  DR qwk 0.753 acc 55.4%  DME qwk 0.912 acc 87.6%  score 0.8167  41s\n"}
,{"stream_name":"stdout","time":4789.469078682,"data":"  ep   6/40  loss 0.2470 (dr 0.2670 dme 0.2171)  DR qwk 0.758 acc 55.8%  DME qwk 0.912 acc 87.6%  score 0.8198  41s  *best\n"}
,{"stream_name":"stdout","time":4830.541329477,"data":"  ep   7/40  loss 0.2436 (dr 0.2587 dme 0.2210)  DR qwk 0.759 acc 56.0%  DME qwk 0.907 acc 86.7%  score 0.8187  41s\n"}
,{"stream_name":"stdout","time":4872.050352414,"data":"  ep   8/40  loss 0.2255 (dr 0.2402 dme 0.2034)  DR qwk 0.777 acc 57.4%  DME qwk 0.903 acc 85.7%  score 0.8270  41s  *best\n"}
,{"stream_name":"stdout","time":4913.450114418,"data":"  ep   9/40  loss 0.2194 (dr 0.2354 dme 0.1955)  DR qwk 0.795 acc 58.5%  DME qwk 0.903 acc 85.7%  score 0.8379  41s  *best\n"}
,{"stream_name":"stdout","time":4954.759026451,"data":"  ep  10/40  loss 0.2105 (dr 0.2289 dme 0.1830)  DR qwk 0.797 acc 58.9%  DME qwk 0.903 acc 85.7%  score 0.8392  41s  *best\n"}
,{"stream_name":"stdout","time":4996.261229988,"data":"  ep  11/40  loss 0.2085 (dr 0.2286 dme 0.1782)  DR qwk 0.799 acc 60.0%  DME qwk 0.903 acc 85.7%  score 0.8403  41s  *best\n"}
,{"stream_name":"stdout","time":5037.609885438,"data":"  ep  12/40  loss 0.1970 (dr 0.2163 dme 0.1681)  DR qwk 0.813 acc 60.7%  DME qwk 0.903 acc 85.7%  score 0.8486  41s  *best\n"}
,{"stream_name":"stdout","time":5078.878870005,"data":"  ep  13/40  loss 0.1921 (dr 0.2072 dme 0.1696)  DR qwk 0.815 acc 61.3%  DME qwk 0.903 acc 85.7%  score 0.8503  41s  *best\n"}
,{"stream_name":"stdout","time":5120.196556967,"data":"  ep  14/40  loss 0.1917 (dr 0.2045 dme 0.1726)  DR qwk 0.824 acc 62.0%  DME qwk 0.903 acc 85.7%  score 0.8556  41s  *best\n"}
,{"stream_name":"stdout","time":5161.460186952,"data":"  ep  15/40  loss 0.1829 (dr 0.1986 dme 0.1593)  DR qwk 0.827 acc 62.6%  DME qwk 0.892 acc 83.8%  score 0.8528  41s\n"}
,{"stream_name":"stdout","time":5202.912989461,"data":"  ep  16/40  loss 0.1831 (dr 0.2005 dme 0.1570)  DR qwk 0.828 acc 62.6%  DME qwk 0.872 acc 82.9%  score 0.8452  41s\n"}
,{"stream_name":"stdout","time":5244.401091642,"data":"  ep  17/40  loss 0.1785 (dr 0.1938 dme 0.1557)  DR qwk 0.833 acc 63.5%  DME qwk 0.872 acc 82.9%  score 0.8484  41s\n"}
,{"stream_name":"stdout","time":5286.03454101,"data":"  ep  18/40  loss 0.1810 (dr 0.1953 dme 0.1597)  DR qwk 0.838 acc 64.6%  DME qwk 0.856 acc 82.9%  score 0.8453  41s\n"}
,{"stream_name":"stdout","time":5327.280243218,"data":"  ep  19/40  loss 0.1759 (dr 0.1920 dme 0.1518)  DR qwk 0.841 acc 65.7%  DME qwk 0.856 acc 82.9%  score 0.8474  41s\n"}
,{"stream_name":"stdout","time":5369.039531842,"data":"  ep  20/40  loss 0.1730 (dr 0.1828 dme 0.1583)  DR qwk 0.848 acc 66.2%  DME qwk 0.861 acc 83.8%  score 0.8530  41s\n"}
,{"stream_name":"stdout","time":5410.153373902,"data":"  ep  21/40  loss 0.1727 (dr 0.1841 dme 0.1557)  DR qwk 0.850 acc 66.6%  DME qwk 0.861 acc 83.8%  score 0.8541  41s\n"}
,{"stream_name":"stdout","time":5451.484255065,"data":"  ep  22/40  loss 0.1701 (dr 0.1843 dme 0.1488)  DR qwk 0.850 acc 67.3%  DME qwk 0.866 acc 84.8%  score 0.8560  41s  *best\n"}
,{"stream_name":"stdout","time":5492.756611711,"data":"  ep  23/40  loss 0.1657 (dr 0.1773 dme 0.1483)  DR qwk 0.853 acc 68.1%  DME qwk 0.866 acc 84.8%  score 0.8579  41s  *best\n"}
,{"stream_name":"stdout","time":5533.882665425,"data":"  ep  24/40  loss 0.1599 (dr 0.1711 dme 0.1431)  DR qwk 0.852 acc 68.1%  DME qwk 0.866 acc 84.8%  score 0.8577  41s\n"}
,{"stream_name":"stdout","time":5574.919161671,"data":"  ep  25/40  loss 0.1608 (dr 0.1718 dme 0.1444)  DR qwk 0.853 acc 68.1%  DME qwk 0.866 acc 84.8%  score 0.8578  41s\n"}
,{"stream_name":"stdout","time":5616.067472827,"data":"  ep  26/40  loss 0.1591 (dr 0.1709 dme 0.1415)  DR qwk 0.852 acc 67.9%  DME qwk 0.866 acc 84.8%  score 0.8574  41s\n"}
,{"stream_name":"stdout","time":5657.436081637,"data":"  ep  27/40  loss 0.1570 (dr 0.1678 dme 0.1407)  DR qwk 0.857 acc 68.4%  DME qwk 0.866 acc 84.8%  score 0.8607  41s  *best\n"}
,{"stream_name":"stdout","time":5698.832869693,"data":"  ep  28/40  loss 0.1569 (dr 0.1687 dme 0.1392)  DR qwk 0.860 acc 69.0%  DME qwk 0.872 acc 85.7%  score 0.8646  41s  *best\n"}
,{"stream_name":"stdout","time":5740.1844459,"data":"  ep  29/40  loss 0.1563 (dr 0.1653 dme 0.1428)  DR qwk 0.859 acc 68.8%  DME qwk 0.872 acc 85.7%  score 0.8641  41s\n"}
,{"stream_name":"stdout","time":5781.765121483,"data":"  ep  30/40  loss 0.1556 (dr 0.1670 dme 0.1384)  DR qwk 0.857 acc 68.4%  DME qwk 0.872 acc 85.7%  score 0.8629  41s\n"}
,{"stream_name":"stdout","time":5823.145768345,"data":"  ep  31/40  loss 0.1549 (dr 0.1654 dme 0.1392)  DR qwk 0.858 acc 68.6%  DME qwk 0.872 acc 85.7%  score 0.8633  41s\n"}
,{"stream_name":"stdout","time":5864.59973034,"data":"  ep  32/40  loss 0.1527 (dr 0.1602 dme 0.1414)  DR qwk 0.858 acc 68.6%  DME qwk 0.872 acc 85.7%  score 0.8633  41s\n"}
,{"stream_name":"stdout","time":5905.997308996,"data":"  ep  33/40  loss 0.1569 (dr 0.1673 dme 0.1413)  DR qwk 0.859 acc 68.8%  DME qwk 0.872 acc 85.7%  score 0.8638  41s\n"}
,{"stream_name":"stdout","time":5947.189409544,"data":"  ep  34/40  loss 0.1512 (dr 0.1602 dme 0.1378)  DR qwk 0.860 acc 69.2%  DME qwk 0.872 acc 85.7%  score 0.8647  41s  *best\n"}
,{"stream_name":"stdout","time":5988.434739311,"data":"  ep  35/40  loss 0.1532 (dr 0.1636 dme 0.1376)  DR qwk 0.860 acc 69.2%  DME qwk 0.872 acc 85.7%  score 0.8647  41s\n"}
,{"stream_name":"stdout","time":6029.744374031,"data":"  ep  36/40  loss 0.1528 (dr 0.1619 dme 0.1390)  DR qwk 0.861 acc 69.5%  DME qwk 0.872 acc 85.7%  score 0.8652  41s  *best\n"}
,{"stream_name":"stdout","time":6071.317003593,"data":"  ep  37/40  loss 0.1509 (dr 0.1609 dme 0.1359)  DR qwk 0.861 acc 69.5%  DME qwk 0.872 acc 85.7%  score 0.8653  41s  *best\n"}
,{"stream_name":"stdout","time":6112.608740365,"data":"  ep  38/40  loss 0.1534 (dr 0.1642 dme 0.1373)  DR qwk 0.862 acc 69.7%  DME qwk 0.872 acc 85.7%  score 0.8657  41s  *best\n"}
,{"stream_name":"stdout","time":6153.919556553,"data":"  ep  39/40  loss 0.1576 (dr 0.1660 dme 0.1450)  DR qwk 0.862 acc 69.9%  DME qwk 0.872 acc 85.7%  score 0.8660  41s  *best\n"}
,{"stream_name":"stdout","time":6165.166949937,"data":"\n"}
,{"stream_name":"stdout","time":6165.167504106,"data":"  fold 0 best (selected on validation score, never on test):\n"}
,{"stream_name":"stdout","time":6165.168715789,"data":"    dr                     n=  455  acc  69.5% [65.1,73.6]  floor  52.3%  QWK  0.866  F1 0.675  BEATS\n"}
,{"stream_name":"stdout","time":6165.169674014,"data":"    dme_ungated            n=  105  acc  85.7% [79.0,92.4]  floor  48.6%  QWK  0.904  F1 0.730  BEATS\n"}
,{"stream_name":"stdout","time":6165.170609248,"data":"    dme_gated              n=   71  acc  78.9% [70.4,88.7]  floor  71.8%  QWK  0.752  F1 0.607  below-floor\n"}
,{"stream_name":"stdout","time":6165.171614426,"data":"    dme_referable_binary   n=  455  acc  96.0% [94.3,97.8]  floor  82.0%  QWK  0.864  F1 0.932  BEATS\n"}
,{"stream_name":"stdout","time":6165.221954644,"data":"\n"}
,{"stream_name":"stdout","time":6165.222043148,"data":"==============================================================================\n"}
,{"stream_name":"stdout","time":6165.222811201,"data":"FOLD 1   train=1805  val=455\n"}
,{"stream_name":"stdout","time":6165.223554545,"data":"==============================================================================\n"}
,{"stream_name":"stdout","time":6165.651484508,"data":"  initialised from the pretrained backbone\n"}
,{"stream_name":"stdout","time":6165.660829365,"data":"  [LP-FT] probe 5 epochs (backbone frozen), then unfreeze at 1e-05 with 2-epoch warmup\n"}
,{"stream_name":"stdout","time":6165.844377235,"data":"  [LP-FT] epoch 0: backbone FROZEN (probe)\n"}
,{"stream_name":"stdout","time":6189.727414429,"data":"  ep   0/40  loss 0.3725 (dr 0.3445 dme 0.4143)  DR qwk 0.720 acc 55.8%  DME qwk 0.218 acc 37.1%  score 0.5190  24s  *best\n"}
,{"stream_name":"stdout","time":6213.550251153,"data":"  ep   1/40  loss 0.3123 (dr 0.3191 dme 0.3021)  DR qwk 0.723 acc 54.9%  DME qwk 0.622 acc 57.1%  score 0.6828  24s  *best\n"}
,{"stream_name":"stdout","time":6237.198116954,"data":"  ep   2/40  loss 0.2945 (dr 0.2935 dme 0.2959)  DR qwk 0.723 acc 54.9%  DME qwk 0.758 acc 68.6%  score 0.7370  23s  *best\n"}
,{"stream_name":"stdout","time":6261.103976397,"data":"  ep   3/40  loss 0.2775 (dr 0.2915 dme 0.2566)  DR qwk 0.733 acc 54.9%  DME qwk 0.773 acc 70.5%  score 0.7489  24s  *best\n"}
,{"stream_name":"stdout","time":6284.861942943,"data":"  ep   4/40  loss 0.2767 (dr 0.2846 dme 0.2650)  DR qwk 0.739 acc 55.4%  DME qwk 0.817 acc 76.2%  score 0.7702  23s  *best\n"}
,{"stream_name":"stdout","time":6285.078560656,"data":"  [LP-FT] epoch 5: backbone UNFROZEN (fine-tune)\n"}
,{"stream_name":"stdout","time":6326.015870376,"data":"  ep   5/40  loss 0.2675 (dr 0.2778 dme 0.2520)  DR qwk 0.741 acc 55.8%  DME qwk 0.794 acc 74.3%  score 0.7622  41s\n"}
,{"stream_name":"stdout","time":6367.338561697,"data":"  ep   6/40  loss 0.2518 (dr 0.2665 dme 0.2298)  DR qwk 0.750 acc 56.0%  DME qwk 0.844 acc 79.0%  score 0.7874  41s  *best\n"}
,{"stream_name":"stdout","time":6408.864645046,"data":"  ep   7/40  loss 0.2456 (dr 0.2583 dme 0.2265)  DR qwk 0.759 acc 56.5%  DME qwk 0.849 acc 80.0%  score 0.7950  41s  *best\n"}
,{"stream_name":"stdout","time":6450.205357612,"data":"  ep   8/40  loss 0.2347 (dr 0.2459 dme 0.2179)  DR qwk 0.772 acc 56.5%  DME qwk 0.871 acc 81.0%  score 0.8115  41s  *best\n"}
,{"stream_name":"stdout","time":6491.670393077,"data":"  ep   9/40  loss 0.2254 (dr 0.2457 dme 0.1949)  DR qwk 0.780 acc 57.6%  DME qwk 0.866 acc 80.0%  score 0.8145  41s  *best\n"}
,{"stream_name":"stdout","time":6532.923419115,"data":"  ep  10/40  loss 0.2214 (dr 0.2405 dme 0.1927)  DR qwk 0.782 acc 57.6%  DME qwk 0.866 acc 80.0%  score 0.8161  41s  *best\n"}
,{"stream_name":"stdout","time":6574.287509958,"data":"  ep  11/40  loss 0.2133 (dr 0.2301 dme 0.1881)  DR qwk 0.786 acc 59.3%  DME qwk 0.866 acc 80.0%  score 0.8182  41s  *best\n"}
,{"stream_name":"stdout","time":6615.884388962,"data":"  ep  12/40  loss 0.2093 (dr 0.2268 dme 0.1831)  DR qwk 0.788 acc 59.8%  DME qwk 0.862 acc 79.0%  score 0.8173  41s\n"}
,{"stream_name":"stdout","time":6657.048153023,"data":"  ep  13/40  loss 0.2073 (dr 0.2254 dme 0.1801)  DR qwk 0.797 acc 61.1%  DME qwk 0.846 acc 79.0%  score 0.8166  41s\n"}
,{"stream_name":"stdout","time":6698.453839096,"data":"  ep  14/40  loss 0.1915 (dr 0.2094 dme 0.1647)  DR qwk 0.800 acc 61.1%  DME qwk 0.862 acc 79.0%  score 0.8244  41s  *best\n"}
,{"stream_name":"stdout","time":6739.993368295,"data":"  ep  15/40  loss 0.1947 (dr 0.2103 dme 0.1713)  DR qwk 0.813 acc 62.9%  DME qwk 0.868 acc 80.0%  score 0.8348  41s  *best\n"}
,{"stream_name":"stdout","time":6781.565985732,"data":"  ep  16/40  loss 0.1934 (dr 0.2103 dme 0.1681)  DR qwk 0.812 acc 63.3%  DME qwk 0.868 acc 80.0%  score 0.8345  41s\n"}
,{"stream_name":"stdout","time":6823.132418728,"data":"  ep  17/40  loss 0.1839 (dr 0.2006 dme 0.1589)  DR qwk 0.809 acc 62.9%  DME qwk 0.868 acc 80.0%  score 0.8327  41s\n"}
,{"stream_name":"stdout","time":6864.564698266,"data":"  ep  18/40  loss 0.1867 (dr 0.2050 dme 0.1591)  DR qwk 0.807 acc 62.6%  DME qwk 0.878 acc 81.9%  score 0.8350  41s  *best\n"}
,{"stream_name":"stdout","time":6906.046716887,"data":"  ep  19/40  loss 0.1846 (dr 0.1983 dme 0.1640)  DR qwk 0.807 acc 63.1%  DME qwk 0.878 acc 81.9%  score 0.8353  41s  *best\n"}
,{"stream_name":"stdout","time":6947.386765849,"data":"  ep  20/40  loss 0.1767 (dr 0.1915 dme 0.1546)  DR qwk 0.810 acc 63.5%  DME qwk 0.878 acc 81.9%  score 0.8373  41s  *best\n"}
,{"stream_name":"stdout","time":6988.731614463,"data":"  ep  21/40  loss 0.1731 (dr 0.1902 dme 0.1475)  DR qwk 0.819 acc 64.4%  DME qwk 0.884 acc 82.9%  score 0.8452  41s  *best\n"}
,{"stream_name":"stdout","time":7029.86624868,"data":"  ep  22/40  loss 0.1736 (dr 0.1897 dme 0.1495)  DR qwk 0.815 acc 64.8%  DME qwk 0.878 acc 81.9%  score 0.8400  41s\n"}
,{"stream_name":"stdout","time":7071.283932712,"data":"  ep  23/40  loss 0.1679 (dr 0.1829 dme 0.1454)  DR qwk 0.819 acc 65.5%  DME qwk 0.883 acc 82.9%  score 0.8445  41s\n"}
,{"stream_name":"stdout","time":7112.636867646,"data":"  ep  24/40  loss 0.1687 (dr 0.1834 dme 0.1467)  DR qwk 0.816 acc 64.6%  DME qwk 0.884 acc 82.9%  score 0.8431  41s\n"}
,{"stream_name":"stdout","time":7154.192387888,"data":"  ep  25/40  loss 0.1639 (dr 0.1774 dme 0.1437)  DR qwk 0.819 acc 65.9%  DME qwk 0.889 acc 83.8%  score 0.8473  41s  *best\n"}
,{"stream_name":"stdout","time":7195.345146339,"data":"  ep  26/40  loss 0.1670 (dr 0.1807 dme 0.1464)  DR qwk 0.819 acc 65.9%  DME qwk 0.889 acc 83.8%  score 0.8473  41s  *best\n"}
,{"stream_name":"stdout","time":7236.859275002,"data":"  ep  27/40  loss 0.1586 (dr 0.1709 dme 0.1401)  DR qwk 0.821 acc 66.2%  DME qwk 0.889 acc 83.8%  score 0.8481  41s  *best\n"}
,{"stream_name":"stdout","time":7278.270543782,"data":"  ep  28/40  loss 0.1610 (dr 0.1745 dme 0.1408)  DR qwk 0.815 acc 66.4%  DME qwk 0.889 acc 83.8%  score 0.8445  41s\n"}
,{"stream_name":"stdout","time":7319.805522634,"data":"  ep  29/40  loss 0.1585 (dr 0.1708 dme 0.1401)  DR qwk 0.817 acc 67.3%  DME qwk 0.884 acc 82.9%  score 0.8439  41s\n"}
,{"stream_name":"stdout","time":7361.326336219,"data":"  ep  30/40  loss 0.1592 (dr 0.1714 dme 0.1410)  DR qwk 0.820 acc 66.6%  DME qwk 0.894 acc 84.8%  score 0.8498  41s  *best\n"}
,{"stream_name":"stdout","time":7402.589427757,"data":"  ep  31/40  loss 0.1585 (dr 0.1681 dme 0.1440)  DR qwk 0.821 acc 66.8%  DME qwk 0.889 acc 83.8%  score 0.8484  41s\n"}
,{"stream_name":"stdout","time":7444.037443935,"data":"  ep  32/40  loss 0.1573 (dr 0.1652 dme 0.1453)  DR qwk 0.817 acc 66.8%  DME qwk 0.889 acc 83.8%  score 0.8460  41s\n"}
,{"stream_name":"stdout","time":7485.455733137,"data":"  ep  33/40  loss 0.1543 (dr 0.1629 dme 0.1413)  DR qwk 0.817 acc 67.5%  DME qwk 0.889 acc 83.8%  score 0.8457  41s\n"}
,{"stream_name":"stdout","time":7526.668084861,"data":"  ep  34/40  loss 0.1569 (dr 0.1686 dme 0.1392)  DR qwk 0.818 acc 67.9%  DME qwk 0.889 acc 83.8%  score 0.8463  41s\n"}
,{"stream_name":"stdout","time":7567.960121085,"data":"  ep  35/40  loss 0.1538 (dr 0.1646 dme 0.1376)  DR qwk 0.817 acc 67.7%  DME qwk 0.889 acc 83.8%  score 0.8457  41s\n"}
,{"stream_name":"stdout","time":7609.024567828,"data":"  ep  36/40  loss 0.1538 (dr 0.1636 dme 0.1392)  DR qwk 0.816 acc 68.1%  DME qwk 0.889 acc 83.8%  score 0.8451  41s\n"}
,{"stream_name":"stdout","time":7650.243646795,"data":"  ep  37/40  loss 0.1526 (dr 0.1624 dme 0.1379)  DR qwk 0.813 acc 68.1%  DME qwk 0.889 acc 83.8%  score 0.8436  41s\n"}
,{"stream_name":"stdout","time":7691.822833566,"data":"  ep  38/40  loss 0.1548 (dr 0.1647 dme 0.1400)  DR qwk 0.813 acc 68.1%  DME qwk 0.889 acc 83.8%  score 0.8435  41s\n"}
,{"stream_name":"stdout","time":7732.944866786,"data":"  ep  39/40  loss 0.1539 (dr 0.1650 dme 0.1373)  DR qwk 0.817 acc 68.8%  DME qwk 0.883 acc 82.9%  score 0.8435  41s\n"}
,{"stream_name":"stdout","time":7744.096630635,"data":"\n"}
,{"stream_name":"stdout","time":7744.097128849,"data":"  fold 1 best (selected on validation score, never on test):\n"}
,{"stream_name":"stdout","time":7744.098366354,"data":"    dr                     n=  455  acc  73.0% [69.0,76.7]  floor  52.3%  QWK  0.848  F1 0.684  BEATS\n"}
,{"stream_name":"stdout","time":7744.099406738,"data":"    dme_ungated            n=  105  acc  82.9% [75.2,89.5]  floor  46.7%  QWK  0.900  F1 0.716  BEATS\n"}
,{"stream_name":"stdout","time":7744.10048378,"data":"    dme_gated              n=   71  acc  81.7% [73.2,88.8]  floor  69.0%  QWK  0.816  F1 0.647  BEATS\n"}
,{"stream_name":"stdout","time":7744.10163572,"data":"    dme_referable_binary   n=  455  acc  96.3% [94.3,98.0]  floor  83.1%  QWK  0.869  F1 0.935  BEATS\n"}
,{"stream_name":"stdout","time":7744.160724081,"data":"\n"}
,{"stream_name":"stdout","time":7744.161714354,"data":"==============================================================================\n"}
,{"stream_name":"stdout","time":7744.16245598,"data":"FOLD 2   train=1808  val=452\n"}
,{"stream_name":"stdout","time":7744.163208487,"data":"==============================================================================\n"}
,{"stream_name":"stdout","time":7744.566688412,"data":"  initialised from the pretrained backbone\n"}
,{"stream_name":"stdout","time":7744.57500476,"data":"  [LP-FT] probe 5 epochs (backbone frozen), then unfreeze at 1e-05 with 2-epoch warmup\n"}
,{"stream_name":"stdout","time":7744.751615401,"data":"  [LP-FT] epoch 0: backbone FROZEN (probe)\n"}
,{"stream_name":"stdout","time":7768.571183179,"data":"  ep   0/40  loss 0.3803 (dr 0.3517 dme 0.4231)  DR qwk 0.753 acc 55.1%  DME qwk 0.210 acc 31.7%  score 0.5359  24s  *best\n"}
,{"stream_name":"stdout","time":7792.373649171,"data":"  ep   1/40  loss 0.3030 (dr 0.3149 dme 0.2850)  DR qwk 0.765 acc 56.4%  DME qwk 0.671 acc 56.7%  score 0.7276  24s  *best\n"}
,{"stream_name":"stdout","time":7815.712597351,"data":"  ep   2/40  loss 0.2992 (dr 0.3098 dme 0.2834)  DR qwk 0.777 acc 56.4%  DME qwk 0.806 acc 75.0%  score 0.7884  23s  *best\n"}
,{"stream_name":"stdout","time":7839.180575615,"data":"  ep   3/40  loss 0.2879 (dr 0.2978 dme 0.2730)  DR qwk 0.780 acc 57.1%  DME qwk 0.817 acc 78.8%  score 0.7950  23s  *best\n"}
,{"stream_name":"stdout","time":7862.611576578,"data":"  ep   4/40  loss 0.2710 (dr 0.2809 dme 0.2561)  DR qwk 0.792 acc 58.0%  DME qwk 0.853 acc 84.6%  score 0.8164  23s  *best\n"}
,{"stream_name":"stdout","time":7862.832309893,"data":"  [LP-FT] epoch 5: backbone UNFROZEN (fine-tune)\n"}
,{"stream_name":"stdout","time":7904.047894543,"data":"  ep   5/40  loss 0.2746 (dr 0.2930 dme 0.2470)  DR qwk 0.800 acc 59.7%  DME qwk 0.833 acc 83.7%  score 0.8131  41s\n"}
,{"stream_name":"stdout","time":7945.627588985,"data":"  ep   6/40  loss 0.2577 (dr 0.2726 dme 0.2353)  DR qwk 0.804 acc 60.4%  DME qwk 0.818 acc 83.7%  score 0.8097  41s\n"}
,{"stream_name":"stdout","time":7987.072403642,"data":"  ep   7/40  loss 0.2466 (dr 0.2671 dme 0.2159)  DR qwk 0.807 acc 61.1%  DME qwk 0.818 acc 83.7%  score 0.8113  41s\n"}
,{"stream_name":"stdout","time":8028.813054214,"data":"  ep   8/40  loss 0.2341 (dr 0.2529 dme 0.2060)  DR qwk 0.817 acc 61.9%  DME qwk 0.812 acc 82.7%  score 0.8152  41s\n"}
,{"stream_name":"stdout","time":8070.482541502,"data":"  ep   9/40  loss 0.2252 (dr 0.2452 dme 0.1952)  DR qwk 0.824 acc 61.9%  DME qwk 0.812 acc 82.7%  score 0.8189  41s  *best\n"}
,{"stream_name":"stdout","time":8112.286074935,"data":"  ep  10/40  loss 0.2185 (dr 0.2361 dme 0.1922)  DR qwk 0.828 acc 63.1%  DME qwk 0.816 acc 83.7%  score 0.8235  41s  *best\n"}
,{"stream_name":"stdout","time":8153.716926612,"data":"  ep  11/40  loss 0.2129 (dr 0.2322 dme 0.1841)  DR qwk 0.833 acc 63.7%  DME qwk 0.798 acc 82.7%  score 0.8186  41s\n"}
,{"stream_name":"stdout","time":8195.893876389,"data":"  ep  12/40  loss 0.2075 (dr 0.2300 dme 0.1737)  DR qwk 0.837 acc 63.9%  DME qwk 0.798 acc 82.7%  score 0.8212  42s\n"}
,{"stream_name":"stdout","time":8237.997958747,"data":"  ep  13/40  loss 0.2036 (dr 0.2206 dme 0.1781)  DR qwk 0.841 acc 64.8%  DME qwk 0.798 acc 82.7%  score 0.8236  42s  *best\n"}
,{"stream_name":"stdout","time":8280.009102599,"data":"  ep  14/40  loss 0.1971 (dr 0.2204 dme 0.1622)  DR qwk 0.843 acc 64.8%  DME qwk 0.798 acc 82.7%  score 0.8250  42s  *best\n"}
,{"stream_name":"stdout","time":8322.369353207,"data":"  ep  15/40  loss 0.1946 (dr 0.2153 dme 0.1636)  DR qwk 0.848 acc 65.5%  DME qwk 0.798 acc 82.7%  score 0.8280  42s  *best\n"}
,{"stream_name":"stdout","time":8364.125461436,"data":"  ep  16/40  loss 0.1899 (dr 0.2094 dme 0.1606)  DR qwk 0.846 acc 65.5%  DME qwk 0.798 acc 82.7%  score 0.8266  41s\n"}
,{"stream_name":"stdout","time":8405.863785069,"data":"  ep  17/40  loss 0.1829 (dr 0.2001 dme 0.1572)  DR qwk 0.848 acc 66.2%  DME qwk 0.798 acc 82.7%  score 0.8278  41s\n"}
,{"stream_name":"stdout","time":8447.450277831,"data":"  ep  18/40  loss 0.1814 (dr 0.1981 dme 0.1563)  DR qwk 0.854 acc 67.3%  DME qwk 0.798 acc 82.7%  score 0.8315  41s  *best\n"}
,{"stream_name":"stdout","time":8489.271713795,"data":"  ep  19/40  loss 0.1800 (dr 0.1950 dme 0.1575)  DR qwk 0.858 acc 68.1%  DME qwk 0.798 acc 82.7%  score 0.8336  41s  *best\n"}
,{"stream_name":"stdout","time":8530.817305904,"data":"  ep  20/40  loss 0.1773 (dr 0.1940 dme 0.1523)  DR qwk 0.863 acc 68.8%  DME qwk 0.798 acc 82.7%  score 0.8366  41s  *best\n"}
,{"stream_name":"stdout","time":8572.482980202,"data":"  ep  21/40  loss 0.1760 (dr 0.1915 dme 0.1528)  DR qwk 0.867 acc 70.4%  DME qwk 0.798 acc 82.7%  score 0.8394  41s  *best\n"}
,{"stream_name":"stdout","time":8614.098453141,"data":"  ep  22/40  loss 0.1710 (dr 0.1833 dme 0.1527)  DR qwk 0.870 acc 71.2%  DME qwk 0.804 acc 83.7%  score 0.8432  41s  *best\n"}
,{"stream_name":"stdout","time":8655.57892558,"data":"  ep  23/40  loss 0.1703 (dr 0.1841 dme 0.1496)  DR qwk 0.870 acc 71.5%  DME qwk 0.804 acc 83.7%  score 0.8436  41s  *best\n"}
,{"stream_name":"stdout","time":8697.37284988,"data":"  ep  24/40  loss 0.1718 (dr 0.1863 dme 0.1502)  DR qwk 0.872 acc 71.9%  DME qwk 0.804 acc 83.7%  score 0.8446  41s  *best\n"}
,{"stream_name":"stdout","time":8739.016874873,"data":"  ep  25/40  loss 0.1658 (dr 0.1795 dme 0.1453)  DR qwk 0.872 acc 72.1%  DME qwk 0.804 acc 83.7%  score 0.8448  41s  *best\n"}
,{"stream_name":"stdout","time":8780.483117451,"data":"  ep  26/40  loss 0.1651 (dr 0.1752 dme 0.1498)  DR qwk 0.871 acc 71.7%  DME qwk 0.804 acc 83.7%  score 0.8438  41s\n"}
,{"stream_name":"stdout","time":8822.483520246,"data":"  ep  27/40  loss 0.1599 (dr 0.1702 dme 0.1445)  DR qwk 0.875 acc 72.8%  DME qwk 0.804 acc 83.7%  score 0.8463  42s  *best\n"}
,{"stream_name":"stdout","time":8864.010378749,"data":"  ep  28/40  loss 0.1613 (dr 0.1745 dme 0.1416)  DR qwk 0.875 acc 73.0%  DME qwk 0.804 acc 83.7%  score 0.8466  41s  *best\n"}
,{"stream_name":"stdout","time":8905.719059857,"data":"  ep  29/40  loss 0.1600 (dr 0.1707 dme 0.1441)  DR qwk 0.876 acc 73.2%  DME qwk 0.812 acc 82.7%  score 0.8503  41s  *best\n"}
,{"stream_name":"stdout","time":8947.348471586,"data":"  ep  30/40  loss 0.1587 (dr 0.1697 dme 0.1421)  DR qwk 0.873 acc 72.6%  DME qwk 0.826 acc 82.7%  score 0.8545  41s  *best\n"}
,{"stream_name":"stdout","time":8989.263511182,"data":"  ep  31/40  loss 0.1580 (dr 0.1690 dme 0.1416)  DR qwk 0.873 acc 72.6%  DME qwk 0.826 acc 82.7%  score 0.8545  42s\n"}
,{"stream_name":"stdout","time":9030.981292073,"data":"  ep  32/40  loss 0.1562 (dr 0.1650 dme 0.1431)  DR qwk 0.874 acc 72.8%  DME qwk 0.831 acc 83.7%  score 0.8567  41s  *best\n"}
,{"stream_name":"stdout","time":9072.551840969,"data":"  ep  33/40  loss 0.1560 (dr 0.1673 dme 0.1391)  DR qwk 0.873 acc 72.6%  DME qwk 0.831 acc 83.7%  score 0.8562  41s\n"}
,{"stream_name":"stdout","time":9114.167458991,"data":"  ep  34/40  loss 0.1552 (dr 0.1672 dme 0.1371)  DR qwk 0.874 acc 72.8%  DME qwk 0.825 acc 82.7%  score 0.8543  41s\n"}
,{"stream_name":"stdout","time":9155.947868287,"data":"  ep  35/40  loss 0.1537 (dr 0.1652 dme 0.1365)  DR qwk 0.869 acc 72.8%  DME qwk 0.825 acc 82.7%  score 0.8515  41s\n"}
,{"stream_name":"stdout","time":9197.634480254,"data":"  ep  36/40  loss 0.1531 (dr 0.1634 dme 0.1375)  DR qwk 0.870 acc 73.0%  DME qwk 0.825 acc 82.7%  score 0.8518  41s\n"}
,{"stream_name":"stdout","time":9239.180583305,"data":"  ep  37/40  loss 0.1559 (dr 0.1680 dme 0.1379)  DR qwk 0.871 acc 73.2%  DME qwk 0.825 acc 82.7%  score 0.8523  41s\n"}
,{"stream_name":"stdout","time":9280.682360596,"data":"  ep  38/40  loss 0.1542 (dr 0.1630 dme 0.1410)  DR qwk 0.871 acc 73.2%  DME qwk 0.825 acc 82.7%  score 0.8523  41s\n"}
,{"stream_name":"stdout","time":9322.217120182,"data":"  ep  39/40  loss 0.1577 (dr 0.1679 dme 0.1424)  DR qwk 0.870 acc 73.0%  DME qwk 0.825 acc 82.7%  score 0.8518  41s\n"}
,{"stream_name":"stdout","time":9333.280910007,"data":"\n"}
,{"stream_name":"stdout","time":9333.281928151,"data":"  fold 2 best (selected on validation score, never on test):\n"}
,{"stream_name":"stdout","time":9333.284980437,"data":"    dr                     n=  452  acc  72.1% [67.9,76.3]  floor  52.4%  QWK  0.874  F1 0.687  BEATS\n"}
,{"stream_name":"stdout","time":9333.285005037,"data":"    dme_ungated            n=  104  acc  82.7% [75.0,89.4]  floor  49.0%  QWK  0.856  F1 0.688  BEATS\n"}
,{"stream_name":"stdout","time":9333.285581966,"data":"    dme_gated              n=   70  acc  74.3% [64.3,84.3]  floor  72.9%  QWK  0.659  F1 0.619  below-floor\n"}
,{"stream_name":"stdout","time":9333.287038734,"data":"    dme_referable_binary   n=  452  acc  94.0% [91.6,96.0]  floor  82.7%  QWK  0.785  F1 0.893  BEATS\n"}
,{"stream_name":"stdout","time":9333.34839322,"data":"\n"}
,{"stream_name":"stdout","time":9333.349479111,"data":"==============================================================================\n"}
,{"stream_name":"stdout","time":9333.35038344,"data":"FOLD 3   train=1811  val=449\n"}
,{"stream_name":"stdout","time":9333.351303823,"data":"==============================================================================\n"}
,{"stream_name":"stdout","time":9333.735827278,"data":"  initialised from the pretrained backbone\n"}
,{"stream_name":"stdout","time":9333.743580232,"data":"  [LP-FT] probe 5 epochs (backbone frozen), then unfreeze at 1e-05 with 2-epoch warmup\n"}
,{"stream_name":"stdout","time":9333.923728344,"data":"  [LP-FT] epoch 0: backbone FROZEN (probe)\n"}
,{"stream_name":"stdout","time":9357.939498611,"data":"  ep   0/40  loss 0.3651 (dr 0.3395 dme 0.4034)  DR qwk 0.724 acc 54.8%  DME qwk 0.234 acc 29.7%  score 0.5279  24s  *best\n"}
,{"stream_name":"stdout","time":9382.022917417,"data":"  ep   1/40  loss 0.3063 (dr 0.3084 dme 0.3032)  DR qwk 0.729 acc 55.2%  DME qwk 0.581 acc 50.5%  score 0.6697  24s  *best\n"}
,{"stream_name":"stdout","time":9405.675139112,"data":"  ep   2/40  loss 0.2903 (dr 0.2910 dme 0.2892)  DR qwk 0.736 acc 56.1%  DME qwk 0.695 acc 64.4%  score 0.7196  23s  *best\n"}
,{"stream_name":"stdout","time":9428.965866427,"data":"  ep   3/40  loss 0.2744 (dr 0.2847 dme 0.2591)  DR qwk 0.740 acc 56.1%  DME qwk 0.747 acc 71.3%  score 0.7430  23s  *best\n"}
,{"stream_name":"stdout","time":9452.423913066,"data":"  ep   4/40  loss 0.2677 (dr 0.2761 dme 0.2551)  DR qwk 0.753 acc 56.8%  DME qwk 0.784 acc 74.3%  score 0.7656  23s  *best\n"}
,{"stream_name":"stdout","time":9452.639263574,"data":"  [LP-FT] epoch 5: backbone UNFROZEN (fine-tune)\n"}
,{"stream_name":"stdout","time":9493.962244208,"data":"  ep   5/40  loss 0.2591 (dr 0.2740 dme 0.2367)  DR qwk 0.762 acc 57.0%  DME qwk 0.811 acc 76.2%  score 0.7816  41s  *best\n"}
,{"stream_name":"stdout","time":9535.672433176,"data":"  ep   6/40  loss 0.2506 (dr 0.2699 dme 0.2218)  DR qwk 0.775 acc 57.9%  DME qwk 0.816 acc 77.2%  score 0.7914  41s  *best\n"}
,{"stream_name":"stdout","time":9577.245657493,"data":"  ep   7/40  loss 0.2405 (dr 0.2523 dme 0.2229)  DR qwk 0.777 acc 57.9%  DME qwk 0.823 acc 78.2%  score 0.7956  41s  *best\n"}
,{"stream_name":"stdout","time":9618.908991471,"data":"  ep   8/40  loss 0.2237 (dr 0.2442 dme 0.1930)  DR qwk 0.778 acc 58.4%  DME qwk 0.836 acc 80.2%  score 0.8012  41s  *best\n"}
,{"stream_name":"stdout","time":9660.738711467,"data":"  ep   9/40  loss 0.2121 (dr 0.2300 dme 0.1853)  DR qwk 0.785 acc 59.2%  DME qwk 0.836 acc 80.2%  score 0.8057  41s  *best\n"}
,{"stream_name":"stdout","time":9702.545253665,"data":"  ep  10/40  loss 0.2162 (dr 0.2332 dme 0.1907)  DR qwk 0.785 acc 60.4%  DME qwk 0.834 acc 80.2%  score 0.8046  41s\n"}
,{"stream_name":"stdout","time":9744.006527556,"data":"  ep  11/40  loss 0.2049 (dr 0.2249 dme 0.1750)  DR qwk 0.796 acc 61.9%  DME qwk 0.846 acc 82.2%  score 0.8160  41s  *best\n"}
,{"stream_name":"stdout","time":9785.63978791,"data":"  ep  12/40  loss 0.2065 (dr 0.2227 dme 0.1822)  DR qwk 0.800 acc 61.9%  DME qwk 0.862 acc 82.2%  score 0.8250  41s  *best\n"}
,{"stream_name":"stdout","time":9827.231744461,"data":"  ep  13/40  loss 0.2016 (dr 0.2187 dme 0.1759)  DR qwk 0.804 acc 61.7%  DME qwk 0.879 acc 85.1%  score 0.8337  41s  *best\n"}
,{"stream_name":"stdout","time":9868.650784893,"data":"  ep  14/40  loss 0.2018 (dr 0.2199 dme 0.1746)  DR qwk 0.809 acc 62.6%  DME qwk 0.879 acc 85.1%  score 0.8369  41s  *best\n"}
,{"stream_name":"stdout","time":9910.180289767,"data":"  ep  15/40  loss 0.1869 (dr 0.2029 dme 0.1629)  DR qwk 0.810 acc 63.0%  DME qwk 0.869 acc 83.2%  score 0.8335  41s\n"}
,{"stream_name":"stdout","time":9951.873136728,"data":"  ep  16/40  loss 0.1843 (dr 0.1999 dme 0.1609)  DR qwk 0.814 acc 63.9%  DME qwk 0.875 acc 84.2%  score 0.8382  41s  *best\n"}
,{"stream_name":"stdout","time":9993.324783002,"data":"  ep  17/40  loss 0.1849 (dr 0.2042 dme 0.1559)  DR qwk 0.816 acc 64.6%  DME qwk 0.875 acc 84.2%  score 0.8393  41s  *best\n"}
,{"stream_name":"stdout","time":10035.080936256,"data":"  ep  18/40  loss 0.1828 (dr 0.1967 dme 0.1621)  DR qwk 0.819 acc 65.7%  DME qwk 0.880 acc 85.1%  score 0.8436  41s  *best\n"}
,{"stream_name":"stdout","time":10076.527519519,"data":"  ep  19/40  loss 0.1756 (dr 0.1903 dme 0.1537)  DR qwk 0.824 acc 66.4%  DME qwk 0.880 acc 85.1%  score 0.8463  41s  *best\n"}
,{"stream_name":"stdout","time":10118.083128347,"data":"  ep  20/40  loss 0.1719 (dr 0.1846 dme 0.1527)  DR qwk 0.827 acc 67.0%  DME qwk 0.880 acc 85.1%  score 0.8483  41s  *best\n"}
,{"stream_name":"stdout","time":10159.664604337,"data":"  ep  21/40  loss 0.1721 (dr 0.1840 dme 0.1542)  DR qwk 0.828 acc 67.3%  DME qwk 0.880 acc 85.1%  score 0.8487  41s  *best\n"}
,{"stream_name":"stdout","time":10201.46868237,"data":"  ep  22/40  loss 0.1672 (dr 0.1797 dme 0.1484)  DR qwk 0.835 acc 68.8%  DME qwk 0.881 acc 85.1%  score 0.8538  41s  *best\n"}
,{"stream_name":"stdout","time":10243.068356671,"data":"  ep  23/40  loss 0.1635 (dr 0.1791 dme 0.1401)  DR qwk 0.834 acc 69.3%  DME qwk 0.886 acc 86.1%  score 0.8551  41s  *best\n"}
,{"stream_name":"stdout","time":10284.564337727,"data":"  ep  24/40  loss 0.1657 (dr 0.1805 dme 0.1435)  DR qwk 0.833 acc 69.5%  DME qwk 0.888 acc 86.1%  score 0.8546  41s\n"}
,{"stream_name":"stdout","time":10326.099275372,"data":"  ep  25/40  loss 0.1648 (dr 0.1720 dme 0.1541)  DR qwk 0.833 acc 69.9%  DME qwk 0.876 acc 87.1%  score 0.8501  41s\n"}
,{"stream_name":"stdout","time":10367.7749931,"data":"  ep  26/40  loss 0.1652 (dr 0.1768 dme 0.1478)  DR qwk 0.833 acc 69.9%  DME qwk 0.865 acc 85.1%  score 0.8458  41s\n"}
,{"stream_name":"stdout","time":10409.129078285,"data":"  ep  27/40  loss 0.1564 (dr 0.1666 dme 0.1410)  DR qwk 0.833 acc 70.2%  DME qwk 0.849 acc 85.1%  score 0.8396  41s\n"}
,{"stream_name":"stdout","time":10450.538667048,"data":"  ep  28/40  loss 0.1591 (dr 0.1713 dme 0.1408)  DR qwk 0.839 acc 70.6%  DME qwk 0.849 acc 85.1%  score 0.8429  41s\n"}
,{"stream_name":"stdout","time":10492.026566469,"data":"  ep  29/40  loss 0.1590 (dr 0.1709 dme 0.1411)  DR qwk 0.835 acc 70.6%  DME qwk 0.849 acc 85.1%  score 0.8409  41s\n"}
,{"stream_name":"stdout","time":10533.556078821,"data":"  ep  30/40  loss 0.1573 (dr 0.1701 dme 0.1381)  DR qwk 0.832 acc 70.6%  DME qwk 0.849 acc 85.1%  score 0.8388  41s\n"}
,{"stream_name":"stdout","time":10574.912145494,"data":"  ep  31/40  loss 0.1555 (dr 0.1647 dme 0.1418)  DR qwk 0.834 acc 71.0%  DME qwk 0.849 acc 85.1%  score 0.8400  41s\n"}
,{"stream_name":"stdout","time":10616.304309568,"data":"  ep  32/40  loss 0.1607 (dr 0.1708 dme 0.1455)  DR qwk 0.832 acc 71.0%  DME qwk 0.849 acc 85.1%  score 0.8386  41s\n"}
,{"stream_name":"stdout","time":10657.624788132,"data":"  ep  33/40  loss 0.1525 (dr 0.1620 dme 0.1383)  DR qwk 0.832 acc 71.0%  DME qwk 0.827 acc 84.2%  score 0.8296  41s\n"}
,{"stream_name":"stdout","time":10699.105904712,"data":"  ep  34/40  loss 0.1523 (dr 0.1627 dme 0.1368)  DR qwk 0.832 acc 71.3%  DME qwk 0.827 acc 84.2%  score 0.8299  41s\n"}
,{"stream_name":"stdout","time":10740.452898606,"data":"  ep  35/40  loss 0.1523 (dr 0.1622 dme 0.1376)  DR qwk 0.831 acc 71.0%  DME qwk 0.827 acc 84.2%  score 0.8295  41s\n"}
,{"stream_name":"stdout","time":10781.998175121,"data":"  ep  36/40  loss 0.1507 (dr 0.1601 dme 0.1367)  DR qwk 0.834 acc 71.0%  DME qwk 0.827 acc 84.2%  score 0.8308  41s\n"}
,{"stream_name":"stdout","time":10823.389433021,"data":"  ep  37/40  loss 0.1537 (dr 0.1639 dme 0.1385)  DR qwk 0.833 acc 71.0%  DME qwk 0.827 acc 84.2%  score 0.8307  41s\n"}
,{"stream_name":"stdout","time":10864.864619496,"data":"  ep  38/40  loss 0.1576 (dr 0.1659 dme 0.1451)  DR qwk 0.830 acc 71.0%  DME qwk 0.827 acc 84.2%  score 0.8290  41s\n"}
,{"stream_name":"stdout","time":10906.329542337,"data":"  ep  39/40  loss 0.1525 (dr 0.1618 dme 0.1385)  DR qwk 0.831 acc 71.3%  DME qwk 0.843 acc 84.2%  score 0.8354  41s\n"}
,{"stream_name":"stdout","time":10917.395606091,"data":"\n"}
,{"stream_name":"stdout","time":10917.396982437,"data":"  fold 3 best (selected on validation score, never on test):\n"}
,{"stream_name":"stdout","time":10917.398919291,"data":"    dr                     n=  449  acc  70.4% [66.1,74.6]  floor  52.6%  QWK  0.847  F1 0.631  BEATS\n"}
,{"stream_name":"stdout","time":10917.399993397,"data":"    dme_ungated            n=  101  acc  86.1% [79.2,92.1]  floor  44.6%  QWK  0.902  F1 0.793  BEATS\n"}
,{"stream_name":"stdout","time":10917.40105485,"data":"    dme_gated              n=   68  acc  80.9% [70.6,89.7]  floor  66.2%  QWK  0.789  F1 0.719  BEATS\n"}
,{"stream_name":"stdout","time":10917.402019734,"data":"    dme_referable_binary   n=  449  acc  95.1% [93.1,97.1]  floor  82.6%  QWK  0.822  F1 0.911  BEATS\n"}
,{"stream_name":"stdout","time":10917.461370695,"data":"\n"}
,{"stream_name":"stdout","time":10917.462386213,"data":"==============================================================================\n"}
,{"stream_name":"stdout","time":10917.463189576,"data":"FOLD 4   train=1811  val=449\n"}
,{"stream_name":"stdout","time":10917.464047703,"data":"==============================================================================\n"}
,{"stream_name":"stdout","time":10917.844415427,"data":"  initialised from the pretrained backbone\n"}
,{"stream_name":"stdout","time":10917.852120911,"data":"  [LP-FT] probe 5 epochs (backbone frozen), then unfreeze at 1e-05 with 2-epoch warmup\n"}
,{"stream_name":"stdout","time":10918.022534571,"data":"  [LP-FT] epoch 0: backbone FROZEN (probe)\n"}
,{"stream_name":"stdout","time":10940.727875485,"data":"  ep   0/40  loss 0.3620 (dr 0.3362 dme 0.4006)  DR qwk 0.728 acc 55.0%  DME qwk 0.350 acc 36.6%  score 0.5769  23s  *best\n"}
,{"stream_name":"stdout","time":10963.272922763,"data":"  ep   1/40  loss 0.3026 (dr 0.3116 dme 0.2891)  DR qwk 0.731 acc 55.7%  DME qwk 0.683 acc 59.4%  score 0.7118  22s  *best\n"}
,{"stream_name":"stdout","time":10986.966145635,"data":"  ep   2/40  loss 0.3000 (dr 0.3065 dme 0.2903)  DR qwk 0.736 acc 55.9%  DME qwk 0.738 acc 72.3%  score 0.7369  23s  *best\n"}
,{"stream_name":"stdout","time":11009.640554343,"data":"  ep   3/40  loss 0.2800 (dr 0.2877 dme 0.2684)  DR qwk 0.752 acc 55.9%  DME qwk 0.743 acc 77.2%  score 0.7484  22s  *best\n"}
,{"stream_name":"stdout","time":11032.655500844,"data":"  ep   4/40  loss 0.2750 (dr 0.2830 dme 0.2629)  DR qwk 0.761 acc 57.2%  DME qwk 0.761 acc 77.2%  score 0.7611  23s  *best\n"}
,{"stream_name":"stdout","time":11032.866992196,"data":"  [LP-FT] epoch 5: backbone UNFROZEN (fine-tune)\n"}
,{"stream_name":"stdout","time":11073.952621873,"data":"  ep   5/40  loss 0.2615 (dr 0.2738 dme 0.2430)  DR qwk 0.765 acc 57.2%  DME qwk 0.765 acc 75.2%  score 0.7651  41s  *best\n"}
,{"stream_name":"stdout","time":11115.41099141,"data":"  ep   6/40  loss 0.2537 (dr 0.2647 dme 0.2373)  DR qwk 0.770 acc 57.0%  DME qwk 0.769 acc 76.2%  score 0.7695  41s  *best\n"}
,{"stream_name":"stdout","time":11157.157484019,"data":"  ep   7/40  loss 0.2334 (dr 0.2513 dme 0.2066)  DR qwk 0.781 acc 57.7%  DME qwk 0.769 acc 76.2%  score 0.7761  41s  *best\n"}
,{"stream_name":"stdout","time":11198.468062595,"data":"  ep   8/40  loss 0.2297 (dr 0.2492 dme 0.2004)  DR qwk 0.791 acc 58.6%  DME qwk 0.769 acc 76.2%  score 0.7820  41s  *best\n"}
,{"stream_name":"stdout","time":11240.003472352,"data":"  ep   9/40  loss 0.2224 (dr 0.2373 dme 0.1999)  DR qwk 0.795 acc 58.4%  DME qwk 0.769 acc 76.2%  score 0.7844  41s  *best\n"}
,{"stream_name":"stdout","time":11282.000228435,"data":"  ep  10/40  loss 0.2147 (dr 0.2350 dme 0.1843)  DR qwk 0.807 acc 59.0%  DME qwk 0.762 acc 75.2%  score 0.7888  42s  *best\n"}
,{"stream_name":"stdout","time":11323.989015067,"data":"  ep  11/40  loss 0.2093 (dr 0.2284 dme 0.1807)  DR qwk 0.812 acc 59.0%  DME qwk 0.777 acc 75.2%  score 0.7983  42s  *best\n"}
,{"stream_name":"stdout","time":11366.107931961,"data":"  ep  12/40  loss 0.2114 (dr 0.2273 dme 0.1876)  DR qwk 0.813 acc 59.2%  DME qwk 0.777 acc 75.2%  score 0.7990  41s  *best\n"}
,{"stream_name":"stdout","time":11407.600923036,"data":"  ep  13/40  loss 0.1999 (dr 0.2161 dme 0.1754)  DR qwk 0.820 acc 61.0%  DME qwk 0.777 acc 75.2%  score 0.8029  41s  *best\n"}
,{"stream_name":"stdout","time":11448.964103114,"data":"  ep  14/40  loss 0.1920 (dr 0.2085 dme 0.1673)  DR qwk 0.826 acc 62.1%  DME qwk 0.777 acc 75.2%  score 0.8064  41s  *best\n"}
,{"stream_name":"stdout","time":11490.747452281,"data":"  ep  15/40  loss 0.1909 (dr 0.2057 dme 0.1687)  DR qwk 0.836 acc 63.0%  DME qwk 0.789 acc 77.2%  score 0.8171  41s  *best\n"}
,{"stream_name":"stdout","time":11532.243529292,"data":"  ep  16/40  loss 0.1843 (dr 0.2007 dme 0.1596)  DR qwk 0.837 acc 63.3%  DME qwk 0.789 acc 77.2%  score 0.8176  41s  *best\n"}
,{"stream_name":"stdout","time":11573.647302118,"data":"  ep  17/40  loss 0.1838 (dr 0.2027 dme 0.1556)  DR qwk 0.843 acc 64.8%  DME qwk 0.793 acc 78.2%  score 0.8233  41s  *best\n"}
,{"stream_name":"stdout","time":11615.153283172,"data":"  ep  18/40  loss 0.1790 (dr 0.1968 dme 0.1522)  DR qwk 0.843 acc 65.3%  DME qwk 0.793 acc 78.2%  score 0.8230  41s\n"}
,{"stream_name":"stdout","time":11656.723833916,"data":"  ep  19/40  loss 0.1787 (dr 0.1946 dme 0.1549)  DR qwk 0.840 acc 65.3%  DME qwk 0.793 acc 78.2%  score 0.8210  41s\n"}
,{"stream_name":"stdout","time":11698.220794162,"data":"  ep  20/40  loss 0.1711 (dr 0.1861 dme 0.1485)  DR qwk 0.838 acc 65.0%  DME qwk 0.793 acc 78.2%  score 0.8203  41s\n"}
,{"stream_name":"stdout","time":11739.642552111,"data":"  ep  21/40  loss 0.1745 (dr 0.1883 dme 0.1538)  DR qwk 0.836 acc 65.3%  DME qwk 0.800 acc 79.2%  score 0.8215  41s\n"}
,{"stream_name":"stdout","time":11781.084412061,"data":"  ep  22/40  loss 0.1658 (dr 0.1791 dme 0.1458)  DR qwk 0.841 acc 66.6%  DME qwk 0.793 acc 78.2%  score 0.8221  41s\n"}
,{"stream_name":"stdout","time":11822.373991217,"data":"  ep  23/40  loss 0.1686 (dr 0.1837 dme 0.1459)  DR qwk 0.842 acc 66.8%  DME qwk 0.786 acc 77.2%  score 0.8196  41s\n"}
,{"stream_name":"stdout","time":11863.440168603,"data":"  ep  24/40  loss 0.1664 (dr 0.1796 dme 0.1468)  DR qwk 0.843 acc 67.0%  DME qwk 0.786 acc 77.2%  score 0.8202  41s\n"}
,{"stream_name":"stdout","time":11904.580493971,"data":"  ep  25/40  loss 0.1654 (dr 0.1774 dme 0.1473)  DR qwk 0.847 acc 67.7%  DME qwk 0.786 acc 77.2%  score 0.8230  41s\n"}
,{"stream_name":"stdout","time":11945.563694828,"data":"  ep  26/40  loss 0.1583 (dr 0.1703 dme 0.1404)  DR qwk 0.847 acc 68.2%  DME qwk 0.786 acc 77.2%  score 0.8228  41s\n"}
,{"stream_name":"stdout","time":11986.849276817,"data":"  ep  27/40  loss 0.1622 (dr 0.1742 dme 0.1441)  DR qwk 0.844 acc 67.9%  DME qwk 0.786 acc 77.2%  score 0.8207  41s\n"}
,{"stream_name":"stdout","time":12028.001037247,"data":"  ep  28/40  loss 0.1586 (dr 0.1692 dme 0.1427)  DR qwk 0.845 acc 67.7%  DME qwk 0.786 acc 77.2%  score 0.8216  41s\n"}
,{"stream_name":"stdout","time":12068.984480132,"data":"  ep  29/40  loss 0.1558 (dr 0.1656 dme 0.1413)  DR qwk 0.846 acc 68.2%  DME qwk 0.786 acc 77.2%  score 0.8224  41s\n"}
,{"stream_name":"stdout","time":12110.066785007,"data":"  ep  30/40  loss 0.1553 (dr 0.1645 dme 0.1414)  DR qwk 0.844 acc 67.7%  DME qwk 0.786 acc 77.2%  score 0.8208  41s\n"}
,{"stream_name":"stdout","time":12151.295511376,"data":"  ep  31/40  loss 0.1549 (dr 0.1645 dme 0.1405)  DR qwk 0.844 acc 67.7%  DME qwk 0.786 acc 77.2%  score 0.8208  41s\n"}
,{"stream_name":"stdout","time":12192.227567483,"data":"  ep  32/40  loss 0.1586 (dr 0.1693 dme 0.1427)  DR qwk 0.840 acc 67.7%  DME qwk 0.786 acc 77.2%  score 0.8186  41s\n"}
,{"stream_name":"stdout","time":12233.142490815,"data":"  ep  33/40  loss 0.1533 (dr 0.1633 dme 0.1383)  DR qwk 0.840 acc 68.2%  DME qwk 0.786 acc 77.2%  score 0.8183  41s\n"}
,{"stream_name":"stdout","time":12274.241166589,"data":"  ep  34/40  loss 0.1542 (dr 0.1628 dme 0.1412)  DR qwk 0.842 acc 68.4%  DME qwk 0.786 acc 77.2%  score 0.8195  41s\n"}
,{"stream_name":"stdout","time":12315.289558729,"data":"  ep  35/40  loss 0.1511 (dr 0.1590 dme 0.1394)  DR qwk 0.839 acc 68.4%  DME qwk 0.786 acc 77.2%  score 0.8181  41s\n"}
,{"stream_name":"stdout","time":12356.456885562,"data":"  ep  36/40  loss 0.1517 (dr 0.1620 dme 0.1361)  DR qwk 0.842 acc 69.0%  DME qwk 0.786 acc 77.2%  score 0.8197  41s\n"}
,{"stream_name":"stdout","time":12397.347593885,"data":"  ep  37/40  loss 0.1520 (dr 0.1613 dme 0.1381)  DR qwk 0.846 acc 69.5%  DME qwk 0.786 acc 77.2%  score 0.8221  40s\n"}
,{"stream_name":"stdout","time":12438.440129461,"data":"  ep  38/40  loss 0.1534 (dr 0.1627 dme 0.1394)  DR qwk 0.845 acc 69.5%  DME qwk 0.786 acc 77.2%  score 0.8218  41s\n"}
,{"stream_name":"stdout","time":12479.658377971,"data":"  ep  39/40  loss 0.1536 (dr 0.1638 dme 0.1383)  DR qwk 0.844 acc 69.7%  DME qwk 0.786 acc 77.2%  score 0.8209  41s\n"}
,{"stream_name":"stdout","time":12490.602400353,"data":"\n"}
,{"stream_name":"stdout","time":12490.60356928,"data":"  fold 4 best (selected on validation score, never on test):\n"}
,{"stream_name":"stdout","time":12490.605940607,"data":"    dr                     n=  449  acc  64.8% [60.4,69.0]  floor  52.6%  QWK  0.842  F1 0.602  BEATS\n"}
,{"stream_name":"stdout","time":12490.605992405,"data":"    dme_ungated            n=  101  acc  79.2% [71.3,86.1]  floor  46.5%  QWK  0.818  F1 0.638  BEATS\n"}
,{"stream_name":"stdout","time":12490.606280587,"data":"    dme_gated              n=   68  acc  72.1% [60.3,82.4]  floor  69.1%  QWK  0.603  F1 0.540  below-floor\n"}
,{"stream_name":"stdout","time":12490.607057566,"data":"    dme_referable_binary   n=  449  acc  94.0% [91.8,96.0]  floor  82.4%  QWK  0.789  F1 0.895  BEATS\n"}
,{"stream_name":"stdout","time":12497.445112693,"data":"\n"}
,{"stream_name":"stdout","time":12497.446227569,"data":"==============================================================================\n"}
,{"stream_name":"stdout","time":12497.447153169,"data":"POOLED OUT-OF-FOLD (2260 images, folds [0, 1, 2, 3, 4])\n"}
,{"stream_name":"stdout","time":12497.448092586,"data":"==============================================================================\n"}
,{"stream_name":"stdout","time":12497.448904346,"data":"    dr                     n= 2260  acc  68.7% [66.8,70.6]  floor  52.4%  QWK  0.847  F1 0.642  BEATS\n"}
,{"stream_name":"stdout","time":12497.449592988,"data":"    dme_ungated            n=  516  acc  83.7% [80.4,86.8]  floor  47.1%  QWK  0.855  F1 0.734  BEATS\n"}
,{"stream_name":"stdout","time":12497.450339001,"data":"    dme_gated              n=  348  acc  79.0% [74.4,83.3]  floor  69.8%  QWK  0.686  F1 0.647  BEATS\n"}
,{"stream_name":"stdout","time":12497.451075613,"data":"    dme_referable_binary   n= 2260  acc  95.0% [94.1,95.9]  floor  82.6%  QWK  0.825  F1 0.913  BEATS\n"}
,{"stream_name":"stdout","time":12497.453756422,"data":"\n"}
,{"stream_name":"stdout","time":12497.454630934,"data":"wrote /kaggle/working/E15LPFT/results.json  (12222s)\n"}
,{"stream_name":"stdout","time":12499.081665272,"data":"\n"}
,{"stream_name":"stdout","time":12499.08170257,"data":"exit=0  12226s\n"}
,{"stream_name":"stdout","time":12499.126545812,"data":"/usr/bin/python3 -u /kaggle/working/repo/src/eval_external.py --run /kaggle/working/E15LPFT --datasets /kaggle/input --corpus APTOS --cache /kaggle/temp/cache_ext --tta\n"}
,{"stream_name":"stdout","time":12501.27238338,"data":"run E15LPFT  commit 6ac40163d9  device=cuda  backbone=densenet121 head=ordinal size=448\n"}
,{"stream_name":"stdout","time":12590.596608533,"data":"[corpora] APTOS            0 images\n"}
,{"stream_name":"stdout","time":12590.597610932,"data":"APTOS matched 0 images — is it attached to this kernel?\n"}
,{"stream_name":"stdout","time":12590.910625568,"data":"external exit= 1\n"}
,{"stream_name":"stdout","time":12591.071161832,"data":"dropping ckpt_2.pt 121 MB\n"}
,{"stream_name":"stdout","time":12591.071192496,"data":"dropping ckpt_4.pt 121 MB\n"}
,{"stream_name":"stdout","time":12591.071199394,"data":"dropping ckpt_0.pt 121 MB\n"}
,{"stream_name":"stdout","time":12591.071204909,"data":"dropping ckpt_3.pt 121 MB\n"}
,{"stream_name":"stdout","time":12591.07120963,"data":"dropping ckpt_1.pt 121 MB\n"}
,{"stream_name":"stdout","time":12591.071232967,"data":"   30.50 MB  best_0.pt\n"}
,{"stream_name":"stdout","time":12591.071235992,"data":"   30.50 MB  best_1.pt\n"}
,{"stream_name":"stdout","time":12591.071238382,"data":"   30.50 MB  best_2.pt\n"}
,{"stream_name":"stdout","time":12591.071240982,"data":"   30.50 MB  best_3.pt\n"}
,{"stream_name":"stdout","time":12591.071243415,"data":"   30.50 MB  best_4.pt\n"}
,{"stream_name":"stdout","time":12591.07124591,"data":"    0.00 MB  external.log\n"}
,{"stream_name":"stdout","time":12591.071269626,"data":"    0.01 MB  oof_0.npz\n"}
,{"stream_name":"stdout","time":12591.071273848,"data":"    0.01 MB  oof_1.npz\n"}
,{"stream_name":"stdout","time":12591.071277792,"data":"    0.01 MB  oof_2.npz\n"}
,{"stream_name":"stdout","time":12591.071281599,"data":"    0.01 MB  oof_3.npz\n"}
,{"stream_name":"stdout","time":12591.071285342,"data":"    0.01 MB  oof_4.npz\n"}
,{"stream_name":"stdout","time":12591.071288858,"data":"   30.51 MB  pretrained.pt\n"}
,{"stream_name":"stdout","time":12591.071292122,"data":"    0.09 MB  results.json\n"}
,{"stream_name":"stdout","time":12591.071295552,"data":"    0.04 MB  train_20260831-063700.log\n"}
,{"stream_name":"stdout","time":12591.071299197,"data":"\n"}
,{"stream_name":"stdout","time":12591.071302396,"data":"run E15LPFT commit 6ac40163d9 | folds [0, 1, 2, 3, 4]\n"}
,{"stream_name":"stdout","time":12591.071305935,"data":"  dr                     n= 2260 acc  68.7% floor  52.4% QWK  0.847\n"}
,{"stream_name":"stdout","time":12591.071309574,"data":"  dme_ungated            n=  516 acc  83.7% floor  47.1% QWK  0.855\n"}
,{"stream_name":"stdout","time":12591.071313433,"data":"  dme_gated              n=  348 acc  79.0% floor  69.8% QWK  0.686\n"}
,{"stream_name":"stdout","time":12591.071317054,"data":"  dme_referable_binary   n= 2260 acc  95.0% floor  82.6% QWK  0.825\n"}
,{"stream_name":"stderr","time":12595.747151548,"data":"/usr/local/lib/python3.12/dist-packages/mistune.py:435: SyntaxWarning: invalid escape sequence '\\|'\n"}
,{"stream_name":"stderr","time":12595.747182176,"data":"  cells[i][c] = re.sub('\\\\\\\\\\|', '|', cell)\n"}
,{"stream_name":"stderr","time":12595.905998781,"data":"/usr/local/lib/python3.12/dist-packages/nbconvert/filters/filter_links.py:36: SyntaxWarning: invalid escape sequence '\\_'\n"}
,{"stream_name":"stderr","time":12595.906047561,"data":"  text = re.sub(r'_', '\\_', text) # Escape underscores in display text\n"}
,{"stream_name":"stderr","time":12596.514422233,"data":"[NbConvertApp] Converting notebook __notebook__.ipynb to notebook\n"}
,{"stream_name":"stderr","time":12596.867126665,"data":"[NbConvertApp] Writing 60480 bytes to __notebook__.ipynb\n"}
,{"stream_name":"stderr","time":12599.260530933,"data":"[NbConvertApp] Converting notebook __notebook__.ipynb to html\n"}
,{"stream_name":"stderr","time":12600.095420029,"data":"[NbConvertApp] Writing 352551 bytes to __results__.html\n"}
]