===== launched 2026-08-31 06:37:00 =====
COMMIT 6ac40163d92ef7fbd4048d83d44bcc3e40493b22
RUN E15LPFT
device=cuda  torch=2.5.1+cu121  gpu=Tesla P100-PCIE-16GB
[gpu] sm_60 usable
[corpora] IDRiD          516 images
[corpora] Messidor-2    1744 images
  IDRiD       n=   516  DR0=168 DR1=25 DR2=168 DR3=93 DR4=62   dme_supervised=  516 (exact=516)
  Messidor-2  n=  1744  DR0=1017 DR1=270 DR2=347 DR3=75 DR4=35   dme_supervised= 1744 (exact=151)
[split] /kaggle/working/repo/data/splits/dev_v1.json fingerprint=0cfbbfeb081999af 5 folds
[corpora] EyePACS      35126 images
  EyePACS     n= 35126  DR0=25810 DR1=2443 DR2=5292 DR3=873 DR4=708   dme_supervised=    0 (exact=0)
[cache] decoding 37386 images -> /kaggle/temp/cache560
[cache]   250/37386  37s, ~5437s left
[cache]   500/37386  73s, ~5376s left
[cache]   750/37386  79s, ~3857s left
[cache]   1000/37386  83s, ~3012s left
[cache]   1250/37386  87s, ~2510s left
[cache]   1500/37386  91s, ~2172s left
[cache]   1750/37386  94s, ~1910s left
[cache]   2000/37386  97s, ~1711s left
[cache]   2250/37386  99s, ~1550s left
[cache]   2500/37386  104s, ~1450s left
[cache]   2750/37386  108s, ~1365s left
[cache]   3000/37386  113s, ~1296s left
[cache]   3250/37386  118s, ~1237s left
[cache]   3500/37386  122s, ~1185s left
[cache]   3750/37386  127s, ~1143s left
[cache]   4000/37386  133s, ~1109s left
[cache]   4250/37386  138s, ~1077s left
[cache]   4500/37386  144s, ~1051s left
[cache]   4750/37386  150s, ~1030s left
[cache]   5000/37386  156s, ~1010s left
[cache]   5250/37386  162s, ~992s left
[cache]   5500/37386  167s, ~967s left
[cache]   5750/37386  172s, ~944s left
[cache]   6000/37386  177s, ~924s left
[cache]   6250/37386  182s, ~906s left
[cache]   6500/37386  188s, ~894s left
[cache]   6750/37386  193s, ~876s left
[cache]   7000/37386  198s, ~859s left
[cache]   7250/37386  203s, ~843s left
[cache]   7500/37386  208s, ~828s left
[cache]   7750/37386  213s, ~813s left
[cache]   8000/37386  218s, ~802s left
[cache]   8250/37386  224s, ~793s left
[cache]   8500/37386  229s, ~779s left
[cache]   8750/37386  234s, ~765s left
[cache]   9000/37386  238s, ~752s left
[cache]   9250/37386  243s, ~740s left
[cache]   9500/37386  248s, ~729s left
[cache]   9750/37386  253s, ~718s left
[cache]   10000/37386  259s, ~709s left
[cache]   10250/37386  264s, ~698s left
[cache]   10500/37386  268s, ~687s left
[cache]   10750/37386  273s, ~677s left
[cache]   11000/37386  278s, ~667s left
[cache]   11250/37386  283s, ~658s left
[cache]   11500/37386  289s, ~651s left
[cache]   11750/37386  294s, ~642s left
[cache]   12000/37386  299s, ~633s left
[cache]   12250/37386  304s, ~624s left
[cache]   12500/37386  309s, ~615s left
[cache]   12750/37386  314s, ~606s left
[cache]   13000/37386  318s, ~597s left
[cache]   13250/37386  324s, ~591s left
[cache]   13500/37386  329s, ~582s left
[cache]   13750/37386  334s, ~574s left
[cache]   14000/37386  339s, ~567s left
[cache]   14250/37386  344s, ~559s left
[cache]   14500/37386  349s, ~551s left
[cache]   14750/37386  354s, ~543s left
[cache]   15000/37386  359s, ~535s left
[cache]   15250/37386  363s, ~528s left
[cache]   15500/37386  368s, ~520s left
[cache]   15750/37386  373s, ~513s left
[cache]   16000/37386  378s, ~506s left
[cache]   16250/37386  383s, ~498s left
[cache]   16500/37386  388s, ~491s left
[cache]   16750/37386  393s, ~484s left
[cache]   17000/37386  398s, ~477s left
[cache]   17250/37386  404s, ~472s left
[cache]   17500/37386  411s, ~467s left
[cache]   17750/37386  416s, ~460s left
[cache]   18000/37386  423s, ~456s left
[cache]   18250/37386  428s, ~449s left
[cache]   18500/37386  436s, ~445s left
[cache]   18750/37386  441s, ~438s left
[cache]   19000/37386  446s, ~431s left
[cache]   19250/37386  451s, ~424s left
[cache]   19500/37386  455s, ~418s left
[cache]   19750/37386  460s, ~411s left
[cache]   20000/37386  465s, ~404s left
[cache]   20250/37386  470s, ~398s left
[cache]   20500/37386  475s, ~391s left
[cache]   20750/37386  480s, ~385s left
[cache]   21000/37386  485s, ~378s left
[cache]   21250/37386  490s, ~372s left
[cache]   21500/37386  494s, ~365s left
[cache]   21750/37386  499s, ~359s left
[cache]   22000/37386  504s, ~353s left
[cache]   22250/37386  509s, ~346s left
[cache]   22500/37386  514s, ~340s left
[cache]   22750/37386  519s, ~334s left
[cache]   23000/37386  524s, ~328s left
[cache]   23250/37386  529s, ~322s left
[cache]   23500/37386  534s, ~316s left
[cache]   23750/37386  539s, ~309s left
[cache]   24000/37386  544s, ~303s left
[cache]   24250/37386  549s, ~297s left
[cache]   24500/37386  554s, ~291s left
[cache]   24750/37386  559s, ~285s left
[cache]   25000/37386  564s, ~279s left
[cache]   25250/37386  569s, ~274s left
[cache]   25500/37386  574s, ~268s left
[cache]   25750/37386  579s, ~262s left
[cache]   26000/37386  584s, ~256s left
[cache]   26250/37386  589s, ~250s left
[cache]   26500/37386  594s, ~244s left
[cache]   26750/37386  599s, ~238s left
[cache]   27000/37386  604s, ~232s left
[cache]   27250/37386  609s, ~226s left
[cache]   27500/37386  614s, ~221s left
[cache]   27750/37386  619s, ~215s left
[cache]   28000/37386  624s, ~209s left
[cache]   28250/37386  629s, ~203s left
[cache]   28500/37386  633s, ~197s left
[cache]   28750/37386  638s, ~192s left
[cache]   29000/37386  643s, ~186s left
[cache]   29250/37386  648s, ~180s left
[cache]   29500/37386  653s, ~175s left
[cache]   29750/37386  658s, ~169s left
[cache]   30000/37386  663s, ~163s left
[cache]   30250/37386  668s, ~158s left
[cache]   30500/37386  673s, ~152s left
[cache]   30750/37386  679s, ~146s left
[cache]   31000/37386  684s, ~141s left
[cache]   31250/37386  689s, ~135s left
[cache]   31500/37386  694s, ~130s left
[cache]   31750/37386  699s, ~124s left
[cache]   32000/37386  704s, ~119s left
[cache]   32250/37386  709s, ~113s left
[cache]   32500/37386  715s, ~107s left
[cache]   32750/37386  720s, ~102s left
[cache]   33000/37386  725s, ~96s left
[cache]   33250/37386  730s, ~91s left
[cache]   33500/37386  735s, ~85s left
[cache]   33750/37386  741s, ~80s left
[cache]   34000/37386  747s, ~74s left
[cache]   34250/37386  753s, ~69s left
[cache]   34500/37386  760s, ~64s left
[cache]   34750/37386  767s, ~58s left
[cache]   35000/37386  772s, ~53s left
[cache]   35250/37386  778s, ~47s left
[cache]   35500/37386  784s, ~42s left
[cache]   35750/37386  789s, ~36s left
[cache]   36000/37386  794s, ~31s left
[cache]   36250/37386  799s, ~25s left
[cache]   36500/37386  804s, ~20s left
[cache]   36750/37386  809s, ~14s left
[cache]   37000/37386  815s, ~8s left
[cache]   37250/37386  819s, ~3s left
[cache]   37386/37386  822s, ~0s left

==============================================================================
PRETRAIN on 35126 images (5 epochs)
==============================================================================
Warning: You are sending unauthenticated requests to the HF Hub. Please set a HF_TOKEN to enable higher rate limits and faster downloads.
/usr/local/lib/python3.12/dist-packages/torch/optim/lr_scheduler.py:224: UserWarning: Detected call of `lr_scheduler.step()` before `optimizer.step()`. In PyTorch 1.1.0 and later, you should call them in the opposite order: `optimizer.step()` before `lr_scheduler.step()`.  Failure to do this will result in PyTorch skipping the first value of the learning rate schedule. See more details at https://pytorch.org/docs/stable/optim.html#how-to-adjust-learning-rate
  warnings.warn(
  pretrain ep  0/5  loss 0.4383  678s
  pretrain ep  1/5  loss 0.3349  678s
  pretrain ep  2/5  loss 0.2825  678s
  pretrain ep  3/5  loss 0.2389  678s
  pretrain ep  4/5  loss 0.2181  678s
[pretrain] saved /kaggle/working/E15LPFT/pretrained.pt

==============================================================================
FOLD 0   train=1805  val=455
==============================================================================
  initialised from the pretrained backbone
  [LP-FT] probe 5 epochs (backbone frozen), then unfreeze at 1e-05 with 2-epoch warmup
  [LP-FT] epoch 0: backbone FROZEN (probe)
  ep   0/40  loss 0.3611 (dr 0.3321 dme 0.4047)  DR qwk 0.722 acc 53.4%  DME qwk 0.354 acc 38.1%  score 0.5748  24s  *best
  ep   1/40  loss 0.2960 (dr 0.3072 dme 0.2792)  DR qwk 0.738 acc 53.8%  DME qwk 0.700 acc 65.7%  score 0.7226  24s  *best
  ep   2/40  loss 0.2849 (dr 0.2878 dme 0.2805)  DR qwk 0.746 acc 53.8%  DME qwk 0.833 acc 78.1%  score 0.7807  23s  *best
  ep   3/40  loss 0.2778 (dr 0.2892 dme 0.2608)  DR qwk 0.752 acc 54.7%  DME qwk 0.865 acc 82.9%  score 0.7969  24s  *best
  ep   4/40  loss 0.2711 (dr 0.2852 dme 0.2501)  DR qwk 0.755 acc 55.2%  DME qwk 0.912 acc 87.6%  score 0.8180  23s  *best
  [LP-FT] epoch 5: backbone UNFROZEN (fine-tune)
  ep   5/40  loss 0.2594 (dr 0.2685 dme 0.2458)  DR qwk 0.753 acc 55.4%  DME qwk 0.912 acc 87.6%  score 0.8167  41s
  ep   6/40  loss 0.2470 (dr 0.2670 dme 0.2171)  DR qwk 0.758 acc 55.8%  DME qwk 0.912 acc 87.6%  score 0.8198  41s  *best
  ep   7/40  loss 0.2436 (dr 0.2587 dme 0.2210)  DR qwk 0.759 acc 56.0%  DME qwk 0.907 acc 86.7%  score 0.8187  41s
  ep   8/40  loss 0.2255 (dr 0.2402 dme 0.2034)  DR qwk 0.777 acc 57.4%  DME qwk 0.903 acc 85.7%  score 0.8270  41s  *best
  ep   9/40  loss 0.2194 (dr 0.2354 dme 0.1955)  DR qwk 0.795 acc 58.5%  DME qwk 0.903 acc 85.7%  score 0.8379  41s  *best
  ep  10/40  loss 0.2105 (dr 0.2289 dme 0.1830)  DR qwk 0.797 acc 58.9%  DME qwk 0.903 acc 85.7%  score 0.8392  41s  *best
  ep  11/40  loss 0.2085 (dr 0.2286 dme 0.1782)  DR qwk 0.799 acc 60.0%  DME qwk 0.903 acc 85.7%  score 0.8403  41s  *best
  ep  12/40  loss 0.1970 (dr 0.2163 dme 0.1681)  DR qwk 0.813 acc 60.7%  DME qwk 0.903 acc 85.7%  score 0.8486  41s  *best
  ep  13/40  loss 0.1921 (dr 0.2072 dme 0.1696)  DR qwk 0.815 acc 61.3%  DME qwk 0.903 acc 85.7%  score 0.8503  41s  *best
  ep  14/40  loss 0.1917 (dr 0.2045 dme 0.1726)  DR qwk 0.824 acc 62.0%  DME qwk 0.903 acc 85.7%  score 0.8556  41s  *best
  ep  15/40  loss 0.1829 (dr 0.1986 dme 0.1593)  DR qwk 0.827 acc 62.6%  DME qwk 0.892 acc 83.8%  score 0.8528  41s
  ep  16/40  loss 0.1831 (dr 0.2005 dme 0.1570)  DR qwk 0.828 acc 62.6%  DME qwk 0.872 acc 82.9%  score 0.8452  41s
  ep  17/40  loss 0.1785 (dr 0.1938 dme 0.1557)  DR qwk 0.833 acc 63.5%  DME qwk 0.872 acc 82.9%  score 0.8484  41s
  ep  18/40  loss 0.1810 (dr 0.1953 dme 0.1597)  DR qwk 0.838 acc 64.6%  DME qwk 0.856 acc 82.9%  score 0.8453  41s
  ep  19/40  loss 0.1759 (dr 0.1920 dme 0.1518)  DR qwk 0.841 acc 65.7%  DME qwk 0.856 acc 82.9%  score 0.8474  41s
  ep  20/40  loss 0.1730 (dr 0.1828 dme 0.1583)  DR qwk 0.848 acc 66.2%  DME qwk 0.861 acc 83.8%  score 0.8530  41s
  ep  21/40  loss 0.1727 (dr 0.1841 dme 0.1557)  DR qwk 0.850 acc 66.6%  DME qwk 0.861 acc 83.8%  score 0.8541  41s
  ep  22/40  loss 0.1701 (dr 0.1843 dme 0.1488)  DR qwk 0.850 acc 67.3%  DME qwk 0.866 acc 84.8%  score 0.8560  41s  *best
  ep  23/40  loss 0.1657 (dr 0.1773 dme 0.1483)  DR qwk 0.853 acc 68.1%  DME qwk 0.866 acc 84.8%  score 0.8579  41s  *best
  ep  24/40  loss 0.1599 (dr 0.1711 dme 0.1431)  DR qwk 0.852 acc 68.1%  DME qwk 0.866 acc 84.8%  score 0.8577  41s
  ep  25/40  loss 0.1608 (dr 0.1718 dme 0.1444)  DR qwk 0.853 acc 68.1%  DME qwk 0.866 acc 84.8%  score 0.8578  41s
  ep  26/40  loss 0.1591 (dr 0.1709 dme 0.1415)  DR qwk 0.852 acc 67.9%  DME qwk 0.866 acc 84.8%  score 0.8574  41s
  ep  27/40  loss 0.1570 (dr 0.1678 dme 0.1407)  DR qwk 0.857 acc 68.4%  DME qwk 0.866 acc 84.8%  score 0.8607  41s  *best
  ep  28/40  loss 0.1569 (dr 0.1687 dme 0.1392)  DR qwk 0.860 acc 69.0%  DME qwk 0.872 acc 85.7%  score 0.8646  41s  *best
  ep  29/40  loss 0.1563 (dr 0.1653 dme 0.1428)  DR qwk 0.859 acc 68.8%  DME qwk 0.872 acc 85.7%  score 0.8641  41s
  ep  30/40  loss 0.1556 (dr 0.1670 dme 0.1384)  DR qwk 0.857 acc 68.4%  DME qwk 0.872 acc 85.7%  score 0.8629  41s
  ep  31/40  loss 0.1549 (dr 0.1654 dme 0.1392)  DR qwk 0.858 acc 68.6%  DME qwk 0.872 acc 85.7%  score 0.8633  41s
  ep  32/40  loss 0.1527 (dr 0.1602 dme 0.1414)  DR qwk 0.858 acc 68.6%  DME qwk 0.872 acc 85.7%  score 0.8633  41s
  ep  33/40  loss 0.1569 (dr 0.1673 dme 0.1413)  DR qwk 0.859 acc 68.8%  DME qwk 0.872 acc 85.7%  score 0.8638  41s
  ep  34/40  loss 0.1512 (dr 0.1602 dme 0.1378)  DR qwk 0.860 acc 69.2%  DME qwk 0.872 acc 85.7%  score 0.8647  41s  *best
  ep  35/40  loss 0.1532 (dr 0.1636 dme 0.1376)  DR qwk 0.860 acc 69.2%  DME qwk 0.872 acc 85.7%  score 0.8647  41s
  ep  36/40  loss 0.1528 (dr 0.1619 dme 0.1390)  DR qwk 0.861 acc 69.5%  DME qwk 0.872 acc 85.7%  score 0.8652  41s  *best
  ep  37/40  loss 0.1509 (dr 0.1609 dme 0.1359)  DR qwk 0.861 acc 69.5%  DME qwk 0.872 acc 85.7%  score 0.8653  41s  *best
  ep  38/40  loss 0.1534 (dr 0.1642 dme 0.1373)  DR qwk 0.862 acc 69.7%  DME qwk 0.872 acc 85.7%  score 0.8657  41s  *best
  ep  39/40  loss 0.1576 (dr 0.1660 dme 0.1450)  DR qwk 0.862 acc 69.9%  DME qwk 0.872 acc 85.7%  score 0.8660  41s  *best

  fold 0 best (selected on validation score, never on test):
    dr                     n=  455  acc  69.5% [65.1,73.6]  floor  52.3%  QWK  0.866  F1 0.675  BEATS
    dme_ungated            n=  105  acc  85.7% [79.0,92.4]  floor  48.6%  QWK  0.904  F1 0.730  BEATS
    dme_gated              n=   71  acc  78.9% [70.4,88.7]  floor  71.8%  QWK  0.752  F1 0.607  below-floor
    dme_referable_binary   n=  455  acc  96.0% [94.3,97.8]  floor  82.0%  QWK  0.864  F1 0.932  BEATS

==============================================================================
FOLD 1   train=1805  val=455
==============================================================================
  initialised from the pretrained backbone
  [LP-FT] probe 5 epochs (backbone frozen), then unfreeze at 1e-05 with 2-epoch warmup
  [LP-FT] epoch 0: backbone FROZEN (probe)
  ep   0/40  loss 0.3725 (dr 0.3445 dme 0.4143)  DR qwk 0.720 acc 55.8%  DME qwk 0.218 acc 37.1%  score 0.5190  24s  *best
  ep   1/40  loss 0.3123 (dr 0.3191 dme 0.3021)  DR qwk 0.723 acc 54.9%  DME qwk 0.622 acc 57.1%  score 0.6828  24s  *best
  ep   2/40  loss 0.2945 (dr 0.2935 dme 0.2959)  DR qwk 0.723 acc 54.9%  DME qwk 0.758 acc 68.6%  score 0.7370  23s  *best
  ep   3/40  loss 0.2775 (dr 0.2915 dme 0.2566)  DR qwk 0.733 acc 54.9%  DME qwk 0.773 acc 70.5%  score 0.7489  24s  *best
  ep   4/40  loss 0.2767 (dr 0.2846 dme 0.2650)  DR qwk 0.739 acc 55.4%  DME qwk 0.817 acc 76.2%  score 0.7702  23s  *best
  [LP-FT] epoch 5: backbone UNFROZEN (fine-tune)
  ep   5/40  loss 0.2675 (dr 0.2778 dme 0.2520)  DR qwk 0.741 acc 55.8%  DME qwk 0.794 acc 74.3%  score 0.7622  41s
  ep   6/40  loss 0.2518 (dr 0.2665 dme 0.2298)  DR qwk 0.750 acc 56.0%  DME qwk 0.844 acc 79.0%  score 0.7874  41s  *best
  ep   7/40  loss 0.2456 (dr 0.2583 dme 0.2265)  DR qwk 0.759 acc 56.5%  DME qwk 0.849 acc 80.0%  score 0.7950  41s  *best
  ep   8/40  loss 0.2347 (dr 0.2459 dme 0.2179)  DR qwk 0.772 acc 56.5%  DME qwk 0.871 acc 81.0%  score 0.8115  41s  *best
  ep   9/40  loss 0.2254 (dr 0.2457 dme 0.1949)  DR qwk 0.780 acc 57.6%  DME qwk 0.866 acc 80.0%  score 0.8145  41s  *best
  ep  10/40  loss 0.2214 (dr 0.2405 dme 0.1927)  DR qwk 0.782 acc 57.6%  DME qwk 0.866 acc 80.0%  score 0.8161  41s  *best
  ep  11/40  loss 0.2133 (dr 0.2301 dme 0.1881)  DR qwk 0.786 acc 59.3%  DME qwk 0.866 acc 80.0%  score 0.8182  41s  *best
  ep  12/40  loss 0.2093 (dr 0.2268 dme 0.1831)  DR qwk 0.788 acc 59.8%  DME qwk 0.862 acc 79.0%  score 0.8173  41s
  ep  13/40  loss 0.2073 (dr 0.2254 dme 0.1801)  DR qwk 0.797 acc 61.1%  DME qwk 0.846 acc 79.0%  score 0.8166  41s
  ep  14/40  loss 0.1915 (dr 0.2094 dme 0.1647)  DR qwk 0.800 acc 61.1%  DME qwk 0.862 acc 79.0%  score 0.8244  41s  *best
  ep  15/40  loss 0.1947 (dr 0.2103 dme 0.1713)  DR qwk 0.813 acc 62.9%  DME qwk 0.868 acc 80.0%  score 0.8348  41s  *best
  ep  16/40  loss 0.1934 (dr 0.2103 dme 0.1681)  DR qwk 0.812 acc 63.3%  DME qwk 0.868 acc 80.0%  score 0.8345  41s
  ep  17/40  loss 0.1839 (dr 0.2006 dme 0.1589)  DR qwk 0.809 acc 62.9%  DME qwk 0.868 acc 80.0%  score 0.8327  41s
  ep  18/40  loss 0.1867 (dr 0.2050 dme 0.1591)  DR qwk 0.807 acc 62.6%  DME qwk 0.878 acc 81.9%  score 0.8350  41s  *best
  ep  19/40  loss 0.1846 (dr 0.1983 dme 0.1640)  DR qwk 0.807 acc 63.1%  DME qwk 0.878 acc 81.9%  score 0.8353  41s  *best
  ep  20/40  loss 0.1767 (dr 0.1915 dme 0.1546)  DR qwk 0.810 acc 63.5%  DME qwk 0.878 acc 81.9%  score 0.8373  41s  *best
  ep  21/40  loss 0.1731 (dr 0.1902 dme 0.1475)  DR qwk 0.819 acc 64.4%  DME qwk 0.884 acc 82.9%  score 0.8452  41s  *best
  ep  22/40  loss 0.1736 (dr 0.1897 dme 0.1495)  DR qwk 0.815 acc 64.8%  DME qwk 0.878 acc 81.9%  score 0.8400  41s
  ep  23/40  loss 0.1679 (dr 0.1829 dme 0.1454)  DR qwk 0.819 acc 65.5%  DME qwk 0.883 acc 82.9%  score 0.8445  41s
  ep  24/40  loss 0.1687 (dr 0.1834 dme 0.1467)  DR qwk 0.816 acc 64.6%  DME qwk 0.884 acc 82.9%  score 0.8431  41s
  ep  25/40  loss 0.1639 (dr 0.1774 dme 0.1437)  DR qwk 0.819 acc 65.9%  DME qwk 0.889 acc 83.8%  score 0.8473  41s  *best
  ep  26/40  loss 0.1670 (dr 0.1807 dme 0.1464)  DR qwk 0.819 acc 65.9%  DME qwk 0.889 acc 83.8%  score 0.8473  41s  *best
  ep  27/40  loss 0.1586 (dr 0.1709 dme 0.1401)  DR qwk 0.821 acc 66.2%  DME qwk 0.889 acc 83.8%  score 0.8481  41s  *best
  ep  28/40  loss 0.1610 (dr 0.1745 dme 0.1408)  DR qwk 0.815 acc 66.4%  DME qwk 0.889 acc 83.8%  score 0.8445  41s
  ep  29/40  loss 0.1585 (dr 0.1708 dme 0.1401)  DR qwk 0.817 acc 67.3%  DME qwk 0.884 acc 82.9%  score 0.8439  41s
  ep  30/40  loss 0.1592 (dr 0.1714 dme 0.1410)  DR qwk 0.820 acc 66.6%  DME qwk 0.894 acc 84.8%  score 0.8498  41s  *best
  ep  31/40  loss 0.1585 (dr 0.1681 dme 0.1440)  DR qwk 0.821 acc 66.8%  DME qwk 0.889 acc 83.8%  score 0.8484  41s
  ep  32/40  loss 0.1573 (dr 0.1652 dme 0.1453)  DR qwk 0.817 acc 66.8%  DME qwk 0.889 acc 83.8%  score 0.8460  41s
  ep  33/40  loss 0.1543 (dr 0.1629 dme 0.1413)  DR qwk 0.817 acc 67.5%  DME qwk 0.889 acc 83.8%  score 0.8457  41s
  ep  34/40  loss 0.1569 (dr 0.1686 dme 0.1392)  DR qwk 0.818 acc 67.9%  DME qwk 0.889 acc 83.8%  score 0.8463  41s
  ep  35/40  loss 0.1538 (dr 0.1646 dme 0.1376)  DR qwk 0.817 acc 67.7%  DME qwk 0.889 acc 83.8%  score 0.8457  41s
  ep  36/40  loss 0.1538 (dr 0.1636 dme 0.1392)  DR qwk 0.816 acc 68.1%  DME qwk 0.889 acc 83.8%  score 0.8451  41s
  ep  37/40  loss 0.1526 (dr 0.1624 dme 0.1379)  DR qwk 0.813 acc 68.1%  DME qwk 0.889 acc 83.8%  score 0.8436  41s
  ep  38/40  loss 0.1548 (dr 0.1647 dme 0.1400)  DR qwk 0.813 acc 68.1%  DME qwk 0.889 acc 83.8%  score 0.8435  41s
  ep  39/40  loss 0.1539 (dr 0.1650 dme 0.1373)  DR qwk 0.817 acc 68.8%  DME qwk 0.883 acc 82.9%  score 0.8435  41s

  fold 1 best (selected on validation score, never on test):
    dr                     n=  455  acc  73.0% [69.0,76.7]  floor  52.3%  QWK  0.848  F1 0.684  BEATS
    dme_ungated            n=  105  acc  82.9% [75.2,89.5]  floor  46.7%  QWK  0.900  F1 0.716  BEATS
    dme_gated              n=   71  acc  81.7% [73.2,88.8]  floor  69.0%  QWK  0.816  F1 0.647  BEATS
    dme_referable_binary   n=  455  acc  96.3% [94.3,98.0]  floor  83.1%  QWK  0.869  F1 0.935  BEATS

==============================================================================
FOLD 2   train=1808  val=452
==============================================================================
  initialised from the pretrained backbone
  [LP-FT] probe 5 epochs (backbone frozen), then unfreeze at 1e-05 with 2-epoch warmup
  [LP-FT] epoch 0: backbone FROZEN (probe)
  ep   0/40  loss 0.3803 (dr 0.3517 dme 0.4231)  DR qwk 0.753 acc 55.1%  DME qwk 0.210 acc 31.7%  score 0.5359  24s  *best
  ep   1/40  loss 0.3030 (dr 0.3149 dme 0.2850)  DR qwk 0.765 acc 56.4%  DME qwk 0.671 acc 56.7%  score 0.7276  24s  *best
  ep   2/40  loss 0.2992 (dr 0.3098 dme 0.2834)  DR qwk 0.777 acc 56.4%  DME qwk 0.806 acc 75.0%  score 0.7884  23s  *best
  ep   3/40  loss 0.2879 (dr 0.2978 dme 0.2730)  DR qwk 0.780 acc 57.1%  DME qwk 0.817 acc 78.8%  score 0.7950  23s  *best
  ep   4/40  loss 0.2710 (dr 0.2809 dme 0.2561)  DR qwk 0.792 acc 58.0%  DME qwk 0.853 acc 84.6%  score 0.8164  23s  *best
  [LP-FT] epoch 5: backbone UNFROZEN (fine-tune)
  ep   5/40  loss 0.2746 (dr 0.2930 dme 0.2470)  DR qwk 0.800 acc 59.7%  DME qwk 0.833 acc 83.7%  score 0.8131  41s
  ep   6/40  loss 0.2577 (dr 0.2726 dme 0.2353)  DR qwk 0.804 acc 60.4%  DME qwk 0.818 acc 83.7%  score 0.8097  41s
  ep   7/40  loss 0.2466 (dr 0.2671 dme 0.2159)  DR qwk 0.807 acc 61.1%  DME qwk 0.818 acc 83.7%  score 0.8113  41s
  ep   8/40  loss 0.2341 (dr 0.2529 dme 0.2060)  DR qwk 0.817 acc 61.9%  DME qwk 0.812 acc 82.7%  score 0.8152  41s
  ep   9/40  loss 0.2252 (dr 0.2452 dme 0.1952)  DR qwk 0.824 acc 61.9%  DME qwk 0.812 acc 82.7%  score 0.8189  41s  *best
  ep  10/40  loss 0.2185 (dr 0.2361 dme 0.1922)  DR qwk 0.828 acc 63.1%  DME qwk 0.816 acc 83.7%  score 0.8235  41s  *best
  ep  11/40  loss 0.2129 (dr 0.2322 dme 0.1841)  DR qwk 0.833 acc 63.7%  DME qwk 0.798 acc 82.7%  score 0.8186  41s
  ep  12/40  loss 0.2075 (dr 0.2300 dme 0.1737)  DR qwk 0.837 acc 63.9%  DME qwk 0.798 acc 82.7%  score 0.8212  42s
  ep  13/40  loss 0.2036 (dr 0.2206 dme 0.1781)  DR qwk 0.841 acc 64.8%  DME qwk 0.798 acc 82.7%  score 0.8236  42s  *best
  ep  14/40  loss 0.1971 (dr 0.2204 dme 0.1622)  DR qwk 0.843 acc 64.8%  DME qwk 0.798 acc 82.7%  score 0.8250  42s  *best
  ep  15/40  loss 0.1946 (dr 0.2153 dme 0.1636)  DR qwk 0.848 acc 65.5%  DME qwk 0.798 acc 82.7%  score 0.8280  42s  *best
  ep  16/40  loss 0.1899 (dr 0.2094 dme 0.1606)  DR qwk 0.846 acc 65.5%  DME qwk 0.798 acc 82.7%  score 0.8266  41s
  ep  17/40  loss 0.1829 (dr 0.2001 dme 0.1572)  DR qwk 0.848 acc 66.2%  DME qwk 0.798 acc 82.7%  score 0.8278  41s
  ep  18/40  loss 0.1814 (dr 0.1981 dme 0.1563)  DR qwk 0.854 acc 67.3%  DME qwk 0.798 acc 82.7%  score 0.8315  41s  *best
  ep  19/40  loss 0.1800 (dr 0.1950 dme 0.1575)  DR qwk 0.858 acc 68.1%  DME qwk 0.798 acc 82.7%  score 0.8336  41s  *best
  ep  20/40  loss 0.1773 (dr 0.1940 dme 0.1523)  DR qwk 0.863 acc 68.8%  DME qwk 0.798 acc 82.7%  score 0.8366  41s  *best
  ep  21/40  loss 0.1760 (dr 0.1915 dme 0.1528)  DR qwk 0.867 acc 70.4%  DME qwk 0.798 acc 82.7%  score 0.8394  41s  *best
  ep  22/40  loss 0.1710 (dr 0.1833 dme 0.1527)  DR qwk 0.870 acc 71.2%  DME qwk 0.804 acc 83.7%  score 0.8432  41s  *best
  ep  23/40  loss 0.1703 (dr 0.1841 dme 0.1496)  DR qwk 0.870 acc 71.5%  DME qwk 0.804 acc 83.7%  score 0.8436  41s  *best
  ep  24/40  loss 0.1718 (dr 0.1863 dme 0.1502)  DR qwk 0.872 acc 71.9%  DME qwk 0.804 acc 83.7%  score 0.8446  41s  *best
  ep  25/40  loss 0.1658 (dr 0.1795 dme 0.1453)  DR qwk 0.872 acc 72.1%  DME qwk 0.804 acc 83.7%  score 0.8448  41s  *best
  ep  26/40  loss 0.1651 (dr 0.1752 dme 0.1498)  DR qwk 0.871 acc 71.7%  DME qwk 0.804 acc 83.7%  score 0.8438  41s
  ep  27/40  loss 0.1599 (dr 0.1702 dme 0.1445)  DR qwk 0.875 acc 72.8%  DME qwk 0.804 acc 83.7%  score 0.8463  42s  *best
  ep  28/40  loss 0.1613 (dr 0.1745 dme 0.1416)  DR qwk 0.875 acc 73.0%  DME qwk 0.804 acc 83.7%  score 0.8466  41s  *best
  ep  29/40  loss 0.1600 (dr 0.1707 dme 0.1441)  DR qwk 0.876 acc 73.2%  DME qwk 0.812 acc 82.7%  score 0.8503  41s  *best
  ep  30/40  loss 0.1587 (dr 0.1697 dme 0.1421)  DR qwk 0.873 acc 72.6%  DME qwk 0.826 acc 82.7%  score 0.8545  41s  *best
  ep  31/40  loss 0.1580 (dr 0.1690 dme 0.1416)  DR qwk 0.873 acc 72.6%  DME qwk 0.826 acc 82.7%  score 0.8545  42s
  ep  32/40  loss 0.1562 (dr 0.1650 dme 0.1431)  DR qwk 0.874 acc 72.8%  DME qwk 0.831 acc 83.7%  score 0.8567  41s  *best
  ep  33/40  loss 0.1560 (dr 0.1673 dme 0.1391)  DR qwk 0.873 acc 72.6%  DME qwk 0.831 acc 83.7%  score 0.8562  41s
  ep  34/40  loss 0.1552 (dr 0.1672 dme 0.1371)  DR qwk 0.874 acc 72.8%  DME qwk 0.825 acc 82.7%  score 0.8543  41s
  ep  35/40  loss 0.1537 (dr 0.1652 dme 0.1365)  DR qwk 0.869 acc 72.8%  DME qwk 0.825 acc 82.7%  score 0.8515  41s
  ep  36/40  loss 0.1531 (dr 0.1634 dme 0.1375)  DR qwk 0.870 acc 73.0%  DME qwk 0.825 acc 82.7%  score 0.8518  41s
  ep  37/40  loss 0.1559 (dr 0.1680 dme 0.1379)  DR qwk 0.871 acc 73.2%  DME qwk 0.825 acc 82.7%  score 0.8523  41s
  ep  38/40  loss 0.1542 (dr 0.1630 dme 0.1410)  DR qwk 0.871 acc 73.2%  DME qwk 0.825 acc 82.7%  score 0.8523  41s
  ep  39/40  loss 0.1577 (dr 0.1679 dme 0.1424)  DR qwk 0.870 acc 73.0%  DME qwk 0.825 acc 82.7%  score 0.8518  41s

  fold 2 best (selected on validation score, never on test):
    dr                     n=  452  acc  72.1% [67.9,76.3]  floor  52.4%  QWK  0.874  F1 0.687  BEATS
    dme_ungated            n=  104  acc  82.7% [75.0,89.4]  floor  49.0%  QWK  0.856  F1 0.688  BEATS
    dme_gated              n=   70  acc  74.3% [64.3,84.3]  floor  72.9%  QWK  0.659  F1 0.619  below-floor
    dme_referable_binary   n=  452  acc  94.0% [91.6,96.0]  floor  82.7%  QWK  0.785  F1 0.893  BEATS

==============================================================================
FOLD 3   train=1811  val=449
==============================================================================
  initialised from the pretrained backbone
  [LP-FT] probe 5 epochs (backbone frozen), then unfreeze at 1e-05 with 2-epoch warmup
  [LP-FT] epoch 0: backbone FROZEN (probe)
  ep   0/40  loss 0.3651 (dr 0.3395 dme 0.4034)  DR qwk 0.724 acc 54.8%  DME qwk 0.234 acc 29.7%  score 0.5279  24s  *best
  ep   1/40  loss 0.3063 (dr 0.3084 dme 0.3032)  DR qwk 0.729 acc 55.2%  DME qwk 0.581 acc 50.5%  score 0.6697  24s  *best
  ep   2/40  loss 0.2903 (dr 0.2910 dme 0.2892)  DR qwk 0.736 acc 56.1%  DME qwk 0.695 acc 64.4%  score 0.7196  23s  *best
  ep   3/40  loss 0.2744 (dr 0.2847 dme 0.2591)  DR qwk 0.740 acc 56.1%  DME qwk 0.747 acc 71.3%  score 0.7430  23s  *best
  ep   4/40  loss 0.2677 (dr 0.2761 dme 0.2551)  DR qwk 0.753 acc 56.8%  DME qwk 0.784 acc 74.3%  score 0.7656  23s  *best
  [LP-FT] epoch 5: backbone UNFROZEN (fine-tune)
  ep   5/40  loss 0.2591 (dr 0.2740 dme 0.2367)  DR qwk 0.762 acc 57.0%  DME qwk 0.811 acc 76.2%  score 0.7816  41s  *best
  ep   6/40  loss 0.2506 (dr 0.2699 dme 0.2218)  DR qwk 0.775 acc 57.9%  DME qwk 0.816 acc 77.2%  score 0.7914  41s  *best
  ep   7/40  loss 0.2405 (dr 0.2523 dme 0.2229)  DR qwk 0.777 acc 57.9%  DME qwk 0.823 acc 78.2%  score 0.7956  41s  *best
  ep   8/40  loss 0.2237 (dr 0.2442 dme 0.1930)  DR qwk 0.778 acc 58.4%  DME qwk 0.836 acc 80.2%  score 0.8012  41s  *best
  ep   9/40  loss 0.2121 (dr 0.2300 dme 0.1853)  DR qwk 0.785 acc 59.2%  DME qwk 0.836 acc 80.2%  score 0.8057  41s  *best
  ep  10/40  loss 0.2162 (dr 0.2332 dme 0.1907)  DR qwk 0.785 acc 60.4%  DME qwk 0.834 acc 80.2%  score 0.8046  41s
  ep  11/40  loss 0.2049 (dr 0.2249 dme 0.1750)  DR qwk 0.796 acc 61.9%  DME qwk 0.846 acc 82.2%  score 0.8160  41s  *best
  ep  12/40  loss 0.2065 (dr 0.2227 dme 0.1822)  DR qwk 0.800 acc 61.9%  DME qwk 0.862 acc 82.2%  score 0.8250  41s  *best
  ep  13/40  loss 0.2016 (dr 0.2187 dme 0.1759)  DR qwk 0.804 acc 61.7%  DME qwk 0.879 acc 85.1%  score 0.8337  41s  *best
  ep  14/40  loss 0.2018 (dr 0.2199 dme 0.1746)  DR qwk 0.809 acc 62.6%  DME qwk 0.879 acc 85.1%  score 0.8369  41s  *best
  ep  15/40  loss 0.1869 (dr 0.2029 dme 0.1629)  DR qwk 0.810 acc 63.0%  DME qwk 0.869 acc 83.2%  score 0.8335  41s
  ep  16/40  loss 0.1843 (dr 0.1999 dme 0.1609)  DR qwk 0.814 acc 63.9%  DME qwk 0.875 acc 84.2%  score 0.8382  41s  *best
  ep  17/40  loss 0.1849 (dr 0.2042 dme 0.1559)  DR qwk 0.816 acc 64.6%  DME qwk 0.875 acc 84.2%  score 0.8393  41s  *best
  ep  18/40  loss 0.1828 (dr 0.1967 dme 0.1621)  DR qwk 0.819 acc 65.7%  DME qwk 0.880 acc 85.1%  score 0.8436  41s  *best
  ep  19/40  loss 0.1756 (dr 0.1903 dme 0.1537)  DR qwk 0.824 acc 66.4%  DME qwk 0.880 acc 85.1%  score 0.8463  41s  *best
  ep  20/40  loss 0.1719 (dr 0.1846 dme 0.1527)  DR qwk 0.827 acc 67.0%  DME qwk 0.880 acc 85.1%  score 0.8483  41s  *best
  ep  21/40  loss 0.1721 (dr 0.1840 dme 0.1542)  DR qwk 0.828 acc 67.3%  DME qwk 0.880 acc 85.1%  score 0.8487  41s  *best
  ep  22/40  loss 0.1672 (dr 0.1797 dme 0.1484)  DR qwk 0.835 acc 68.8%  DME qwk 0.881 acc 85.1%  score 0.8538  41s  *best
  ep  23/40  loss 0.1635 (dr 0.1791 dme 0.1401)  DR qwk 0.834 acc 69.3%  DME qwk 0.886 acc 86.1%  score 0.8551  41s  *best
  ep  24/40  loss 0.1657 (dr 0.1805 dme 0.1435)  DR qwk 0.833 acc 69.5%  DME qwk 0.888 acc 86.1%  score 0.8546  41s
  ep  25/40  loss 0.1648 (dr 0.1720 dme 0.1541)  DR qwk 0.833 acc 69.9%  DME qwk 0.876 acc 87.1%  score 0.8501  41s
  ep  26/40  loss 0.1652 (dr 0.1768 dme 0.1478)  DR qwk 0.833 acc 69.9%  DME qwk 0.865 acc 85.1%  score 0.8458  41s
  ep  27/40  loss 0.1564 (dr 0.1666 dme 0.1410)  DR qwk 0.833 acc 70.2%  DME qwk 0.849 acc 85.1%  score 0.8396  41s
  ep  28/40  loss 0.1591 (dr 0.1713 dme 0.1408)  DR qwk 0.839 acc 70.6%  DME qwk 0.849 acc 85.1%  score 0.8429  41s
  ep  29/40  loss 0.1590 (dr 0.1709 dme 0.1411)  DR qwk 0.835 acc 70.6%  DME qwk 0.849 acc 85.1%  score 0.8409  41s
  ep  30/40  loss 0.1573 (dr 0.1701 dme 0.1381)  DR qwk 0.832 acc 70.6%  DME qwk 0.849 acc 85.1%  score 0.8388  41s
  ep  31/40  loss 0.1555 (dr 0.1647 dme 0.1418)  DR qwk 0.834 acc 71.0%  DME qwk 0.849 acc 85.1%  score 0.8400  41s
  ep  32/40  loss 0.1607 (dr 0.1708 dme 0.1455)  DR qwk 0.832 acc 71.0%  DME qwk 0.849 acc 85.1%  score 0.8386  41s
  ep  33/40  loss 0.1525 (dr 0.1620 dme 0.1383)  DR qwk 0.832 acc 71.0%  DME qwk 0.827 acc 84.2%  score 0.8296  41s
  ep  34/40  loss 0.1523 (dr 0.1627 dme 0.1368)  DR qwk 0.832 acc 71.3%  DME qwk 0.827 acc 84.2%  score 0.8299  41s
  ep  35/40  loss 0.1523 (dr 0.1622 dme 0.1376)  DR qwk 0.831 acc 71.0%  DME qwk 0.827 acc 84.2%  score 0.8295  41s
  ep  36/40  loss 0.1507 (dr 0.1601 dme 0.1367)  DR qwk 0.834 acc 71.0%  DME qwk 0.827 acc 84.2%  score 0.8308  41s
  ep  37/40  loss 0.1537 (dr 0.1639 dme 0.1385)  DR qwk 0.833 acc 71.0%  DME qwk 0.827 acc 84.2%  score 0.8307  41s
  ep  38/40  loss 0.1576 (dr 0.1659 dme 0.1451)  DR qwk 0.830 acc 71.0%  DME qwk 0.827 acc 84.2%  score 0.8290  41s
  ep  39/40  loss 0.1525 (dr 0.1618 dme 0.1385)  DR qwk 0.831 acc 71.3%  DME qwk 0.843 acc 84.2%  score 0.8354  41s

  fold 3 best (selected on validation score, never on test):
    dr                     n=  449  acc  70.4% [66.1,74.6]  floor  52.6%  QWK  0.847  F1 0.631  BEATS
    dme_ungated            n=  101  acc  86.1% [79.2,92.1]  floor  44.6%  QWK  0.902  F1 0.793  BEATS
    dme_gated              n=   68  acc  80.9% [70.6,89.7]  floor  66.2%  QWK  0.789  F1 0.719  BEATS
    dme_referable_binary   n=  449  acc  95.1% [93.1,97.1]  floor  82.6%  QWK  0.822  F1 0.911  BEATS

==============================================================================
FOLD 4   train=1811  val=449
==============================================================================
  initialised from the pretrained backbone
  [LP-FT] probe 5 epochs (backbone frozen), then unfreeze at 1e-05 with 2-epoch warmup
  [LP-FT] epoch 0: backbone FROZEN (probe)
  ep   0/40  loss 0.3620 (dr 0.3362 dme 0.4006)  DR qwk 0.728 acc 55.0%  DME qwk 0.350 acc 36.6%  score 0.5769  23s  *best
  ep   1/40  loss 0.3026 (dr 0.3116 dme 0.2891)  DR qwk 0.731 acc 55.7%  DME qwk 0.683 acc 59.4%  score 0.7118  22s  *best
  ep   2/40  loss 0.3000 (dr 0.3065 dme 0.2903)  DR qwk 0.736 acc 55.9%  DME qwk 0.738 acc 72.3%  score 0.7369  23s  *best
  ep   3/40  loss 0.2800 (dr 0.2877 dme 0.2684)  DR qwk 0.752 acc 55.9%  DME qwk 0.743 acc 77.2%  score 0.7484  22s  *best
  ep   4/40  loss 0.2750 (dr 0.2830 dme 0.2629)  DR qwk 0.761 acc 57.2%  DME qwk 0.761 acc 77.2%  score 0.7611  23s  *best
  [LP-FT] epoch 5: backbone UNFROZEN (fine-tune)
  ep   5/40  loss 0.2615 (dr 0.2738 dme 0.2430)  DR qwk 0.765 acc 57.2%  DME qwk 0.765 acc 75.2%  score 0.7651  41s  *best
  ep   6/40  loss 0.2537 (dr 0.2647 dme 0.2373)  DR qwk 0.770 acc 57.0%  DME qwk 0.769 acc 76.2%  score 0.7695  41s  *best
  ep   7/40  loss 0.2334 (dr 0.2513 dme 0.2066)  DR qwk 0.781 acc 57.7%  DME qwk 0.769 acc 76.2%  score 0.7761  41s  *best
  ep   8/40  loss 0.2297 (dr 0.2492 dme 0.2004)  DR qwk 0.791 acc 58.6%  DME qwk 0.769 acc 76.2%  score 0.7820  41s  *best
  ep   9/40  loss 0.2224 (dr 0.2373 dme 0.1999)  DR qwk 0.795 acc 58.4%  DME qwk 0.769 acc 76.2%  score 0.7844  41s  *best
  ep  10/40  loss 0.2147 (dr 0.2350 dme 0.1843)  DR qwk 0.807 acc 59.0%  DME qwk 0.762 acc 75.2%  score 0.7888  42s  *best
  ep  11/40  loss 0.2093 (dr 0.2284 dme 0.1807)  DR qwk 0.812 acc 59.0%  DME qwk 0.777 acc 75.2%  score 0.7983  42s  *best
  ep  12/40  loss 0.2114 (dr 0.2273 dme 0.1876)  DR qwk 0.813 acc 59.2%  DME qwk 0.777 acc 75.2%  score 0.7990  41s  *best
  ep  13/40  loss 0.1999 (dr 0.2161 dme 0.1754)  DR qwk 0.820 acc 61.0%  DME qwk 0.777 acc 75.2%  score 0.8029  41s  *best
  ep  14/40  loss 0.1920 (dr 0.2085 dme 0.1673)  DR qwk 0.826 acc 62.1%  DME qwk 0.777 acc 75.2%  score 0.8064  41s  *best
  ep  15/40  loss 0.1909 (dr 0.2057 dme 0.1687)  DR qwk 0.836 acc 63.0%  DME qwk 0.789 acc 77.2%  score 0.8171  41s  *best
  ep  16/40  loss 0.1843 (dr 0.2007 dme 0.1596)  DR qwk 0.837 acc 63.3%  DME qwk 0.789 acc 77.2%  score 0.8176  41s  *best
  ep  17/40  loss 0.1838 (dr 0.2027 dme 0.1556)  DR qwk 0.843 acc 64.8%  DME qwk 0.793 acc 78.2%  score 0.8233  41s  *best
  ep  18/40  loss 0.1790 (dr 0.1968 dme 0.1522)  DR qwk 0.843 acc 65.3%  DME qwk 0.793 acc 78.2%  score 0.8230  41s
  ep  19/40  loss 0.1787 (dr 0.1946 dme 0.1549)  DR qwk 0.840 acc 65.3%  DME qwk 0.793 acc 78.2%  score 0.8210  41s
  ep  20/40  loss 0.1711 (dr 0.1861 dme 0.1485)  DR qwk 0.838 acc 65.0%  DME qwk 0.793 acc 78.2%  score 0.8203  41s
  ep  21/40  loss 0.1745 (dr 0.1883 dme 0.1538)  DR qwk 0.836 acc 65.3%  DME qwk 0.800 acc 79.2%  score 0.8215  41s
  ep  22/40  loss 0.1658 (dr 0.1791 dme 0.1458)  DR qwk 0.841 acc 66.6%  DME qwk 0.793 acc 78.2%  score 0.8221  41s
  ep  23/40  loss 0.1686 (dr 0.1837 dme 0.1459)  DR qwk 0.842 acc 66.8%  DME qwk 0.786 acc 77.2%  score 0.8196  41s
  ep  24/40  loss 0.1664 (dr 0.1796 dme 0.1468)  DR qwk 0.843 acc 67.0%  DME qwk 0.786 acc 77.2%  score 0.8202  41s
  ep  25/40  loss 0.1654 (dr 0.1774 dme 0.1473)  DR qwk 0.847 acc 67.7%  DME qwk 0.786 acc 77.2%  score 0.8230  41s
  ep  26/40  loss 0.1583 (dr 0.1703 dme 0.1404)  DR qwk 0.847 acc 68.2%  DME qwk 0.786 acc 77.2%  score 0.8228  41s
  ep  27/40  loss 0.1622 (dr 0.1742 dme 0.1441)  DR qwk 0.844 acc 67.9%  DME qwk 0.786 acc 77.2%  score 0.8207  41s
  ep  28/40  loss 0.1586 (dr 0.1692 dme 0.1427)  DR qwk 0.845 acc 67.7%  DME qwk 0.786 acc 77.2%  score 0.8216  41s
  ep  29/40  loss 0.1558 (dr 0.1656 dme 0.1413)  DR qwk 0.846 acc 68.2%  DME qwk 0.786 acc 77.2%  score 0.8224  41s
  ep  30/40  loss 0.1553 (dr 0.1645 dme 0.1414)  DR qwk 0.844 acc 67.7%  DME qwk 0.786 acc 77.2%  score 0.8208  41s
  ep  31/40  loss 0.1549 (dr 0.1645 dme 0.1405)  DR qwk 0.844 acc 67.7%  DME qwk 0.786 acc 77.2%  score 0.8208  41s
  ep  32/40  loss 0.1586 (dr 0.1693 dme 0.1427)  DR qwk 0.840 acc 67.7%  DME qwk 0.786 acc 77.2%  score 0.8186  41s
  ep  33/40  loss 0.1533 (dr 0.1633 dme 0.1383)  DR qwk 0.840 acc 68.2%  DME qwk 0.786 acc 77.2%  score 0.8183  41s
  ep  34/40  loss 0.1542 (dr 0.1628 dme 0.1412)  DR qwk 0.842 acc 68.4%  DME qwk 0.786 acc 77.2%  score 0.8195  41s
  ep  35/40  loss 0.1511 (dr 0.1590 dme 0.1394)  DR qwk 0.839 acc 68.4%  DME qwk 0.786 acc 77.2%  score 0.8181  41s
  ep  36/40  loss 0.1517 (dr 0.1620 dme 0.1361)  DR qwk 0.842 acc 69.0%  DME qwk 0.786 acc 77.2%  score 0.8197  41s
  ep  37/40  loss 0.1520 (dr 0.1613 dme 0.1381)  DR qwk 0.846 acc 69.5%  DME qwk 0.786 acc 77.2%  score 0.8221  40s
  ep  38/40  loss 0.1534 (dr 0.1627 dme 0.1394)  DR qwk 0.845 acc 69.5%  DME qwk 0.786 acc 77.2%  score 0.8218  41s
  ep  39/40  loss 0.1536 (dr 0.1638 dme 0.1383)  DR qwk 0.844 acc 69.7%  DME qwk 0.786 acc 77.2%  score 0.8209  41s

  fold 4 best (selected on validation score, never on test):
    dr                     n=  449  acc  64.8% [60.4,69.0]  floor  52.6%  QWK  0.842  F1 0.602  BEATS
    dme_ungated            n=  101  acc  79.2% [71.3,86.1]  floor  46.5%  QWK  0.818  F1 0.638  BEATS
    dme_gated              n=   68  acc  72.1% [60.3,82.4]  floor  69.1%  QWK  0.603  F1 0.540  below-floor
    dme_referable_binary   n=  449  acc  94.0% [91.8,96.0]  floor  82.4%  QWK  0.789  F1 0.895  BEATS

==============================================================================
POOLED OUT-OF-FOLD (2260 images, folds [0, 1, 2, 3, 4])
==============================================================================
    dr                     n= 2260  acc  68.7% [66.8,70.6]  floor  52.4%  QWK  0.847  F1 0.642  BEATS
    dme_ungated            n=  516  acc  83.7% [80.4,86.8]  floor  47.1%  QWK  0.855  F1 0.734  BEATS
    dme_gated              n=  348  acc  79.0% [74.4,83.3]  floor  69.8%  QWK  0.686  F1 0.647  BEATS
    dme_referable_binary   n= 2260  acc  95.0% [94.1,95.9]  floor  82.6%  QWK  0.825  F1 0.913  BEATS

wrote /kaggle/working/E15LPFT/results.json  (12222s)
