device=cuda
[corpora] IDRiD          516 images
IDRiD images with fovea coordinates: 516
ACCEPTANCE, fixed before the numbers: median error < 0.5 DD, 90th pct < 1.0 DD
Downloading: "https://download.pytorch.org/models/resnet18-f37072fd.pth" to /root/.cache/torch/hub/checkpoints/resnet18-f37072fd.pth

  0%|          | 0.00/44.7M [00:00<?, ?B/s]
 43%|████▎     | 19.2M/44.7M [00:00<00:00, 201MB/s]
 96%|█████████▌| 42.9M/44.7M [00:00<00:00, 228MB/s]
100%|██████████| 44.7M/44.7M [00:00<00:00, 224MB/s]
  fold 0: 105 images, 636s, median 0.191 DD
  fold 1: 105 images, 636s, median 0.188 DD
  fold 2: 104 images, 639s, median 0.260 DD
  fold 3: 101 images, 638s, median 0.189 DD
  fold 4: 101 images, 645s, median 0.180 DD

======================================================================
FOVEA LOCALISER — out of fold on 516 IDRiD images
======================================================================
  error in disc diameters : median 0.196   90th 0.433   99th 0.857
  error as fraction of width: median 0.0239
  fraction within 0.5 DD: 92.8%   within 1 DD: 99.0%

  GATE: PASS (median < 0.5 DD and 90th < 1.0 DD)

wrote /kaggle/working/E13gate/fovea_gate.json
