[{"stream_name":"stderr","time":9.516814482000001,"data":"0.00s - Debugger warning: It seems that frozen modules are being used, which may\n"}
,{"stream_name":"stderr","time":9.516915953,"data":"0.00s - make the debugger miss breakpoints. Please pass -Xfrozen_modules=off\n"}
,{"stream_name":"stderr","time":9.516925048000001,"data":"0.00s - to python to disable frozen modules.\n"}
,{"stream_name":"stderr","time":9.516930754,"data":"0.00s - Note: Debugging will proceed. Set PYDEVD_DISABLE_FILE_VALIDATION=1 to disable this validation.\n"}
,{"stream_name":"stderr","time":10.391448483,"data":"0.00s - Debugger warning: It seems that frozen modules are being used, which may\n"}
,{"stream_name":"stderr","time":10.391491948,"data":"0.00s - make the debugger miss breakpoints. Please pass -Xfrozen_modules=off\n"}
,{"stream_name":"stderr","time":10.391496632,"data":"0.00s - to python to disable frozen modules.\n"}
,{"stream_name":"stderr","time":10.391499677,"data":"0.00s - Note: Debugging will proceed. Set PYDEVD_DISABLE_FILE_VALIDATION=1 to disable this validation.\n"}
,{"stream_name":"stdout","time":13.116029232,"data":"CODE COMMIT c79dac696f5983ee1f050765943307f1d70a2940\n"}
,{"stream_name":"stdout","time":13.116108852,"data":"Never substitute densenet121 for a backbone that was actually requested\n"}
,{"stream_name":"stdout","time":17.935624449,"data":"datasets                                                   3235 files\n"}
,{"stream_name":"stdout","time":23.031588525,"data":"torch 2.10.0+cu128 | cuda True | Tesla P100-PCIE-16GB\n"}
,{"stream_name":"stderr","time":23.03313066,"data":"/usr/local/lib/python3.12/dist-packages/torch/cuda/__init__.py:435: UserWarning: \n"}
,{"stream_name":"stderr","time":23.033162641,"data":"    Found GPU0 Tesla P100-PCIE-16GB which is of cuda capability 6.0.\n"}
,{"stream_name":"stderr","time":23.03317089,"data":"    Minimum and Maximum cuda capability supported by this version of PyTorch is\n"}
,{"stream_name":"stderr","time":23.033179881,"data":"    (7.0) - (12.0)\n"}
,{"stream_name":"stderr","time":23.033183149,"data":"    \n"}
,{"stream_name":"stderr","time":23.033186318,"data":"  queued_call()\n"}
,{"stream_name":"stderr","time":23.033189448,"data":"/usr/local/lib/python3.12/dist-packages/torch/cuda/__init__.py:435: UserWarning: \n"}
,{"stream_name":"stderr","time":23.033192635,"data":"    Please install PyTorch with a following CUDA\n"}
,{"stream_name":"stderr","time":23.033195786,"data":"    configurations:  12.6 following instructions at\n"}
,{"stream_name":"stderr","time":23.03319881,"data":"    https://pytorch.org/get-started/locally/\n"}
,{"stream_name":"stderr","time":23.03320179,"data":"    \n"}
,{"stream_name":"stderr","time":23.033204623,"data":"  queued_call()\n"}
,{"stream_name":"stderr","time":23.03320756,"data":"/usr/local/lib/python3.12/dist-packages/torch/cuda/__init__.py:435: UserWarning: \n"}
,{"stream_name":"stderr","time":23.033210597,"data":"Tesla P100-PCIE-16GB with CUDA capability sm_60 is not compatible with the current PyTorch installation.\n"}
,{"stream_name":"stderr","time":23.033213701,"data":"The current PyTorch install supports CUDA capabilities sm_70 sm_75 sm_80 sm_86 sm_90 sm_100 sm_120.\n"}
,{"stream_name":"stderr","time":23.03321681,"data":"If you want to use the Tesla P100-PCIE-16GB GPU with PyTorch, please check the instructions at https://pytorch.org/get-started/locally/\n"}
,{"stream_name":"stderr","time":23.033220028,"data":"\n"}
,{"stream_name":"stderr","time":23.033222893,"data":"  queued_call()\n"}
,{"stream_name":"stderr","time":23.033225761,"data":"\n"}
,{"stream_name":"stderr","time":23.033228569,"data":"/usr/local/lib/python3.12/dist-packages/torch/cuda/__init__.py:435: UserWarning: \n"}
,{"stream_name":"stderr","time":23.033259028,"data":"    Found GPU0 Tesla P100-PCIE-16GB which is of cuda capability 6.0.\n"}
,{"stream_name":"stderr","time":23.033262509,"data":"    Minimum and Maximum cuda capability supported by this version of PyTorch is\n"}
,{"stream_name":"stderr","time":23.033265574,"data":"    (7.0) - (12.0)\n"}
,{"stream_name":"stderr","time":23.033268479,"data":"    \n"}
,{"stream_name":"stderr","time":23.03327129,"data":"  queued_call()\n"}
,{"stream_name":"stderr","time":23.033274272,"data":"/usr/local/lib/python3.12/dist-packages/torch/cuda/__init__.py:435: UserWarning: \n"}
,{"stream_name":"stderr","time":23.033277289,"data":"    Please install PyTorch with a following CUDA\n"}
,{"stream_name":"stderr","time":23.033280267,"data":"    configurations:  12.6 following instructions at\n"}
,{"stream_name":"stderr","time":23.033283254,"data":"    https://pytorch.org/get-started/locally/\n"}
,{"stream_name":"stderr","time":23.033286197,"data":"    \n"}
,{"stream_name":"stderr","time":23.033289025,"data":"  queued_call()\n"}
,{"stream_name":"stderr","time":23.033291866,"data":"/usr/local/lib/python3.12/dist-packages/torch/cuda/__init__.py:435: UserWarning: \n"}
,{"stream_name":"stderr","time":23.033295,"data":"Tesla P100-PCIE-16GB with CUDA capability sm_60 is not compatible with the current PyTorch installation.\n"}
,{"stream_name":"stderr","time":23.033298126,"data":"The current PyTorch install supports CUDA capabilities sm_70 sm_75 sm_80 sm_86 sm_90 sm_100 sm_120.\n"}
,{"stream_name":"stderr","time":23.033301272,"data":"If you want to use the Tesla P100-PCIE-16GB GPU with PyTorch, please check the instructions at https://pytorch.org/get-started/locally/\n"}
,{"stream_name":"stderr","time":23.033304455,"data":"\n"}
,{"stream_name":"stderr","time":23.033307354,"data":"  queued_call()\n"}
,{"stream_name":"stdout","time":23.232247832,"data":"GPU Tesla P100-PCIE-16GB  sm_60  torch 2.10.0+cu128\n"}
,{"stream_name":"stdout","time":23.330767705,"data":"UNUSABLE: CUDA error: no kernel image is available for execution on the device\n"}
,{"stream_name":"stdout","time":23.330809751,"data":"Search for `cudaErrorNoKernelImageForDevice' in https://docs.nvidia.com/cuda/cuda-runtime-api/group__CUDART__TYPES.html for more information.\n"}
,{"stream_name":"stdout","time":23.330827132,"data":"CUDA kernel errors might be asynchronously reported at some other API call, so the stacktrace below might be incorrect.\n"}
,{"stream_name":"stdout","time":23.33083736,"data":"For debugging consider passing CUDA_LAUNCH_BLOCKING=1\n"}
,{"stream_name":"stdout","time":23.330840851,"data":"Compile with `TORCH_USE_CUDA_DSA` to enable device-side assertions.\n"}
,{"stream_name":"stdout","time":23.330844263,"data":"\n"}
,{"stream_name":"stdout","time":23.330847106,"data":"installing a torch build that supports this GPU ...\n"}
,{"stream_name":"stdout","time":35.967606863,"data":"     ━━━━━━━━━━━━━━━━━━━━━━━━━━━━━━━━━━━━━━━ 780.4/780.4 MB 2.0 MB/s eta 0:00:00\n"}
,{"stream_name":"stdout","time":36.17054706,"data":"     ━━━━━━━━━━━━━━━━━━━━━━━━━━━━━━━━━━━━━━━ 780.4/780.4 MB 2.0 MB/s eta 0:00:00\n"}
,{"stream_name":"stdout","time":39.342833668,"data":"     ━━━━━━━━━━━━━━━━━━━━━━━━━━━━━━━━━━━━━━━━ 7.3/7.3 MB 86.4 MB/s eta 0:00:00\n"}
,{"stream_name":"stdout","time":39.545497836,"data":"     ━━━━━━━━━━━━━━━━━━━━━━━━━━━━━━━━━━━━━━━━ 7.3/7.3 MB 86.4 MB/s eta 0:00:00\n"}
,{"stream_name":"stdout","time":39.765468203,"data":"     ━━━━━━━━━━━━━━━━━━━━━━━━━━━━━━━━━━━━━━━ 23.7/23.7 MB 180.1 MB/s eta 0:00:00\n"}
,{"stream_name":"stdout","time":39.968546273,"data":"     ━━━━━━━━━━━━━━━━━━━━━━━━━━━━━━━━━━━━━━━ 23.7/23.7 MB 180.1 MB/s eta 0:00:00\n"}
,{"stream_name":"stdout","time":39.995157396,"data":"     ━━━━━━━━━━━━━━━━━━━━━━━━━━━━━━━━━━━━━ 823.6/823.6 kB 164.6 MB/s eta 0:00:00\n"}
,{"stream_name":"stdout","time":40.147107423,"data":"     ━━━━━━━━━━━━━━━━━━━━━━━━━━━━━━━━━━━━━━━ 14.1/14.1 MB 183.6 MB/s eta 0:00:00\n"}
,{"stream_name":"stdout","time":40.1982075,"data":"     ━━━━━━━━━━━━━━━━━━━━━━━━━━━━━━━━━━━━━ 823.6/823.6 kB 164.6 MB/s eta 0:00:00\n"}
,{"stream_name":"stdout","time":40.198251162,"data":"     ━━━━━━━━━━━━━━━━━━━━━━━━━━━━━━━━━━━━━━━ 14.1/14.1 MB 183.6 MB/s eta 0:00:00\n"}
,{"stream_name":"stdout","time":49.206821838,"data":"     ━━━━━━━━━━━━━━━━━━━━━━━━━━━━━━━━━━━━━━━ 664.8/664.8 MB 2.1 MB/s eta 0:00:00\n"}
,{"stream_name":"stdout","time":49.409990515,"data":"     ━━━━━━━━━━━━━━━━━━━━━━━━━━━━━━━━━━━━━━━ 664.8/664.8 MB 2.1 MB/s eta 0:00:00\n"}
,{"stream_name":"stdout","time":55.019869932,"data":"     ━━━━━━━━━━━━━━━━━━━━━━━━━━━━━━━━━━━━━━ 410.6/410.6 MB 68.9 MB/s eta 0:00:00\n"}
,{"stream_name":"stdout","time":55.225003791,"data":"     ━━━━━━━━━━━━━━━━━━━━━━━━━━━━━━━━━━━━━━ 410.6/410.6 MB 68.9 MB/s eta 0:00:00\n"}
,{"stream_name":"stdout","time":57.457733447,"data":"     ━━━━━━━━━━━━━━━━━━━━━━━━━━━━━━━━━━━━━ 121.6/121.6 MB 113.7 MB/s eta 0:00:00\n"}
,{"stream_name":"stdout","time":57.661520735,"data":"     ━━━━━━━━━━━━━━━━━━━━━━━━━━━━━━━━━━━━━ 121.6/121.6 MB 113.7 MB/s eta 0:00:00\n"}
,{"stream_name":"stdout","time":58.512431964,"data":"     ━━━━━━━━━━━━━━━━━━━━━━━━━━━━━━━━━━━━━━━ 56.5/56.5 MB 134.2 MB/s eta 0:00:00\n"}
,{"stream_name":"stdout","time":58.715484522,"data":"     ━━━━━━━━━━━━━━━━━━━━━━━━━━━━━━━━━━━━━━━ 56.5/56.5 MB 134.2 MB/s eta 0:00:00\n"}
,{"stream_name":"stdout","time":59.718313709,"data":"     ━━━━━━━━━━━━━━━━━━━━━━━━━━━━━━━━━━━━━ 124.2/124.2 MB 118.3 MB/s eta 0:00:00\n"}
,{"stream_name":"stdout","time":59.920888119,"data":"     ━━━━━━━━━━━━━━━━━━━━━━━━━━━━━━━━━━━━━ 124.2/124.2 MB 118.3 MB/s eta 0:00:00\n"}
,{"stream_name":"stdout","time":62.061026528,"data":"     ━━━━━━━━━━━━━━━━━━━━━━━━━━━━━━━━━━━━━ 196.0/196.0 MB 109.3 MB/s eta 0:00:00\n"}
,{"stream_name":"stdout","time":62.264204264,"data":"     ━━━━━━━━━━━━━━━━━━━━━━━━━━━━━━━━━━━━━ 196.0/196.0 MB 109.3 MB/s eta 0:00:00\n"}
,{"stream_name":"stdout","time":64.047203066,"data":"     ━━━━━━━━━━━━━━━━━━━━━━━━━━━━━━━━━━━━━ 188.7/188.7 MB 110.5 MB/s eta 0:00:00\n"}
,{"stream_name":"stdout","time":64.250028879,"data":"     ━━━━━━━━━━━━━━━━━━━━━━━━━━━━━━━━━━━━━ 188.7/188.7 MB 110.5 MB/s eta 0:00:00\n"}
,{"stream_name":"stdout","time":64.926678711,"data":"     ━━━━━━━━━━━━━━━━━━━━━━━━━━━━━━━━━━━━━━━━ 99.1/99.1 kB 88.3 MB/s eta 0:00:00\n"}
,{"stream_name":"stdout","time":65.130127567,"data":"     ━━━━━━━━━━━━━━━━━━━━━━━━━━━━━━━━━━━━━━━━ 99.1/99.1 kB 88.3 MB/s eta 0:00:00\n"}
,{"stream_name":"stdout","time":68.788949061,"data":"     ━━━━━━━━━━━━━━━━━━━━━━━━━━━━━━━━━━━━━━━ 209.6/209.6 MB 4.0 MB/s eta 0:00:00\n"}
,{"stream_name":"stdout","time":68.991704692,"data":"     ━━━━━━━━━━━━━━━━━━━━━━━━━━━━━━━━━━━━━━━ 209.6/209.6 MB 4.0 MB/s eta 0:00:00\n"}
,{"stream_name":"stdout","time":70.69771884,"data":"   ━━━━━━━━━━━━━━━━━━━━━━━━━━━━━━━━━━━━━━━━ 6.2/6.2 MB 46.2 MB/s eta 0:00:00\n"}
,{"stream_name":"stdout","time":70.900221812,"data":"   ━━━━━━━━━━━━━━━━━━━━━━━━━━━━━━━━━━━━━━━━ 6.2/6.2 MB 46.2 MB/s eta 0:00:00\n"}
,{"stream_name":"stderr","time":216.154162036,"data":"ERROR: pip's dependency resolver does not currently take into account all the packages that are installed. This behaviour is the source of the following dependency conflicts.\n"}
,{"stream_name":"stderr","time":216.154212853,"data":"torchaudio 2.10.0+cu128 requires torch==2.10.0, but you have torch 2.5.1+cu121 which is incompatible.\n"}
,{"stream_name":"stderr","time":216.360592289,"data":"ERROR: pip's dependency resolver does not currently take into account all the packages that are installed. This behaviour is the source of the following dependency conflicts.\n"}
,{"stream_name":"stderr","time":216.360647786,"data":"torchaudio 2.10.0+cu128 requires torch==2.10.0, but you have torch 2.5.1+cu121 which is incompatible.\n"}
,{"stream_name":"stderr","time":216.360656703,"data":"\n"}
,{"stream_name":"stderr","time":216.360663855,"data":"ERROR: pip's dependency resolver does not currently take into account all the packages that are installed. This behaviour is the source of the following dependency conflicts.\n"}
,{"stream_name":"stderr","time":216.360671063,"data":"torchaudio 2.10.0+cu128 requires torch==2.10.0, but you have torch 2.5.1+cu121 which is incompatible.\n"}
,{"stream_name":"stdout","time":217.010899824,"data":"installed -- src/train.py runs in a subprocess so it picks up the new build\n"}
,{"stream_name":"stdout","time":217.028856107,"data":"/usr/bin/python3 -u /kaggle/working/repo/src/train.py --datasets /kaggle/input --splits /kaggle/working/repo/data/splits/dev_v1.json --run-id E07 --out /kaggle/working/E07 --cache /kaggle/temp/cache560 --channels-last --resume --folds 0,1,2,3,4 --epochs 60 --size 448 --batch 16 --backbone tf_efficientnet_b3 --head ordinal --workers 2 --tta --hypothesis efficientnet-b3-and-longer-schedule-beat-densenet121-at-30-epochs\n"}
,{"stream_name":"stdout","time":219.96460058,"data":"COMMIT c79dac696f5983ee1f050765943307f1d70a2940\n"}
,{"stream_name":"stdout","time":219.965800413,"data":"RUN E07\n"}
,{"stream_name":"stdout","time":219.966902531,"data":"HYPOTHESIS efficientnet-b3-and-longer-schedule-beat-densenet121-at-30-epochs\n"}
,{"stream_name":"stdout","time":220.038127015,"data":"device=cuda  torch=2.5.1+cu121  gpu=Tesla P100-PCIE-16GB\n"}
,{"stream_name":"stdout","time":220.198121585,"data":"[gpu] sm_60 usable\n"}
,{"stream_name":"stdout","time":220.755816142,"data":"[corpora] IDRiD          516 images\n"}
,{"stream_name":"stdout","time":221.711064804,"data":"[corpora] Messidor-2    1744 images\n"}
,{"stream_name":"stdout","time":221.716919052,"data":"  IDRiD       n=   516  DR0=168 DR1=25 DR2=168 DR3=93 DR4=62   dme_supervised=  516 (exact=516)\n"}
,{"stream_name":"stdout","time":221.718706804,"data":"  Messidor-2  n=  1744  DR0=1017 DR1=270 DR2=347 DR3=75 DR4=35   dme_supervised= 1744 (exact=151)\n"}
,{"stream_name":"stdout","time":221.722601784,"data":"[split] /kaggle/working/repo/data/splits/dev_v1.json fingerprint=0cfbbfeb081999af 5 folds\n"}
,{"stream_name":"stdout","time":221.743522194,"data":"[cache] decoding 2260 images -\u003e /kaggle/temp/cache560\n"}
,{"stream_name":"stdout","time":265.313119096,"data":"[cache]   250/2260  44s, ~350s left\n"}
,{"stream_name":"stdout","time":308.686794916,"data":"[cache]   500/2260  87s, ~306s left\n"}
,{"stream_name":"stdout","time":316.154152161,"data":"[cache]   750/2260  94s, ~190s left\n"}
,{"stream_name":"stdout","time":320.989893824,"data":"[cache]   1000/2260  99s, ~125s left\n"}
,{"stream_name":"stdout","time":325.743821474,"data":"[cache]   1250/2260  104s, ~84s left\n"}
,{"stream_name":"stdout","time":330.492920242,"data":"[cache]   1500/2260  109s, ~55s left\n"}
,{"stream_name":"stdout","time":334.155454028,"data":"[cache]   1750/2260  112s, ~33s left\n"}
,{"stream_name":"stdout","time":337.272880292,"data":"[cache]   2000/2260  116s, ~15s left\n"}
,{"stream_name":"stdout","time":340.416158454,"data":"[cache]   2250/2260  119s, ~1s left\n"}
,{"stream_name":"stdout","time":340.528239591,"data":"[cache]   2260/2260  119s, ~0s left\n"}
,{"stream_name":"stdout","time":340.533450517,"data":"\n"}
,{"stream_name":"stdout","time":340.534733403,"data":"==============================================================================\n"}
,{"stream_name":"stdout","time":340.535835461,"data":"FOLD 0   train=1805  val=455\n"}
,{"stream_name":"stdout","time":340.536912162,"data":"==============================================================================\n"}
,{"stream_name":"stdout","time":349.171278323,"data":"Warning: You are sending unauthenticated requests to the HF Hub. Please set a HF_TOKEN to enable higher rate limits and faster downloads.\n"}
,{"stream_name":"stdout","time":514.992063651,"data":"  ep   0/60  loss 0.5223 (dr 0.5375 dme 0.4994)  DR qwk -0.024 acc 13.8%  DME qwk 0.239 acc 39.0%  score 0.0808  164s  *best\n"}
,{"stream_name":"stdout","time":677.986495078,"data":"  ep   1/60  loss 0.3106 (dr 0.3491 dme 0.2528)  DR qwk -0.000 acc 13.2%  DME qwk 0.356 acc 33.3%  score 0.1425  163s  *best\n"}
,{"stream_name":"stdout","time":840.786691718,"data":"  ep   2/60  loss 0.2600 (dr 0.2835 dme 0.2246)  DR qwk -0.003 acc 13.0%  DME qwk 0.311 acc 28.6%  score 0.1225  162s\n"}
,{"stream_name":"stdout","time":1003.561978743,"data":"  ep   3/60  loss 0.2249 (dr 0.2508 dme 0.1861)  DR qwk 0.021 acc 13.0%  DME qwk 0.318 acc 27.6%  score 0.1400  162s\n"}
,{"stream_name":"stdout","time":1166.664742811,"data":"  ep   4/60  loss 0.2059 (dr 0.2275 dme 0.1736)  DR qwk 0.127 acc 16.3%  DME qwk 0.346 acc 29.5%  score 0.2150  162s  *best\n"}
,{"stream_name":"stdout","time":1329.37451044,"data":"  ep   5/60  loss 0.1868 (dr 0.1995 dme 0.1677)  DR qwk 0.235 acc 21.3%  DME qwk 0.346 acc 29.5%  score 0.2797  162s  *best\n"}
,{"stream_name":"stdout","time":1492.224518138,"data":"  ep   6/60  loss 0.1774 (dr 0.1920 dme 0.1555)  DR qwk 0.362 acc 29.0%  DME qwk 0.427 acc 35.2%  score 0.3880  162s  *best\n"}
,{"stream_name":"stdout","time":1655.025549911,"data":"  ep   7/60  loss 0.1663 (dr 0.1792 dme 0.1470)  DR qwk 0.439 acc 35.2%  DME qwk 0.486 acc 39.0%  score 0.4578  162s  *best\n"}
,{"stream_name":"stdout","time":1817.885365932,"data":"  ep   8/60  loss 0.1619 (dr 0.1715 dme 0.1477)  DR qwk 0.515 acc 42.0%  DME qwk 0.576 acc 46.7%  score 0.5397  162s  *best\n"}
,{"stream_name":"stdout","time":1980.96751603,"data":"  ep   9/60  loss 0.1518 (dr 0.1593 dme 0.1406)  DR qwk 0.575 acc 48.8%  DME qwk 0.647 acc 53.3%  score 0.6039  162s  *best\n"}
,{"stream_name":"stdout","time":2143.831353485,"data":"  ep  10/60  loss 0.1475 (dr 0.1558 dme 0.1351)  DR qwk 0.629 acc 51.2%  DME qwk 0.690 acc 57.1%  score 0.6537  162s  *best\n"}
,{"stream_name":"stdout","time":2306.661851045,"data":"  ep  11/60  loss 0.1459 (dr 0.1541 dme 0.1337)  DR qwk 0.660 acc 52.7%  DME qwk 0.760 acc 64.8%  score 0.7001  162s  *best\n"}
,{"stream_name":"stdout","time":2469.504503864,"data":"  ep  12/60  loss 0.1448 (dr 0.1520 dme 0.1340)  DR qwk 0.674 acc 55.4%  DME qwk 0.797 acc 68.6%  score 0.7235  162s  *best\n"}
,{"stream_name":"stdout","time":2632.426537925,"data":"  ep  13/60  loss 0.1388 (dr 0.1440 dme 0.1311)  DR qwk 0.690 acc 57.8%  DME qwk 0.840 acc 74.3%  score 0.7501  162s  *best\n"}
,{"stream_name":"stdout","time":2795.224449239,"data":"  ep  14/60  loss 0.1425 (dr 0.1417 dme 0.1436)  DR qwk 0.704 acc 59.6%  DME qwk 0.869 acc 81.0%  score 0.7700  162s  *best\n"}
,{"stream_name":"stdout","time":2957.902898472,"data":"  ep  15/60  loss 0.1373 (dr 0.1412 dme 0.1313)  DR qwk 0.722 acc 60.4%  DME qwk 0.878 acc 81.9%  score 0.7843  162s  *best\n"}
,{"stream_name":"stdout","time":3120.51347126,"data":"  ep  16/60  loss 0.1380 (dr 0.1434 dme 0.1300)  DR qwk 0.746 acc 62.2%  DME qwk 0.880 acc 81.9%  score 0.7999  162s  *best\n"}
,{"stream_name":"stdout","time":3283.422448268,"data":"  ep  17/60  loss 0.1351 (dr 0.1390 dme 0.1293)  DR qwk 0.761 acc 63.7%  DME qwk 0.886 acc 82.9%  score 0.8111  162s  *best\n"}
,{"stream_name":"stdout","time":3446.725807416,"data":"  ep  18/60  loss 0.1372 (dr 0.1405 dme 0.1322)  DR qwk 0.778 acc 65.3%  DME qwk 0.888 acc 82.9%  score 0.8221  163s  *best\n"}
,{"stream_name":"stdout","time":3609.587123061,"data":"  ep  19/60  loss 0.1367 (dr 0.1391 dme 0.1329)  DR qwk 0.793 acc 66.8%  DME qwk 0.881 acc 81.9%  score 0.8282  162s  *best\n"}
,{"stream_name":"stdout","time":3772.485359204,"data":"  ep  20/60  loss 0.1340 (dr 0.1361 dme 0.1309)  DR qwk 0.800 acc 66.8%  DME qwk 0.899 acc 84.8%  score 0.8399  162s  *best\n"}
,{"stream_name":"stdout","time":3935.36443915,"data":"  ep  21/60  loss 0.1330 (dr 0.1357 dme 0.1290)  DR qwk 0.799 acc 67.5%  DME qwk 0.905 acc 85.7%  score 0.8412  162s  *best\n"}
,{"stream_name":"stdout","time":4098.290326856,"data":"  ep  22/60  loss 0.1328 (dr 0.1361 dme 0.1279)  DR qwk 0.801 acc 67.9%  DME qwk 0.905 acc 85.7%  score 0.8424  162s  *best\n"}
,{"stream_name":"stdout","time":4261.524873246,"data":"  ep  23/60  loss 0.1320 (dr 0.1346 dme 0.1281)  DR qwk 0.802 acc 67.9%  DME qwk 0.905 acc 85.7%  score 0.8430  162s  *best\n"}
,{"stream_name":"stdout","time":4424.682833416,"data":"  ep  24/60  loss 0.1315 (dr 0.1345 dme 0.1271)  DR qwk 0.802 acc 67.9%  DME qwk 0.905 acc 85.7%  score 0.8432  163s  *best\n"}
,{"stream_name":"stdout","time":4587.55008667,"data":"  ep  25/60  loss 0.1319 (dr 0.1348 dme 0.1275)  DR qwk 0.804 acc 67.9%  DME qwk 0.905 acc 85.7%  score 0.8448  162s  *best\n"}
,{"stream_name":"stdout","time":4750.328981916,"data":"  ep  26/60  loss 0.1298 (dr 0.1315 dme 0.1273)  DR qwk 0.814 acc 68.6%  DME qwk 0.905 acc 85.7%  score 0.8502  162s  *best\n"}
,{"stream_name":"stdout","time":4913.19462152,"data":"  ep  27/60  loss 0.1289 (dr 0.1306 dme 0.1263)  DR qwk 0.813 acc 68.8%  DME qwk 0.905 acc 85.7%  score 0.8500  162s\n"}
,{"stream_name":"stdout","time":5076.398444389,"data":"  ep  28/60  loss 0.1284 (dr 0.1301 dme 0.1257)  DR qwk 0.813 acc 69.2%  DME qwk 0.917 acc 87.6%  score 0.8545  162s  *best\n"}
,{"stream_name":"stdout","time":5239.320012255,"data":"  ep  29/60  loss 0.1287 (dr 0.1305 dme 0.1258)  DR qwk 0.814 acc 69.5%  DME qwk 0.917 acc 87.6%  score 0.8551  162s  *best\n"}
,{"stream_name":"stdout","time":5402.177509727,"data":"  ep  30/60  loss 0.1285 (dr 0.1304 dme 0.1257)  DR qwk 0.814 acc 69.5%  DME qwk 0.917 acc 87.6%  score 0.8551  162s\n"}
,{"stream_name":"stdout","time":5565.116148888,"data":"  ep  31/60  loss 0.1294 (dr 0.1320 dme 0.1254)  DR qwk 0.815 acc 69.7%  DME qwk 0.911 acc 86.7%  score 0.8536  162s\n"}
,{"stream_name":"stdout","time":5727.783659442,"data":"  ep  32/60  loss 0.1291 (dr 0.1303 dme 0.1273)  DR qwk 0.812 acc 70.1%  DME qwk 0.917 acc 87.6%  score 0.8541  162s\n"}
,{"stream_name":"stdout","time":5890.800298659,"data":"  ep  33/60  loss 0.1290 (dr 0.1308 dme 0.1264)  DR qwk 0.812 acc 70.1%  DME qwk 0.907 acc 85.7%  score 0.8500  162s\n"}
,{"stream_name":"stdout","time":6053.619476712,"data":"  ep  34/60  loss 0.1292 (dr 0.1300 dme 0.1280)  DR qwk 0.812 acc 70.5%  DME qwk 0.912 acc 86.7%  score 0.8518  162s\n"}
,{"stream_name":"stdout","time":6216.922588229,"data":"  ep  35/60  loss 0.1287 (dr 0.1318 dme 0.1241)  DR qwk 0.812 acc 70.8%  DME qwk 0.912 acc 86.7%  score 0.8522  163s\n"}
,{"stream_name":"stdout","time":6380.022435248,"data":"  ep  36/60  loss 0.1276 (dr 0.1295 dme 0.1247)  DR qwk 0.812 acc 70.8%  DME qwk 0.912 acc 86.7%  score 0.8522  162s\n"}
,{"stream_name":"stdout","time":6542.928802713,"data":"  ep  37/60  loss 0.1268 (dr 0.1286 dme 0.1242)  DR qwk 0.816 acc 70.8%  DME qwk 0.912 acc 86.7%  score 0.8544  162s\n"}
,{"stream_name":"stdout","time":6705.880612731,"data":"  ep  38/60  loss 0.1278 (dr 0.1301 dme 0.1243)  DR qwk 0.820 acc 71.4%  DME qwk 0.912 acc 86.7%  score 0.8568  162s  *best\n"}
,{"stream_name":"stdout","time":6868.590559014,"data":"  ep  39/60  loss 0.1296 (dr 0.1314 dme 0.1270)  DR qwk 0.821 acc 71.6%  DME qwk 0.912 acc 86.7%  score 0.8573  162s  *best\n"}
,{"stream_name":"stdout","time":7031.385467494,"data":"  ep  40/60  loss 0.1279 (dr 0.1295 dme 0.1255)  DR qwk 0.820 acc 71.2%  DME qwk 0.912 acc 86.7%  score 0.8567  162s\n"}
,{"stream_name":"stdout","time":7194.198382573,"data":"  ep  41/60  loss 0.1278 (dr 0.1295 dme 0.1251)  DR qwk 0.822 acc 71.6%  DME qwk 0.912 acc 86.7%  score 0.8578  162s  *best\n"}
,{"stream_name":"stdout","time":7357.027620657,"data":"  ep  42/60  loss 0.1262 (dr 0.1275 dme 0.1242)  DR qwk 0.822 acc 71.6%  DME qwk 0.912 acc 86.7%  score 0.8578  162s\n"}
,{"stream_name":"stdout","time":7519.888671924,"data":"  ep  43/60  loss 0.1290 (dr 0.1290 dme 0.1289)  DR qwk 0.821 acc 72.1%  DME qwk 0.912 acc 86.7%  score 0.8576  162s\n"}
,{"stream_name":"stdout","time":7682.640031468,"data":"  ep  44/60  loss 0.1257 (dr 0.1270 dme 0.1237)  DR qwk 0.823 acc 72.5%  DME qwk 0.912 acc 86.7%  score 0.8586  162s  *best\n"}
,{"stream_name":"stdout","time":7845.792529601,"data":"  ep  45/60  loss 0.1269 (dr 0.1279 dme 0.1255)  DR qwk 0.823 acc 72.7%  DME qwk 0.912 acc 86.7%  score 0.8588  163s  *best\n"}
,{"stream_name":"stdout","time":8008.851960472,"data":"  ep  46/60  loss 0.1261 (dr 0.1278 dme 0.1235)  DR qwk 0.820 acc 72.5%  DME qwk 0.912 acc 86.7%  score 0.8570  162s\n"}
,{"stream_name":"stdout","time":8171.501369582,"data":"  ep  47/60  loss 0.1261 (dr 0.1282 dme 0.1230)  DR qwk 0.821 acc 72.7%  DME qwk 0.912 acc 86.7%  score 0.8576  162s\n"}
,{"stream_name":"stdout","time":8334.352867194,"data":"  ep  48/60  loss 0.1264 (dr 0.1285 dme 0.1234)  DR qwk 0.818 acc 72.1%  DME qwk 0.912 acc 86.7%  score 0.8556  162s\n"}
,{"stream_name":"stdout","time":8497.111439767,"data":"  ep  49/60  loss 0.1252 (dr 0.1269 dme 0.1226)  DR qwk 0.818 acc 72.1%  DME qwk 0.912 acc 86.7%  score 0.8556  162s\n"}
,{"stream_name":"stdout","time":8659.715242923,"data":"  ep  50/60  loss 0.1277 (dr 0.1289 dme 0.1258)  DR qwk 0.818 acc 72.1%  DME qwk 0.912 acc 86.7%  score 0.8556  162s\n"}
,{"stream_name":"stdout","time":8822.634306661,"data":"  ep  51/60  loss 0.1272 (dr 0.1298 dme 0.1233)  DR qwk 0.818 acc 72.1%  DME qwk 0.912 acc 86.7%  score 0.8556  162s\n"}
,{"stream_name":"stdout","time":8985.435564602,"data":"  ep  52/60  loss 0.1254 (dr 0.1273 dme 0.1227)  DR qwk 0.817 acc 71.9%  DME qwk 0.912 acc 86.7%  score 0.8552  162s\n"}
,{"stream_name":"stdout","time":9148.220322985,"data":"  ep  53/60  loss 0.1282 (dr 0.1282 dme 0.1281)  DR qwk 0.819 acc 72.3%  DME qwk 0.912 acc 86.7%  score 0.8563  162s\n"}
,{"stream_name":"stdout","time":9311.318659693,"data":"  ep  54/60  loss 0.1253 (dr 0.1268 dme 0.1230)  DR qwk 0.819 acc 72.3%  DME qwk 0.912 acc 86.7%  score 0.8561  162s\n"}
,{"stream_name":"stdout","time":9474.234420264,"data":"  ep  55/60  loss 0.1261 (dr 0.1266 dme 0.1255)  DR qwk 0.822 acc 73.0%  DME qwk 0.912 acc 86.7%  score 0.8581  162s\n"}
,{"stream_name":"stdout","time":9637.058770712,"data":"  ep  56/60  loss 0.1261 (dr 0.1276 dme 0.1239)  DR qwk 0.822 acc 73.0%  DME qwk 0.912 acc 86.7%  score 0.8581  162s\n"}
,{"stream_name":"stdout","time":9797.334486573,"data":"  ep  57/60  loss 0.1258 (dr 0.1276 dme 0.1231)  DR qwk 0.822 acc 73.0%  DME qwk 0.912 acc 86.7%  score 0.8581  160s\n"}
,{"stream_name":"stdout","time":9955.567768356,"data":"  ep  58/60  loss 0.1254 (dr 0.1269 dme 0.1231)  DR qwk 0.825 acc 73.0%  DME qwk 0.912 acc 86.7%  score 0.8595  158s  *best\n"}
,{"stream_name":"stdout","time":10113.694107606,"data":"  ep  59/60  loss 0.1252 (dr 0.1267 dme 0.1229)  DR qwk 0.825 acc 73.0%  DME qwk 0.912 acc 86.7%  score 0.8595  158s\n"}
,{"stream_name":"stdout","time":10131.907901661,"data":"\n"}
,{"stream_name":"stdout","time":10131.907926638,"data":"  fold 0 best (selected on validation score, never on test):\n"}
,{"stream_name":"stdout","time":10131.908698054,"data":"    dr                     n=  455  acc  73.4% [69.5,77.4]  floor  52.3%  QWK  0.823  F1 0.586  BEATS\n"}
,{"stream_name":"stdout","time":10131.909592445,"data":"    dme_ungated            n=  105  acc  86.7% [80.0,93.3]  floor  48.6%  QWK  0.911  F1 0.719  BEATS\n"}
,{"stream_name":"stdout","time":10131.910312225,"data":"    dme_gated              n=   71  acc  80.3% [70.4,88.7]  floor  71.8%  QWK  0.802  F1 0.632  below-floor\n"}
,{"stream_name":"stdout","time":10131.911077203,"data":"    dme_referable_binary   n=  455  acc  95.6% [93.6,97.6]  floor  82.0%  QWK  0.841  F1 0.920  BEATS\n"}
,{"stream_name":"stdout","time":10131.956475945,"data":"\n"}
,{"stream_name":"stdout","time":10131.957327538,"data":"==============================================================================\n"}
,{"stream_name":"stdout","time":10131.958051988,"data":"FOLD 1   train=1805  val=455\n"}
,{"stream_name":"stdout","time":10131.958812885,"data":"==============================================================================\n"}
,{"stream_name":"stdout","time":10290.392112206,"data":"  ep   0/60  loss 0.5388 (dr 0.5719 dme 0.4892)  DR qwk -0.055 acc 14.3%  DME qwk 0.000 acc 12.4%  score -0.0331  158s  *best\n"}
,{"stream_name":"stdout","time":10448.977940684,"data":"  ep   1/60  loss 0.3295 (dr 0.3626 dme 0.2799)  DR qwk -0.005 acc 18.9%  DME qwk 0.000 acc 12.4%  score -0.0030  158s  *best\n"}
,{"stream_name":"stdout","time":10609.012352781,"data":"  ep   2/60  loss 0.2659 (dr 0.2907 dme 0.2287)  DR qwk 0.055 acc 16.0%  DME qwk 0.000 acc 12.4%  score 0.0330  160s  *best\n"}
,{"stream_name":"stdout","time":10769.091020725,"data":"  ep   3/60  loss 0.2304 (dr 0.2585 dme 0.1882)  DR qwk 0.103 acc 15.2%  DME qwk 0.000 acc 12.4%  score 0.0617  160s  *best\n"}
,{"stream_name":"stdout","time":10929.746923623,"data":"  ep   4/60  loss 0.2062 (dr 0.2290 dme 0.1721)  DR qwk 0.109 acc 14.7%  DME qwk 0.045 acc 14.3%  score 0.0835  160s  *best\n"}
,{"stream_name":"stdout","time":11093.251666309,"data":"  ep   5/60  loss 0.1875 (dr 0.2011 dme 0.1671)  DR qwk 0.187 acc 16.9%  DME qwk 0.146 acc 18.1%  score 0.1705  163s  *best\n"}
,{"stream_name":"stdout","time":11255.72172886,"data":"  ep   6/60  loss 0.1779 (dr 0.1934 dme 0.1545)  DR qwk 0.256 acc 20.7%  DME qwk 0.317 acc 26.7%  score 0.2802  162s  *best\n"}
,{"stream_name":"stdout","time":11417.299701349,"data":"  ep   7/60  loss 0.1668 (dr 0.1789 dme 0.1486)  DR qwk 0.314 acc 23.5%  DME qwk 0.494 acc 39.0%  score 0.3862  161s  *best\n"}
,{"stream_name":"stdout","time":11579.371478774,"data":"  ep   8/60  loss 0.1631 (dr 0.1720 dme 0.1498)  DR qwk 0.383 acc 28.1%  DME qwk 0.644 acc 52.4%  score 0.4873  162s  *best\n"}
,{"stream_name":"stdout","time":11741.472660251,"data":"  ep   9/60  loss 0.1572 (dr 0.1676 dme 0.1417)  DR qwk 0.451 acc 34.1%  DME qwk 0.717 acc 60.0%  score 0.5574  162s  *best\n"}
,{"stream_name":"stdout","time":11903.588977812,"data":"  ep  10/60  loss 0.1511 (dr 0.1587 dme 0.1398)  DR qwk 0.515 acc 39.1%  DME qwk 0.766 acc 65.7%  score 0.6157  162s  *best\n"}
,{"stream_name":"stdout","time":12067.178360785,"data":"  ep  11/60  loss 0.1442 (dr 0.1486 dme 0.1376)  DR qwk 0.563 acc 44.8%  DME qwk 0.797 acc 69.5%  score 0.6569  163s  *best\n"}
,{"stream_name":"stdout","time":12230.655578139,"data":"  ep  12/60  loss 0.1466 (dr 0.1515 dme 0.1393)  DR qwk 0.609 acc 49.9%  DME qwk 0.848 acc 76.2%  score 0.7047  163s  *best\n"}
,{"stream_name":"stdout","time":12394.726220354,"data":"  ep  13/60  loss 0.1433 (dr 0.1461 dme 0.1391)  DR qwk 0.641 acc 51.4%  DME qwk 0.875 acc 80.0%  score 0.7344  163s  *best\n"}
,{"stream_name":"stdout","time":12558.234350544,"data":"  ep  14/60  loss 0.1414 (dr 0.1463 dme 0.1340)  DR qwk 0.641 acc 52.5%  DME qwk 0.883 acc 81.0%  score 0.7380  163s  *best\n"}
,{"stream_name":"stdout","time":12722.038734904,"data":"  ep  15/60  loss 0.1403 (dr 0.1449 dme 0.1334)  DR qwk 0.663 acc 54.5%  DME qwk 0.884 acc 81.0%  score 0.7513  163s  *best\n"}
,{"stream_name":"stdout","time":12885.662712507,"data":"  ep  16/60  loss 0.1407 (dr 0.1438 dme 0.1362)  DR qwk 0.688 acc 57.8%  DME qwk 0.903 acc 83.8%  score 0.7741  163s  *best\n"}
,{"stream_name":"stdout","time":13049.03470672,"data":"  ep  17/60  loss 0.1372 (dr 0.1425 dme 0.1292)  DR qwk 0.712 acc 59.6%  DME qwk 0.915 acc 85.7%  score 0.7935  163s  *best\n"}
,{"stream_name":"stdout","time":13210.369695372,"data":"  ep  18/60  loss 0.1381 (dr 0.1440 dme 0.1292)  DR qwk 0.727 acc 60.4%  DME qwk 0.933 acc 88.6%  score 0.8096  161s  *best\n"}
,{"stream_name":"stdout","time":13369.966711007,"data":"  ep  19/60  loss 0.1371 (dr 0.1400 dme 0.1327)  DR qwk 0.743 acc 62.0%  DME qwk 0.940 acc 89.5%  score 0.8217  159s  *best\n"}
,{"stream_name":"stdout","time":13529.083346185,"data":"  ep  20/60  loss 0.1339 (dr 0.1386 dme 0.1267)  DR qwk 0.758 acc 63.1%  DME qwk 0.946 acc 90.5%  score 0.8331  159s  *best\n"}
,{"stream_name":"stdout","time":13687.549275945,"data":"  ep  21/60  loss 0.1320 (dr 0.1356 dme 0.1266)  DR qwk 0.768 acc 63.5%  DME qwk 0.941 acc 89.5%  score 0.8371  158s  *best\n"}
,{"stream_name":"stdout","time":13845.848640064,"data":"  ep  22/60  loss 0.1331 (dr 0.1357 dme 0.1293)  DR qwk 0.772 acc 64.0%  DME qwk 0.941 acc 89.5%  score 0.8391  158s  *best\n"}
,{"stream_name":"stdout","time":14004.365150021,"data":"  ep  23/60  loss 0.1333 (dr 0.1363 dme 0.1287)  DR qwk 0.780 acc 65.3%  DME qwk 0.946 acc 90.5%  score 0.8465  158s  *best\n"}
,{"stream_name":"stdout","time":14162.745615547,"data":"  ep  24/60  loss 0.1325 (dr 0.1357 dme 0.1275)  DR qwk 0.780 acc 66.6%  DME qwk 0.952 acc 91.4%  score 0.8485  158s  *best\n"}
,{"stream_name":"stdout","time":14321.247813883,"data":"  ep  25/60  loss 0.1311 (dr 0.1336 dme 0.1273)  DR qwk 0.791 acc 67.7%  DME qwk 0.952 acc 91.4%  score 0.8555  158s  *best\n"}
,{"stream_name":"stdout","time":14479.788779992,"data":"  ep  26/60  loss 0.1322 (dr 0.1351 dme 0.1278)  DR qwk 0.791 acc 67.5%  DME qwk 0.957 acc 92.4%  score 0.8575  158s  *best\n"}
,{"stream_name":"stdout","time":14638.209864108,"data":"  ep  27/60  loss 0.1303 (dr 0.1326 dme 0.1269)  DR qwk 0.794 acc 68.6%  DME qwk 0.957 acc 92.4%  score 0.8596  158s  *best\n"}
,{"stream_name":"stdout","time":14796.706857861,"data":"  ep  28/60  loss 0.1299 (dr 0.1325 dme 0.1259)  DR qwk 0.794 acc 69.5%  DME qwk 0.957 acc 92.4%  score 0.8594  158s\n"}
,{"stream_name":"stdout","time":14955.187000787,"data":"  ep  29/60  loss 0.1291 (dr 0.1311 dme 0.1261)  DR qwk 0.812 acc 70.5%  DME qwk 0.957 acc 92.4%  score 0.8702  158s  *best\n"}
,{"stream_name":"stdout","time":15113.502911069,"data":"  ep  30/60  loss 0.1290 (dr 0.1314 dme 0.1254)  DR qwk 0.810 acc 70.5%  DME qwk 0.962 acc 93.3%  score 0.8710  158s  *best\n"}
,{"stream_name":"stdout","time":15271.979020488,"data":"  ep  31/60  loss 0.1287 (dr 0.1307 dme 0.1259)  DR qwk 0.814 acc 71.2%  DME qwk 0.957 acc 92.4%  score 0.8713  158s  *best\n"}
,{"stream_name":"stdout","time":15430.600729583,"data":"  ep  32/60  loss 0.1299 (dr 0.1307 dme 0.1286)  DR qwk 0.822 acc 71.9%  DME qwk 0.952 acc 91.4%  score 0.8741  158s  *best\n"}
,{"stream_name":"stdout","time":15588.920173379,"data":"  ep  33/60  loss 0.1283 (dr 0.1305 dme 0.1251)  DR qwk 0.823 acc 71.9%  DME qwk 0.947 acc 90.5%  score 0.8724  158s\n"}
,{"stream_name":"stdout","time":15747.651141161,"data":"  ep  34/60  loss 0.1285 (dr 0.1312 dme 0.1244)  DR qwk 0.821 acc 71.4%  DME qwk 0.947 acc 90.5%  score 0.8716  158s\n"}
,{"stream_name":"stdout","time":15906.434853186,"data":"  ep  35/60  loss 0.1268 (dr 0.1289 dme 0.1237)  DR qwk 0.821 acc 71.9%  DME qwk 0.947 acc 90.5%  score 0.8716  158s\n"}
,{"stream_name":"stdout","time":16065.045596386,"data":"  ep  36/60  loss 0.1274 (dr 0.1298 dme 0.1237)  DR qwk 0.819 acc 71.4%  DME qwk 0.947 acc 90.5%  score 0.8704  158s\n"}
,{"stream_name":"stdout","time":16223.388310642,"data":"  ep  37/60  loss 0.1274 (dr 0.1295 dme 0.1242)  DR qwk 0.818 acc 71.2%  DME qwk 0.952 acc 91.4%  score 0.8719  158s\n"}
,{"stream_name":"stdout","time":16381.816471186,"data":"  ep  38/60  loss 0.1272 (dr 0.1286 dme 0.1250)  DR qwk 0.816 acc 71.4%  DME qwk 0.952 acc 91.4%  score 0.8707  158s\n"}
,{"stream_name":"stdout","time":16541.063965509,"data":"  ep  39/60  loss 0.1270 (dr 0.1287 dme 0.1243)  DR qwk 0.816 acc 71.4%  DME qwk 0.952 acc 91.4%  score 0.8707  159s\n"}
,{"stream_name":"stdout","time":16699.686333091,"data":"  ep  40/60  loss 0.1272 (dr 0.1285 dme 0.1252)  DR qwk 0.811 acc 71.6%  DME qwk 0.952 acc 91.4%  score 0.8675  158s\n"}
,{"stream_name":"stdout","time":16858.165269319,"data":"  ep  41/60  loss 0.1270 (dr 0.1287 dme 0.1245)  DR qwk 0.811 acc 71.6%  DME qwk 0.952 acc 91.4%  score 0.8675  158s\n"}
,{"stream_name":"stdout","time":17016.864927971,"data":"  ep  42/60  loss 0.1269 (dr 0.1289 dme 0.1240)  DR qwk 0.811 acc 71.6%  DME qwk 0.952 acc 91.4%  score 0.8675  158s\n"}
,{"stream_name":"stdout","time":17175.553489284,"data":"  ep  43/60  loss 0.1261 (dr 0.1280 dme 0.1233)  DR qwk 0.810 acc 71.2%  DME qwk 0.957 acc 92.4%  score 0.8689  158s\n"}
,{"stream_name":"stdout","time":17334.252161193,"data":"  ep  44/60  loss 0.1266 (dr 0.1280 dme 0.1245)  DR qwk 0.812 acc 71.6%  DME qwk 0.952 acc 91.4%  score 0.8679  158s\n"}
,{"stream_name":"stdout","time":17492.859260404,"data":"  ep  45/60  loss 0.1264 (dr 0.1281 dme 0.1239)  DR qwk 0.812 acc 71.6%  DME qwk 0.952 acc 91.4%  score 0.8679  158s\n"}
,{"stream_name":"stdout","time":17651.689457716,"data":"  ep  46/60  loss 0.1259 (dr 0.1277 dme 0.1232)  DR qwk 0.812 acc 71.6%  DME qwk 0.952 acc 91.4%  score 0.8679  158s\n"}
,{"stream_name":"stdout","time":17810.378110257,"data":"  ep  47/60  loss 0.1265 (dr 0.1280 dme 0.1244)  DR qwk 0.809 acc 71.4%  DME qwk 0.952 acc 91.4%  score 0.8661  158s\n"}
,{"stream_name":"stdout","time":17969.141778627,"data":"  ep  48/60  loss 0.1258 (dr 0.1276 dme 0.1231)  DR qwk 0.810 acc 71.6%  DME qwk 0.952 acc 91.4%  score 0.8667  158s\n"}
,{"stream_name":"stdout","time":18128.458127275,"data":"  ep  49/60  loss 0.1258 (dr 0.1276 dme 0.1231)  DR qwk 0.810 acc 71.6%  DME qwk 0.952 acc 91.4%  score 0.8667  159s\n"}
,{"stream_name":"stdout","time":18288.60511069,"data":"  ep  50/60  loss 0.1256 (dr 0.1272 dme 0.1234)  DR qwk 0.814 acc 71.9%  DME qwk 0.952 acc 91.4%  score 0.8692  160s\n"}
,{"stream_name":"stdout","time":18449.810994828,"data":"  ep  51/60  loss 0.1253 (dr 0.1267 dme 0.1232)  DR qwk 0.816 acc 72.3%  DME qwk 0.952 acc 91.4%  score 0.8703  161s\n"}
,{"stream_name":"stdout","time":18610.027936701,"data":"  ep  52/60  loss 0.1279 (dr 0.1301 dme 0.1246)  DR qwk 0.816 acc 72.3%  DME qwk 0.957 acc 92.4%  score 0.8724  160s\n"}
,{"stream_name":"stdout","time":18770.371263318,"data":"  ep  53/60  loss 0.1263 (dr 0.1276 dme 0.1243)  DR qwk 0.817 acc 72.5%  DME qwk 0.957 acc 92.4%  score 0.8729  160s\n"}
,{"stream_name":"stdout","time":18930.322366951,"data":"  ep  54/60  loss 0.1266 (dr 0.1282 dme 0.1243)  DR qwk 0.817 acc 72.5%  DME qwk 0.957 acc 92.4%  score 0.8729  159s\n"}
,{"stream_name":"stdout","time":19090.07427998,"data":"  ep  55/60  loss 0.1249 (dr 0.1263 dme 0.1226)  DR qwk 0.817 acc 72.5%  DME qwk 0.957 acc 92.4%  score 0.8729  159s\n"}
,{"stream_name":"stdout","time":19250.022421787,"data":"  ep  56/60  loss 0.1255 (dr 0.1270 dme 0.1231)  DR qwk 0.817 acc 72.5%  DME qwk 0.957 acc 92.4%  score 0.8729  159s\n"}
,{"stream_name":"stdout","time":19409.786168269,"data":"  ep  57/60  loss 0.1268 (dr 0.1272 dme 0.1261)  DR qwk 0.818 acc 72.7%  DME qwk 0.957 acc 92.4%  score 0.8735  159s\n"}
,{"stream_name":"stdout","time":19569.566461183,"data":"  ep  58/60  loss 0.1260 (dr 0.1277 dme 0.1234)  DR qwk 0.816 acc 73.0%  DME qwk 0.957 acc 92.4%  score 0.8724  159s\n"}
,{"stream_name":"stdout","time":19729.353627228,"data":"  ep  59/60  loss 0.1256 (dr 0.1268 dme 0.1237)  DR qwk 0.814 acc 72.7%  DME qwk 0.952 acc 91.4%  score 0.8696  159s\n"}
,{"stream_name":"stdout","time":19748.289589909,"data":"\n"}
,{"stream_name":"stdout","time":19748.289636999,"data":"  fold 1 best (selected on validation score, never on test):\n"}
,{"stream_name":"stdout","time":19748.290613527,"data":"    dr                     n=  455  acc  73.6% [69.7,77.6]  floor  52.3%  QWK  0.826  F1 0.627  BEATS\n"}
,{"stream_name":"stdout","time":19748.293407101,"data":"    dme_ungated            n=  105  acc  94.3% [89.5,98.1]  floor  46.7%  QWK  0.968  F1 0.895  BEATS\n"}
,{"stream_name":"stdout","time":19748.294977325,"data":"    dme_gated              n=   71  acc  91.5% [84.5,97.2]  floor  69.0%  QWK  0.920  F1 0.870  BEATS\n"}
,{"stream_name":"stdout","time":19748.295859458,"data":"    dme_referable_binary   n=  455  acc  96.3% [94.5,97.8]  floor  83.1%  QWK  0.864  F1 0.932  BEATS\n"}
,{"stream_name":"stdout","time":19748.361284913,"data":"\n"}
,{"stream_name":"stdout","time":19748.362247387,"data":"==============================================================================\n"}
,{"stream_name":"stdout","time":19748.362982029,"data":"FOLD 2   train=1808  val=452\n"}
,{"stream_name":"stdout","time":19748.363762393,"data":"==============================================================================\n"}
,{"stream_name":"stdout","time":19909.926791652,"data":"  ep   0/60  loss 0.5542 (dr 0.5538 dme 0.5548)  DR qwk 0.081 acc 51.8%  DME qwk -0.108 acc 37.5%  score 0.0052  161s  *best\n"}
,{"stream_name":"stdout","time":20071.019947285,"data":"  ep   1/60  loss 0.3143 (dr 0.3450 dme 0.2682)  DR qwk 0.251 acc 53.1%  DME qwk -0.114 acc 37.5%  score 0.1050  161s  *best\n"}
,{"stream_name":"stdout","time":20232.413570038,"data":"  ep   2/60  loss 0.2645 (dr 0.2905 dme 0.2254)  DR qwk 0.371 acc 52.2%  DME qwk 0.250 acc 51.0%  score 0.3224  161s  *best\n"}
,{"stream_name":"stdout","time":20393.727227756,"data":"  ep   3/60  loss 0.2285 (dr 0.2510 dme 0.1948)  DR qwk 0.378 acc 51.8%  DME qwk 0.461 acc 50.0%  score 0.4109  161s  *best\n"}
,{"stream_name":"stdout","time":20555.590894472,"data":"  ep   4/60  loss 0.2025 (dr 0.2202 dme 0.1758)  DR qwk 0.347 acc 52.0%  DME qwk 0.425 acc 41.3%  score 0.3779  161s\n"}
,{"stream_name":"stdout","time":20717.246633572,"data":"  ep   5/60  loss 0.1900 (dr 0.2089 dme 0.1617)  DR qwk 0.405 acc 53.1%  DME qwk 0.448 acc 41.3%  score 0.4221  161s  *best\n"}
,{"stream_name":"stdout","time":20879.155600842,"data":"  ep   6/60  loss 0.1777 (dr 0.1908 dme 0.1581)  DR qwk 0.491 acc 54.9%  DME qwk 0.574 acc 46.2%  score 0.5238  161s  *best\n"}
,{"stream_name":"stdout","time":21041.106519336,"data":"  ep   7/60  loss 0.1710 (dr 0.1848 dme 0.1504)  DR qwk 0.537 acc 54.0%  DME qwk 0.635 acc 51.0%  score 0.5758  161s  *best\n"}
,{"stream_name":"stdout","time":21202.926578992,"data":"  ep   8/60  loss 0.1588 (dr 0.1693 dme 0.1431)  DR qwk 0.585 acc 54.0%  DME qwk 0.672 acc 54.8%  score 0.6198  161s  *best\n"}
,{"stream_name":"stdout","time":21365.979176747,"data":"  ep   9/60  loss 0.1592 (dr 0.1702 dme 0.1426)  DR qwk 0.600 acc 55.5%  DME qwk 0.718 acc 59.6%  score 0.6467  163s  *best\n"}
,{"stream_name":"stdout","time":21530.274991888,"data":"  ep  10/60  loss 0.1518 (dr 0.1595 dme 0.1403)  DR qwk 0.608 acc 55.5%  DME qwk 0.762 acc 64.4%  score 0.6697  164s  *best\n"}
,{"stream_name":"stdout","time":21694.055275178,"data":"  ep  11/60  loss 0.1492 (dr 0.1575 dme 0.1368)  DR qwk 0.630 acc 55.5%  DME qwk 0.807 acc 70.2%  score 0.7007  163s  *best\n"}
,{"stream_name":"stdout","time":21859.371986117,"data":"  ep  12/60  loss 0.1426 (dr 0.1479 dme 0.1347)  DR qwk 0.658 acc 57.5%  DME qwk 0.822 acc 72.1%  score 0.7234  165s  *best\n"}
,{"stream_name":"stdout","time":22023.565850766,"data":"  ep  13/60  loss 0.1439 (dr 0.1496 dme 0.1352)  DR qwk 0.667 acc 56.9%  DME qwk 0.843 acc 75.0%  score 0.7374  164s  *best\n"}
,{"stream_name":"stdout","time":22186.132601562,"data":"  ep  14/60  loss 0.1376 (dr 0.1432 dme 0.1292)  DR qwk 0.697 acc 59.1%  DME qwk 0.845 acc 75.0%  score 0.7559  162s  *best\n"}
,{"stream_name":"stdout","time":22348.738257321,"data":"  ep  15/60  loss 0.1373 (dr 0.1431 dme 0.1287)  DR qwk 0.715 acc 60.2%  DME qwk 0.845 acc 75.0%  score 0.7672  162s  *best\n"}
,{"stream_name":"stdout","time":22510.783515866,"data":"  ep  16/60  loss 0.1374 (dr 0.1426 dme 0.1295)  DR qwk 0.731 acc 61.3%  DME qwk 0.865 acc 77.9%  score 0.7847  162s  *best\n"}
,{"stream_name":"stdout","time":22673.668641523,"data":"  ep  17/60  loss 0.1379 (dr 0.1411 dme 0.1331)  DR qwk 0.745 acc 62.4%  DME qwk 0.860 acc 76.9%  score 0.7911  162s  *best\n"}
,{"stream_name":"stdout","time":22838.200606577,"data":"  ep  18/60  loss 0.1365 (dr 0.1402 dme 0.1310)  DR qwk 0.766 acc 64.4%  DME qwk 0.866 acc 77.9%  score 0.8064  164s  *best\n"}
,{"stream_name":"stdout","time":23002.188634313,"data":"  ep  19/60  loss 0.1346 (dr 0.1379 dme 0.1297)  DR qwk 0.775 acc 65.5%  DME qwk 0.873 acc 78.8%  score 0.8140  163s  *best\n"}
,{"stream_name":"stdout","time":23165.644264918,"data":"  ep  20/60  loss 0.1337 (dr 0.1369 dme 0.1288)  DR qwk 0.779 acc 66.6%  DME qwk 0.861 acc 76.9%  score 0.8118  163s\n"}
,{"stream_name":"stdout","time":23327.94043534,"data":"  ep  21/60  loss 0.1356 (dr 0.1367 dme 0.1341)  DR qwk 0.785 acc 68.1%  DME qwk 0.861 acc 76.9%  score 0.8152  162s  *best\n"}
,{"stream_name":"stdout","time":23490.160294345,"data":"  ep  22/60  loss 0.1346 (dr 0.1352 dme 0.1338)  DR qwk 0.792 acc 68.6%  DME qwk 0.858 acc 78.8%  score 0.8185  162s  *best\n"}
,{"stream_name":"stdout","time":23651.688778006,"data":"  ep  23/60  loss 0.1336 (dr 0.1357 dme 0.1305)  DR qwk 0.809 acc 70.8%  DME qwk 0.865 acc 79.8%  score 0.8313  161s  *best\n"}
,{"stream_name":"stdout","time":23812.436305594,"data":"  ep  24/60  loss 0.1331 (dr 0.1353 dme 0.1300)  DR qwk 0.825 acc 72.8%  DME qwk 0.871 acc 80.8%  score 0.8433  160s  *best\n"}
,{"stream_name":"stdout","time":23973.809889293,"data":"  ep  25/60  loss 0.1341 (dr 0.1341 dme 0.1340)  DR qwk 0.838 acc 75.0%  DME qwk 0.840 acc 80.8%  score 0.8389  161s\n"}
,{"stream_name":"stdout","time":24135.434942101,"data":"  ep  26/60  loss 0.1306 (dr 0.1325 dme 0.1278)  DR qwk 0.841 acc 75.4%  DME qwk 0.824 acc 80.8%  score 0.8342  161s\n"}
,{"stream_name":"stdout","time":24298.124257125,"data":"  ep  27/60  loss 0.1292 (dr 0.1307 dme 0.1271)  DR qwk 0.839 acc 75.4%  DME qwk 0.829 acc 81.7%  score 0.8348  162s\n"}
,{"stream_name":"stdout","time":24459.504573953,"data":"  ep  28/60  loss 0.1293 (dr 0.1316 dme 0.1258)  DR qwk 0.840 acc 75.7%  DME qwk 0.829 acc 81.7%  score 0.8357  161s\n"}
,{"stream_name":"stdout","time":24620.632983146,"data":"  ep  29/60  loss 0.1312 (dr 0.1335 dme 0.1278)  DR qwk 0.845 acc 75.9%  DME qwk 0.835 acc 82.7%  score 0.8414  161s\n"}
,{"stream_name":"stdout","time":24782.331402375,"data":"  ep  30/60  loss 0.1294 (dr 0.1308 dme 0.1274)  DR qwk 0.844 acc 76.1%  DME qwk 0.842 acc 83.7%  score 0.8432  161s\n"}
,{"stream_name":"stdout","time":24943.477306914,"data":"  ep  31/60  loss 0.1296 (dr 0.1316 dme 0.1265)  DR qwk 0.848 acc 76.3%  DME qwk 0.842 acc 83.7%  score 0.8455  161s  *best\n"}
,{"stream_name":"stdout","time":25104.237042582,"data":"  ep  32/60  loss 0.1293 (dr 0.1304 dme 0.1276)  DR qwk 0.841 acc 75.9%  DME qwk 0.863 acc 84.6%  score 0.8497  160s  *best\n"}
,{"stream_name":"stdout","time":25264.840682071,"data":"  ep  33/60  loss 0.1293 (dr 0.1319 dme 0.1254)  DR qwk 0.849 acc 76.3%  DME qwk 0.863 acc 84.6%  score 0.8545  160s  *best\n"}
,{"stream_name":"stdout","time":25424.607940837,"data":"  ep  34/60  loss 0.1274 (dr 0.1300 dme 0.1236)  DR qwk 0.848 acc 76.1%  DME qwk 0.859 acc 83.7%  score 0.8521  159s\n"}
,{"stream_name":"stdout","time":25584.536033206,"data":"  ep  35/60  loss 0.1281 (dr 0.1305 dme 0.1244)  DR qwk 0.855 acc 76.5%  DME qwk 0.859 acc 83.7%  score 0.8566  159s  *best\n"}
,{"stream_name":"stdout","time":25744.654161298,"data":"  ep  36/60  loss 0.1267 (dr 0.1283 dme 0.1244)  DR qwk 0.861 acc 77.2%  DME qwk 0.859 acc 83.7%  score 0.8603  160s  *best\n"}
,{"stream_name":"stdout","time":25904.70032578,"data":"  ep  37/60  loss 0.1273 (dr 0.1296 dme 0.1239)  DR qwk 0.861 acc 76.5%  DME qwk 0.859 acc 83.7%  score 0.8600  160s\n"}
,{"stream_name":"stdout","time":26064.842425795,"data":"  ep  38/60  loss 0.1274 (dr 0.1290 dme 0.1249)  DR qwk 0.861 acc 77.0%  DME qwk 0.859 acc 83.7%  score 0.8602  160s\n"}
,{"stream_name":"stdout","time":26225.004065512,"data":"  ep  39/60  loss 0.1293 (dr 0.1324 dme 0.1246)  DR qwk 0.862 acc 77.2%  DME qwk 0.859 acc 83.7%  score 0.8609  160s  *best\n"}
,{"stream_name":"stdout","time":26384.792734025,"data":"  ep  40/60  loss 0.1280 (dr 0.1304 dme 0.1245)  DR qwk 0.862 acc 77.0%  DME qwk 0.859 acc 83.7%  score 0.8606  159s\n"}
,{"stream_name":"stdout","time":26544.937741852,"data":"  ep  41/60  loss 0.1277 (dr 0.1304 dme 0.1238)  DR qwk 0.863 acc 77.2%  DME qwk 0.859 acc 83.7%  score 0.8611  160s  *best\n"}
,{"stream_name":"stdout","time":26705.007441241,"data":"  ep  42/60  loss 0.1263 (dr 0.1281 dme 0.1237)  DR qwk 0.863 acc 77.2%  DME qwk 0.859 acc 83.7%  score 0.8615  160s  *best\n"}
,{"stream_name":"stdout","time":26865.021153618,"data":"  ep  43/60  loss 0.1258 (dr 0.1271 dme 0.1239)  DR qwk 0.864 acc 77.4%  DME qwk 0.859 acc 83.7%  score 0.8621  160s  *best\n"}
,{"stream_name":"stdout","time":27025.169405005,"data":"  ep  44/60  loss 0.1274 (dr 0.1289 dme 0.1251)  DR qwk 0.865 acc 77.7%  DME qwk 0.859 acc 83.7%  score 0.8624  160s  *best\n"}
,{"stream_name":"stdout","time":27185.525966753,"data":"  ep  45/60  loss 0.1260 (dr 0.1280 dme 0.1231)  DR qwk 0.865 acc 77.7%  DME qwk 0.859 acc 83.7%  score 0.8624  160s\n"}
,{"stream_name":"stdout","time":27345.907809391,"data":"  ep  46/60  loss 0.1253 (dr 0.1269 dme 0.1229)  DR qwk 0.867 acc 77.7%  DME qwk 0.865 acc 84.6%  score 0.8662  160s  *best\n"}
,{"stream_name":"stdout","time":27506.071241194,"data":"  ep  47/60  loss 0.1275 (dr 0.1272 dme 0.1278)  DR qwk 0.867 acc 77.7%  DME qwk 0.865 acc 84.6%  score 0.8662  160s\n"}
,{"stream_name":"stdout","time":27666.100628356,"data":"  ep  48/60  loss 0.1257 (dr 0.1272 dme 0.1235)  DR qwk 0.866 acc 77.4%  DME qwk 0.865 acc 84.6%  score 0.8654  160s\n"}
,{"stream_name":"stdout","time":27826.006634104,"data":"  ep  49/60  loss 0.1271 (dr 0.1290 dme 0.1244)  DR qwk 0.870 acc 77.7%  DME qwk 0.865 acc 84.6%  score 0.8678  159s  *best\n"}
,{"stream_name":"stdout","time":27985.874721293,"data":"  ep  50/60  loss 0.1256 (dr 0.1272 dme 0.1232)  DR qwk 0.867 acc 77.7%  DME qwk 0.865 acc 84.6%  score 0.8662  159s\n"}
,{"stream_name":"stdout","time":28146.139646942,"data":"  ep  51/60  loss 0.1246 (dr 0.1260 dme 0.1226)  DR qwk 0.864 acc 77.2%  DME qwk 0.865 acc 84.6%  score 0.8645  160s\n"}
,{"stream_name":"stdout","time":28306.044322172,"data":"  ep  52/60  loss 0.1256 (dr 0.1270 dme 0.1235)  DR qwk 0.864 acc 77.0%  DME qwk 0.865 acc 84.6%  score 0.8641  159s\n"}
,{"stream_name":"stdout","time":28466.276913171,"data":"  ep  53/60  loss 0.1275 (dr 0.1278 dme 0.1271)  DR qwk 0.865 acc 77.2%  DME qwk 0.865 acc 84.6%  score 0.8649  160s\n"}
,{"stream_name":"stdout","time":28626.488889072,"data":"  ep  54/60  loss 0.1269 (dr 0.1266 dme 0.1272)  DR qwk 0.866 acc 77.2%  DME qwk 0.865 acc 84.6%  score 0.8653  160s\n"}
,{"stream_name":"stdout","time":28786.770665211,"data":"  ep  55/60  loss 0.1243 (dr 0.1255 dme 0.1224)  DR qwk 0.866 acc 77.0%  DME qwk 0.865 acc 84.6%  score 0.8657  160s\n"}
,{"stream_name":"stdout","time":28946.655461113,"data":"  ep  56/60  loss 0.1271 (dr 0.1282 dme 0.1255)  DR qwk 0.868 acc 77.2%  DME qwk 0.865 acc 84.6%  score 0.8665  159s\n"}
,{"stream_name":"stdout","time":29106.583482842,"data":"  ep  57/60  loss 0.1266 (dr 0.1266 dme 0.1267)  DR qwk 0.867 acc 77.2%  DME qwk 0.865 acc 84.6%  score 0.8661  159s\n"}
,{"stream_name":"stdout","time":29266.557227804,"data":"  ep  58/60  loss 0.1257 (dr 0.1273 dme 0.1233)  DR qwk 0.867 acc 77.2%  DME qwk 0.865 acc 84.6%  score 0.8661  159s\n"}
,{"stream_name":"stdout","time":29426.524454796,"data":"  ep  59/60  loss 0.1260 (dr 0.1272 dme 0.1243)  DR qwk 0.862 acc 76.8%  DME qwk 0.865 acc 84.6%  score 0.8632  160s\n"}
,{"stream_name":"stdout","time":29444.976752333,"data":"\n"}
,{"stream_name":"stdout","time":29444.980242173,"data":"  fold 2 best (selected on validation score, never on test):\n"}
,{"stream_name":"stdout","time":29444.981662244,"data":"    dr                     n=  452  acc  77.7% [73.7,81.4]  floor  52.4%  QWK  0.855  F1 0.633  BEATS\n"}
,{"stream_name":"stdout","time":29444.982705341,"data":"    dme_ungated            n=  104  acc  86.5% [79.8,92.3]  floor  49.0%  QWK  0.876  F1 0.780  BEATS\n"}
,{"stream_name":"stdout","time":29444.98331481,"data":"    dme_gated              n=   70  acc  80.0% [71.4,88.6]  floor  72.9%  QWK  0.702  F1 0.720  below-floor\n"}
,{"stream_name":"stdout","time":29444.984503158,"data":"    dme_referable_binary   n=  452  acc  95.4% [93.4,97.3]  floor  82.7%  QWK  0.828  F1 0.914  BEATS\n"}
,{"stream_name":"stdout","time":29445.041536886,"data":"\n"}
,{"stream_name":"stdout","time":29445.042818028,"data":"==============================================================================\n"}
,{"stream_name":"stdout","time":29445.043692645,"data":"FOLD 3   train=1811  val=449\n"}
,{"stream_name":"stdout","time":29445.044603315,"data":"==============================================================================\n"}
,{"stream_name":"stdout","time":29604.835600104,"data":"  ep   0/60  loss 0.5629 (dr 0.5714 dme 0.5502)  DR qwk 0.019 acc 52.6%  DME qwk 0.000 acc 44.6%  score 0.0114  159s  *best\n"}
,{"stream_name":"stdout","time":29764.549649127,"data":"  ep   1/60  loss 0.3235 (dr 0.3499 dme 0.2838)  DR qwk 0.167 acc 47.9%  DME qwk 0.000 acc 44.6%  score 0.1000  159s  *best\n"}
,{"stream_name":"stdout","time":29924.521453431,"data":"  ep   2/60  loss 0.2575 (dr 0.2780 dme 0.2267)  DR qwk 0.324 acc 31.4%  DME qwk 0.312 acc 50.5%  score 0.3191  160s  *best\n"}
,{"stream_name":"stdout","time":30084.793306694,"data":"  ep   3/60  loss 0.2227 (dr 0.2445 dme 0.1899)  DR qwk 0.342 acc 26.7%  DME qwk 0.482 acc 48.5%  score 0.3984  160s  *best\n"}
,{"stream_name":"stdout","time":30244.633321665,"data":"  ep   4/60  loss 0.2018 (dr 0.2198 dme 0.1748)  DR qwk 0.442 acc 31.4%  DME qwk 0.488 acc 41.6%  score 0.4604  159s  *best\n"}
,{"stream_name":"stdout","time":30404.621084519,"data":"  ep   5/60  loss 0.1909 (dr 0.2089 dme 0.1640)  DR qwk 0.502 acc 38.1%  DME qwk 0.527 acc 45.5%  score 0.5122  160s  *best\n"}
,{"stream_name":"stdout","time":30564.840915318,"data":"  ep   6/60  loss 0.1764 (dr 0.1879 dme 0.1591)  DR qwk 0.541 acc 45.2%  DME qwk 0.561 acc 48.5%  score 0.5486  160s  *best\n"}
,{"stream_name":"stdout","time":30725.327628028,"data":"  ep   7/60  loss 0.1699 (dr 0.1757 dme 0.1612)  DR qwk 0.574 acc 52.6%  DME qwk 0.623 acc 54.5%  score 0.5939  160s  *best\n"}
,{"stream_name":"stdout","time":30885.490221506,"data":"  ep   8/60  loss 0.1583 (dr 0.1661 dme 0.1466)  DR qwk 0.600 acc 55.7%  DME qwk 0.681 acc 60.4%  score 0.6324  160s  *best\n"}
,{"stream_name":"stdout","time":31045.555977571,"data":"  ep   9/60  loss 0.1540 (dr 0.1595 dme 0.1459)  DR qwk 0.610 acc 56.1%  DME qwk 0.711 acc 65.3%  score 0.6501  160s  *best\n"}
,{"stream_name":"stdout","time":31205.738848364,"data":"  ep  10/60  loss 0.1500 (dr 0.1586 dme 0.1371)  DR qwk 0.622 acc 56.3%  DME qwk 0.734 acc 70.3%  score 0.6670  160s  *best\n"}
,{"stream_name":"stdout","time":31365.624694517,"data":"  ep  11/60  loss 0.1486 (dr 0.1552 dme 0.1388)  DR qwk 0.641 acc 59.0%  DME qwk 0.758 acc 73.3%  score 0.6877  159s  *best\n"}
,{"stream_name":"stdout","time":31525.829938698,"data":"  ep  12/60  loss 0.1508 (dr 0.1560 dme 0.1429)  DR qwk 0.673 acc 61.7%  DME qwk 0.780 acc 76.2%  score 0.7158  160s  *best\n"}
,{"stream_name":"stdout","time":31685.629042483,"data":"  ep  13/60  loss 0.1413 (dr 0.1475 dme 0.1321)  DR qwk 0.687 acc 62.1%  DME qwk 0.780 acc 76.2%  score 0.7242  159s  *best\n"}
,{"stream_name":"stdout","time":31845.821986372,"data":"  ep  14/60  loss 0.1433 (dr 0.1455 dme 0.1400)  DR qwk 0.703 acc 63.9%  DME qwk 0.812 acc 78.2%  score 0.7464  160s  *best\n"}
,{"stream_name":"stdout","time":32005.953596341,"data":"  ep  15/60  loss 0.1364 (dr 0.1395 dme 0.1318)  DR qwk 0.715 acc 65.3%  DME qwk 0.819 acc 79.2%  score 0.7567  160s  *best\n"}
,{"stream_name":"stdout","time":32165.964468307,"data":"  ep  16/60  loss 0.1355 (dr 0.1380 dme 0.1318)  DR qwk 0.726 acc 65.3%  DME qwk 0.826 acc 80.2%  score 0.7660  160s  *best\n"}
,{"stream_name":"stdout","time":32326.123551434,"data":"  ep  17/60  loss 0.1354 (dr 0.1392 dme 0.1297)  DR qwk 0.736 acc 66.4%  DME qwk 0.824 acc 79.2%  score 0.7712  160s  *best\n"}
,{"stream_name":"stdout","time":32486.406108091,"data":"  ep  18/60  loss 0.1370 (dr 0.1410 dme 0.1310)  DR qwk 0.769 acc 68.2%  DME qwk 0.846 acc 82.2%  score 0.7994  160s  *best\n"}
,{"stream_name":"stdout","time":32646.587838742,"data":"  ep  19/60  loss 0.1366 (dr 0.1392 dme 0.1327)  DR qwk 0.773 acc 68.8%  DME qwk 0.852 acc 83.2%  score 0.8048  160s  *best\n"}
,{"stream_name":"stdout","time":32806.786139021,"data":"  ep  20/60  loss 0.1333 (dr 0.1353 dme 0.1302)  DR qwk 0.789 acc 70.8%  DME qwk 0.852 acc 83.2%  score 0.8146  160s  *best\n"}
,{"stream_name":"stdout","time":32967.291091971,"data":"  ep  21/60  loss 0.1339 (dr 0.1369 dme 0.1294)  DR qwk 0.787 acc 70.8%  DME qwk 0.852 acc 83.2%  score 0.8132  160s\n"}
,{"stream_name":"stdout","time":33127.223075851,"data":"  ep  22/60  loss 0.1306 (dr 0.1332 dme 0.1267)  DR qwk 0.779 acc 70.4%  DME qwk 0.852 acc 83.2%  score 0.8084  159s\n"}
,{"stream_name":"stdout","time":33287.719400656,"data":"  ep  23/60  loss 0.1314 (dr 0.1342 dme 0.1272)  DR qwk 0.779 acc 70.2%  DME qwk 0.852 acc 83.2%  score 0.8084  160s\n"}
,{"stream_name":"stdout","time":33447.610278852,"data":"  ep  24/60  loss 0.1306 (dr 0.1338 dme 0.1259)  DR qwk 0.791 acc 71.0%  DME qwk 0.852 acc 83.2%  score 0.8155  159s  *best\n"}
,{"stream_name":"stdout","time":33607.565051717,"data":"  ep  25/60  loss 0.1316 (dr 0.1325 dme 0.1301)  DR qwk 0.793 acc 71.7%  DME qwk 0.859 acc 84.2%  score 0.8194  159s  *best\n"}
,{"stream_name":"stdout","time":33767.320593594,"data":"  ep  26/60  loss 0.1325 (dr 0.1334 dme 0.1311)  DR qwk 0.799 acc 72.2%  DME qwk 0.854 acc 83.2%  score 0.8212  159s  *best\n"}
,{"stream_name":"stdout","time":33927.17414873,"data":"  ep  27/60  loss 0.1303 (dr 0.1319 dme 0.1279)  DR qwk 0.808 acc 72.4%  DME qwk 0.838 acc 83.2%  score 0.8198  159s\n"}
,{"stream_name":"stdout","time":34087.353263445,"data":"  ep  28/60  loss 0.1291 (dr 0.1307 dme 0.1266)  DR qwk 0.815 acc 72.6%  DME qwk 0.844 acc 84.2%  score 0.8270  160s  *best\n"}
,{"stream_name":"stdout","time":34247.414855665,"data":"  ep  29/60  loss 0.1304 (dr 0.1332 dme 0.1262)  DR qwk 0.817 acc 72.4%  DME qwk 0.844 acc 84.2%  score 0.8277  160s  *best\n"}
,{"stream_name":"stdout","time":34407.893201788,"data":"  ep  30/60  loss 0.1291 (dr 0.1308 dme 0.1264)  DR qwk 0.821 acc 72.6%  DME qwk 0.844 acc 84.2%  score 0.8301  160s  *best\n"}
,{"stream_name":"stdout","time":34568.002277888,"data":"  ep  31/60  loss 0.1284 (dr 0.1303 dme 0.1255)  DR qwk 0.823 acc 72.6%  DME qwk 0.844 acc 84.2%  score 0.8316  160s  *best\n"}
,{"stream_name":"stdout","time":34728.295898655,"data":"  ep  32/60  loss 0.1321 (dr 0.1340 dme 0.1291)  DR qwk 0.823 acc 73.1%  DME qwk 0.844 acc 84.2%  score 0.8313  160s\n"}
,{"stream_name":"stdout","time":34888.252264081,"data":"  ep  33/60  loss 0.1279 (dr 0.1292 dme 0.1259)  DR qwk 0.828 acc 73.1%  DME qwk 0.844 acc 84.2%  score 0.8347  159s  *best\n"}
,{"stream_name":"stdout","time":35048.186400678,"data":"  ep  34/60  loss 0.1277 (dr 0.1295 dme 0.1249)  DR qwk 0.826 acc 72.4%  DME qwk 0.844 acc 84.2%  score 0.8335  159s\n"}
,{"stream_name":"stdout","time":35207.974021554,"data":"  ep  35/60  loss 0.1272 (dr 0.1294 dme 0.1238)  DR qwk 0.828 acc 72.6%  DME qwk 0.876 acc 84.2%  score 0.8472  159s  *best\n"}
,{"stream_name":"stdout","time":35367.818229108,"data":"  ep  36/60  loss 0.1265 (dr 0.1281 dme 0.1240)  DR qwk 0.827 acc 72.4%  DME qwk 0.876 acc 84.2%  score 0.8466  159s\n"}
,{"stream_name":"stdout","time":35527.748435476,"data":"  ep  37/60  loss 0.1281 (dr 0.1306 dme 0.1244)  DR qwk 0.831 acc 72.6%  DME qwk 0.876 acc 84.2%  score 0.8490  159s  *best\n"}
,{"stream_name":"stdout","time":35687.701830493,"data":"  ep  38/60  loss 0.1296 (dr 0.1300 dme 0.1291)  DR qwk 0.832 acc 72.8%  DME qwk 0.876 acc 84.2%  score 0.8496  159s  *best\n"}
,{"stream_name":"stdout","time":35847.562586207,"data":"  ep  39/60  loss 0.1274 (dr 0.1295 dme 0.1243)  DR qwk 0.831 acc 72.6%  DME qwk 0.876 acc 84.2%  score 0.8490  159s\n"}
,{"stream_name":"stdout","time":36007.389346731,"data":"  ep  40/60  loss 0.1293 (dr 0.1288 dme 0.1301)  DR qwk 0.830 acc 72.6%  DME qwk 0.860 acc 84.2%  score 0.8424  159s\n"}
,{"stream_name":"stdout","time":36167.110309091,"data":"  ep  41/60  loss 0.1268 (dr 0.1292 dme 0.1233)  DR qwk 0.832 acc 72.4%  DME qwk 0.860 acc 84.2%  score 0.8432  159s\n"}
,{"stream_name":"stdout","time":36326.854420787,"data":"  ep  42/60  loss 0.1260 (dr 0.1276 dme 0.1236)  DR qwk 0.828 acc 72.6%  DME qwk 0.860 acc 84.2%  score 0.8409  159s\n"}
,{"stream_name":"stdout","time":36486.681338364,"data":"  ep  43/60  loss 0.1267 (dr 0.1284 dme 0.1242)  DR qwk 0.828 acc 72.6%  DME qwk 0.856 acc 83.2%  score 0.8388  159s\n"}
,{"stream_name":"stdout","time":36646.58816981,"data":"  ep  44/60  loss 0.1291 (dr 0.1277 dme 0.1313)  DR qwk 0.826 acc 72.6%  DME qwk 0.840 acc 83.2%  score 0.8318  159s\n"}
,{"stream_name":"stdout","time":36806.294105301,"data":"  ep  45/60  loss 0.1259 (dr 0.1278 dme 0.1229)  DR qwk 0.821 acc 71.9%  DME qwk 0.840 acc 83.2%  score 0.8287  159s\n"}
,{"stream_name":"stdout","time":36966.050301552,"data":"  ep  46/60  loss 0.1257 (dr 0.1277 dme 0.1227)  DR qwk 0.821 acc 72.4%  DME qwk 0.840 acc 83.2%  score 0.8284  159s\n"}
,{"stream_name":"stdout","time":37126.165785643,"data":"  ep  47/60  loss 0.1253 (dr 0.1268 dme 0.1231)  DR qwk 0.819 acc 72.2%  DME qwk 0.840 acc 83.2%  score 0.8274  160s\n"}
,{"stream_name":"stdout","time":37286.04658215,"data":"  ep  48/60  loss 0.1257 (dr 0.1275 dme 0.1229)  DR qwk 0.816 acc 71.9%  DME qwk 0.846 acc 84.2%  score 0.8280  159s\n"}
,{"stream_name":"stdout","time":37446.471832727,"data":"  ep  49/60  loss 0.1266 (dr 0.1278 dme 0.1249)  DR qwk 0.821 acc 71.9%  DME qwk 0.846 acc 84.2%  score 0.8308  160s\n"}
,{"stream_name":"stdout","time":37606.462292667,"data":"  ep  50/60  loss 0.1252 (dr 0.1267 dme 0.1229)  DR qwk 0.821 acc 72.2%  DME qwk 0.846 acc 84.2%  score 0.8312  160s\n"}
,{"stream_name":"stdout","time":37766.314776996,"data":"  ep  51/60  loss 0.1266 (dr 0.1278 dme 0.1249)  DR qwk 0.820 acc 72.4%  DME qwk 0.846 acc 84.2%  score 0.8304  159s\n"}
,{"stream_name":"stdout","time":37926.267543389,"data":"  ep  52/60  loss 0.1251 (dr 0.1261 dme 0.1236)  DR qwk 0.825 acc 72.8%  DME qwk 0.846 acc 84.2%  score 0.8332  159s\n"}
,{"stream_name":"stdout","time":38086.128704014,"data":"  ep  53/60  loss 0.1271 (dr 0.1284 dme 0.1253)  DR qwk 0.821 acc 72.6%  DME qwk 0.846 acc 84.2%  score 0.8312  159s\n"}
,{"stream_name":"stdout","time":38245.96303055,"data":"  ep  54/60  loss 0.1249 (dr 0.1263 dme 0.1227)  DR qwk 0.826 acc 73.1%  DME qwk 0.846 acc 84.2%  score 0.8339  159s\n"}
,{"stream_name":"stdout","time":38405.677679995,"data":"  ep  55/60  loss 0.1263 (dr 0.1284 dme 0.1230)  DR qwk 0.823 acc 72.8%  DME qwk 0.846 acc 84.2%  score 0.8323  159s\n"}
,{"stream_name":"stdout","time":38565.490361323,"data":"  ep  56/60  loss 0.1261 (dr 0.1278 dme 0.1236)  DR qwk 0.826 acc 73.1%  DME qwk 0.846 acc 84.2%  score 0.8343  159s\n"}
,{"stream_name":"stdout","time":38725.039558483,"data":"  ep  57/60  loss 0.1258 (dr 0.1279 dme 0.1227)  DR qwk 0.828 acc 73.1%  DME qwk 0.846 acc 84.2%  score 0.8355  159s\n"}
,{"stream_name":"stdout","time":38884.905833516,"data":"  ep  58/60  loss 0.1248 (dr 0.1264 dme 0.1223)  DR qwk 0.829 acc 73.3%  DME qwk 0.846 acc 84.2%  score 0.8361  159s\n"}
,{"stream_name":"stdout","time":39044.38255137,"data":"  ep  59/60  loss 0.1261 (dr 0.1265 dme 0.1256)  DR qwk 0.830 acc 73.5%  DME qwk 0.846 acc 84.2%  score 0.8363  159s\n"}
,{"stream_name":"stdout","time":39062.436618448,"data":"\n"}
,{"stream_name":"stdout","time":39062.438457616,"data":"  fold 3 best (selected on validation score, never on test):\n"}
,{"stream_name":"stdout","time":39062.439011592,"data":"    dr                     n=  449  acc  74.4% [70.8,78.4]  floor  52.6%  QWK  0.837  F1 0.617  BEATS\n"}
,{"stream_name":"stdout","time":39062.440146338,"data":"    dme_ungated            n=  101  acc  85.1% [77.2,92.1]  floor  44.6%  QWK  0.899  F1 0.745  BEATS\n"}
,{"stream_name":"stdout","time":39062.441225083,"data":"    dme_gated              n=   68  acc  77.9% [67.6,86.8]  floor  66.2%  QWK  0.785  F1 0.678  BEATS\n"}
,{"stream_name":"stdout","time":39062.44226704,"data":"    dme_referable_binary   n=  449  acc  94.9% [92.9,96.9]  floor  82.6%  QWK  0.811  F1 0.905  BEATS\n"}
,{"stream_name":"stdout","time":39062.508171798,"data":"\n"}
,{"stream_name":"stdout","time":39062.508981274,"data":"==============================================================================\n"}
,{"stream_name":"stdout","time":39062.509771284,"data":"FOLD 4   train=1811  val=449\n"}
,{"stream_name":"stdout","time":39062.510748366,"data":"==============================================================================\n"}
,{"stream_name":"stdout","time":39223.305117188,"data":"  ep   0/60  loss 0.5557 (dr 0.5786 dme 0.5214)  DR qwk 0.111 acc 36.5%  DME qwk 0.000 acc 46.5%  score 0.0666  160s  *best\n"}
,{"stream_name":"stdout","time":39383.670482036,"data":"  ep   1/60  loss 0.3142 (dr 0.3464 dme 0.2658)  DR qwk 0.154 acc 23.8%  DME qwk 0.052 acc 30.7%  score 0.1134  160s  *best\n"}
,{"stream_name":"stdout","time":39544.12447895,"data":"  ep   2/60  loss 0.2649 (dr 0.2899 dme 0.2275)  DR qwk 0.220 acc 21.8%  DME qwk 0.175 acc 16.8%  score 0.2021  160s  *best\n"}
,{"stream_name":"stdout","time":39704.031885062,"data":"  ep   3/60  loss 0.2319 (dr 0.2565 dme 0.1951)  DR qwk 0.130 acc 17.4%  DME qwk 0.120 acc 13.9%  score 0.1263  159s\n"}
,{"stream_name":"stdout","time":39864.082016932,"data":"  ep   4/60  loss 0.2115 (dr 0.2294 dme 0.1846)  DR qwk 0.187 acc 21.4%  DME qwk 0.120 acc 13.9%  score 0.1602  160s\n"}
,{"stream_name":"stdout","time":40023.780901085,"data":"  ep   5/60  loss 0.1851 (dr 0.2023 dme 0.1591)  DR qwk 0.196 acc 22.0%  DME qwk 0.194 acc 17.8%  score 0.1952  159s\n"}
,{"stream_name":"stdout","time":40183.687355009,"data":"  ep   6/60  loss 0.1721 (dr 0.1854 dme 0.1522)  DR qwk 0.258 acc 24.1%  DME qwk 0.241 acc 21.8%  score 0.2509  159s  *best\n"}
,{"stream_name":"stdout","time":40343.322184345,"data":"  ep   7/60  loss 0.1698 (dr 0.1825 dme 0.1507)  DR qwk 0.314 acc 27.8%  DME qwk 0.417 acc 33.7%  score 0.3553  159s  *best\n"}
,{"stream_name":"stdout","time":40502.931101776,"data":"  ep   8/60  loss 0.1592 (dr 0.1690 dme 0.1445)  DR qwk 0.400 acc 33.2%  DME qwk 0.561 acc 45.5%  score 0.4643  159s  *best\n"}
,{"stream_name":"stdout","time":40662.775287102,"data":"  ep   9/60  loss 0.1575 (dr 0.1687 dme 0.1409)  DR qwk 0.474 acc 39.0%  DME qwk 0.681 acc 57.4%  score 0.5566  159s  *best\n"}
,{"stream_name":"stdout","time":40822.596523313,"data":"  ep  10/60  loss 0.1498 (dr 0.1573 dme 0.1386)  DR qwk 0.524 acc 42.5%  DME qwk 0.761 acc 66.3%  score 0.6189  159s  *best\n"}
,{"stream_name":"stdout","time":40982.391046421,"data":"  ep  11/60  loss 0.1481 (dr 0.1545 dme 0.1386)  DR qwk 0.575 acc 46.1%  DME qwk 0.793 acc 70.3%  score 0.6623  159s  *best\n"}
,{"stream_name":"stdout","time":41142.198479821,"data":"  ep  12/60  loss 0.1419 (dr 0.1461 dme 0.1357)  DR qwk 0.591 acc 48.8%  DME qwk 0.815 acc 73.3%  score 0.6805  159s  *best\n"}
,{"stream_name":"stdout","time":41301.777548106,"data":"  ep  13/60  loss 0.1405 (dr 0.1454 dme 0.1333)  DR qwk 0.611 acc 50.1%  DME qwk 0.822 acc 74.3%  score 0.6956  159s  *best\n"}
,{"stream_name":"stdout","time":41461.568109935,"data":"  ep  14/60  loss 0.1374 (dr 0.1430 dme 0.1289)  DR qwk 0.638 acc 53.0%  DME qwk 0.849 acc 78.2%  score 0.7221  159s  *best\n"}
,{"stream_name":"stdout","time":41621.438042656,"data":"  ep  15/60  loss 0.1374 (dr 0.1421 dme 0.1303)  DR qwk 0.673 acc 56.6%  DME qwk 0.856 acc 79.2%  score 0.7462  159s  *best\n"}
,{"stream_name":"stdout","time":41781.919608493,"data":"  ep  16/60  loss 0.1352 (dr 0.1387 dme 0.1300)  DR qwk 0.711 acc 61.9%  DME qwk 0.862 acc 80.2%  score 0.7718  160s  *best\n"}
,{"stream_name":"stdout","time":41942.494669054,"data":"  ep  17/60  loss 0.1358 (dr 0.1408 dme 0.1282)  DR qwk 0.728 acc 64.8%  DME qwk 0.864 acc 80.2%  score 0.7823  160s  *best\n"}
,{"stream_name":"stdout","time":42103.116305915,"data":"  ep  18/60  loss 0.1367 (dr 0.1404 dme 0.1312)  DR qwk 0.745 acc 65.7%  DME qwk 0.877 acc 82.2%  score 0.7978  160s  *best\n"}
,{"stream_name":"stdout","time":42263.227453621,"data":"  ep  19/60  loss 0.1414 (dr 0.1461 dme 0.1343)  DR qwk 0.766 acc 67.5%  DME qwk 0.884 acc 83.2%  score 0.8132  160s  *best\n"}
,{"stream_name":"stdout","time":42423.421300952,"data":"  ep  20/60  loss 0.1329 (dr 0.1361 dme 0.1282)  DR qwk 0.774 acc 68.6%  DME qwk 0.879 acc 82.2%  score 0.8158  160s  *best\n"}
,{"stream_name":"stdout","time":42583.943323863,"data":"  ep  21/60  loss 0.1364 (dr 0.1392 dme 0.1323)  DR qwk 0.781 acc 70.2%  DME qwk 0.898 acc 85.1%  score 0.8275  160s  *best\n"}
,{"stream_name":"stdout","time":42743.951836594,"data":"  ep  22/60  loss 0.1325 (dr 0.1358 dme 0.1275)  DR qwk 0.780 acc 71.0%  DME qwk 0.891 acc 84.2%  score 0.8243  160s\n"}
,{"stream_name":"stdout","time":42903.790613349,"data":"  ep  23/60  loss 0.1309 (dr 0.1333 dme 0.1273)  DR qwk 0.778 acc 71.5%  DME qwk 0.880 acc 85.1%  score 0.8185  159s\n"}
,{"stream_name":"stdout","time":43063.632795225,"data":"  ep  24/60  loss 0.1336 (dr 0.1365 dme 0.1292)  DR qwk 0.783 acc 71.7%  DME qwk 0.893 acc 87.1%  score 0.8266  159s\n"}
]