[{"stream_name":"stderr","time":6.541820852,"data":"0.00s - Debugger warning: It seems that frozen modules are being used, which may\n"}
,{"stream_name":"stderr","time":6.541922681,"data":"0.00s - make the debugger miss breakpoints. Please pass -Xfrozen_modules=off\n"}
,{"stream_name":"stderr","time":6.541926879,"data":"0.00s - to python to disable frozen modules.\n"}
,{"stream_name":"stderr","time":6.541929851,"data":"0.00s - Note: Debugging will proceed. Set PYDEVD_DISABLE_FILE_VALIDATION=1 to disable this validation.\n"}
,{"stream_name":"stderr","time":7.118506842,"data":"0.00s - Debugger warning: It seems that frozen modules are being used, which may\n"}
,{"stream_name":"stderr","time":7.118537278,"data":"0.00s - make the debugger miss breakpoints. Please pass -Xfrozen_modules=off\n"}
,{"stream_name":"stderr","time":7.118542496,"data":"0.00s - to python to disable frozen modules.\n"}
,{"stream_name":"stderr","time":7.118546163,"data":"0.00s - Note: Debugging will proceed. Set PYDEVD_DISABLE_FILE_VALIDATION=1 to disable this validation.\n"}
,{"stream_name":"stdout","time":9.042134685,"data":"CODE COMMIT c28d344d4c6656974fd8f7a39773c07ef5146bda\n"}
,{"stream_name":"stdout","time":9.042201067,"data":"Probe vs probe: RETFound beats ImageNet on DR by +0.0401 [+0.0122, +0.0692], significant\n"}
,{"stream_name":"stdout","time":11.988212136,"data":"datasets                                                   3236 files\n"}
,{"stream_name":"stdout","time":15.292913968,"data":"torch 2.10.0+cu128 | cuda True | Tesla P100-PCIE-16GB\n"}
,{"stream_name":"stderr","time":15.293878356,"data":"/usr/local/lib/python3.12/dist-packages/torch/cuda/__init__.py:435: UserWarning: \n"}
,{"stream_name":"stderr","time":15.293902785,"data":"    Found GPU0 Tesla P100-PCIE-16GB which is of cuda capability 6.0.\n"}
,{"stream_name":"stderr","time":15.293908717,"data":"    Minimum and Maximum cuda capability supported by this version of PyTorch is\n"}
,{"stream_name":"stderr","time":15.293913805,"data":"    (7.0) - (12.0)\n"}
,{"stream_name":"stderr","time":15.293918892,"data":"    \n"}
,{"stream_name":"stderr","time":15.293923661000001,"data":"  queued_call()\n"}
,{"stream_name":"stderr","time":15.293928275,"data":"/usr/local/lib/python3.12/dist-packages/torch/cuda/__init__.py:435: UserWarning: \n"}
,{"stream_name":"stderr","time":15.293934023,"data":"    Please install PyTorch with a following CUDA\n"}
,{"stream_name":"stderr","time":15.293939075,"data":"    configurations:  12.6 following instructions at\n"}
,{"stream_name":"stderr","time":15.293944534,"data":"    https://pytorch.org/get-started/locally/\n"}
,{"stream_name":"stderr","time":15.293949711,"data":"    \n"}
,{"stream_name":"stderr","time":15.293957993,"data":"  queued_call()\n"}
,{"stream_name":"stderr","time":15.293963807,"data":"/usr/local/lib/python3.12/dist-packages/torch/cuda/__init__.py:435: UserWarning: \n"}
,{"stream_name":"stderr","time":15.293968861,"data":"Tesla P100-PCIE-16GB with CUDA capability sm_60 is not compatible with the current PyTorch installation.\n"}
,{"stream_name":"stderr","time":15.293974147,"data":"The current PyTorch install supports CUDA capabilities sm_70 sm_75 sm_80 sm_86 sm_90 sm_100 sm_120.\n"}
,{"stream_name":"stderr","time":15.293979224,"data":"If you want to use the Tesla P100-PCIE-16GB GPU with PyTorch, please check the instructions at https://pytorch.org/get-started/locally/\n"}
,{"stream_name":"stderr","time":15.293983797,"data":"\n"}
,{"stream_name":"stderr","time":15.293988654,"data":"  queued_call()\n"}
,{"stream_name":"stderr","time":15.293993507,"data":"\n"}
,{"stream_name":"stderr","time":15.293998199,"data":"/usr/local/lib/python3.12/dist-packages/torch/cuda/__init__.py:435: UserWarning: \n"}
,{"stream_name":"stderr","time":15.294021907,"data":"    Found GPU0 Tesla P100-PCIE-16GB which is of cuda capability 6.0.\n"}
,{"stream_name":"stderr","time":15.294026102,"data":"    Minimum and Maximum cuda capability supported by this version of PyTorch is\n"}
,{"stream_name":"stderr","time":15.294029724,"data":"    (7.0) - (12.0)\n"}
,{"stream_name":"stderr","time":15.294033446,"data":"    \n"}
,{"stream_name":"stderr","time":15.294037462,"data":"  queued_call()\n"}
,{"stream_name":"stderr","time":15.294041509,"data":"/usr/local/lib/python3.12/dist-packages/torch/cuda/__init__.py:435: UserWarning: \n"}
,{"stream_name":"stderr","time":15.294044966,"data":"    Please install PyTorch with a following CUDA\n"}
,{"stream_name":"stderr","time":15.294049036,"data":"    configurations:  12.6 following instructions at\n"}
,{"stream_name":"stderr","time":15.294052941,"data":"    https://pytorch.org/get-started/locally/\n"}
,{"stream_name":"stderr","time":15.294056806,"data":"    \n"}
,{"stream_name":"stderr","time":15.29406052,"data":"  queued_call()\n"}
,{"stream_name":"stderr","time":15.294064141,"data":"/usr/local/lib/python3.12/dist-packages/torch/cuda/__init__.py:435: UserWarning: \n"}
,{"stream_name":"stderr","time":15.294068509,"data":"Tesla P100-PCIE-16GB with CUDA capability sm_60 is not compatible with the current PyTorch installation.\n"}
,{"stream_name":"stderr","time":15.294072163,"data":"The current PyTorch install supports CUDA capabilities sm_70 sm_75 sm_80 sm_86 sm_90 sm_100 sm_120.\n"}
,{"stream_name":"stderr","time":15.294075907,"data":"If you want to use the Tesla P100-PCIE-16GB GPU with PyTorch, please check the instructions at https://pytorch.org/get-started/locally/\n"}
,{"stream_name":"stderr","time":15.294084476,"data":"\n"}
,{"stream_name":"stderr","time":15.294087434,"data":"  queued_call()\n"}
,{"stream_name":"stdout","time":15.493687099,"data":"GPU Tesla P100-PCIE-16GB  sm_60  torch 2.10.0+cu128\n"}
,{"stream_name":"stdout","time":15.520155204,"data":"UNUSABLE: CUDA error: no kernel image is available for execution on the device\n"}
,{"stream_name":"stdout","time":15.520183765,"data":"Search for `cudaErrorNoKernelImageForDevice' in https://docs.nvidia.com/cuda/cuda-runtime-api/group__CUDART__TYPES.html for more information.\n"}
,{"stream_name":"stdout","time":15.520189142,"data":"CUDA kernel errors might be asynchronously reported at some other API call, so the stacktrace below might be incorrect.\n"}
,{"stream_name":"stdout","time":15.520193648,"data":"For debugging consider passing CUDA_LAUNCH_BLOCKING=1\n"}
,{"stream_name":"stdout","time":15.520197871,"data":"Compile with `TORCH_USE_CUDA_DSA` to enable device-side assertions.\n"}
,{"stream_name":"stdout","time":15.520201329,"data":"\n"}
,{"stream_name":"stdout","time":15.520205049,"data":"installing a torch build that supports this GPU ...\n"}
,{"stream_name":"stdout","time":25.878361993,"data":"     ━━━━━━━━━━━━━━━━━━━━━━━━━━━━━━━━━━━━━━━ 780.4/780.4 MB 2.3 MB/s eta 0:00:00\n"}
,{"stream_name":"stdout","time":26.080634354,"data":"     ━━━━━━━━━━━━━━━━━━━━━━━━━━━━━━━━━━━━━━━ 780.4/780.4 MB 2.3 MB/s eta 0:00:00\n"}
,{"stream_name":"stdout","time":28.363183535,"data":"     ━━━━━━━━━━━━━━━━━━━━━━━━━━━━━━━━━━━━━━━━ 7.3/7.3 MB 98.8 MB/s eta 0:00:00\n"}
,{"stream_name":"stdout","time":28.56549177,"data":"     ━━━━━━━━━━━━━━━━━━━━━━━━━━━━━━━━━━━━━━━━ 7.3/7.3 MB 98.8 MB/s eta 0:00:00\n"}
,{"stream_name":"stdout","time":28.603312204,"data":"     ━━━━━━━━━━━━━━━━━━━━━━━━━━━━━━━━━━━━━━━ 23.7/23.7 MB 229.2 MB/s eta 0:00:00\n"}
,{"stream_name":"stdout","time":28.726006581,"data":"     ━━━━━━━━━━━━━━━━━━━━━━━━━━━━━━━━━━━━━ 823.6/823.6 kB 231.4 MB/s eta 0:00:00\n"}
,{"stream_name":"stdout","time":28.805467598,"data":"     ━━━━━━━━━━━━━━━━━━━━━━━━━━━━━━━━━━━━━━━ 23.7/23.7 MB 229.2 MB/s eta 0:00:00\n"}
,{"stream_name":"stdout","time":28.805495713,"data":"     ━━━━━━━━━━━━━━━━━━━━━━━━━━━━━━━━━━━━━ 823.6/823.6 kB 231.4 MB/s eta 0:00:00\n"}
,{"stream_name":"stdout","time":28.838026801,"data":"     ━━━━━━━━━━━━━━━━━━━━━━━━━━━━━━━━━━━━━━━ 14.1/14.1 MB 242.5 MB/s eta 0:00:00\n"}
,{"stream_name":"stdout","time":29.040125466,"data":"     ━━━━━━━━━━━━━━━━━━━━━━━━━━━━━━━━━━━━━━━ 14.1/14.1 MB 242.5 MB/s eta 0:00:00\n"}
,{"stream_name":"stdout","time":36.437927841,"data":"     ━━━━━━━━━━━━━━━━━━━━━━━━━━━━━━━━━━━━━━━ 664.8/664.8 MB 2.4 MB/s eta 0:00:00\n"}
,{"stream_name":"stdout","time":36.64014749,"data":"     ━━━━━━━━━━━━━━━━━━━━━━━━━━━━━━━━━━━━━━━ 664.8/664.8 MB 2.4 MB/s eta 0:00:00\n"}
,{"stream_name":"stdout","time":40.606810164,"data":"     ━━━━━━━━━━━━━━━━━━━━━━━━━━━━━━━━━━━━━━ 410.6/410.6 MB 90.9 MB/s eta 0:00:00\n"}
,{"stream_name":"stdout","time":40.805600118,"data":"     ━━━━━━━━━━━━━━━━━━━━━━━━━━━━━━━━━━━━━━ 410.6/410.6 MB 90.9 MB/s eta 0:00:00\n"}
,{"stream_name":"stdout","time":42.492771205,"data":"     ━━━━━━━━━━━━━━━━━━━━━━━━━━━━━━━━━━━━━ 121.6/121.6 MB 145.5 MB/s eta 0:00:00\n"}
,{"stream_name":"stdout","time":42.69512624,"data":"     ━━━━━━━━━━━━━━━━━━━━━━━━━━━━━━━━━━━━━ 121.6/121.6 MB 145.5 MB/s eta 0:00:00\n"}
,{"stream_name":"stdout","time":43.65902057,"data":"     ━━━━━━━━━━━━━━━━━━━━━━━━━━━━━━━━━━━━━━━ 56.5/56.5 MB 182.1 MB/s eta 0:00:00\n"}
,{"stream_name":"stdout","time":43.86171482,"data":"     ━━━━━━━━━━━━━━━━━━━━━━━━━━━━━━━━━━━━━━━ 56.5/56.5 MB 182.1 MB/s eta 0:00:00\n"}
,{"stream_name":"stdout","time":44.492465104,"data":"     ━━━━━━━━━━━━━━━━━━━━━━━━━━━━━━━━━━━━━ 124.2/124.2 MB 146.6 MB/s eta 0:00:00\n"}
,{"stream_name":"stdout","time":44.693105392,"data":"     ━━━━━━━━━━━━━━━━━━━━━━━━━━━━━━━━━━━━━ 124.2/124.2 MB 146.6 MB/s eta 0:00:00\n"}
,{"stream_name":"stdout","time":45.762530432,"data":"     ━━━━━━━━━━━━━━━━━━━━━━━━━━━━━━━━━━━━━ 196.0/196.0 MB 135.7 MB/s eta 0:00:00\n"}
,{"stream_name":"stdout","time":45.96805762,"data":"     ━━━━━━━━━━━━━━━━━━━━━━━━━━━━━━━━━━━━━ 196.0/196.0 MB 135.7 MB/s eta 0:00:00\n"}
,{"stream_name":"stdout","time":47.417761312,"data":"     ━━━━━━━━━━━━━━━━━━━━━━━━━━━━━━━━━━━━━ 188.7/188.7 MB 124.4 MB/s eta 0:00:00\n"}
,{"stream_name":"stdout","time":47.619997799,"data":"     ━━━━━━━━━━━━━━━━━━━━━━━━━━━━━━━━━━━━━ 188.7/188.7 MB 124.4 MB/s eta 0:00:00\n"}
,{"stream_name":"stdout","time":49.077301615,"data":"     ━━━━━━━━━━━━━━━━━━━━━━━━━━━━━━━━━━━━━━━ 99.1/99.1 kB 101.3 MB/s eta 0:00:00\n"}
,{"stream_name":"stdout","time":49.280654349,"data":"     ━━━━━━━━━━━━━━━━━━━━━━━━━━━━━━━━━━━━━━━ 99.1/99.1 kB 101.3 MB/s eta 0:00:00\n"}
,{"stream_name":"stdout","time":51.41517772,"data":"     ━━━━━━━━━━━━━━━━━━━━━━━━━━━━━━━━━━━━━━━ 209.6/209.6 MB 8.9 MB/s eta 0:00:00\n"}
,{"stream_name":"stdout","time":51.617284376,"data":"     ━━━━━━━━━━━━━━━━━━━━━━━━━━━━━━━━━━━━━━━ 209.6/209.6 MB 8.9 MB/s eta 0:00:00\n"}
,{"stream_name":"stdout","time":52.299515232,"data":"   ━━━━━━━━━━━━━━━━━━━━━━━━━━━━━━━━━━━━━━━━ 6.2/6.2 MB 70.6 MB/s eta 0:00:00\n"}
,{"stream_name":"stdout","time":52.501547924,"data":"   ━━━━━━━━━━━━━━━━━━━━━━━━━━━━━━━━━━━━━━━━ 6.2/6.2 MB 70.6 MB/s eta 0:00:00\n"}
,{"stream_name":"stderr","time":165.733577501,"data":"ERROR: pip's dependency resolver does not currently take into account all the packages that are installed. This behaviour is the source of the following dependency conflicts.\n"}
,{"stream_name":"stderr","time":165.733648036,"data":"torchaudio 2.10.0+cu128 requires torch==2.10.0, but you have torch 2.5.1+cu121 which is incompatible.\n"}
,{"stream_name":"stderr","time":165.941902184,"data":"ERROR: pip's dependency resolver does not currently take into account all the packages that are installed. This behaviour is the source of the following dependency conflicts.\n"}
,{"stream_name":"stderr","time":165.941952596,"data":"torchaudio 2.10.0+cu128 requires torch==2.10.0, but you have torch 2.5.1+cu121 which is incompatible.\n"}
,{"stream_name":"stderr","time":165.941961946,"data":"\n"}
,{"stream_name":"stderr","time":165.941967521,"data":"ERROR: pip's dependency resolver does not currently take into account all the packages that are installed. This behaviour is the source of the following dependency conflicts.\n"}
,{"stream_name":"stderr","time":165.941973632,"data":"torchaudio 2.10.0+cu128 requires torch==2.10.0, but you have torch 2.5.1+cu121 which is incompatible.\n"}
,{"stream_name":"stdout","time":166.317380361,"data":"installed -- src/train.py runs in a subprocess so it picks up the new build\n"}
,{"stream_name":"stdout","time":166.332139752,"data":"/usr/bin/python3 -u /kaggle/working/repo/src/train.py --datasets /kaggle/input --splits /kaggle/working/repo/data/splits/dev_v1.json --run-id I24FT01 --out /kaggle/working/I24FT01 --cache /kaggle/temp/cache560 --channels-last --resume --folds 0,1 --epochs 30 --size 224 --batch 16 --cache-size 560 --backbone retfound:/kaggle/input --lpft --lpft-epochs 5 --lpft-lr-backbone 1e-5 --lpft-warmup-epochs 2 --tta\n"}
,{"stream_name":"stdout","time":168.5387518,"data":"COMMIT c28d344d4c6656974fd8f7a39773c07ef5146bda\n"}
,{"stream_name":"stdout","time":168.539536295,"data":"RUN I24FT01\n"}
,{"stream_name":"stdout","time":168.594165551,"data":"device=cuda  torch=2.5.1+cu121  gpu=Tesla P100-PCIE-16GB\n"}
,{"stream_name":"stdout","time":168.724687645,"data":"[gpu] sm_60 usable\n"}
,{"stream_name":"stdout","time":169.363994597,"data":"[corpora] IDRiD          516 images\n"}
,{"stream_name":"stdout","time":170.5621029,"data":"[corpora] Messidor-2    1744 images\n"}
,{"stream_name":"stdout","time":170.565110478,"data":"  IDRiD       n=   516  DR0=168 DR1=25 DR2=168 DR3=93 DR4=62   dme_supervised=  516 (exact=516)\n"}
,{"stream_name":"stdout","time":170.566009122,"data":"  Messidor-2  n=  1744  DR0=1017 DR1=270 DR2=347 DR3=75 DR4=35   dme_supervised= 1744 (exact=151)\n"}
,{"stream_name":"stdout","time":170.567985723,"data":"[split] /kaggle/working/repo/data/splits/dev_v1.json fingerprint=0cfbbfeb081999af 5 folds\n"}
,{"stream_name":"stdout","time":170.581398252,"data":"[cache] decoding 2260 images -\u003e /kaggle/temp/cache560\n"}
,{"stream_name":"stdout","time":205.773184074,"data":"[cache]   250/2260  35s, ~283s left\n"}
,{"stream_name":"stdout","time":240.874470989,"data":"[cache]   500/2260  70s, ~247s left\n"}
,{"stream_name":"stdout","time":246.630123289,"data":"[cache]   750/2260  76s, ~153s left\n"}
,{"stream_name":"stdout","time":250.056390616,"data":"[cache]   1000/2260  79s, ~100s left\n"}
,{"stream_name":"stdout","time":253.56111412,"data":"[cache]   1250/2260  83s, ~67s left\n"}
,{"stream_name":"stdout","time":257.161966835,"data":"[cache]   1500/2260  87s, ~44s left\n"}
,{"stream_name":"stdout","time":259.675280942,"data":"[cache]   1750/2260  89s, ~26s left\n"}
,{"stream_name":"stdout","time":261.77651857,"data":"[cache]   2000/2260  91s, ~12s left\n"}
,{"stream_name":"stdout","time":263.826670209,"data":"[cache]   2250/2260  93s, ~0s left\n"}
,{"stream_name":"stdout","time":263.900201015,"data":"[cache]   2260/2260  93s, ~0s left\n"}
,{"stream_name":"stdout","time":263.910777244,"data":"\n"}
,{"stream_name":"stdout","time":263.912102433,"data":"==============================================================================\n"}
,{"stream_name":"stdout","time":263.912871287,"data":"FOLD 0   train=1805  val=455\n"}
,{"stream_name":"stdout","time":263.913853979,"data":"==============================================================================\n"}
,{"stream_name":"stdout","time":280.997971128,"data":"[model] RETFound encoder /kaggle/input/datasets/ah22reza/retfound-cfp-encoder/retfound_cfp_encoder.pth sha256 verified\n"}
,{"stream_name":"stdout","time":286.505958901,"data":"[model] loaded 294 tensors, 0 unexpected\n"}
,{"stream_name":"stdout","time":286.975735986,"data":"  [LP-FT] probe 5 epochs (backbone frozen), then unfreeze at 1e-05 with 2-epoch warmup\n"}
,{"stream_name":"stdout","time":291.538953943,"data":"[model] RETFound encoder /kaggle/input/datasets/ah22reza/retfound-cfp-encoder/retfound_cfp_encoder.pth sha256 verified\n"}
,{"stream_name":"stdout","time":297.116900734,"data":"[model] loaded 294 tensors, 0 unexpected\n"}
,{"stream_name":"stdout","time":297.502718649,"data":"  [LP-FT] epoch 0: backbone FROZEN (probe)\n"}
,{"stream_name":"stdout","time":346.026611114,"data":"  ep   0/30  loss 0.5973 (dr 0.6146 dme 0.5713)  DR qwk 0.249 acc 36.3%  DME qwk 0.000 acc 9.5%  score 0.1496  49s  *best\n"}
,{"stream_name":"stdout","time":396.193118048,"data":"  ep   1/30  loss 0.5379 (dr 0.5508 dme 0.5185)  DR qwk 0.323 acc 14.9%  DME qwk 0.000 acc 9.5%  score 0.1935  47s  *best\n"}
,{"stream_name":"stdout","time":447.756048873,"data":"  ep   2/30  loss 0.5197 (dr 0.5337 dme 0.4987)  DR qwk 0.316 acc 15.4%  DME qwk 0.175 acc 25.7%  score 0.2596  47s  *best\n"}
,{"stream_name":"stdout","time":499.230892025,"data":"  ep   3/30  loss 0.5015 (dr 0.5098 dme 0.4891)  DR qwk 0.320 acc 17.6%  DME qwk 0.251 acc 43.8%  score 0.2925  47s  *best\n"}
,{"stream_name":"stdout","time":550.227547947,"data":"  ep   4/30  loss 0.4958 (dr 0.5020 dme 0.4866)  DR qwk 0.279 acc 16.5%  DME qwk 0.177 acc 48.6%  score 0.2379  46s\n"}
,{"stream_name":"stdout","time":554.849759645,"data":"  [LP-FT] epoch 5: backbone UNFROZEN (fine-tune)\n"}
,{"stream_name":"stdout","time":676.377587198,"data":"  ep   5/30  loss 0.4640 (dr 0.4754 dme 0.4469)  DR qwk 0.252 acc 17.4%  DME qwk 0.035 acc 48.6%  score 0.1654  122s\n"}
,{"stream_name":"stdout","time":805.10162948,"data":"  ep   6/30  loss 0.4154 (dr 0.4257 dme 0.4000)  DR qwk 0.262 acc 18.2%  DME qwk 0.047 acc 48.6%  score 0.1760  122s\n"}
,{"stream_name":"stdout","time":933.829801212,"data":"  ep   7/30  loss 0.3378 (dr 0.3555 dme 0.3113)  DR qwk 0.317 acc 18.7%  DME qwk 0.035 acc 48.6%  score 0.2039  121s\n"}
,{"stream_name":"stdout","time":1062.565513092,"data":"  ep   8/30  loss 0.3022 (dr 0.3242 dme 0.2692)  DR qwk 0.363 acc 20.2%  DME qwk 0.049 acc 47.6%  score 0.2370  122s\n"}
,{"stream_name":"stdout","time":1191.342199805,"data":"  ep   9/30  loss 0.2761 (dr 0.3006 dme 0.2394)  DR qwk 0.389 acc 21.1%  DME qwk 0.074 acc 47.6%  score 0.2629  122s\n"}
,{"stream_name":"stdout","time":1321.742340363,"data":"  ep  10/30  loss 0.2537 (dr 0.2806 dme 0.2133)  DR qwk 0.428 acc 22.0%  DME qwk 0.151 acc 50.5%  score 0.3172  122s  *best\n"}
,{"stream_name":"stdout","time":1459.190158868,"data":"  ep  11/30  loss 0.2383 (dr 0.2689 dme 0.1922)  DR qwk 0.514 acc 27.7%  DME qwk 0.246 acc 50.5%  score 0.4064  122s  *best\n"}
,{"stream_name":"stdout","time":1588.755604501,"data":"  ep  12/30  loss 0.2226 (dr 0.2514 dme 0.1792)  DR qwk 0.560 acc 28.4%  DME qwk 0.304 acc 50.5%  score 0.4573  122s  *best\n"}
,{"stream_name":"stdout","time":1718.150959025,"data":"  ep  13/30  loss 0.2065 (dr 0.2322 dme 0.1680)  DR qwk 0.592 acc 30.8%  DME qwk 0.334 acc 50.5%  score 0.4885  122s  *best\n"}
,{"stream_name":"stdout","time":1847.398595729,"data":"  ep  14/30  loss 0.2015 (dr 0.2205 dme 0.1730)  DR qwk 0.611 acc 31.9%  DME qwk 0.404 acc 51.4%  score 0.5283  122s  *best\n"}
,{"stream_name":"stdout","time":1976.902000435,"data":"  ep  15/30  loss 0.1907 (dr 0.2148 dme 0.1546)  DR qwk 0.631 acc 33.2%  DME qwk 0.389 acc 51.4%  score 0.5338  122s  *best\n"}
,{"stream_name":"stdout","time":2106.279557593,"data":"  ep  16/30  loss 0.1851 (dr 0.2058 dme 0.1539)  DR qwk 0.648 acc 34.3%  DME qwk 0.414 acc 52.4%  score 0.5548  122s  *best\n"}
,{"stream_name":"stdout","time":2235.536654187,"data":"  ep  17/30  loss 0.1778 (dr 0.1977 dme 0.1478)  DR qwk 0.657 acc 34.9%  DME qwk 0.469 acc 52.4%  score 0.5818  122s  *best\n"}
,{"stream_name":"stdout","time":2372.198762305,"data":"  ep  18/30  loss 0.1737 (dr 0.1922 dme 0.1460)  DR qwk 0.678 acc 36.9%  DME qwk 0.501 acc 56.2%  score 0.6072  122s  *best\n"}
,{"stream_name":"stdout","time":2501.589482492,"data":"  ep  19/30  loss 0.1670 (dr 0.1829 dme 0.1432)  DR qwk 0.681 acc 38.2%  DME qwk 0.545 acc 59.0%  score 0.6266  122s  *best\n"}
,{"stream_name":"stdout","time":2631.443399131,"data":"  ep  20/30  loss 0.1566 (dr 0.1690 dme 0.1380)  DR qwk 0.692 acc 38.7%  DME qwk 0.571 acc 61.9%  score 0.6438  122s  *best\n"}
,{"stream_name":"stdout","time":2760.662030528,"data":"  ep  21/30  loss 0.1557 (dr 0.1664 dme 0.1396)  DR qwk 0.702 acc 40.0%  DME qwk 0.637 acc 68.6%  score 0.6761  122s  *best\n"}
,{"stream_name":"stdout","time":2897.406310746,"data":"  ep  22/30  loss 0.1535 (dr 0.1652 dme 0.1360)  DR qwk 0.702 acc 41.5%  DME qwk 0.683 acc 70.5%  score 0.6943  122s  *best\n"}
,{"stream_name":"stdout","time":3026.943009506,"data":"  ep  23/30  loss 0.1488 (dr 0.1574 dme 0.1359)  DR qwk 0.707 acc 42.9%  DME qwk 0.683 acc 70.5%  score 0.6975  122s  *best\n"}
,{"stream_name":"stdout","time":3157.023621658,"data":"  ep  24/30  loss 0.1473 (dr 0.1571 dme 0.1326)  DR qwk 0.714 acc 44.8%  DME qwk 0.691 acc 71.4%  score 0.7051  122s  *best\n"}
,{"stream_name":"stdout","time":3286.237456527,"data":"  ep  25/30  loss 0.1473 (dr 0.1568 dme 0.1330)  DR qwk 0.717 acc 46.4%  DME qwk 0.714 acc 72.4%  score 0.7162  122s  *best\n"}
,{"stream_name":"stdout","time":3415.523022395,"data":"  ep  26/30  loss 0.1441 (dr 0.1522 dme 0.1319)  DR qwk 0.726 acc 48.1%  DME qwk 0.734 acc 72.4%  score 0.7290  122s  *best\n"}
,{"stream_name":"stdout","time":3553.207555267,"data":"  ep  27/30  loss 0.1426 (dr 0.1497 dme 0.1318)  DR qwk 0.727 acc 49.2%  DME qwk 0.737 acc 72.4%  score 0.7309  122s  *best\n"}
,{"stream_name":"stdout","time":3682.455322427,"data":"  ep  28/30  loss 0.1420 (dr 0.1472 dme 0.1342)  DR qwk 0.729 acc 49.5%  DME qwk 0.782 acc 74.3%  score 0.7501  122s  *best\n"}
,{"stream_name":"stdout","time":3811.35197158,"data":"  ep  29/30  loss 0.1429 (dr 0.1480 dme 0.1354)  DR qwk 0.740 acc 51.6%  DME qwk 0.789 acc 75.2%  score 0.7593  122s  *best\n"}
,{"stream_name":"stdout","time":3856.710395427,"data":"\n"}
,{"stream_name":"stdout","time":3856.710426914,"data":"  fold 0 best (selected on validation score, never on test):\n"}
,{"stream_name":"stdout","time":3856.711062036,"data":"    dr                     n=  455  acc  49.7% [45.1,54.5]  floor  52.3%  QWK  0.724  F1 0.525  below-floor\n"}
,{"stream_name":"stdout","time":3856.712148136,"data":"    dme_ungated            n=  105  acc  76.2% [67.6,83.8]  floor  48.6%  QWK  0.794  F1 0.623  BEATS\n"}
,{"stream_name":"stdout","time":3856.7133081,"data":"    dme_gated              n=   71  acc  78.9% [69.0,88.7]  floor  71.8%  QWK  0.678  F1 0.542  below-floor\n"}
,{"stream_name":"stdout","time":3856.71442151,"data":"    dme_referable_binary   n=  455  acc  92.3% [89.9,94.5]  floor  82.0%  QWK  0.748  F1 0.874  BEATS\n"}
,{"stream_name":"stdout","time":3856.835373575,"data":"\n"}
,{"stream_name":"stdout","time":3856.836290965,"data":"==============================================================================\n"}
,{"stream_name":"stdout","time":3856.837206962,"data":"FOLD 1   train=1805  val=455\n"}
,{"stream_name":"stdout","time":3856.838058574,"data":"==============================================================================\n"}
,{"stream_name":"stdout","time":3863.805963547,"data":"[model] RETFound encoder /kaggle/input/datasets/ah22reza/retfound-cfp-encoder/retfound_cfp_encoder.pth sha256 verified\n"}
,{"stream_name":"stdout","time":3868.762566724,"data":"[model] loaded 294 tensors, 0 unexpected\n"}
,{"stream_name":"stdout","time":3869.064950229,"data":"  [LP-FT] probe 5 epochs (backbone frozen), then unfreeze at 1e-05 with 2-epoch warmup\n"}
,{"stream_name":"stdout","time":3873.184767613,"data":"[model] RETFound encoder /kaggle/input/datasets/ah22reza/retfound-cfp-encoder/retfound_cfp_encoder.pth sha256 verified\n"}
,{"stream_name":"stdout","time":3877.791398004,"data":"[model] loaded 294 tensors, 0 unexpected\n"}
,{"stream_name":"stdout","time":3878.101284048,"data":"  [LP-FT] epoch 0: backbone FROZEN (probe)\n"}
,{"stream_name":"stdout","time":3926.237678817,"data":"  ep   0/30  loss 0.6002 (dr 0.6126 dme 0.5815)  DR qwk 0.009 acc 52.5%  DME qwk -0.025 acc 38.1%  score -0.0044  48s  *best\n"}
,{"stream_name":"stdout","time":3976.970386141,"data":"  ep   1/30  loss 0.5260 (dr 0.5431 dme 0.5005)  DR qwk 0.322 acc 51.0%  DME qwk 0.000 acc 46.7%  score 0.1934  48s  *best\n"}
,{"stream_name":"stdout","time":4029.319385355,"data":"  ep   2/30  loss 0.5193 (dr 0.5252 dme 0.5103)  DR qwk 0.377 acc 46.8%  DME qwk 0.000 acc 46.7%  score 0.2262  48s  *best\n"}
,{"stream_name":"stdout","time":4080.76949407,"data":"  ep   3/30  loss 0.5084 (dr 0.5168 dme 0.4958)  DR qwk 0.403 acc 38.2%  DME qwk 0.074 acc 48.6%  score 0.2718  47s  *best\n"}
,{"stream_name":"stdout","time":4132.426361797,"data":"  ep   4/30  loss 0.4955 (dr 0.5058 dme 0.4799)  DR qwk 0.423 acc 35.8%  DME qwk 0.355 acc 58.1%  score 0.3957  47s  *best\n"}
,{"stream_name":"stdout","time":4137.103032359,"data":"  [LP-FT] epoch 5: backbone UNFROZEN (fine-tune)\n"}
,{"stream_name":"stdout","time":4258.839409275,"data":"  ep   5/30  loss 0.4704 (dr 0.4774 dme 0.4598)  DR qwk 0.418 acc 32.7%  DME qwk 0.339 acc 60.0%  score 0.3864  122s\n"}
,{"stream_name":"stdout","time":4388.037353762,"data":"  ep   6/30  loss 0.4048 (dr 0.4076 dme 0.4006)  DR qwk 0.462 acc 34.7%  DME qwk 0.395 acc 62.9%  score 0.4351  122s  *best\n"}
,{"stream_name":"stdout","time":4517.567722611,"data":"  ep   7/30  loss 0.3519 (dr 0.3650 dme 0.3321)  DR qwk 0.483 acc 36.3%  DME qwk 0.415 acc 63.8%  score 0.4559  123s  *best\n"}
,{"stream_name":"stdout","time":4646.749739801,"data":"  ep   8/30  loss 0.3063 (dr 0.3275 dme 0.2744)  DR qwk 0.509 acc 36.7%  DME qwk 0.446 acc 62.9%  score 0.4840  122s  *best\n"}
,{"stream_name":"stdout","time":4775.958181846,"data":"  ep   9/30  loss 0.2767 (dr 0.2996 dme 0.2422)  DR qwk 0.549 acc 39.6%  DME qwk 0.469 acc 62.9%  score 0.5168  122s  *best\n"}
,{"stream_name":"stdout","time":4905.136280323,"data":"  ep  10/30  loss 0.2549 (dr 0.2802 dme 0.2170)  DR qwk 0.565 acc 40.0%  DME qwk 0.500 acc 63.8%  score 0.5388  122s  *best\n"}
,{"stream_name":"stdout","time":5034.210575532,"data":"  ep  11/30  loss 0.2344 (dr 0.2561 dme 0.2019)  DR qwk 0.565 acc 38.0%  DME qwk 0.611 acc 66.7%  score 0.5831  122s  *best\n"}
,{"stream_name":"stdout","time":5163.373190354,"data":"  ep  12/30  loss 0.2202 (dr 0.2461 dme 0.1814)  DR qwk 0.582 acc 36.7%  DME qwk 0.671 acc 68.6%  score 0.6179  122s  *best\n"}
,{"stream_name":"stdout","time":5292.020933056,"data":"  ep  13/30  loss 0.2142 (dr 0.2368 dme 0.1802)  DR qwk 0.577 acc 35.4%  DME qwk 0.671 acc 64.8%  score 0.6146  122s\n"}
,{"stream_name":"stdout","time":5421.094163426,"data":"  ep  14/30  loss 0.1977 (dr 0.2188 dme 0.1661)  DR qwk 0.589 acc 36.3%  DME qwk 0.718 acc 68.6%  score 0.6405  122s  *best\n"}
,{"stream_name":"stdout","time":5550.352416591,"data":"  ep  15/30  loss 0.1933 (dr 0.2130 dme 0.1638)  DR qwk 0.598 acc 36.7%  DME qwk 0.714 acc 68.6%  score 0.6446  122s  *best\n"}
,{"stream_name":"stdout","time":5679.6526029,"data":"  ep  16/30  loss 0.1877 (dr 0.2092 dme 0.1554)  DR qwk 0.609 acc 39.8%  DME qwk 0.780 acc 68.6%  score 0.6776  122s  *best\n"}
,{"stream_name":"stdout","time":5809.073066279,"data":"  ep  17/30  loss 0.1765 (dr 0.1963 dme 0.1468)  DR qwk 0.622 acc 41.5%  DME qwk 0.780 acc 68.6%  score 0.6854  123s  *best\n"}
,{"stream_name":"stdout","time":5938.220409384,"data":"  ep  18/30  loss 0.1747 (dr 0.1962 dme 0.1424)  DR qwk 0.632 acc 43.5%  DME qwk 0.819 acc 71.4%  score 0.7070  122s  *best\n"}
,{"stream_name":"stdout","time":6067.777165264,"data":"  ep  19/30  loss 0.1666 (dr 0.1812 dme 0.1449)  DR qwk 0.637 acc 44.8%  DME qwk 0.842 acc 75.2%  score 0.7188  123s  *best\n"}
,{"stream_name":"stdout","time":6196.525511788,"data":"  ep  20/30  loss 0.1617 (dr 0.1765 dme 0.1395)  DR qwk 0.639 acc 45.5%  DME qwk 0.836 acc 74.3%  score 0.7180  122s\n"}
,{"stream_name":"stdout","time":6326.110854754,"data":"  ep  21/30  loss 0.1542 (dr 0.1666 dme 0.1354)  DR qwk 0.640 acc 46.2%  DME qwk 0.844 acc 75.2%  score 0.7217  123s  *best\n"}
,{"stream_name":"stdout","time":6455.480602735,"data":"  ep  22/30  loss 0.1533 (dr 0.1646 dme 0.1365)  DR qwk 0.655 acc 47.5%  DME qwk 0.841 acc 77.1%  score 0.7291  122s  *best\n"}
,{"stream_name":"stdout","time":6584.795528896,"data":"  ep  23/30  loss 0.1490 (dr 0.1585 dme 0.1348)  DR qwk 0.660 acc 49.2%  DME qwk 0.861 acc 80.0%  score 0.7402  122s  *best\n"}
,{"stream_name":"stdout","time":6713.290575129,"data":"  ep  24/30  loss 0.1471 (dr 0.1555 dme 0.1346)  DR qwk 0.665 acc 51.0%  DME qwk 0.851 acc 81.0%  score 0.7392  122s\n"}
,{"stream_name":"stdout","time":6842.528745323,"data":"  ep  25/30  loss 0.1449 (dr 0.1532 dme 0.1323)  DR qwk 0.674 acc 52.5%  DME qwk 0.845 acc 80.0%  score 0.7424  122s  *best\n"}
,{"stream_name":"stdout","time":6971.890649166,"data":"  ep  26/30  loss 0.1475 (dr 0.1543 dme 0.1371)  DR qwk 0.689 acc 53.6%  DME qwk 0.845 acc 80.0%  score 0.7515  123s  *best\n"}
,{"stream_name":"stdout","time":7101.421104082,"data":"  ep  27/30  loss 0.1425 (dr 0.1501 dme 0.1310)  DR qwk 0.700 acc 54.7%  DME qwk 0.847 acc 80.0%  score 0.7585  123s  *best\n"}
,{"stream_name":"stdout","time":7231.110851334,"data":"  ep  28/30  loss 0.1429 (dr 0.1500 dme 0.1322)  DR qwk 0.708 acc 55.8%  DME qwk 0.853 acc 81.0%  score 0.7661  123s  *best\n"}
,{"stream_name":"stdout","time":7360.312769668,"data":"  ep  29/30  loss 0.1418 (dr 0.1480 dme 0.1326)  DR qwk 0.715 acc 56.7%  DME qwk 0.853 acc 81.0%  score 0.7704  123s  *best\n"}
,{"stream_name":"stdout","time":7406.943059832,"data":"\n"}
,{"stream_name":"stdout","time":7406.944510636,"data":"  fold 1 best (selected on validation score, never on test):\n"}
,{"stream_name":"stdout","time":7406.945640068,"data":"    dr                     n=  455  acc  55.4% [50.8,60.0]  floor  52.3%  QWK  0.701  F1 0.516  below-floor\n"}
,{"stream_name":"stdout","time":7406.94674488,"data":"    dme_ungated            n=  105  acc  83.8% [76.2,90.5]  floor  46.7%  QWK  0.874  F1 0.745  BEATS\n"}
,{"stream_name":"stdout","time":7406.947823802,"data":"    dme_gated              n=   71  acc  78.9% [69.0,87.3]  floor  69.0%  QWK  0.703  F1 0.648  below-floor\n"}
,{"stream_name":"stdout","time":7406.948963846,"data":"    dme_referable_binary   n=  455  acc  95.4% [93.2,97.4]  floor  83.1%  QWK  0.833  F1 0.917  BEATS\n"}
,{"stream_name":"stdout","time":7410.185926432,"data":"\n"}
,{"stream_name":"stdout","time":7410.187001148,"data":"==============================================================================\n"}
,{"stream_name":"stdout","time":7410.187956295,"data":"POOLED OUT-OF-FOLD (910 images, folds [0, 1])\n"}
,{"stream_name":"stdout","time":7410.189319047,"data":"==============================================================================\n"}
,{"stream_name":"stdout","time":7410.189906023,"data":"    dr                     n=  910  acc  54.2% [51.0,57.4]  floor  52.3%  QWK  0.728  F1 0.518  below-floor\n"}
,{"stream_name":"stdout","time":7410.190797992,"data":"    dme_ungated            n=  210  acc  78.1% [72.4,83.3]  floor  47.6%  QWK  0.821  F1 0.670  BEATS\n"}
,{"stream_name":"stdout","time":7410.191532717,"data":"    dme_gated              n=  142  acc  77.5% [71.1,83.8]  floor  70.4%  QWK  0.649  F1 0.596  BEATS\n"}
,{"stream_name":"stdout","time":7410.192163422,"data":"    dme_referable_binary   n=  910  acc  92.9% [91.2,94.5]  floor  82.5%  QWK  0.755  F1 0.878  BEATS\n"}
,{"stream_name":"stdout","time":7410.192847167,"data":"\n"}
,{"stream_name":"stdout","time":7410.193601522,"data":"wrote /kaggle/working/I24FT01/results.json  (7242s)\n"}
,{"stream_name":"stdout","time":7412.102101635,"data":"\n"}
,{"stream_name":"stdout","time":7412.102142866,"data":"exit=0  7246s\n"}
,{"stream_name":"stdout","time":7412.125008889,"data":"/usr/bin/python3 -u /kaggle/working/repo/src/eval_external.py --run /kaggle/working/I24FT01 --datasets /kaggle/input --corpus APTOS --cache /kaggle/temp/cache_ext --tta\n"}
,{"stream_name":"stdout","time":7418.447846091,"data":"run I24FT01  commit c28d344d4c  device=cuda  backbone=retfound:/kaggle/input head=ordinal size=224\n"}
,{"stream_name":"stdout","time":7421.454675785,"data":"[corpora] APTOS            0 images\n"}
,{"stream_name":"stdout","time":7421.534091158,"data":"APTOS matched 0 images — is it attached to this kernel?\n"}
,{"stream_name":"stdout","time":7421.867324855,"data":"external exit= 1\n"}
,{"stream_name":"stdout","time":7422.067894912,"data":"dropping ckpt_1.pt 4862 MB\n"}
,{"stream_name":"stdout","time":7422.793426356,"data":"dropping ckpt_0.pt 4862 MB\n"}
,{"stream_name":"stdout","time":7422.793460236,"data":" 1215.41 MB  best_0.pt\n"}
,{"stream_name":"stdout","time":7422.79348042,"data":" 1215.41 MB  best_1.pt\n"}
,{"stream_name":"stdout","time":7422.793484882,"data":"    0.00 MB  external.log\n"}
,{"stream_name":"stdout","time":7422.793488832,"data":"    0.01 MB  oof_0.npz\n"}
,{"stream_name":"stdout","time":7422.793492804,"data":"    0.01 MB  oof_1.npz\n"}
,{"stream_name":"stdout","time":7422.793496601,"data":"    0.03 MB  results.json\n"}
,{"stream_name":"stdout","time":7422.793500208,"data":"    0.01 MB  train_20260905-073618.log\n"}
,{"stream_name":"stdout","time":7422.793504118,"data":"\n"}
,{"stream_name":"stdout","time":7422.793507845,"data":"run I24FT01 commit c28d344d4c | folds [0, 1]\n"}
,{"stream_name":"stdout","time":7422.793512162,"data":"  dr                     n=  910 acc  54.2% floor  52.3% QWK  0.728\n"}
,{"stream_name":"stdout","time":7422.793515832,"data":"  dme_ungated            n=  210 acc  78.1% floor  47.6% QWK  0.821\n"}
,{"stream_name":"stdout","time":7422.793519322,"data":"  dme_gated              n=  142 acc  77.5% floor  70.4% QWK  0.649\n"}
,{"stream_name":"stdout","time":7422.793522868,"data":"  dme_referable_binary   n=  910 acc  92.9% floor  82.5% QWK  0.755\n"}
,{"stream_name":"stderr","time":7427.882795736,"data":"/usr/local/lib/python3.12/dist-packages/mistune.py:435: SyntaxWarning: invalid escape sequence '\\|'\n"}
,{"stream_name":"stderr","time":7427.882837467,"data":"  cells[i][c] = re.sub('\\\\\\\\\\|', '|', cell)\n"}
,{"stream_name":"stderr","time":7428.103593661,"data":"/usr/local/lib/python3.12/dist-packages/nbconvert/filters/filter_links.py:36: SyntaxWarning: invalid escape sequence '\\_'\n"}
,{"stream_name":"stderr","time":7428.103618233,"data":"  text = re.sub(r'_', '\\_', text) # Escape underscores in display text\n"}
,{"stream_name":"stderr","time":7428.732080933,"data":"[NbConvertApp] Converting notebook __notebook__.ipynb to notebook\n"}
,{"stream_name":"stderr","time":7429.05402929,"data":"[NbConvertApp] Writing 30993 bytes to __notebook__.ipynb\n"}
,{"stream_name":"stderr","time":7431.378432354,"data":"[NbConvertApp] Converting notebook __notebook__.ipynb to html\n"}
,{"stream_name":"stderr","time":7432.367329098,"data":"[NbConvertApp] Writing 326710 bytes to __results__.html\n"}
]