run ?  commit ?  device=cuda  backbone=densenet121 head=ordinal size=448
[corpora] APTOS         3662 images
  APTOS       n=  3662  DR0=1805 DR1=370 DR2=999 DR3=193 DR4=295   dme_supervised=    0 (exact=0)
[corpora] IDRiD          516 images
[corpora] Messidor-2    1744 images
[cache] decoding 3662 images -> /kaggle/temp/cache_ext
[cache]   250/3662  31s, ~429s left
[cache]   500/3662  60s, ~381s left
[cache]   750/3662  91s, ~352s left
[cache]   1000/3662  118s, ~315s left
[cache]   1250/3662  147s, ~284s left
[cache]   1500/3662  175s, ~252s left
[cache]   1750/3662  203s, ~222s left
[cache]   2000/3662  230s, ~191s left
[cache]   2250/3662  257s, ~161s left
[cache]   2500/3662  286s, ~133s left
[cache]   2750/3662  314s, ~104s left
[cache]   3000/3662  343s, ~76s left
[cache]   3250/3662  374s, ~47s left
[cache]   3500/3662  402s, ~19s left
[cache]   3662/3662  421s, ~0s left
ensembling 5 folds: ['best_0.pt', 'best_1.pt', 'best_2.pt', 'best_3.pt', 'best_4.pt']

==============================================================================
EXTERNAL — APTOS, never seen in training
==============================================================================
    dr                     n= 3662  acc  73.5% [72.0,74.9]  floor  49.3%  QWK  0.897  F1 0.530  BEATS
                          recall 97%  6%  64%  64%  52%   support [1805, 370, 999, 193, 295]
                          referable-DR sens 99.5%  spec 84.3%

wrote /kaggle/working/E08X2/external_aptos.json
wrote /kaggle/working/E08X2/external_aptos_predictions.npz
