
===== launched 2026-08-25 20:58:11 =====
COMMIT 219881c05e0450e76f68c7cd579d0653fd4d2652
RUN E06
HYPOTHESIS eyepacs-pretraining-then-finetune-on-dev-pool
device=cuda  torch=2.5.1+cu121  gpu=Tesla P100-PCIE-16GB
[gpu] sm_60 usable
[corpora] IDRiD          516 images
[corpora] Messidor-2    1744 images
  IDRiD       n=   516  DR0=168 DR1=25 DR2=168 DR3=93 DR4=62   dme_supervised=  516 (exact=516)
  Messidor-2  n=  1744  DR0=1017 DR1=270 DR2=347 DR3=75 DR4=35   dme_supervised= 1744 (exact=151)
[split] /kaggle/working/repo/data/splits/dev_v1.json fingerprint=0cfbbfeb081999af 5 folds
[corpora] EyePACS      35126 images
  EyePACS     n= 35126  DR0=25810 DR1=2443 DR2=5292 DR3=873 DR4=708   dme_supervised=    0 (exact=0)
[cache] decoding 37386 images -> /kaggle/temp/cache560
[cache]   250/37386  37s, ~5464s left
[cache]   500/37386  74s, ~5432s left
[cache]   750/37386  80s, ~3922s left
[cache]   1000/37386  85s, ~3077s left
[cache]   1250/37386  89s, ~2572s left
[cache]   1500/37386  93s, ~2233s left
[cache]   1750/37386  97s, ~1969s left
[cache]   2000/37386  100s, ~1766s left
[cache]   2250/37386  103s, ~1605s left
[cache]   2500/37386  108s, ~1505s left
[cache]   2750/37386  113s, ~1422s left
[cache]   3000/37386  118s, ~1350s left
[cache]   3250/37386  123s, ~1291s left
[cache]   3500/37386  128s, ~1238s left
[cache]   3750/37386  133s, ~1191s left
[cache]   4000/37386  138s, ~1149s left
[cache]   4250/37386  143s, ~1112s left
[cache]   4500/37386  147s, ~1078s left
[cache]   4750/37386  152s, ~1047s left
[cache]   5000/37386  157s, ~1019s left
[cache]   5250/37386  162s, ~993s left
[cache]   5500/37386  167s, ~969s left
[cache]   5750/37386  172s, ~946s left
[cache]   6000/37386  177s, ~925s left
[cache]   6250/37386  182s, ~904s left
[cache]   6500/37386  186s, ~886s left
[cache]   6750/37386  191s, ~868s left
[cache]   7000/37386  197s, ~855s left
[cache]   7250/37386  202s, ~839s left
[cache]   7500/37386  207s, ~824s left
[cache]   7750/37386  211s, ~809s left
[cache]   8000/37386  216s, ~795s left
[cache]   8250/37386  221s, ~781s left
[cache]   8500/37386  226s, ~767s left
[cache]   8750/37386  231s, ~755s left
[cache]   9000/37386  235s, ~742s left
[cache]   9250/37386  240s, ~730s left
[cache]   9500/37386  245s, ~718s left
[cache]   9750/37386  249s, ~707s left
[cache]   10000/37386  254s, ~696s left
[cache]   10250/37386  259s, ~685s left
[cache]   10500/37386  264s, ~675s left
[cache]   10750/37386  268s, ~665s left
[cache]   11000/37386  273s, ~655s left
[cache]   11250/37386  278s, ~646s left
[cache]   11500/37386  283s, ~636s left
[cache]   11750/37386  288s, ~627s left
[cache]   12000/37386  292s, ~618s left
[cache]   12250/37386  297s, ~610s left
[cache]   12500/37386  302s, ~601s left
[cache]   12750/37386  306s, ~592s left
[cache]   13000/37386  311s, ~584s left
[cache]   13250/37386  316s, ~575s left
[cache]   13500/37386  321s, ~567s left
[cache]   13750/37386  325s, ~559s left
[cache]   14000/37386  330s, ~551s left
[cache]   14250/37386  335s, ~544s left
[cache]   14500/37386  340s, ~536s left
[cache]   14750/37386  345s, ~529s left
[cache]   15000/37386  350s, ~522s left
[cache]   15250/37386  355s, ~515s left
[cache]   15500/37386  360s, ~508s left
[cache]   15750/37386  364s, ~501s left
[cache]   16000/37386  369s, ~494s left
[cache]   16250/37386  374s, ~487s left
[cache]   16500/37386  379s, ~480s left
[cache]   16750/37386  384s, ~473s left
[cache]   17000/37386  389s, ~466s left
[cache]   17250/37386  393s, ~459s left
[cache]   17500/37386  398s, ~452s left
[cache]   17750/37386  403s, ~446s left
[cache]   18000/37386  408s, ~439s left
[cache]   18250/37386  412s, ~433s left
[cache]   18500/37386  417s, ~426s left
[cache]   18750/37386  422s, ~420s left
[cache]   19000/37386  427s, ~413s left
[cache]   19250/37386  432s, ~407s left
[cache]   19500/37386  437s, ~401s left
[cache]   19750/37386  442s, ~395s left
[cache]   20000/37386  447s, ~389s left
[cache]   20250/37386  452s, ~383s left
[cache]   20500/37386  457s, ~377s left
[cache]   20750/37386  462s, ~371s left
[cache]   21000/37386  467s, ~365s left
[cache]   21250/37386  472s, ~359s left
[cache]   21500/37386  477s, ~353s left
[cache]   21750/37386  482s, ~347s left
[cache]   22000/37386  487s, ~341s left
[cache]   22250/37386  492s, ~335s left
[cache]   22500/37386  497s, ~329s left
[cache]   22750/37386  502s, ~323s left
[cache]   23000/37386  507s, ~317s left
[cache]   23250/37386  512s, ~311s left
[cache]   23500/37386  517s, ~305s left
[cache]   23750/37386  522s, ~300s left
[cache]   24000/37386  527s, ~294s left
[cache]   24250/37386  532s, ~288s left
[cache]   24500/37386  537s, ~282s left
[cache]   24750/37386  542s, ~277s left
[cache]   25000/37386  547s, ~271s left
[cache]   25250/37386  552s, ~265s left
[cache]   25500/37386  556s, ~259s left
[cache]   25750/37386  561s, ~254s left
[cache]   26000/37386  566s, ~248s left
[cache]   26250/37386  571s, ~242s left
[cache]   26500/37386  576s, ~237s left
[cache]   26750/37386  581s, ~231s left
[cache]   27000/37386  586s, ~225s left
[cache]   27250/37386  591s, ~220s left
[cache]   27500/37386  596s, ~214s left
[cache]   27750/37386  600s, ~209s left
[cache]   28000/37386  605s, ~203s left
[cache]   28250/37386  610s, ~197s left
[cache]   28500/37386  615s, ~192s left
[cache]   28750/37386  620s, ~186s left
[cache]   29000/37386  625s, ~181s left
[cache]   29250/37386  630s, ~175s left
[cache]   29500/37386  635s, ~170s left
[cache]   29750/37386  640s, ~164s left
[cache]   30000/37386  645s, ~159s left
[cache]   30250/37386  650s, ~153s left
[cache]   30500/37386  655s, ~148s left
[cache]   30750/37386  660s, ~142s left
[cache]   31000/37386  665s, ~137s left
[cache]   31250/37386  670s, ~132s left
[cache]   31500/37386  675s, ~126s left
[cache]   31750/37386  680s, ~121s left
[cache]   32000/37386  685s, ~115s left
[cache]   32250/37386  689s, ~110s left
[cache]   32500/37386  694s, ~104s left
[cache]   32750/37386  699s, ~99s left
[cache]   33000/37386  704s, ~94s left
[cache]   33250/37386  709s, ~88s left
[cache]   33500/37386  714s, ~83s left
[cache]   33750/37386  719s, ~77s left
[cache]   34000/37386  724s, ~72s left
[cache]   34250/37386  729s, ~67s left
[cache]   34500/37386  734s, ~61s left
[cache]   34750/37386  739s, ~56s left
[cache]   35000/37386  745s, ~51s left
[cache]   35250/37386  751s, ~46s left
[cache]   35500/37386  757s, ~40s left
[cache]   35750/37386  762s, ~35s left
[cache]   36000/37386  767s, ~30s left
[cache]   36250/37386  773s, ~24s left
[cache]   36500/37386  778s, ~19s left
[cache]   36750/37386  783s, ~14s left
[cache]   37000/37386  788s, ~8s left
[cache]   37250/37386  793s, ~3s left
[cache]   37386/37386  796s, ~0s left

==============================================================================
PRETRAIN on 35126 images (5 epochs)
==============================================================================
Warning: You are sending unauthenticated requests to the HF Hub. Please set a HF_TOKEN to enable higher rate limits and faster downloads.
Traceback (most recent call last):
  File "/kaggle/working/repo/src/train.py", line 630, in <module>
    main()
  File "/kaggle/working/repo/src/train.py", line 582, in main
    init_state = pretrain(pre_rows, args, device, out_dir, amp_dtype) if pre_rows else None
                 ^^^^^^^^^^^^^^^^^^^^^^^^^^^^^^^^^^^^^^^^^^^^^^^^^^^^
  File "/kaggle/working/repo/src/train.py", line 293, in pretrain
    if init_state is not None:
       ^^^^^^^^^^
NameError: name 'init_state' is not defined
