[{"stream_name":"stderr","time":11.664727711,"data":"0.00s - Debugger warning: It seems that frozen modules are being used, which may\n"}
,{"stream_name":"stderr","time":11.664781636,"data":"0.00s - make the debugger miss breakpoints. Please pass -Xfrozen_modules=off\n"}
,{"stream_name":"stderr","time":11.664785551,"data":"0.00s - to python to disable frozen modules.\n"}
,{"stream_name":"stderr","time":11.664788281,"data":"0.00s - Note: Debugging will proceed. Set PYDEVD_DISABLE_FILE_VALIDATION=1 to disable this validation.\n"}
,{"stream_name":"stderr","time":12.467400449,"data":"0.00s - Debugger warning: It seems that frozen modules are being used, which may\n"}
,{"stream_name":"stderr","time":12.467427497,"data":"0.00s - make the debugger miss breakpoints. Please pass -Xfrozen_modules=off\n"}
,{"stream_name":"stderr","time":12.467432709,"data":"0.00s - to python to disable frozen modules.\n"}
,{"stream_name":"stderr","time":12.467436929,"data":"0.00s - Note: Debugging will proceed. Set PYDEVD_DISABLE_FILE_VALIDATION=1 to disable this validation.\n"}
,{"stream_name":"stdout","time":15.389207184,"data":"CODE COMMIT b72394519749faa33916c03048d3519950a655c3\n"}
,{"stream_name":"stdout","time":15.389277763,"data":"CORAL ordinal head implemented and pre-registered as E20CORAL\n"}
,{"stream_name":"stdout","time":67.22529918,"data":"datasets                                                  73471 files\n"}
,{"stream_name":"stdout","time":73.262703886,"data":"torch 2.10.0+cu128 | cuda True | Tesla P100-PCIE-16GB\n"}
,{"stream_name":"stderr","time":73.263670963,"data":"/usr/local/lib/python3.12/dist-packages/torch/cuda/__init__.py:435: UserWarning: \n"}
,{"stream_name":"stderr","time":73.263695785,"data":"    Found GPU0 Tesla P100-PCIE-16GB which is of cuda capability 6.0.\n"}
,{"stream_name":"stderr","time":73.263701962,"data":"    Minimum and Maximum cuda capability supported by this version of PyTorch is\n"}
,{"stream_name":"stderr","time":73.263707116,"data":"    (7.0) - (12.0)\n"}
,{"stream_name":"stderr","time":73.263711422,"data":"    \n"}
,{"stream_name":"stderr","time":73.263715561,"data":"  queued_call()\n"}
,{"stream_name":"stderr","time":73.263719793,"data":"/usr/local/lib/python3.12/dist-packages/torch/cuda/__init__.py:435: UserWarning: \n"}
,{"stream_name":"stderr","time":73.263724259,"data":"    Please install PyTorch with a following CUDA\n"}
,{"stream_name":"stderr","time":73.263728474,"data":"    configurations:  12.6 following instructions at\n"}
,{"stream_name":"stderr","time":73.263732878,"data":"    https://pytorch.org/get-started/locally/\n"}
,{"stream_name":"stderr","time":73.263737122,"data":"    \n"}
,{"stream_name":"stderr","time":73.26374142,"data":"  queued_call()\n"}
,{"stream_name":"stderr","time":73.263747191,"data":"/usr/local/lib/python3.12/dist-packages/torch/cuda/__init__.py:435: UserWarning: \n"}
,{"stream_name":"stderr","time":73.263755138,"data":"Tesla P100-PCIE-16GB with CUDA capability sm_60 is not compatible with the current PyTorch installation.\n"}
,{"stream_name":"stderr","time":73.263758263,"data":"The current PyTorch install supports CUDA capabilities sm_70 sm_75 sm_80 sm_86 sm_90 sm_100 sm_120.\n"}
,{"stream_name":"stderr","time":73.263761414,"data":"If you want to use the Tesla P100-PCIE-16GB GPU with PyTorch, please check the instructions at https://pytorch.org/get-started/locally/\n"}
,{"stream_name":"stderr","time":73.263764501,"data":"\n"}
,{"stream_name":"stderr","time":73.263767418,"data":"  queued_call()\n"}
,{"stream_name":"stderr","time":73.263770244,"data":"\n"}
,{"stream_name":"stderr","time":73.263773121,"data":"/usr/local/lib/python3.12/dist-packages/torch/cuda/__init__.py:435: UserWarning: \n"}
,{"stream_name":"stderr","time":73.263790531,"data":"    Found GPU0 Tesla P100-PCIE-16GB which is of cuda capability 6.0.\n"}
,{"stream_name":"stderr","time":73.263793262,"data":"    Minimum and Maximum cuda capability supported by this version of PyTorch is\n"}
,{"stream_name":"stderr","time":73.263795606,"data":"    (7.0) - (12.0)\n"}
,{"stream_name":"stderr","time":73.263797888,"data":"    \n"}
,{"stream_name":"stderr","time":73.263800009,"data":"  queued_call()\n"}
,{"stream_name":"stderr","time":73.263802293,"data":"/usr/local/lib/python3.12/dist-packages/torch/cuda/__init__.py:435: UserWarning: \n"}
,{"stream_name":"stderr","time":73.263804717,"data":"    Please install PyTorch with a following CUDA\n"}
,{"stream_name":"stderr","time":73.263811385,"data":"    configurations:  12.6 following instructions at\n"}
,{"stream_name":"stderr","time":73.263813823,"data":"    https://pytorch.org/get-started/locally/\n"}
,{"stream_name":"stderr","time":73.263816104,"data":"    \n"}
,{"stream_name":"stderr","time":73.263818345,"data":"  queued_call()\n"}
,{"stream_name":"stderr","time":73.263820604,"data":"/usr/local/lib/python3.12/dist-packages/torch/cuda/__init__.py:435: UserWarning: \n"}
,{"stream_name":"stderr","time":73.263823039,"data":"Tesla P100-PCIE-16GB with CUDA capability sm_60 is not compatible with the current PyTorch installation.\n"}
,{"stream_name":"stderr","time":73.263825535,"data":"The current PyTorch install supports CUDA capabilities sm_70 sm_75 sm_80 sm_86 sm_90 sm_100 sm_120.\n"}
,{"stream_name":"stderr","time":73.26382805,"data":"If you want to use the Tesla P100-PCIE-16GB GPU with PyTorch, please check the instructions at https://pytorch.org/get-started/locally/\n"}
,{"stream_name":"stderr","time":73.263830431,"data":"\n"}
,{"stream_name":"stderr","time":73.263832622,"data":"  queued_call()\n"}
,{"stream_name":"stdout","time":73.463449903,"data":"GPU Tesla P100-PCIE-16GB  sm_60  torch 2.10.0+cu128\n"}
,{"stream_name":"stdout","time":73.588923155,"data":"UNUSABLE: CUDA error: no kernel image is available for execution on the device\n"}
,{"stream_name":"stdout","time":73.588971608,"data":"Search for `cudaErrorNoKernelImageForDevice' in https://docs.nvidia.com/cuda/cuda-runtime-api/group__CUDART__TYPES.html for more information.\n"}
,{"stream_name":"stdout","time":73.588979125,"data":"CUDA kernel errors might be asynchronously reported at some other API call, so the stacktrace below might be incorrect.\n"}
,{"stream_name":"stdout","time":73.58898394,"data":"For debugging consider passing CUDA_LAUNCH_BLOCKING=1\n"}
,{"stream_name":"stdout","time":73.588988523,"data":"Compile with `TORCH_USE_CUDA_DSA` to enable device-side assertions.\n"}
,{"stream_name":"stdout","time":73.588993075,"data":"\n"}
,{"stream_name":"stdout","time":73.588996648,"data":"installing a torch build that supports this GPU ...\n"}
,{"stream_name":"stdout","time":84.387442125,"data":"     ━━━━━━━━━━━━━━━━━━━━━━━━━━━━━━━━━━━━━━━ 780.4/780.4 MB 2.4 MB/s eta 0:00:00\n"}
,{"stream_name":"stdout","time":84.589749467,"data":"     ━━━━━━━━━━━━━━━━━━━━━━━━━━━━━━━━━━━━━━━ 780.4/780.4 MB 2.4 MB/s eta 0:00:00\n"}
,{"stream_name":"stdout","time":86.922496066,"data":"     ━━━━━━━━━━━━━━━━━━━━━━━━━━━━━━━━━━━━━━━━ 7.3/7.3 MB 92.1 MB/s eta 0:00:00\n"}
,{"stream_name":"stdout","time":87.124852713,"data":"     ━━━━━━━━━━━━━━━━━━━━━━━━━━━━━━━━━━━━━━━━ 7.3/7.3 MB 92.1 MB/s eta 0:00:00\n"}
,{"stream_name":"stdout","time":87.181309744,"data":"     ━━━━━━━━━━━━━━━━━━━━━━━━━━━━━━━━━━━━━━━ 23.7/23.7 MB 233.8 MB/s eta 0:00:00\n"}
,{"stream_name":"stdout","time":87.338138224,"data":"     ━━━━━━━━━━━━━━━━━━━━━━━━━━━━━━━━━━━━━ 823.6/823.6 kB 231.9 MB/s eta 0:00:00\n"}
,{"stream_name":"stdout","time":87.383384582,"data":"     ━━━━━━━━━━━━━━━━━━━━━━━━━━━━━━━━━━━━━━━ 23.7/23.7 MB 233.8 MB/s eta 0:00:00\n"}
,{"stream_name":"stdout","time":87.383409928,"data":"     ━━━━━━━━━━━━━━━━━━━━━━━━━━━━━━━━━━━━━ 823.6/823.6 kB 231.9 MB/s eta 0:00:00\n"}
,{"stream_name":"stdout","time":87.488104681,"data":"     ━━━━━━━━━━━━━━━━━━━━━━━━━━━━━━━━━━━━━━━ 14.1/14.1 MB 220.9 MB/s eta 0:00:00\n"}
,{"stream_name":"stdout","time":87.689072446,"data":"     ━━━━━━━━━━━━━━━━━━━━━━━━━━━━━━━━━━━━━━━ 14.1/14.1 MB 220.9 MB/s eta 0:00:00\n"}
,{"stream_name":"stdout","time":94.442914086,"data":"     ━━━━━━━━━━━━━━━━━━━━━━━━━━━━━━━━━━━━━━━ 664.8/664.8 MB 2.5 MB/s eta 0:00:00\n"}
,{"stream_name":"stdout","time":94.645136667,"data":"     ━━━━━━━━━━━━━━━━━━━━━━━━━━━━━━━━━━━━━━━ 664.8/664.8 MB 2.5 MB/s eta 0:00:00\n"}
,{"stream_name":"stdout","time":98.978592054,"data":"     ━━━━━━━━━━━━━━━━━━━━━━━━━━━━━━━━━━━━━━ 410.6/410.6 MB 83.4 MB/s eta 0:00:00\n"}
,{"stream_name":"stdout","time":99.180659317,"data":"     ━━━━━━━━━━━━━━━━━━━━━━━━━━━━━━━━━━━━━━ 410.6/410.6 MB 83.4 MB/s eta 0:00:00\n"}
,{"stream_name":"stdout","time":101.800020659,"data":"     ━━━━━━━━━━━━━━━━━━━━━━━━━━━━━━━━━━━━━ 121.6/121.6 MB 165.5 MB/s eta 0:00:00\n"}
,{"stream_name":"stdout","time":102.002332748,"data":"     ━━━━━━━━━━━━━━━━━━━━━━━━━━━━━━━━━━━━━ 121.6/121.6 MB 165.5 MB/s eta 0:00:00\n"}
,{"stream_name":"stdout","time":102.496975877,"data":"     ━━━━━━━━━━━━━━━━━━━━━━━━━━━━━━━━━━━━━━━ 56.5/56.5 MB 195.3 MB/s eta 0:00:00\n"}
,{"stream_name":"stdout","time":102.699330585,"data":"     ━━━━━━━━━━━━━━━━━━━━━━━━━━━━━━━━━━━━━━━ 56.5/56.5 MB 195.3 MB/s eta 0:00:00\n"}
,{"stream_name":"stdout","time":103.260756436,"data":"     ━━━━━━━━━━━━━━━━━━━━━━━━━━━━━━━━━━━━━ 124.2/124.2 MB 160.4 MB/s eta 0:00:00\n"}
,{"stream_name":"stdout","time":103.464787904,"data":"     ━━━━━━━━━━━━━━━━━━━━━━━━━━━━━━━━━━━━━ 124.2/124.2 MB 160.4 MB/s eta 0:00:00\n"}
,{"stream_name":"stdout","time":104.542594411,"data":"     ━━━━━━━━━━━━━━━━━━━━━━━━━━━━━━━━━━━━━ 196.0/196.0 MB 135.3 MB/s eta 0:00:00\n"}
,{"stream_name":"stdout","time":104.744920513,"data":"     ━━━━━━━━━━━━━━━━━━━━━━━━━━━━━━━━━━━━━ 196.0/196.0 MB 135.3 MB/s eta 0:00:00\n"}
,{"stream_name":"stdout","time":106.044358735,"data":"     ━━━━━━━━━━━━━━━━━━━━━━━━━━━━━━━━━━━━━ 188.7/188.7 MB 106.6 MB/s eta 0:00:00\n"}
,{"stream_name":"stdout","time":106.246604929,"data":"     ━━━━━━━━━━━━━━━━━━━━━━━━━━━━━━━━━━━━━ 188.7/188.7 MB 106.6 MB/s eta 0:00:00\n"}
,{"stream_name":"stdout","time":107.397171576,"data":"     ━━━━━━━━━━━━━━━━━━━━━━━━━━━━━━━━━━━━━━━ 99.1/99.1 kB 114.8 MB/s eta 0:00:00\n"}
,{"stream_name":"stdout","time":107.598941524,"data":"     ━━━━━━━━━━━━━━━━━━━━━━━━━━━━━━━━━━━━━━━ 99.1/99.1 kB 114.8 MB/s eta 0:00:00\n"}
,{"stream_name":"stdout","time":109.587795413,"data":"     ━━━━━━━━━━━━━━━━━━━━━━━━━━━━━━━━━━━━━━━ 209.6/209.6 MB 9.1 MB/s eta 0:00:00\n"}
,{"stream_name":"stdout","time":109.790317809,"data":"     ━━━━━━━━━━━━━━━━━━━━━━━━━━━━━━━━━━━━━━━ 209.6/209.6 MB 9.1 MB/s eta 0:00:00\n"}
,{"stream_name":"stdout","time":110.446848393,"data":"   ━━━━━━━━━━━━━━━━━━━━━━━━━━━━━━━━━━━━━━━━ 6.2/6.2 MB 85.7 MB/s eta 0:00:00\n"}
,{"stream_name":"stdout","time":110.648972471,"data":"   ━━━━━━━━━━━━━━━━━━━━━━━━━━━━━━━━━━━━━━━━ 6.2/6.2 MB 85.7 MB/s eta 0:00:00\n"}
,{"stream_name":"stderr","time":272.11889183,"data":"ERROR: pip's dependency resolver does not currently take into account all the packages that are installed. This behaviour is the source of the following dependency conflicts.\n"}
,{"stream_name":"stderr","time":272.11892548,"data":"torchaudio 2.10.0+cu128 requires torch==2.10.0, but you have torch 2.5.1+cu121 which is incompatible.\n"}
,{"stream_name":"stderr","time":272.324154866,"data":"ERROR: pip's dependency resolver does not currently take into account all the packages that are installed. This behaviour is the source of the following dependency conflicts.\n"}
,{"stream_name":"stderr","time":272.324184539,"data":"torchaudio 2.10.0+cu128 requires torch==2.10.0, but you have torch 2.5.1+cu121 which is incompatible.\n"}
,{"stream_name":"stderr","time":272.32419082,"data":"\n"}
,{"stream_name":"stderr","time":272.324195582,"data":"ERROR: pip's dependency resolver does not currently take into account all the packages that are installed. This behaviour is the source of the following dependency conflicts.\n"}
,{"stream_name":"stderr","time":272.324200662,"data":"torchaudio 2.10.0+cu128 requires torch==2.10.0, but you have torch 2.5.1+cu121 which is incompatible.\n"}
,{"stream_name":"stdout","time":272.717198022,"data":"installed -- src/train.py runs in a subprocess so it picks up the new build\n"}
,{"stream_name":"stdout","time":272.731711196,"data":"/usr/bin/python3 -u /kaggle/working/repo/src/train.py --datasets /kaggle/input --splits /kaggle/working/repo/data/splits/dev_v1.json --run-id E20CORAL --out /kaggle/working/E20CORAL --cache /kaggle/temp/cache560 --channels-last --resume --folds 0,1,2,3,4 --epochs 40 --size 448 --batch 16 --cache-size 560 --head coral --pretrain-corpora EyePACS --pretrain-epochs 5 --tta\n"}
,{"stream_name":"stdout","time":275.211916442,"data":"COMMIT b72394519749faa33916c03048d3519950a655c3\n"}
,{"stream_name":"stdout","time":275.212669163,"data":"RUN E20CORAL\n"}
,{"stream_name":"stdout","time":275.294644593,"data":"device=cuda  torch=2.5.1+cu121  gpu=Tesla P100-PCIE-16GB\n"}
,{"stream_name":"stdout","time":275.425454984,"data":"[gpu] sm_60 usable\n"}
,{"stream_name":"stdout","time":276.009085996,"data":"[corpora] IDRiD          516 images\n"}
,{"stream_name":"stdout","time":364.207653203,"data":"[corpora] Messidor-2    1744 images\n"}
,{"stream_name":"stdout","time":364.208668486,"data":"  IDRiD       n=   516  DR0=168 DR1=25 DR2=168 DR3=93 DR4=62   dme_supervised=  516 (exact=516)\n"}
,{"stream_name":"stdout","time":364.209538318,"data":"  Messidor-2  n=  1744  DR0=1017 DR1=270 DR2=347 DR3=75 DR4=35   dme_supervised= 1744 (exact=151)\n"}
,{"stream_name":"stdout","time":364.210566364,"data":"[split] /kaggle/working/repo/data/splits/dev_v1.json fingerprint=0cfbbfeb081999af 5 folds\n"}
,{"stream_name":"stdout","time":395.751669714,"data":"[corpora] EyePACS      35126 images\n"}
,{"stream_name":"stdout","time":395.790512627,"data":"  EyePACS     n= 35126  DR0=25810 DR1=2443 DR2=5292 DR3=873 DR4=708   dme_supervised=    0 (exact=0)\n"}
,{"stream_name":"stdout","time":396.021168297,"data":"[cache] decoding 37386 images -\u003e /kaggle/temp/cache560\n"}
,{"stream_name":"stdout","time":431.622131246,"data":"[cache]   250/37386  36s, ~5288s left\n"}
,{"stream_name":"stdout","time":467.402439793,"data":"[cache]   500/37386  71s, ~5266s left\n"}
,{"stream_name":"stdout","time":473.898288319,"data":"[cache]   750/37386  78s, ~3804s left\n"}
,{"stream_name":"stdout","time":478.526784872,"data":"[cache]   1000/37386  83s, ~3002s left\n"}
,{"stream_name":"stdout","time":482.957325895,"data":"[cache]   1250/37386  87s, ~2513s left\n"}
,{"stream_name":"stdout","time":487.263503617,"data":"[cache]   1500/37386  91s, ~2183s left\n"}
,{"stream_name":"stdout","time":490.443356551,"data":"[cache]   1750/37386  94s, ~1923s left\n"}
,{"stream_name":"stdout","time":493.18637984,"data":"[cache]   2000/37386  97s, ~1719s left\n"}
,{"stream_name":"stdout","time":495.780944984,"data":"[cache]   2250/37386  100s, ~1558s left\n"}
,{"stream_name":"stdout","time":499.187313077,"data":"[cache]   2500/37386  103s, ~1440s left\n"}
,{"stream_name":"stdout","time":502.587996353,"data":"[cache]   2750/37386  107s, ~1342s left\n"}
,{"stream_name":"stdout","time":506.023375528,"data":"[cache]   3000/37386  110s, ~1261s left\n"}
,{"stream_name":"stdout","time":509.429327481,"data":"[cache]   3250/37386  113s, ~1191s left\n"}
,{"stream_name":"stdout","time":512.989683185,"data":"[cache]   3500/37386  117s, ~1132s left\n"}
,{"stream_name":"stdout","time":516.666877181,"data":"[cache]   3750/37386  121s, ~1082s left\n"}
,{"stream_name":"stdout","time":520.09837684,"data":"[cache]   4000/37386  124s, ~1036s left\n"}
,{"stream_name":"stdout","time":523.606793399,"data":"[cache]   4250/37386  128s, ~995s left\n"}
,{"stream_name":"stdout","time":527.072908927,"data":"[cache]   4500/37386  131s, ~958s left\n"}
,{"stream_name":"stdout","time":530.602942169,"data":"[cache]   4750/37386  135s, ~925s left\n"}
,{"stream_name":"stdout","time":534.154271616,"data":"[cache]   5000/37386  138s, ~895s left\n"}
,{"stream_name":"stdout","time":537.669525078,"data":"[cache]   5250/37386  142s, ~867s left\n"}
,{"stream_name":"stdout","time":541.171212821,"data":"[cache]   5500/37386  145s, ~841s left\n"}
,{"stream_name":"stdout","time":544.691835451,"data":"[cache]   5750/37386  149s, ~818s left\n"}
,{"stream_name":"stdout","time":548.226749766,"data":"[cache]   6000/37386  152s, ~796s left\n"}
,{"stream_name":"stdout","time":551.829476174,"data":"[cache]   6250/37386  156s, ~776s left\n"}
,{"stream_name":"stdout","time":555.451216539,"data":"[cache]   6500/37386  159s, ~758s left\n"}
,{"stream_name":"stdout","time":559.101432108,"data":"[cache]   6750/37386  163s, ~740s left\n"}
,{"stream_name":"stdout","time":562.678394379,"data":"[cache]   7000/37386  167s, ~723s left\n"}
,{"stream_name":"stdout","time":566.226239133,"data":"[cache]   7250/37386  170s, ~707s left\n"}
,{"stream_name":"stdout","time":569.756033436,"data":"[cache]   7500/37386  174s, ~692s left\n"}
,{"stream_name":"stdout","time":573.246985128,"data":"[cache]   7750/37386  177s, ~678s left\n"}
,{"stream_name":"stdout","time":576.722158677,"data":"[cache]   8000/37386  181s, ~664s left\n"}
,{"stream_name":"stdout","time":580.150119634,"data":"[cache]   8250/37386  184s, ~650s left\n"}
,{"stream_name":"stdout","time":583.55602726,"data":"[cache]   8500/37386  188s, ~637s left\n"}
,{"stream_name":"stdout","time":586.942089312,"data":"[cache]   8750/37386  191s, ~625s left\n"}
,{"stream_name":"stdout","time":590.372621974,"data":"[cache]   9000/37386  194s, ~613s left\n"}
,{"stream_name":"stdout","time":593.725903557,"data":"[cache]   9250/37386  198s, ~601s left\n"}
,{"stream_name":"stdout","time":597.189505515,"data":"[cache]   9500/37386  201s, ~591s left\n"}
,{"stream_name":"stdout","time":600.552260553,"data":"[cache]   9750/37386  205s, ~580s left\n"}
,{"stream_name":"stdout","time":603.97779828,"data":"[cache]   10000/37386  208s, ~570s left\n"}
,{"stream_name":"stdout","time":607.383327335,"data":"[cache]   10250/37386  211s, ~560s left\n"}
,{"stream_name":"stdout","time":610.764852627,"data":"[cache]   10500/37386  215s, ~550s left\n"}
,{"stream_name":"stdout","time":614.128431056,"data":"[cache]   10750/37386  218s, ~540s left\n"}
,{"stream_name":"stdout","time":617.571289567,"data":"[cache]   11000/37386  222s, ~531s left\n"}
,{"stream_name":"stdout","time":621.02967245,"data":"[cache]   11250/37386  225s, ~523s left\n"}
,{"stream_name":"stdout","time":624.501725881,"data":"[cache]   11500/37386  228s, ~514s left\n"}
,{"stream_name":"stdout","time":627.994121587,"data":"[cache]   11750/37386  232s, ~506s left\n"}
,{"stream_name":"stdout","time":631.377009837,"data":"[cache]   12000/37386  235s, ~498s left\n"}
,{"stream_name":"stdout","time":634.816399441,"data":"[cache]   12250/37386  239s, ~490s left\n"}
,{"stream_name":"stdout","time":638.372314816,"data":"[cache]   12500/37386  242s, ~482s left\n"}
,{"stream_name":"stdout","time":641.871397378,"data":"[cache]   12750/37386  246s, ~475s left\n"}
,{"stream_name":"stdout","time":645.37258623,"data":"[cache]   13000/37386  249s, ~468s left\n"}
,{"stream_name":"stdout","time":648.936312855,"data":"[cache]   13250/37386  253s, ~461s left\n"}
,{"stream_name":"stdout","time":652.517981464,"data":"[cache]   13500/37386  256s, ~454s left\n"}
,{"stream_name":"stdout","time":656.112420227,"data":"[cache]   13750/37386  260s, ~447s left\n"}
,{"stream_name":"stdout","time":659.690860223,"data":"[cache]   14000/37386  264s, ~440s left\n"}
,{"stream_name":"stdout","time":663.246452873,"data":"[cache]   14250/37386  267s, ~434s left\n"}
,{"stream_name":"stdout","time":666.908295342,"data":"[cache]   14500/37386  271s, ~428s left\n"}
,{"stream_name":"stdout","time":670.509378247,"data":"[cache]   14750/37386  274s, ~421s left\n"}
,{"stream_name":"stdout","time":674.041227572,"data":"[cache]   15000/37386  278s, ~415s left\n"}
,{"stream_name":"stdout","time":677.523022864,"data":"[cache]   15250/37386  282s, ~409s left\n"}
,{"stream_name":"stdout","time":681.046040964,"data":"[cache]   15500/37386  285s, ~402s left\n"}
,{"stream_name":"stdout","time":684.638922845,"data":"[cache]   15750/37386  289s, ~396s left\n"}
,{"stream_name":"stdout","time":688.222784039,"data":"[cache]   16000/37386  292s, ~391s left\n"}
,{"stream_name":"stdout","time":691.719591467,"data":"[cache]   16250/37386  296s, ~385s left\n"}
,{"stream_name":"stdout","time":695.300416716,"data":"[cache]   16500/37386  299s, ~379s left\n"}
,{"stream_name":"stdout","time":698.807664621,"data":"[cache]   16750/37386  303s, ~373s left\n"}
,{"stream_name":"stdout","time":702.34700987,"data":"[cache]   17000/37386  306s, ~367s left\n"}
,{"stream_name":"stdout","time":705.949549801,"data":"[cache]   17250/37386  310s, ~362s left\n"}
,{"stream_name":"stdout","time":709.493253109,"data":"[cache]   17500/37386  313s, ~356s left\n"}
,{"stream_name":"stdout","time":713.177277248,"data":"[cache]   17750/37386  317s, ~351s left\n"}
,{"stream_name":"stdout","time":716.711129973,"data":"[cache]   18000/37386  321s, ~345s left\n"}
,{"stream_name":"stdout","time":720.39085825,"data":"[cache]   18250/37386  324s, ~340s left\n"}
,{"stream_name":"stdout","time":724.026288928,"data":"[cache]   18500/37386  328s, ~335s left\n"}
,{"stream_name":"stdout","time":727.620163016,"data":"[cache]   18750/37386  332s, ~330s left\n"}
,{"stream_name":"stdout","time":731.236604606,"data":"[cache]   19000/37386  335s, ~324s left\n"}
,{"stream_name":"stdout","time":734.92229511,"data":"[cache]   19250/37386  339s, ~319s left\n"}
,{"stream_name":"stdout","time":738.553854892,"data":"[cache]   19500/37386  343s, ~314s left\n"}
,{"stream_name":"stdout","time":742.146800094,"data":"[cache]   19750/37386  346s, ~309s left\n"}
,{"stream_name":"stdout","time":745.898888204,"data":"[cache]   20000/37386  350s, ~304s left\n"}
,{"stream_name":"stdout","time":749.596283721,"data":"[cache]   20250/37386  354s, ~299s left\n"}
,{"stream_name":"stdout","time":753.443376171,"data":"[cache]   20500/37386  357s, ~294s left\n"}
,{"stream_name":"stdout","time":757.317471015,"data":"[cache]   20750/37386  361s, ~290s left\n"}
,{"stream_name":"stdout","time":761.336828127,"data":"[cache]   21000/37386  365s, ~285s left\n"}
,{"stream_name":"stdout","time":765.414435956,"data":"[cache]   21250/37386  369s, ~280s left\n"}
,{"stream_name":"stdout","time":769.350595903,"data":"[cache]   21500/37386  373s, ~276s left\n"}
,{"stream_name":"stdout","time":773.145488674,"data":"[cache]   21750/37386  377s, ~271s left\n"}
,{"stream_name":"stdout","time":776.744470368,"data":"[cache]   22000/37386  381s, ~266s left\n"}
,{"stream_name":"stdout","time":780.450140747,"data":"[cache]   22250/37386  384s, ~262s left\n"}
,{"stream_name":"stdout","time":784.084383885,"data":"[cache]   22500/37386  388s, ~257s left\n"}
,{"stream_name":"stdout","time":787.663046497,"data":"[cache]   22750/37386  392s, ~252s left\n"}
,{"stream_name":"stdout","time":791.162069394,"data":"[cache]   23000/37386  395s, ~247s left\n"}
,{"stream_name":"stdout","time":794.773346728,"data":"[cache]   23250/37386  399s, ~242s left\n"}
,{"stream_name":"stdout","time":798.369455504,"data":"[cache]   23500/37386  402s, ~238s left\n"}
,{"stream_name":"stdout","time":801.937945114,"data":"[cache]   23750/37386  406s, ~233s left\n"}
,{"stream_name":"stdout","time":805.584512142,"data":"[cache]   24000/37386  410s, ~228s left\n"}
,{"stream_name":"stdout","time":809.170058179,"data":"[cache]   24250/37386  413s, ~224s left\n"}
,{"stream_name":"stdout","time":812.80663055,"data":"[cache]   24500/37386  417s, ~219s left\n"}
,{"stream_name":"stdout","time":816.646400088,"data":"[cache]   24750/37386  421s, ~215s left\n"}
,{"stream_name":"stdout","time":820.405335042,"data":"[cache]   25000/37386  424s, ~210s left\n"}
,{"stream_name":"stdout","time":824.03025543,"data":"[cache]   25250/37386  428s, ~206s left\n"}
,{"stream_name":"stdout","time":827.700694634,"data":"[cache]   25500/37386  432s, ~201s left\n"}
,{"stream_name":"stdout","time":831.386622038,"data":"[cache]   25750/37386  435s, ~197s left\n"}
,{"stream_name":"stdout","time":835.114739689,"data":"[cache]   26000/37386  439s, ~192s left\n"}
,{"stream_name":"stdout","time":838.802856833,"data":"[cache]   26250/37386  443s, ~188s left\n"}
,{"stream_name":"stdout","time":842.504888995,"data":"[cache]   26500/37386  446s, ~183s left\n"}
,{"stream_name":"stdout","time":846.214117688,"data":"[cache]   26750/37386  450s, ~179s left\n"}
,{"stream_name":"stdout","time":850.005560062,"data":"[cache]   27000/37386  454s, ~175s left\n"}
,{"stream_name":"stdout","time":853.892265053,"data":"[cache]   27250/37386  458s, ~170s left\n"}
,{"stream_name":"stdout","time":857.626212904,"data":"[cache]   27500/37386  462s, ~166s left\n"}
,{"stream_name":"stdout","time":861.341371063,"data":"[cache]   27750/37386  465s, ~162s left\n"}
,{"stream_name":"stdout","time":865.062374999,"data":"[cache]   28000/37386  469s, ~157s left\n"}
,{"stream_name":"stdout","time":868.752626752,"data":"[cache]   28250/37386  473s, ~153s left\n"}
,{"stream_name":"stdout","time":872.466264682,"data":"[cache]   28500/37386  476s, ~149s left\n"}
,{"stream_name":"stdout","time":876.111037231,"data":"[cache]   28750/37386  480s, ~144s left\n"}
,{"stream_name":"stdout","time":879.782658279,"data":"[cache]   29000/37386  484s, ~140s left\n"}
,{"stream_name":"stdout","time":883.566838441,"data":"[cache]   29250/37386  488s, ~136s left\n"}
,{"stream_name":"stdout","time":887.385190526,"data":"[cache]   29500/37386  491s, ~131s left\n"}
,{"stream_name":"stdout","time":891.337904546,"data":"[cache]   29750/37386  495s, ~127s left\n"}
,{"stream_name":"stdout","time":895.209363053,"data":"[cache]   30000/37386  499s, ~123s left\n"}
,{"stream_name":"stdout","time":898.916903443,"data":"[cache]   30250/37386  503s, ~119s left\n"}
,{"stream_name":"stdout","time":902.840305618,"data":"[cache]   30500/37386  507s, ~114s left\n"}
,{"stream_name":"stdout","time":906.749258535,"data":"[cache]   30750/37386  511s, ~110s left\n"}
,{"stream_name":"stdout","time":910.599208049,"data":"[cache]   31000/37386  515s, ~106s left\n"}
,{"stream_name":"stdout","time":914.438792115,"data":"[cache]   31250/37386  518s, ~102s left\n"}
,{"stream_name":"stdout","time":918.180337527,"data":"[cache]   31500/37386  522s, ~98s left\n"}
,{"stream_name":"stdout","time":921.936576564,"data":"[cache]   31750/37386  526s, ~93s left\n"}
,{"stream_name":"stdout","time":925.710101196,"data":"[cache]   32000/37386  530s, ~89s left\n"}
,{"stream_name":"stdout","time":929.41605728,"data":"[cache]   32250/37386  533s, ~85s left\n"}
,{"stream_name":"stdout","time":933.271820843,"data":"[cache]   32500/37386  537s, ~81s left\n"}
,{"stream_name":"stdout","time":937.109986976,"data":"[cache]   32750/37386  541s, ~77s left\n"}
,{"stream_name":"stdout","time":941.159871438,"data":"[cache]   33000/37386  545s, ~72s left\n"}
,{"stream_name":"stdout","time":945.092843753,"data":"[cache]   33250/37386  549s, ~68s left\n"}
,{"stream_name":"stdout","time":949.067005274,"data":"[cache]   33500/37386  553s, ~64s left\n"}
,{"stream_name":"stdout","time":952.909353928,"data":"[cache]   33750/37386  557s, ~60s left\n"}
,{"stream_name":"stdout","time":956.687538883,"data":"[cache]   34000/37386  561s, ~56s left\n"}
,{"stream_name":"stdout","time":960.746004803,"data":"[cache]   34250/37386  565s, ~52s left\n"}
,{"stream_name":"stdout","time":964.947861391,"data":"[cache]   34500/37386  569s, ~48s left\n"}
,{"stream_name":"stdout","time":969.119659729,"data":"[cache]   34750/37386  573s, ~43s left\n"}
,{"stream_name":"stdout","time":972.950838598,"data":"[cache]   35000/37386  577s, ~39s left\n"}
,{"stream_name":"stdout","time":976.919032557,"data":"[cache]   35250/37386  581s, ~35s left\n"}
,{"stream_name":"stdout","time":980.963379702,"data":"[cache]   35500/37386  585s, ~31s left\n"}
,{"stream_name":"stdout","time":984.93971601,"data":"[cache]   35750/37386  589s, ~27s left\n"}
,{"stream_name":"stdout","time":988.841491662,"data":"[cache]   36000/37386  593s, ~23s left\n"}
,{"stream_name":"stdout","time":992.638910146,"data":"[cache]   36250/37386  597s, ~19s left\n"}
,{"stream_name":"stdout","time":996.386440055,"data":"[cache]   36500/37386  600s, ~15s left\n"}
,{"stream_name":"stdout","time":1000.265270826,"data":"[cache]   36750/37386  604s, ~10s left\n"}
,{"stream_name":"stdout","time":1004.199738081,"data":"[cache]   37000/37386  608s, ~6s left\n"}
,{"stream_name":"stdout","time":1007.979234074,"data":"[cache]   37250/37386  612s, ~2s left\n"}
,{"stream_name":"stdout","time":1010.034357094,"data":"[cache]   37386/37386  614s, ~0s left\n"}
,{"stream_name":"stdout","time":1010.056252632,"data":"\n"}
,{"stream_name":"stdout","time":1010.057153991,"data":"==============================================================================\n"}
,{"stream_name":"stdout","time":1010.057828317,"data":"PRETRAIN on 35126 images (5 epochs)\n"}
,{"stream_name":"stdout","time":1010.058532617,"data":"==============================================================================\n"}
,{"stream_name":"stdout","time":1017.657233803,"data":"Warning: You are sending unauthenticated requests to the HF Hub. Please set a HF_TOKEN to enable higher rate limits and faster downloads.\n"}
,{"stream_name":"stdout","time":1020.649601425,"data":"/usr/local/lib/python3.12/dist-packages/torch/optim/lr_scheduler.py:224: UserWarning: Detected call of `lr_scheduler.step()` before `optimizer.step()`. In PyTorch 1.1.0 and later, you should call them in the opposite order: `optimizer.step()` before `lr_scheduler.step()`.  Failure to do this will result in PyTorch skipping the first value of the learning rate schedule. See more details at https://pytorch.org/docs/stable/optim.html#how-to-adjust-learning-rate\n"}
,{"stream_name":"stdout","time":1020.650354052,"data":"  warnings.warn(\n"}
,{"stream_name":"stdout","time":1695.709377681,"data":"  pretrain ep  0/5  loss 0.5378  676s\n"}
,{"stream_name":"stdout","time":2371.670430541,"data":"  pretrain ep  1/5  loss 0.4240  676s\n"}
,{"stream_name":"stdout","time":3049.120129797,"data":"  pretrain ep  2/5  loss 0.3721  677s\n"}
,{"stream_name":"stdout","time":3727.284478141,"data":"  pretrain ep  3/5  loss 0.3389  678s\n"}
,{"stream_name":"stdout","time":4403.84888012,"data":"  pretrain ep  4/5  loss 0.3251  677s\n"}
,{"stream_name":"stdout","time":4403.939892032,"data":"[pretrain] saved /kaggle/working/E20CORAL/pretrained.pt\n"}
,{"stream_name":"stdout","time":4403.973931351,"data":"\n"}
,{"stream_name":"stdout","time":4403.974916608,"data":"==============================================================================\n"}
,{"stream_name":"stdout","time":4403.975755163,"data":"FOLD 0   train=1805  val=455\n"}
,{"stream_name":"stdout","time":4403.976507674,"data":"==============================================================================\n"}
,{"stream_name":"stdout","time":4404.368443379,"data":"  initialised from the pretrained backbone\n"}
,{"stream_name":"stdout","time":4445.66898947,"data":"  ep   0/40  loss 0.3937 (dr 0.3653 dme 0.4363)  DR qwk 0.663 acc 47.5%  DME qwk 0.272 acc 58.1%  score 0.5069  41s  *best\n"}
,{"stream_name":"stdout","time":4486.636436909,"data":"  ep   1/40  loss 0.3259 (dr 0.3417 dme 0.3021)  DR qwk 0.739 acc 49.5%  DME qwk 0.830 acc 84.8%  score 0.7753  41s  *best\n"}
,{"stream_name":"stdout","time":4527.464916196,"data":"  ep   2/40  loss 0.3046 (dr 0.3239 dme 0.2758)  DR qwk 0.751 acc 52.5%  DME qwk 0.790 acc 81.0%  score 0.7666  40s\n"}
,{"stream_name":"stdout","time":4568.248694772,"data":"  ep   3/40  loss 0.2882 (dr 0.3219 dme 0.2377)  DR qwk 0.761 acc 53.2%  DME qwk 0.806 acc 83.8%  score 0.7794  40s  *best\n"}
,{"stream_name":"stdout","time":4609.002472376,"data":"  ep   4/40  loss 0.2652 (dr 0.3054 dme 0.2049)  DR qwk 0.766 acc 54.7%  DME qwk 0.807 acc 83.8%  score 0.7822  40s  *best\n"}
,{"stream_name":"stdout","time":4649.786730253,"data":"  ep   5/40  loss 0.2576 (dr 0.2899 dme 0.2091)  DR qwk 0.782 acc 57.6%  DME qwk 0.823 acc 83.8%  score 0.7985  40s  *best\n"}
,{"stream_name":"stdout","time":4690.64422596,"data":"  ep   6/40  loss 0.2434 (dr 0.2849 dme 0.1812)  DR qwk 0.805 acc 59.8%  DME qwk 0.852 acc 86.7%  score 0.8240  40s  *best\n"}
,{"stream_name":"stdout","time":4731.59288375,"data":"  ep   7/40  loss 0.2401 (dr 0.2832 dme 0.1756)  DR qwk 0.811 acc 60.0%  DME qwk 0.861 acc 88.6%  score 0.8311  41s  *best\n"}
,{"stream_name":"stdout","time":4772.778283141,"data":"  ep   8/40  loss 0.2309 (dr 0.2723 dme 0.1688)  DR qwk 0.815 acc 61.1%  DME qwk 0.862 acc 88.6%  score 0.8340  41s  *best\n"}
,{"stream_name":"stdout","time":4813.930639587,"data":"  ep   9/40  loss 0.2292 (dr 0.2676 dme 0.1715)  DR qwk 0.825 acc 62.2%  DME qwk 0.877 acc 88.6%  score 0.8459  41s  *best\n"}
,{"stream_name":"stdout","time":4855.326461503,"data":"  ep  10/40  loss 0.2245 (dr 0.2634 dme 0.1661)  DR qwk 0.826 acc 63.3%  DME qwk 0.877 acc 88.6%  score 0.8462  41s  *best\n"}
,{"stream_name":"stdout","time":4896.250306084,"data":"  ep  11/40  loss 0.2223 (dr 0.2648 dme 0.1587)  DR qwk 0.826 acc 62.9%  DME qwk 0.877 acc 88.6%  score 0.8465  41s  *best\n"}
,{"stream_name":"stdout","time":4937.18745044,"data":"  ep  12/40  loss 0.2159 (dr 0.2567 dme 0.1547)  DR qwk 0.823 acc 62.0%  DME qwk 0.877 acc 88.6%  score 0.8447  41s\n"}
,{"stream_name":"stdout","time":4978.157820463,"data":"  ep  13/40  loss 0.2157 (dr 0.2504 dme 0.1637)  DR qwk 0.830 acc 62.9%  DME qwk 0.877 acc 88.6%  score 0.8487  41s  *best\n"}
,{"stream_name":"stdout","time":5019.179605552,"data":"  ep  14/40  loss 0.2147 (dr 0.2494 dme 0.1625)  DR qwk 0.834 acc 62.9%  DME qwk 0.868 acc 86.7%  score 0.8477  41s\n"}
,{"stream_name":"stdout","time":5060.094040422,"data":"  ep  15/40  loss 0.2104 (dr 0.2467 dme 0.1560)  DR qwk 0.836 acc 62.9%  DME qwk 0.868 acc 86.7%  score 0.8490  41s  *best\n"}
,{"stream_name":"stdout","time":5101.175902243,"data":"  ep  16/40  loss 0.2093 (dr 0.2499 dme 0.1483)  DR qwk 0.832 acc 62.6%  DME qwk 0.868 acc 86.7%  score 0.8468  41s\n"}
,{"stream_name":"stdout","time":5142.021515178,"data":"  ep  17/40  loss 0.2069 (dr 0.2425 dme 0.1535)  DR qwk 0.833 acc 63.1%  DME qwk 0.868 acc 86.7%  score 0.8472  40s\n"}
,{"stream_name":"stdout","time":5183.125124921,"data":"  ep  18/40  loss 0.2073 (dr 0.2424 dme 0.1547)  DR qwk 0.833 acc 63.7%  DME qwk 0.868 acc 86.7%  score 0.8470  41s\n"}
,{"stream_name":"stdout","time":5223.944659054,"data":"  ep  19/40  loss 0.2046 (dr 0.2379 dme 0.1548)  DR qwk 0.836 acc 63.5%  DME qwk 0.868 acc 86.7%  score 0.8488  40s\n"}
,{"stream_name":"stdout","time":5264.863019294,"data":"  ep  20/40  loss 0.2019 (dr 0.2326 dme 0.1558)  DR qwk 0.832 acc 62.9%  DME qwk 0.873 acc 87.6%  score 0.8480  41s\n"}
,{"stream_name":"stdout","time":5305.612664277,"data":"  ep  21/40  loss 0.1998 (dr 0.2324 dme 0.1509)  DR qwk 0.826 acc 62.6%  DME qwk 0.886 acc 87.6%  score 0.8504  40s  *best\n"}
,{"stream_name":"stdout","time":5346.598921638,"data":"  ep  22/40  loss 0.2018 (dr 0.2324 dme 0.1559)  DR qwk 0.826 acc 62.4%  DME qwk 0.886 acc 87.6%  score 0.8500  41s\n"}
,{"stream_name":"stdout","time":5387.380422212,"data":"  ep  23/40  loss 0.2016 (dr 0.2340 dme 0.1529)  DR qwk 0.825 acc 62.4%  DME qwk 0.882 acc 86.7%  score 0.8478  40s\n"}
,{"stream_name":"stdout","time":5428.452783188,"data":"  ep  24/40  loss 0.1980 (dr 0.2292 dme 0.1512)  DR qwk 0.827 acc 62.9%  DME qwk 0.882 acc 86.7%  score 0.8488  41s\n"}
,{"stream_name":"stdout","time":5469.120315762,"data":"  ep  25/40  loss 0.1974 (dr 0.2320 dme 0.1455)  DR qwk 0.825 acc 63.1%  DME qwk 0.882 acc 86.7%  score 0.8479  40s\n"}
,{"stream_name":"stdout","time":5509.956315344,"data":"  ep  26/40  loss 0.1959 (dr 0.2282 dme 0.1474)  DR qwk 0.826 acc 63.3%  DME qwk 0.882 acc 86.7%  score 0.8481  40s\n"}
,{"stream_name":"stdout","time":5550.601280889,"data":"  ep  27/40  loss 0.1972 (dr 0.2288 dme 0.1499)  DR qwk 0.825 acc 63.3%  DME qwk 0.882 acc 86.7%  score 0.8479  40s\n"}
,{"stream_name":"stdout","time":5591.41045607,"data":"  ep  28/40  loss 0.1948 (dr 0.2264 dme 0.1473)  DR qwk 0.825 acc 63.5%  DME qwk 0.882 acc 86.7%  score 0.8480  40s\n"}
,{"stream_name":"stdout","time":5632.164041226,"data":"  ep  29/40  loss 0.1940 (dr 0.2271 dme 0.1444)  DR qwk 0.827 acc 64.0%  DME qwk 0.882 acc 86.7%  score 0.8492  40s\n"}
,{"stream_name":"stdout","time":5673.045349117,"data":"  ep  30/40  loss 0.1919 (dr 0.2242 dme 0.1433)  DR qwk 0.826 acc 63.5%  DME qwk 0.897 acc 86.7%  score 0.8541  40s  *best\n"}
,{"stream_name":"stdout","time":5713.913503719,"data":"  ep  31/40  loss 0.1943 (dr 0.2248 dme 0.1486)  DR qwk 0.825 acc 64.2%  DME qwk 0.897 acc 86.7%  score 0.8535  40s\n"}
,{"stream_name":"stdout","time":5754.650251222,"data":"  ep  32/40  loss 0.1910 (dr 0.2209 dme 0.1462)  DR qwk 0.824 acc 64.0%  DME qwk 0.897 acc 86.7%  score 0.8531  40s\n"}
,{"stream_name":"stdout","time":5795.349746495,"data":"  ep  33/40  loss 0.1915 (dr 0.2221 dme 0.1456)  DR qwk 0.824 acc 64.0%  DME qwk 0.891 acc 85.7%  score 0.8507  40s\n"}
,{"stream_name":"stdout","time":5836.189934177,"data":"  ep  34/40  loss 0.1907 (dr 0.2208 dme 0.1455)  DR qwk 0.823 acc 64.0%  DME qwk 0.891 acc 85.7%  score 0.8500  40s\n"}
,{"stream_name":"stdout","time":5876.981922878,"data":"  ep  35/40  loss 0.1932 (dr 0.2251 dme 0.1452)  DR qwk 0.823 acc 64.2%  DME qwk 0.896 acc 86.7%  score 0.8521  40s\n"}
,{"stream_name":"stdout","time":5917.732594699,"data":"  ep  36/40  loss 0.1908 (dr 0.2217 dme 0.1444)  DR qwk 0.820 acc 64.2%  DME qwk 0.901 acc 87.6%  score 0.8525  40s\n"}
,{"stream_name":"stdout","time":5958.47555729,"data":"  ep  37/40  loss 0.1926 (dr 0.2234 dme 0.1464)  DR qwk 0.821 acc 64.4%  DME qwk 0.901 acc 87.6%  score 0.8530  40s\n"}
,{"stream_name":"stdout","time":5999.015064239,"data":"  ep  38/40  loss 0.1927 (dr 0.2238 dme 0.1460)  DR qwk 0.824 acc 64.8%  DME qwk 0.901 acc 87.6%  score 0.8545  40s  *best\n"}
,{"stream_name":"stdout","time":6039.79943427,"data":"  ep  39/40  loss 0.1906 (dr 0.2196 dme 0.1470)  DR qwk 0.824 acc 64.8%  DME qwk 0.901 acc 87.6%  score 0.8545  40s\n"}
,{"stream_name":"stdout","time":6051.190105507,"data":"\n"}
,{"stream_name":"stdout","time":6051.191283388,"data":"  fold 0 best (selected on validation score, never on test):\n"}
,{"stream_name":"stdout","time":6051.192659457,"data":"    dr                     n=  455  acc  67.3% [62.6,71.4]  floor  52.3%  QWK  0.852  F1 0.573  BEATS\n"}
,{"stream_name":"stdout","time":6051.193746281,"data":"    dme_ungated            n=  105  acc  87.6% [81.0,94.3]  floor  48.6%  QWK  0.917  F1 0.729  BEATS\n"}
,{"stream_name":"stdout","time":6051.194783394,"data":"    dme_gated              n=   71  acc  81.7% [73.2,90.1]  floor  71.8%  QWK  0.814  F1 0.661  BEATS\n"}
,{"stream_name":"stdout","time":6051.195854724,"data":"    dme_referable_binary   n=  455  acc  95.2% [93.2,97.1]  floor  82.0%  QWK  0.832  F1 0.916  BEATS\n"}
,{"stream_name":"stdout","time":6051.244092959,"data":"\n"}
,{"stream_name":"stdout","time":6051.244437334,"data":"==============================================================================\n"}
,{"stream_name":"stdout","time":6051.245314702,"data":"FOLD 1   train=1805  val=455\n"}
,{"stream_name":"stdout","time":6051.24606917,"data":"==============================================================================\n"}
,{"stream_name":"stdout","time":6051.646860145,"data":"  initialised from the pretrained backbone\n"}
,{"stream_name":"stdout","time":6092.611853921,"data":"  ep   0/40  loss 0.3990 (dr 0.3746 dme 0.4355)  DR qwk 0.596 acc 49.0%  DME qwk 0.191 acc 51.4%  score 0.4344  41s  *best\n"}
,{"stream_name":"stdout","time":6133.473342559,"data":"  ep   1/40  loss 0.3272 (dr 0.3454 dme 0.2999)  DR qwk 0.624 acc 49.5%  DME qwk 0.731 acc 79.0%  score 0.6664  41s  *best\n"}
,{"stream_name":"stdout","time":6174.46587846,"data":"  ep   2/40  loss 0.2951 (dr 0.3248 dme 0.2504)  DR qwk 0.756 acc 54.5%  DME qwk 0.741 acc 78.1%  score 0.7496  41s  *best\n"}
,{"stream_name":"stdout","time":6215.380138184,"data":"  ep   3/40  loss 0.2797 (dr 0.3172 dme 0.2233)  DR qwk 0.773 acc 55.4%  DME qwk 0.748 acc 77.1%  score 0.7628  41s  *best\n"}
,{"stream_name":"stdout","time":6256.165628362,"data":"  ep   4/40  loss 0.2596 (dr 0.2997 dme 0.1994)  DR qwk 0.783 acc 55.4%  DME qwk 0.755 acc 78.1%  score 0.7714  40s  *best\n"}
,{"stream_name":"stdout","time":6296.823940667,"data":"  ep   5/40  loss 0.2525 (dr 0.2912 dme 0.1945)  DR qwk 0.797 acc 57.4%  DME qwk 0.740 acc 78.1%  score 0.7739  40s  *best\n"}
,{"stream_name":"stdout","time":6337.813790695,"data":"  ep   6/40  loss 0.2474 (dr 0.2890 dme 0.1851)  DR qwk 0.811 acc 59.3%  DME qwk 0.740 acc 78.1%  score 0.7825  41s  *best\n"}
,{"stream_name":"stdout","time":6378.897696278,"data":"  ep   7/40  loss 0.2373 (dr 0.2808 dme 0.1719)  DR qwk 0.818 acc 59.8%  DME qwk 0.769 acc 78.1%  score 0.7982  40s  *best\n"}
,{"stream_name":"stdout","time":6419.704713611,"data":"  ep   8/40  loss 0.2381 (dr 0.2796 dme 0.1757)  DR qwk 0.826 acc 61.1%  DME qwk 0.769 acc 78.1%  score 0.8031  40s  *best\n"}
,{"stream_name":"stdout","time":6460.525357273,"data":"  ep   9/40  loss 0.2314 (dr 0.2698 dme 0.1737)  DR qwk 0.834 acc 62.9%  DME qwk 0.769 acc 78.1%  score 0.8080  40s  *best\n"}
,{"stream_name":"stdout","time":6501.523756942,"data":"  ep  10/40  loss 0.2248 (dr 0.2651 dme 0.1645)  DR qwk 0.843 acc 64.2%  DME qwk 0.818 acc 81.0%  score 0.8329  41s  *best\n"}
,{"stream_name":"stdout","time":6542.607377567,"data":"  ep  11/40  loss 0.2145 (dr 0.2541 dme 0.1552)  DR qwk 0.841 acc 64.0%  DME qwk 0.816 acc 81.0%  score 0.8313  41s\n"}
,{"stream_name":"stdout","time":6583.493204099,"data":"  ep  12/40  loss 0.2203 (dr 0.2605 dme 0.1600)  DR qwk 0.848 acc 65.7%  DME qwk 0.868 acc 81.9%  score 0.8561  41s  *best\n"}
,{"stream_name":"stdout","time":6624.371885057,"data":"  ep  13/40  loss 0.2183 (dr 0.2560 dme 0.1617)  DR qwk 0.848 acc 66.6%  DME qwk 0.872 acc 82.9%  score 0.8580  40s  *best\n"}
,{"stream_name":"stdout","time":6665.397745649,"data":"  ep  14/40  loss 0.2132 (dr 0.2541 dme 0.1518)  DR qwk 0.854 acc 67.5%  DME qwk 0.889 acc 82.9%  score 0.8678  41s  *best\n"}
,{"stream_name":"stdout","time":6706.222297853,"data":"  ep  15/40  loss 0.2134 (dr 0.2504 dme 0.1578)  DR qwk 0.855 acc 67.7%  DME qwk 0.890 acc 85.7%  score 0.8693  40s  *best\n"}
,{"stream_name":"stdout","time":6747.196736153,"data":"  ep  16/40  loss 0.2118 (dr 0.2477 dme 0.1578)  DR qwk 0.862 acc 68.1%  DME qwk 0.886 acc 84.8%  score 0.8718  41s  *best\n"}
,{"stream_name":"stdout","time":6788.046548419,"data":"  ep  17/40  loss 0.2038 (dr 0.2380 dme 0.1525)  DR qwk 0.868 acc 69.0%  DME qwk 0.886 acc 84.8%  score 0.8750  40s  *best\n"}
,{"stream_name":"stdout","time":6828.95808229,"data":"  ep  18/40  loss 0.2074 (dr 0.2462 dme 0.1491)  DR qwk 0.868 acc 68.6%  DME qwk 0.886 acc 84.8%  score 0.8749  41s\n"}
,{"stream_name":"stdout","time":6869.923396418,"data":"  ep  19/40  loss 0.2058 (dr 0.2409 dme 0.1532)  DR qwk 0.866 acc 68.1%  DME qwk 0.886 acc 84.8%  score 0.8741  41s\n"}
,{"stream_name":"stdout","time":6910.892440398,"data":"  ep  20/40  loss 0.2012 (dr 0.2358 dme 0.1491)  DR qwk 0.867 acc 69.0%  DME qwk 0.892 acc 85.7%  score 0.8768  41s  *best\n"}
,{"stream_name":"stdout","time":6951.706444087,"data":"  ep  21/40  loss 0.1999 (dr 0.2361 dme 0.1456)  DR qwk 0.868 acc 69.2%  DME qwk 0.892 acc 85.7%  score 0.8776  40s  *best\n"}
,{"stream_name":"stdout","time":6992.486312839,"data":"  ep  22/40  loss 0.1986 (dr 0.2326 dme 0.1477)  DR qwk 0.870 acc 69.5%  DME qwk 0.907 acc 85.7%  score 0.8848  40s  *best\n"}
,{"stream_name":"stdout","time":7033.560480045,"data":"  ep  23/40  loss 0.1999 (dr 0.2346 dme 0.1478)  DR qwk 0.874 acc 69.7%  DME qwk 0.912 acc 86.7%  score 0.8896  41s  *best\n"}
,{"stream_name":"stdout","time":7074.464426913,"data":"  ep  24/40  loss 0.1947 (dr 0.2259 dme 0.1478)  DR qwk 0.867 acc 69.5%  DME qwk 0.912 acc 86.7%  score 0.8852  40s\n"}
,{"stream_name":"stdout","time":7115.286191777,"data":"  ep  25/40  loss 0.1951 (dr 0.2293 dme 0.1438)  DR qwk 0.867 acc 69.7%  DME qwk 0.917 acc 87.6%  score 0.8874  40s\n"}
,{"stream_name":"stdout","time":7155.957398559,"data":"  ep  26/40  loss 0.1953 (dr 0.2297 dme 0.1437)  DR qwk 0.870 acc 69.7%  DME qwk 0.917 acc 87.6%  score 0.8889  40s\n"}
,{"stream_name":"stdout","time":7196.873526188,"data":"  ep  27/40  loss 0.1944 (dr 0.2286 dme 0.1430)  DR qwk 0.868 acc 69.2%  DME qwk 0.917 acc 87.6%  score 0.8879  41s\n"}
,{"stream_name":"stdout","time":7237.623193708,"data":"  ep  28/40  loss 0.1949 (dr 0.2283 dme 0.1447)  DR qwk 0.867 acc 69.0%  DME qwk 0.917 acc 87.6%  score 0.8874  40s\n"}
,{"stream_name":"stdout","time":7278.406654056,"data":"  ep  29/40  loss 0.1933 (dr 0.2241 dme 0.1470)  DR qwk 0.866 acc 68.8%  DME qwk 0.917 acc 87.6%  score 0.8864  40s\n"}
,{"stream_name":"stdout","time":7319.219886855,"data":"  ep  30/40  loss 0.1927 (dr 0.2258 dme 0.1430)  DR qwk 0.866 acc 69.0%  DME qwk 0.917 acc 87.6%  score 0.8866  40s\n"}
,{"stream_name":"stdout","time":7359.939038297,"data":"  ep  31/40  loss 0.1911 (dr 0.2242 dme 0.1413)  DR qwk 0.866 acc 68.8%  DME qwk 0.917 acc 87.6%  score 0.8862  40s\n"}
,{"stream_name":"stdout","time":7401.168353382,"data":"  ep  32/40  loss 0.1930 (dr 0.2239 dme 0.1466)  DR qwk 0.866 acc 69.0%  DME qwk 0.907 acc 85.7%  score 0.8825  41s\n"}
,{"stream_name":"stdout","time":7441.999647069,"data":"  ep  33/40  loss 0.1913 (dr 0.2226 dme 0.1444)  DR qwk 0.868 acc 69.5%  DME qwk 0.907 acc 85.7%  score 0.8836  40s\n"}
,{"stream_name":"stdout","time":7482.913984493,"data":"  ep  34/40  loss 0.1903 (dr 0.2223 dme 0.1422)  DR qwk 0.865 acc 69.5%  DME qwk 0.907 acc 85.7%  score 0.8815  40s\n"}
,{"stream_name":"stdout","time":7523.663387183,"data":"  ep  35/40  loss 0.1905 (dr 0.2217 dme 0.1438)  DR qwk 0.867 acc 70.1%  DME qwk 0.907 acc 85.7%  score 0.8830  40s\n"}
,{"stream_name":"stdout","time":7564.683861476,"data":"  ep  36/40  loss 0.1895 (dr 0.2228 dme 0.1395)  DR qwk 0.866 acc 70.1%  DME qwk 0.912 acc 86.7%  score 0.8844  41s\n"}
,{"stream_name":"stdout","time":7605.502233868,"data":"  ep  37/40  loss 0.1905 (dr 0.2218 dme 0.1436)  DR qwk 0.867 acc 70.5%  DME qwk 0.917 acc 87.6%  score 0.8867  40s\n"}
,{"stream_name":"stdout","time":7646.277909357,"data":"  ep  38/40  loss 0.1906 (dr 0.2216 dme 0.1439)  DR qwk 0.866 acc 70.3%  DME qwk 0.917 acc 87.6%  score 0.8862  40s\n"}
,{"stream_name":"stdout","time":7687.111845025,"data":"  ep  39/40  loss 0.1890 (dr 0.2212 dme 0.1406)  DR qwk 0.866 acc 70.1%  DME qwk 0.917 acc 87.6%  score 0.8860  40s\n"}
,{"stream_name":"stdout","time":7698.17811231,"data":"\n"}
,{"stream_name":"stdout","time":7698.178864718,"data":"  fold 1 best (selected on validation score, never on test):\n"}
,{"stream_name":"stdout","time":7698.180204594,"data":"    dr                     n=  455  acc  72.7% [68.8,76.7]  floor  52.3%  QWK  0.878  F1 0.616  BEATS\n"}
,{"stream_name":"stdout","time":7698.181274402,"data":"    dme_ungated            n=  105  acc  89.5% [83.8,95.2]  floor  46.7%  QWK  0.941  F1 0.787  BEATS\n"}
,{"stream_name":"stdout","time":7698.182280257,"data":"    dme_gated              n=   71  acc  85.9% [77.4,93.0]  floor  69.0%  QWK  0.866  F1 0.747  BEATS\n"}
,{"stream_name":"stdout","time":7698.183360187,"data":"    dme_referable_binary   n=  455  acc  95.8% [93.8,97.6]  floor  83.1%  QWK  0.859  F1 0.930  BEATS\n"}
,{"stream_name":"stdout","time":7698.236891572,"data":"\n"}
,{"stream_name":"stdout","time":7698.23794209,"data":"==============================================================================\n"}
,{"stream_name":"stdout","time":7698.238764649,"data":"FOLD 2   train=1808  val=452\n"}
,{"stream_name":"stdout","time":7698.23951081,"data":"==============================================================================\n"}
,{"stream_name":"stdout","time":7698.622858582,"data":"  initialised from the pretrained backbone\n"}
,{"stream_name":"stdout","time":7740.025064973,"data":"  ep   0/40  loss 0.4021 (dr 0.3680 dme 0.4532)  DR qwk 0.719 acc 54.2%  DME qwk 0.168 acc 52.9%  score 0.4985  41s  *best\n"}
,{"stream_name":"stdout","time":7781.251652086,"data":"  ep   1/40  loss 0.3235 (dr 0.3452 dme 0.2908)  DR qwk 0.809 acc 61.3%  DME qwk 0.691 acc 78.8%  score 0.7616  41s  *best\n"}
,{"stream_name":"stdout","time":7822.818059095,"data":"  ep   2/40  loss 0.3067 (dr 0.3354 dme 0.2637)  DR qwk 0.819 acc 62.4%  DME qwk 0.785 acc 82.7%  score 0.8056  41s  *best\n"}
,{"stream_name":"stdout","time":7864.214798424,"data":"  ep   3/40  loss 0.2881 (dr 0.3242 dme 0.2339)  DR qwk 0.821 acc 63.3%  DME qwk 0.845 acc 85.6%  score 0.8307  41s  *best\n"}
,{"stream_name":"stdout","time":7905.701326003,"data":"  ep   4/40  loss 0.2648 (dr 0.3001 dme 0.2118)  DR qwk 0.826 acc 64.4%  DME qwk 0.851 acc 86.5%  score 0.8361  41s  *best\n"}
,{"stream_name":"stdout","time":7947.041035533,"data":"  ep   5/40  loss 0.2543 (dr 0.3004 dme 0.1851)  DR qwk 0.832 acc 65.7%  DME qwk 0.835 acc 83.7%  score 0.8334  41s\n"}
,{"stream_name":"stdout","time":7988.223315156,"data":"  ep   6/40  loss 0.2479 (dr 0.2912 dme 0.1829)  DR qwk 0.848 acc 66.8%  DME qwk 0.825 acc 84.6%  score 0.8387  41s  *best\n"}
,{"stream_name":"stdout","time":8029.508464812,"data":"  ep   7/40  loss 0.2407 (dr 0.2850 dme 0.1742)  DR qwk 0.854 acc 67.5%  DME qwk 0.819 acc 83.7%  score 0.8397  41s  *best\n"}
,{"stream_name":"stdout","time":8070.666999757,"data":"  ep   8/40  loss 0.2323 (dr 0.2748 dme 0.1684)  DR qwk 0.851 acc 66.8%  DME qwk 0.819 acc 83.7%  score 0.8382  41s\n"}
,{"stream_name":"stdout","time":8111.767900837,"data":"  ep   9/40  loss 0.2343 (dr 0.2710 dme 0.1791)  DR qwk 0.860 acc 67.9%  DME qwk 0.804 acc 83.7%  score 0.8376  41s\n"}
,{"stream_name":"stdout","time":8152.957077193,"data":"  ep  10/40  loss 0.2272 (dr 0.2684 dme 0.1653)  DR qwk 0.863 acc 69.2%  DME qwk 0.804 acc 83.7%  score 0.8396  41s\n"}
,{"stream_name":"stdout","time":8194.218048358,"data":"  ep  11/40  loss 0.2238 (dr 0.2655 dme 0.1613)  DR qwk 0.864 acc 69.5%  DME qwk 0.811 acc 84.6%  score 0.8425  41s  *best\n"}
,{"stream_name":"stdout","time":8235.548895631,"data":"  ep  12/40  loss 0.2188 (dr 0.2586 dme 0.1592)  DR qwk 0.870 acc 69.5%  DME qwk 0.796 acc 84.6%  score 0.8403  41s\n"}
,{"stream_name":"stdout","time":8276.898240537,"data":"  ep  13/40  loss 0.2234 (dr 0.2609 dme 0.1672)  DR qwk 0.882 acc 70.1%  DME qwk 0.796 acc 84.6%  score 0.8479  41s  *best\n"}
,{"stream_name":"stdout","time":8318.194893197,"data":"  ep  14/40  loss 0.2089 (dr 0.2484 dme 0.1496)  DR qwk 0.885 acc 70.8%  DME qwk 0.811 acc 84.6%  score 0.8551  41s  *best\n"}
,{"stream_name":"stdout","time":8359.549064728,"data":"  ep  15/40  loss 0.2090 (dr 0.2499 dme 0.1477)  DR qwk 0.888 acc 71.2%  DME qwk 0.811 acc 84.6%  score 0.8570  41s  *best\n"}
,{"stream_name":"stdout","time":8400.646697116,"data":"  ep  16/40  loss 0.2074 (dr 0.2447 dme 0.1516)  DR qwk 0.891 acc 71.7%  DME qwk 0.811 acc 84.6%  score 0.8586  41s  *best\n"}
,{"stream_name":"stdout","time":8441.737998066,"data":"  ep  17/40  loss 0.2061 (dr 0.2448 dme 0.1481)  DR qwk 0.897 acc 73.5%  DME qwk 0.805 acc 83.7%  score 0.8598  41s  *best\n"}
,{"stream_name":"stdout","time":8483.105051462,"data":"  ep  18/40  loss 0.2034 (dr 0.2389 dme 0.1502)  DR qwk 0.891 acc 73.2%  DME qwk 0.809 acc 84.6%  score 0.8584  41s\n"}
,{"stream_name":"stdout","time":8524.52148682,"data":"  ep  19/40  loss 0.2035 (dr 0.2391 dme 0.1502)  DR qwk 0.894 acc 74.1%  DME qwk 0.828 acc 85.6%  score 0.8677  41s  *best\n"}
,{"stream_name":"stdout","time":8565.98146922,"data":"  ep  20/40  loss 0.2002 (dr 0.2350 dme 0.1481)  DR qwk 0.892 acc 73.7%  DME qwk 0.837 acc 87.5%  score 0.8701  41s  *best\n"}
,{"stream_name":"stdout","time":8607.669977332,"data":"  ep  21/40  loss 0.1976 (dr 0.2314 dme 0.1469)  DR qwk 0.893 acc 73.9%  DME qwk 0.837 acc 87.5%  score 0.8703  41s  *best\n"}
,{"stream_name":"stdout","time":8649.216649339,"data":"  ep  22/40  loss 0.2012 (dr 0.2336 dme 0.1526)  DR qwk 0.894 acc 74.1%  DME qwk 0.831 acc 86.5%  score 0.8690  41s\n"}
,{"stream_name":"stdout","time":8690.527353209,"data":"  ep  23/40  loss 0.1994 (dr 0.2328 dme 0.1493)  DR qwk 0.896 acc 74.6%  DME qwk 0.816 acc 86.5%  score 0.8639  41s\n"}
,{"stream_name":"stdout","time":8732.07615853,"data":"  ep  24/40  loss 0.1957 (dr 0.2279 dme 0.1475)  DR qwk 0.894 acc 74.1%  DME qwk 0.816 acc 86.5%  score 0.8628  41s\n"}
,{"stream_name":"stdout","time":8773.508788563,"data":"  ep  25/40  loss 0.1998 (dr 0.2327 dme 0.1505)  DR qwk 0.896 acc 74.6%  DME qwk 0.831 acc 86.5%  score 0.8698  41s\n"}
,{"stream_name":"stdout","time":8815.046758309,"data":"  ep  26/40  loss 0.1948 (dr 0.2292 dme 0.1431)  DR qwk 0.894 acc 74.1%  DME qwk 0.825 acc 85.6%  score 0.8664  41s\n"}
,{"stream_name":"stdout","time":8856.274192099,"data":"  ep  27/40  loss 0.1949 (dr 0.2293 dme 0.1433)  DR qwk 0.891 acc 73.5%  DME qwk 0.825 acc 85.6%  score 0.8646  41s\n"}
,{"stream_name":"stdout","time":8897.575616604,"data":"  ep  28/40  loss 0.1956 (dr 0.2271 dme 0.1485)  DR qwk 0.892 acc 73.7%  DME qwk 0.825 acc 85.6%  score 0.8652  41s\n"}
,{"stream_name":"stdout","time":8938.840433897,"data":"  ep  29/40  loss 0.1925 (dr 0.2263 dme 0.1419)  DR qwk 0.892 acc 73.9%  DME qwk 0.819 acc 84.6%  score 0.8630  41s\n"}
,{"stream_name":"stdout","time":8980.382731278,"data":"  ep  30/40  loss 0.1904 (dr 0.2206 dme 0.1451)  DR qwk 0.892 acc 73.9%  DME qwk 0.819 acc 84.6%  score 0.8628  41s\n"}
,{"stream_name":"stdout","time":9021.778413936,"data":"  ep  31/40  loss 0.1920 (dr 0.2239 dme 0.1442)  DR qwk 0.894 acc 74.6%  DME qwk 0.819 acc 84.6%  score 0.8643  41s\n"}
,{"stream_name":"stdout","time":9063.088650202,"data":"  ep  32/40  loss 0.1943 (dr 0.2258 dme 0.1470)  DR qwk 0.895 acc 74.8%  DME qwk 0.819 acc 84.6%  score 0.8648  41s\n"}
,{"stream_name":"stdout","time":9104.593248324,"data":"  ep  33/40  loss 0.1918 (dr 0.2227 dme 0.1454)  DR qwk 0.893 acc 74.3%  DME qwk 0.819 acc 84.6%  score 0.8635  41s\n"}
,{"stream_name":"stdout","time":9146.221927736,"data":"  ep  34/40  loss 0.1921 (dr 0.2224 dme 0.1466)  DR qwk 0.893 acc 74.3%  DME qwk 0.819 acc 84.6%  score 0.8635  41s\n"}
,{"stream_name":"stdout","time":9187.696857029,"data":"  ep  35/40  loss 0.1922 (dr 0.2235 dme 0.1451)  DR qwk 0.890 acc 74.3%  DME qwk 0.825 acc 85.6%  score 0.8643  41s\n"}
,{"stream_name":"stdout","time":9229.158603079,"data":"  ep  36/40  loss 0.1896 (dr 0.2205 dme 0.1432)  DR qwk 0.889 acc 73.9%  DME qwk 0.825 acc 85.6%  score 0.8635  41s\n"}
,{"stream_name":"stdout","time":9270.789873239,"data":"  ep  37/40  loss 0.1922 (dr 0.2229 dme 0.1463)  DR qwk 0.891 acc 73.9%  DME qwk 0.825 acc 85.6%  score 0.8649  41s\n"}
,{"stream_name":"stdout","time":9312.213795914,"data":"  ep  38/40  loss 0.1912 (dr 0.2217 dme 0.1455)  DR qwk 0.884 acc 73.2%  DME qwk 0.825 acc 85.6%  score 0.8603  41s\n"}
,{"stream_name":"stdout","time":9353.427290528,"data":"  ep  39/40  loss 0.1926 (dr 0.2247 dme 0.1444)  DR qwk 0.882 acc 73.5%  DME qwk 0.825 acc 85.6%  score 0.8595  41s\n"}
,{"stream_name":"stdout","time":9364.511084985,"data":"\n"}
,{"stream_name":"stdout","time":9364.511905527,"data":"  fold 2 best (selected on validation score, never on test):\n"}
,{"stream_name":"stdout","time":9364.512998166,"data":"    dr                     n=  452  acc  78.3% [74.1,82.1]  floor  52.4%  QWK  0.906  F1 0.727  BEATS\n"}
,{"stream_name":"stdout","time":9364.514096139,"data":"    dme_ungated            n=  104  acc  85.6% [78.8,92.3]  floor  49.0%  QWK  0.830  F1 0.699  BEATS\n"}
,{"stream_name":"stdout","time":9364.515061306,"data":"    dme_gated              n=   70  acc  78.6% [68.6,87.1]  floor  72.9%  QWK  0.563  F1 0.614  below-floor\n"}
,{"stream_name":"stdout","time":9364.516133217,"data":"    dme_referable_binary   n=  452  acc  94.2% [91.8,96.5]  floor  82.7%  QWK  0.808  F1 0.904  BEATS\n"}
,{"stream_name":"stdout","time":9364.570839836,"data":"\n"}
,{"stream_name":"stdout","time":9364.574012783,"data":"==============================================================================\n"}
,{"stream_name":"stdout","time":9364.574036839,"data":"FOLD 3   train=1811  val=449\n"}
,{"stream_name":"stdout","time":9364.574670726,"data":"==============================================================================\n"}
,{"stream_name":"stdout","time":9364.963447154,"data":"  initialised from the pretrained backbone\n"}
,{"stream_name":"stdout","time":9406.525989878,"data":"  ep   0/40  loss 0.3907 (dr 0.3649 dme 0.4294)  DR qwk 0.654 acc 49.9%  DME qwk 0.179 acc 52.5%  score 0.4641  41s  *best\n"}
,{"stream_name":"stdout","time":9447.617576044,"data":"  ep   1/40  loss 0.3355 (dr 0.3460 dme 0.3198)  DR qwk 0.728 acc 52.3%  DME qwk 0.783 acc 80.2%  score 0.7503  41s  *best\n"}
,{"stream_name":"stdout","time":9488.846689104,"data":"  ep   2/40  loss 0.3053 (dr 0.3308 dme 0.2670)  DR qwk 0.763 acc 56.8%  DME qwk 0.712 acc 78.2%  score 0.7424  41s\n"}
,{"stream_name":"stdout","time":9530.061909158,"data":"  ep   3/40  loss 0.2839 (dr 0.3194 dme 0.2306)  DR qwk 0.771 acc 59.2%  DME qwk 0.733 acc 79.2%  score 0.7559  41s  *best\n"}
,{"stream_name":"stdout","time":9571.489263459,"data":"  ep   4/40  loss 0.2649 (dr 0.3043 dme 0.2057)  DR qwk 0.780 acc 59.5%  DME qwk 0.733 acc 79.2%  score 0.7609  41s  *best\n"}
,{"stream_name":"stdout","time":9612.742995145,"data":"  ep   5/40  loss 0.2568 (dr 0.2943 dme 0.2005)  DR qwk 0.796 acc 60.1%  DME qwk 0.726 acc 78.2%  score 0.7680  41s  *best\n"}
,{"stream_name":"stdout","time":9653.863901578,"data":"  ep   6/40  loss 0.2502 (dr 0.2905 dme 0.1898)  DR qwk 0.793 acc 61.7%  DME qwk 0.726 acc 78.2%  score 0.7665  41s\n"}
,{"stream_name":"stdout","time":9695.226907056,"data":"  ep   7/40  loss 0.2425 (dr 0.2775 dme 0.1901)  DR qwk 0.795 acc 62.6%  DME qwk 0.755 acc 78.2%  score 0.7794  41s  *best\n"}
,{"stream_name":"stdout","time":9736.380639799,"data":"  ep   8/40  loss 0.2321 (dr 0.2741 dme 0.1691)  DR qwk 0.807 acc 65.0%  DME qwk 0.785 acc 78.2%  score 0.7980  41s  *best\n"}
,{"stream_name":"stdout","time":9777.470590043,"data":"  ep   9/40  loss 0.2265 (dr 0.2608 dme 0.1751)  DR qwk 0.815 acc 65.7%  DME qwk 0.778 acc 77.2%  score 0.8006  41s  *best\n"}
,{"stream_name":"stdout","time":9818.936249664,"data":"  ep  10/40  loss 0.2263 (dr 0.2700 dme 0.1607)  DR qwk 0.820 acc 66.8%  DME qwk 0.793 acc 77.2%  score 0.8091  41s  *best\n"}
,{"stream_name":"stdout","time":9860.57332691,"data":"  ep  11/40  loss 0.2189 (dr 0.2605 dme 0.1564)  DR qwk 0.833 acc 69.3%  DME qwk 0.815 acc 78.2%  score 0.8262  41s  *best\n"}
,{"stream_name":"stdout","time":9902.01601381,"data":"  ep  12/40  loss 0.2190 (dr 0.2584 dme 0.1598)  DR qwk 0.836 acc 69.5%  DME qwk 0.811 acc 80.2%  score 0.8261  41s\n"}
,{"stream_name":"stdout","time":9943.394582717,"data":"  ep  13/40  loss 0.2169 (dr 0.2558 dme 0.1586)  DR qwk 0.836 acc 69.5%  DME qwk 0.817 acc 81.2%  score 0.8283  41s  *best\n"}
,{"stream_name":"stdout","time":9984.690678512,"data":"  ep  14/40  loss 0.2185 (dr 0.2574 dme 0.1600)  DR qwk 0.837 acc 69.5%  DME qwk 0.806 acc 82.2%  score 0.8248  41s\n"}
,{"stream_name":"stdout","time":10026.455496282,"data":"  ep  15/40  loss 0.2098 (dr 0.2460 dme 0.1553)  DR qwk 0.834 acc 69.9%  DME qwk 0.806 acc 82.2%  score 0.8232  41s\n"}
,{"stream_name":"stdout","time":10067.87570528,"data":"  ep  16/40  loss 0.2061 (dr 0.2433 dme 0.1504)  DR qwk 0.836 acc 70.2%  DME qwk 0.813 acc 83.2%  score 0.8266  41s\n"}
,{"stream_name":"stdout","time":10109.280597185,"data":"  ep  17/40  loss 0.2039 (dr 0.2409 dme 0.1483)  DR qwk 0.836 acc 70.6%  DME qwk 0.813 acc 83.2%  score 0.8270  41s\n"}
,{"stream_name":"stdout","time":10150.673453,"data":"  ep  18/40  loss 0.2056 (dr 0.2405 dme 0.1531)  DR qwk 0.837 acc 70.4%  DME qwk 0.819 acc 84.2%  score 0.8302  41s  *best\n"}
,{"stream_name":"stdout","time":10192.389623017,"data":"  ep  19/40  loss 0.2077 (dr 0.2444 dme 0.1525)  DR qwk 0.838 acc 70.8%  DME qwk 0.819 acc 84.2%  score 0.8305  41s  *best\n"}
,{"stream_name":"stdout","time":10233.592362835,"data":"  ep  20/40  loss 0.2025 (dr 0.2351 dme 0.1535)  DR qwk 0.837 acc 70.6%  DME qwk 0.819 acc 84.2%  score 0.8297  41s\n"}
,{"stream_name":"stdout","time":10274.91269243,"data":"  ep  21/40  loss 0.2001 (dr 0.2329 dme 0.1509)  DR qwk 0.836 acc 70.6%  DME qwk 0.813 acc 83.2%  score 0.8269  41s\n"}
,{"stream_name":"stdout","time":10316.50551226,"data":"  ep  22/40  loss 0.2007 (dr 0.2352 dme 0.1489)  DR qwk 0.841 acc 69.9%  DME qwk 0.817 acc 84.2%  score 0.8312  41s  *best\n"}
,{"stream_name":"stdout","time":10358.489520367,"data":"  ep  23/40  loss 0.1978 (dr 0.2315 dme 0.1472)  DR qwk 0.846 acc 70.2%  DME qwk 0.817 acc 84.2%  score 0.8342  42s  *best\n"}
,{"stream_name":"stdout","time":10400.010102967,"data":"  ep  24/40  loss 0.1963 (dr 0.2290 dme 0.1473)  DR qwk 0.842 acc 69.5%  DME qwk 0.817 acc 84.2%  score 0.8322  41s\n"}
,{"stream_name":"stdout","time":10441.415752281,"data":"  ep  25/40  loss 0.1996 (dr 0.2313 dme 0.1520)  DR qwk 0.842 acc 69.5%  DME qwk 0.813 acc 83.2%  score 0.8305  41s\n"}
,{"stream_name":"stdout","time":10482.975380306,"data":"  ep  26/40  loss 0.1949 (dr 0.2281 dme 0.1451)  DR qwk 0.838 acc 69.5%  DME qwk 0.813 acc 83.2%  score 0.8277  41s\n"}
,{"stream_name":"stdout","time":10524.439093807,"data":"  ep  27/40  loss 0.1944 (dr 0.2260 dme 0.1469)  DR qwk 0.833 acc 69.3%  DME qwk 0.828 acc 83.2%  score 0.8309  41s\n"}
,{"stream_name":"stdout","time":10566.173606233,"data":"  ep  28/40  loss 0.1947 (dr 0.2263 dme 0.1473)  DR qwk 0.830 acc 69.3%  DME qwk 0.828 acc 83.2%  score 0.8290  41s\n"}
,{"stream_name":"stdout","time":10607.77448204,"data":"  ep  29/40  loss 0.1945 (dr 0.2260 dme 0.1473)  DR qwk 0.831 acc 69.5%  DME qwk 0.837 acc 82.2%  score 0.8332  41s\n"}
,{"stream_name":"stdout","time":10649.321093334,"data":"  ep  30/40  loss 0.1924 (dr 0.2242 dme 0.1446)  DR qwk 0.829 acc 69.7%  DME qwk 0.837 acc 82.2%  score 0.8322  41s\n"}
,{"stream_name":"stdout","time":10691.085866826,"data":"  ep  31/40  loss 0.1912 (dr 0.2228 dme 0.1437)  DR qwk 0.830 acc 70.2%  DME qwk 0.837 acc 82.2%  score 0.8329  41s\n"}
,{"stream_name":"stdout","time":10732.497286698,"data":"  ep  32/40  loss 0.1949 (dr 0.2262 dme 0.1478)  DR qwk 0.830 acc 70.4%  DME qwk 0.837 acc 82.2%  score 0.8328  41s\n"}
,{"stream_name":"stdout","time":10773.911160381,"data":"  ep  33/40  loss 0.1916 (dr 0.2230 dme 0.1446)  DR qwk 0.833 acc 70.6%  DME qwk 0.837 acc 82.2%  score 0.8344  41s  *best\n"}
,{"stream_name":"stdout","time":10815.138749841,"data":"  ep  34/40  loss 0.1890 (dr 0.2221 dme 0.1394)  DR qwk 0.831 acc 70.2%  DME qwk 0.837 acc 82.2%  score 0.8331  41s\n"}
,{"stream_name":"stdout","time":10856.500879231,"data":"  ep  35/40  loss 0.1899 (dr 0.2206 dme 0.1439)  DR qwk 0.831 acc 70.2%  DME qwk 0.837 acc 82.2%  score 0.8331  41s\n"}
,{"stream_name":"stdout","time":10898.004330223,"data":"  ep  36/40  loss 0.1891 (dr 0.2211 dme 0.1411)  DR qwk 0.830 acc 69.9%  DME qwk 0.832 acc 81.2%  score 0.8309  41s\n"}
,{"stream_name":"stdout","time":10939.405853024,"data":"  ep  37/40  loss 0.1936 (dr 0.2252 dme 0.1461)  DR qwk 0.829 acc 69.9%  DME qwk 0.832 acc 81.2%  score 0.8305  41s\n"}
,{"stream_name":"stdout","time":10980.747585326,"data":"  ep  38/40  loss 0.1920 (dr 0.2220 dme 0.1470)  DR qwk 0.830 acc 70.2%  DME qwk 0.832 acc 81.2%  score 0.8309  41s\n"}
,{"stream_name":"stdout","time":11022.120615264,"data":"  ep  39/40  loss 0.1923 (dr 0.2231 dme 0.1461)  DR qwk 0.829 acc 69.9%  DME qwk 0.837 acc 82.2%  score 0.8323  41s\n"}
,{"stream_name":"stdout","time":11033.272102169,"data":"\n"}
,{"stream_name":"stdout","time":11033.274070638,"data":"  fold 3 best (selected on validation score, never on test):\n"}
,{"stream_name":"stdout","time":11033.274150151,"data":"    dr                     n=  449  acc  73.3% [69.3,77.3]  floor  52.6%  QWK  0.867  F1 0.606  BEATS\n"}
,{"stream_name":"stdout","time":11033.275222595,"data":"    dme_ungated            n=  101  acc  86.1% [79.2,93.1]  floor  44.6%  QWK  0.874  F1 0.745  BEATS\n"}
,{"stream_name":"stdout","time":11033.277100419,"data":"    dme_gated              n=   68  acc  80.9% [70.6,89.7]  floor  66.2%  QWK  0.779  F1 0.697  BEATS\n"}
,{"stream_name":"stdout","time":11033.27827557,"data":"    dme_referable_binary   n=  449  acc  94.2% [92.0,96.2]  floor  82.6%  QWK  0.796  F1 0.898  BEATS\n"}
,{"stream_name":"stdout","time":11033.337699976,"data":"\n"}
,{"stream_name":"stdout","time":11033.338997551,"data":"==============================================================================\n"}
,{"stream_name":"stdout","time":11033.339816812,"data":"FOLD 4   train=1811  val=449\n"}
,{"stream_name":"stdout","time":11033.340666091,"data":"==============================================================================\n"}
,{"stream_name":"stdout","time":11033.73642498,"data":"  initialised from the pretrained backbone\n"}
,{"stream_name":"stdout","time":11074.881849714,"data":"  ep   0/40  loss 0.3919 (dr 0.3683 dme 0.4274)  DR qwk 0.650 acc 50.6%  DME qwk 0.363 acc 63.4%  score 0.5352  41s  *best\n"}
,{"stream_name":"stdout","time":11116.282285305,"data":"  ep   1/40  loss 0.3298 (dr 0.3469 dme 0.3041)  DR qwk 0.782 acc 55.9%  DME qwk 0.767 acc 82.2%  score 0.7757  41s  *best\n"}
,{"stream_name":"stdout","time":11157.570863305,"data":"  ep   2/40  loss 0.3087 (dr 0.3321 dme 0.2736)  DR qwk 0.780 acc 55.9%  DME qwk 0.752 acc 82.2%  score 0.7688  41s\n"}
,{"stream_name":"stdout","time":11198.986727065,"data":"  ep   3/40  loss 0.2839 (dr 0.3185 dme 0.2319)  DR qwk 0.793 acc 57.7%  DME qwk 0.767 acc 82.2%  score 0.7825  41s  *best\n"}
,{"stream_name":"stdout","time":11240.290888317,"data":"  ep   4/40  loss 0.2676 (dr 0.2999 dme 0.2191)  DR qwk 0.800 acc 60.4%  DME qwk 0.770 acc 83.2%  score 0.7882  41s  *best\n"}
,{"stream_name":"stdout","time":11281.648652379,"data":"  ep   5/40  loss 0.2521 (dr 0.2934 dme 0.1901)  DR qwk 0.805 acc 61.0%  DME qwk 0.750 acc 82.2%  score 0.7827  41s\n"}
,{"stream_name":"stdout","time":11322.917564457,"data":"  ep   6/40  loss 0.2445 (dr 0.2860 dme 0.1823)  DR qwk 0.816 acc 62.1%  DME qwk 0.779 acc 82.2%  score 0.8009  41s  *best\n"}
,{"stream_name":"stdout","time":11364.334486094,"data":"  ep   7/40  loss 0.2396 (dr 0.2791 dme 0.1803)  DR qwk 0.823 acc 61.7%  DME qwk 0.775 acc 81.2%  score 0.8034  41s  *best\n"}
,{"stream_name":"stdout","time":11405.935432301,"data":"  ep   8/40  loss 0.2362 (dr 0.2736 dme 0.1800)  DR qwk 0.829 acc 63.0%  DME qwk 0.796 acc 82.2%  score 0.8158  41s  *best\n"}
,{"stream_name":"stdout","time":11447.300324072,"data":"  ep   9/40  loss 0.2353 (dr 0.2717 dme 0.1805)  DR qwk 0.835 acc 63.0%  DME qwk 0.796 acc 82.2%  score 0.8189  41s  *best\n"}
,{"stream_name":"stdout","time":11488.798987588,"data":"  ep  10/40  loss 0.2228 (dr 0.2626 dme 0.1632)  DR qwk 0.834 acc 63.7%  DME qwk 0.817 acc 83.2%  score 0.8270  41s  *best\n"}
,{"stream_name":"stdout","time":11530.366685803,"data":"  ep  11/40  loss 0.2245 (dr 0.2619 dme 0.1684)  DR qwk 0.835 acc 63.9%  DME qwk 0.810 acc 82.2%  score 0.8251  41s\n"}
,{"stream_name":"stdout","time":11571.649557782,"data":"  ep  12/40  loss 0.2222 (dr 0.2619 dme 0.1626)  DR qwk 0.843 acc 65.0%  DME qwk 0.819 acc 81.2%  score 0.8336  41s  *best\n"}
,{"stream_name":"stdout","time":11613.077410435,"data":"  ep  13/40  loss 0.2148 (dr 0.2534 dme 0.1568)  DR qwk 0.842 acc 64.8%  DME qwk 0.813 acc 80.2%  score 0.8300  41s\n"}
,{"stream_name":"stdout","time":11654.452906185,"data":"  ep  14/40  loss 0.2111 (dr 0.2481 dme 0.1557)  DR qwk 0.847 acc 65.7%  DME qwk 0.828 acc 80.2%  score 0.8394  41s  *best\n"}
,{"stream_name":"stdout","time":11695.734063915,"data":"  ep  15/40  loss 0.2113 (dr 0.2475 dme 0.1572)  DR qwk 0.850 acc 66.1%  DME qwk 0.834 acc 81.2%  score 0.8437  41s  *best\n"}
,{"stream_name":"stdout","time":11737.174616371,"data":"  ep  16/40  loss 0.2053 (dr 0.2388 dme 0.1550)  DR qwk 0.848 acc 66.8%  DME qwk 0.849 acc 81.2%  score 0.8484  41s  *best\n"}
,{"stream_name":"stdout","time":11778.46965666,"data":"  ep  17/40  loss 0.2083 (dr 0.2454 dme 0.1527)  DR qwk 0.847 acc 67.0%  DME qwk 0.849 acc 81.2%  score 0.8481  41s\n"}
,{"stream_name":"stdout","time":11819.771016951,"data":"  ep  18/40  loss 0.2026 (dr 0.2378 dme 0.1499)  DR qwk 0.849 acc 67.7%  DME qwk 0.849 acc 81.2%  score 0.8492  41s  *best\n"}
,{"stream_name":"stdout","time":11861.098310439,"data":"  ep  19/40  loss 0.2096 (dr 0.2439 dme 0.1582)  DR qwk 0.850 acc 67.0%  DME qwk 0.855 acc 82.2%  score 0.8523  41s  *best\n"}
,{"stream_name":"stdout","time":11902.691682695,"data":"  ep  20/40  loss 0.2047 (dr 0.2383 dme 0.1542)  DR qwk 0.849 acc 67.0%  DME qwk 0.855 acc 82.2%  score 0.8519  41s\n"}
,{"stream_name":"stdout","time":11944.824356386,"data":"  ep  21/40  loss 0.2002 (dr 0.2341 dme 0.1494)  DR qwk 0.854 acc 68.2%  DME qwk 0.862 acc 83.2%  score 0.8570  42s  *best\n"}
,{"stream_name":"stdout","time":11986.147843149,"data":"  ep  22/40  loss 0.1992 (dr 0.2335 dme 0.1477)  DR qwk 0.855 acc 68.6%  DME qwk 0.856 acc 82.2%  score 0.8551  41s\n"}
,{"stream_name":"stdout","time":12027.636919281,"data":"  ep  23/40  loss 0.1984 (dr 0.2298 dme 0.1512)  DR qwk 0.854 acc 68.4%  DME qwk 0.849 acc 81.2%  score 0.8521  41s\n"}
,{"stream_name":"stdout","time":12069.08654411,"data":"  ep  24/40  loss 0.1959 (dr 0.2279 dme 0.1478)  DR qwk 0.851 acc 68.2%  DME qwk 0.849 acc 81.2%  score 0.8501  41s\n"}
,{"stream_name":"stdout","time":12110.325126356,"data":"  ep  25/40  loss 0.1966 (dr 0.2290 dme 0.1481)  DR qwk 0.851 acc 68.4%  DME qwk 0.849 acc 81.2%  score 0.8505  41s\n"}
,{"stream_name":"stdout","time":12151.635483842,"data":"  ep  26/40  loss 0.1959 (dr 0.2299 dme 0.1449)  DR qwk 0.855 acc 68.6%  DME qwk 0.849 acc 81.2%  score 0.8525  41s\n"}
,{"stream_name":"stdout","time":12192.804606639,"data":"  ep  27/40  loss 0.1971 (dr 0.2291 dme 0.1491)  DR qwk 0.853 acc 68.4%  DME qwk 0.843 acc 80.2%  score 0.8492  41s\n"}
,{"stream_name":"stdout","time":12234.135074218,"data":"  ep  28/40  loss 0.1956 (dr 0.2262 dme 0.1496)  DR qwk 0.855 acc 68.8%  DME qwk 0.848 acc 81.2%  score 0.8519  41s\n"}
,{"stream_name":"stdout","time":12275.733563131,"data":"  ep  29/40  loss 0.1939 (dr 0.2253 dme 0.1468)  DR qwk 0.854 acc 68.6%  DME qwk 0.848 acc 81.2%  score 0.8513  41s\n"}
,{"stream_name":"stdout","time":12317.001699191,"data":"  ep  30/40  loss 0.1946 (dr 0.2258 dme 0.1478)  DR qwk 0.849 acc 67.9%  DME qwk 0.841 acc 80.2%  score 0.8458  41s\n"}
,{"stream_name":"stdout","time":12358.13987367,"data":"  ep  31/40  loss 0.1920 (dr 0.2204 dme 0.1493)  DR qwk 0.847 acc 67.7%  DME qwk 0.841 acc 80.2%  score 0.8450  41s\n"}
,{"stream_name":"stdout","time":12399.381314835,"data":"  ep  32/40  loss 0.1914 (dr 0.2217 dme 0.1459)  DR qwk 0.851 acc 68.2%  DME qwk 0.841 acc 80.2%  score 0.8470  41s\n"}
,{"stream_name":"stdout","time":12440.774102781,"data":"  ep  33/40  loss 0.1914 (dr 0.2198 dme 0.1489)  DR qwk 0.850 acc 68.2%  DME qwk 0.848 acc 81.2%  score 0.8491  41s\n"}
,{"stream_name":"stdout","time":12481.928676419,"data":"  ep  34/40  loss 0.1929 (dr 0.2253 dme 0.1444)  DR qwk 0.850 acc 68.2%  DME qwk 0.848 acc 81.2%  score 0.8491  41s\n"}
,{"stream_name":"stdout","time":12523.18983343,"data":"  ep  35/40  loss 0.1904 (dr 0.2206 dme 0.1451)  DR qwk 0.850 acc 68.2%  DME qwk 0.852 acc 82.2%  score 0.8510  41s\n"}
,{"stream_name":"stdout","time":12564.667924029,"data":"  ep  36/40  loss 0.1909 (dr 0.2212 dme 0.1455)  DR qwk 0.851 acc 68.4%  DME qwk 0.852 acc 82.2%  score 0.8515  41s\n"}
,{"stream_name":"stdout","time":12606.121683409,"data":"  ep  37/40  loss 0.1924 (dr 0.2225 dme 0.1471)  DR qwk 0.849 acc 67.9%  DME qwk 0.859 acc 83.2%  score 0.8530  41s\n"}
,{"stream_name":"stdout","time":12647.38016994,"data":"  ep  38/40  loss 0.1922 (dr 0.2226 dme 0.1467)  DR qwk 0.847 acc 68.2%  DME qwk 0.859 acc 83.2%  score 0.8517  41s\n"}
,{"stream_name":"stdout","time":12688.602528672,"data":"  ep  39/40  loss 0.1904 (dr 0.2210 dme 0.1444)  DR qwk 0.847 acc 68.2%  DME qwk 0.859 acc 83.2%  score 0.8517  41s\n"}
,{"stream_name":"stdout","time":12699.56892528,"data":"\n"}
,{"stream_name":"stdout","time":12699.571006463,"data":"  fold 4 best (selected on validation score, never on test):\n"}
,{"stream_name":"stdout","time":12699.57102784,"data":"    dr                     n=  449  acc  69.9% [65.7,73.7]  floor  52.6%  QWK  0.856  F1 0.556  BEATS\n"}
,{"stream_name":"stdout","time":12699.573102447,"data":"    dme_ungated            n=  101  acc  83.2% [76.2,89.1]  floor  46.5%  QWK  0.846  F1 0.593  BEATS\n"}
,{"stream_name":"stdout","time":12699.573123599,"data":"    dme_gated              n=   68  acc  75.0% [64.7,85.3]  floor  69.1%  QWK  0.637  F1 0.496  below-floor\n"}
,{"stream_name":"stdout","time":12699.573996912,"data":"    dme_referable_binary   n=  449  acc  92.9% [90.6,95.1]  floor  82.4%  QWK  0.766  F1 0.883  BEATS\n"}
,{"stream_name":"stdout","time":12706.378890633,"data":"\n"}
,{"stream_name":"stdout","time":12706.380022368,"data":"==============================================================================\n"}
,{"stream_name":"stdout","time":12706.380891988,"data":"POOLED OUT-OF-FOLD (2260 images, folds [0, 1, 2, 3, 4])\n"}
,{"stream_name":"stdout","time":12706.381862388,"data":"==============================================================================\n"}
,{"stream_name":"stdout","time":12706.382899169,"data":"    dr                     n= 2260  acc  69.4% [67.5,71.4]  floor  52.4%  QWK  0.856  F1 0.587  BEATS\n"}
,{"stream_name":"stdout","time":12706.38385793,"data":"    dme_ungated            n=  516  acc  85.5% [82.4,88.4]  floor  47.1%  QWK  0.870  F1 0.699  BEATS\n"}
,{"stream_name":"stdout","time":12706.384824684,"data":"    dme_gated              n=  348  acc  78.7% [74.7,82.8]  floor  69.8%  QWK  0.709  F1 0.617  BEATS\n"}
,{"stream_name":"stdout","time":12706.385747881,"data":"    dme_referable_binary   n= 2260  acc  94.1% [93.1,95.0]  floor  82.6%  QWK  0.799  F1 0.900  BEATS\n"}
,{"stream_name":"stdout","time":12706.388601031,"data":"\n"}
,{"stream_name":"stdout","time":12706.389398873,"data":"wrote /kaggle/working/E20CORAL/results.json  (12431s)\n"}
,{"stream_name":"stdout","time":12708.250441771,"data":"\n"}
,{"stream_name":"stdout","time":12708.250472431,"data":"exit=0  12436s\n"}
,{"stream_name":"stdout","time":12708.294684215,"data":"/usr/bin/python3 -u /kaggle/working/repo/src/eval_external.py --run /kaggle/working/E20CORAL --datasets /kaggle/input --corpus APTOS --cache /kaggle/temp/cache_ext --tta\n"}
,{"stream_name":"stdout","time":12710.845279763,"data":"run E20CORAL  commit b723945197  device=cuda  backbone=densenet121 head=coral size=448\n"}
,{"stream_name":"stdout","time":12788.244196458,"data":"[corpora] APTOS            0 images\n"}
,{"stream_name":"stdout","time":12788.245075993,"data":"APTOS matched 0 images — is it attached to this kernel?\n"}
,{"stream_name":"stdout","time":12788.56199934,"data":"external exit= 1\n"}
,{"stream_name":"stdout","time":12788.727547822,"data":"dropping ckpt_2.pt 121 MB\n"}
,{"stream_name":"stdout","time":12788.727580824,"data":"dropping ckpt_3.pt 121 MB\n"}
,{"stream_name":"stdout","time":12788.727587157,"data":"dropping ckpt_4.pt 121 MB\n"}
,{"stream_name":"stdout","time":12788.727591832,"data":"dropping ckpt_1.pt 121 MB\n"}
,{"stream_name":"stdout","time":12788.727596502,"data":"dropping ckpt_0.pt 121 MB\n"}
,{"stream_name":"stdout","time":12788.72760112,"data":"   30.50 MB  best_0.pt\n"}
,{"stream_name":"stdout","time":12788.727606124,"data":"   30.50 MB  best_1.pt\n"}
,{"stream_name":"stdout","time":12788.727610723,"data":"   30.50 MB  best_2.pt\n"}
,{"stream_name":"stdout","time":12788.727615425,"data":"   30.50 MB  best_3.pt\n"}
,{"stream_name":"stdout","time":12788.727620419,"data":"   30.50 MB  best_4.pt\n"}
,{"stream_name":"stdout","time":12788.727625063,"data":"    0.00 MB  external.log\n"}
,{"stream_name":"stdout","time":12788.727629518,"data":"    0.01 MB  oof_0.npz\n"}
,{"stream_name":"stdout","time":12788.727634839,"data":"    0.01 MB  oof_1.npz\n"}
,{"stream_name":"stdout","time":12788.727639219,"data":"    0.01 MB  oof_2.npz\n"}
,{"stream_name":"stdout","time":12788.727643374,"data":"    0.01 MB  oof_3.npz\n"}
,{"stream_name":"stdout","time":12788.727647659,"data":"    0.01 MB  oof_4.npz\n"}
,{"stream_name":"stdout","time":12788.727651777,"data":"   30.51 MB  pretrained.pt\n"}
,{"stream_name":"stdout","time":12788.727656073,"data":"    0.09 MB  results.json\n"}
,{"stream_name":"stdout","time":12788.727660493,"data":"    0.04 MB  train_20260905-171922.log\n"}
,{"stream_name":"stdout","time":12788.727670665,"data":"\n"}
,{"stream_name":"stdout","time":12788.72767427,"data":"run E20CORAL commit b723945197 | folds [0, 1, 2, 3, 4]\n"}
,{"stream_name":"stdout","time":12788.727677399,"data":"  dr                     n= 2260 acc  69.4% floor  52.4% QWK  0.856\n"}
,{"stream_name":"stdout","time":12788.727680552,"data":"  dme_ungated            n=  516 acc  85.5% floor  47.1% QWK  0.870\n"}
,{"stream_name":"stdout","time":12788.727683677,"data":"  dme_gated              n=  348 acc  78.7% floor  69.8% QWK  0.709\n"}
,{"stream_name":"stdout","time":12788.7276867,"data":"  dme_referable_binary   n= 2260 acc  94.1% floor  82.6% QWK  0.799\n"}
,{"stream_name":"stderr","time":12794.987771327,"data":"/usr/local/lib/python3.12/dist-packages/mistune.py:435: SyntaxWarning: invalid escape sequence '\\|'\n"}
,{"stream_name":"stderr","time":12794.987821415,"data":"  cells[i][c] = re.sub('\\\\\\\\\\|', '|', cell)\n"}
,{"stream_name":"stderr","time":12795.229787257,"data":"/usr/local/lib/python3.12/dist-packages/nbconvert/filters/filter_links.py:36: SyntaxWarning: invalid escape sequence '\\_'\n"}
,{"stream_name":"stderr","time":12795.229829555,"data":"  text = re.sub(r'_', '\\_', text) # Escape underscores in display text\n"}
,{"stream_name":"stderr","time":12795.961268223,"data":"[NbConvertApp] Converting notebook __notebook__.ipynb to notebook\n"}
,{"stream_name":"stderr","time":12796.309339935,"data":"[NbConvertApp] Writing 59109 bytes to __notebook__.ipynb\n"}
,{"stream_name":"stderr","time":12798.686738813,"data":"[NbConvertApp] Converting notebook __notebook__.ipynb to html\n"}
,{"stream_name":"stderr","time":12799.545116864,"data":"[NbConvertApp] Writing 351071 bytes to __results__.html\n"}
]