[{"stream_name":"stderr","time":10.304744337,"data":"0.00s - Debugger warning: It seems that frozen modules are being used, which may\n"}
,{"stream_name":"stderr","time":10.304855541,"data":"0.00s - make the debugger miss breakpoints. Please pass -Xfrozen_modules=off\n"}
,{"stream_name":"stderr","time":10.304862218,"data":"0.00s - to python to disable frozen modules.\n"}
,{"stream_name":"stderr","time":10.304866134,"data":"0.00s - Note: Debugging will proceed. Set PYDEVD_DISABLE_FILE_VALIDATION=1 to disable this validation.\n"}
,{"stream_name":"stderr","time":11.038020982,"data":"0.00s - Debugger warning: It seems that frozen modules are being used, which may\n"}
,{"stream_name":"stderr","time":11.038048827,"data":"0.00s - make the debugger miss breakpoints. Please pass -Xfrozen_modules=off\n"}
,{"stream_name":"stderr","time":11.038053804,"data":"0.00s - to python to disable frozen modules.\n"}
,{"stream_name":"stderr","time":11.038057536,"data":"0.00s - Note: Debugging will proceed. Set PYDEVD_DISABLE_FILE_VALIDATION=1 to disable this validation.\n"}
,{"stream_name":"stdout","time":13.994468379,"data":"CODE COMMIT 68563efe975d9e0a5c2da6fdf97a3dde04c5c722\n"}
,{"stream_name":"stdout","time":13.994557926,"data":"E13gate passes; I07 macula-pooled DME head implemented; D01 kills the LP-FT floor-lift\n"}
,{"stream_name":"stdout","time":94.700556409,"data":"datasets                                                  73471 files\n"}
,{"stream_name":"stdout","time":100.542173432,"data":"torch 2.10.0+cu128 | cuda True | Tesla P100-PCIE-16GB\n"}
,{"stream_name":"stderr","time":100.543427907,"data":"/usr/local/lib/python3.12/dist-packages/torch/cuda/__init__.py:435: UserWarning: \n"}
,{"stream_name":"stderr","time":100.543451298,"data":"    Found GPU0 Tesla P100-PCIE-16GB which is of cuda capability 6.0.\n"}
,{"stream_name":"stderr","time":100.543457175,"data":"    Minimum and Maximum cuda capability supported by this version of PyTorch is\n"}
,{"stream_name":"stderr","time":100.543461817,"data":"    (7.0) - (12.0)\n"}
,{"stream_name":"stderr","time":100.543466191,"data":"    \n"}
,{"stream_name":"stderr","time":100.54347047,"data":"  queued_call()\n"}
,{"stream_name":"stderr","time":100.54348025,"data":"/usr/local/lib/python3.12/dist-packages/torch/cuda/__init__.py:435: UserWarning: \n"}
,{"stream_name":"stderr","time":100.543484205,"data":"    Please install PyTorch with a following CUDA\n"}
,{"stream_name":"stderr","time":100.543487265,"data":"    configurations:  12.6 following instructions at\n"}
,{"stream_name":"stderr","time":100.543490221,"data":"    https://pytorch.org/get-started/locally/\n"}
,{"stream_name":"stderr","time":100.543493237,"data":"    \n"}
,{"stream_name":"stderr","time":100.543496245,"data":"  queued_call()\n"}
,{"stream_name":"stderr","time":100.543499323,"data":"/usr/local/lib/python3.12/dist-packages/torch/cuda/__init__.py:435: UserWarning: \n"}
,{"stream_name":"stderr","time":100.543502631,"data":"Tesla P100-PCIE-16GB with CUDA capability sm_60 is not compatible with the current PyTorch installation.\n"}
,{"stream_name":"stderr","time":100.543505862,"data":"The current PyTorch install supports CUDA capabilities sm_70 sm_75 sm_80 sm_86 sm_90 sm_100 sm_120.\n"}
,{"stream_name":"stderr","time":100.543509209,"data":"If you want to use the Tesla P100-PCIE-16GB GPU with PyTorch, please check the instructions at https://pytorch.org/get-started/locally/\n"}
,{"stream_name":"stderr","time":100.543512316,"data":"\n"}
,{"stream_name":"stderr","time":100.543515191,"data":"  queued_call()\n"}
,{"stream_name":"stderr","time":100.543518103,"data":"\n"}
,{"stream_name":"stderr","time":100.543520965,"data":"/usr/local/lib/python3.12/dist-packages/torch/cuda/__init__.py:435: UserWarning: \n"}
,{"stream_name":"stderr","time":100.543536388,"data":"    Found GPU0 Tesla P100-PCIE-16GB which is of cuda capability 6.0.\n"}
,{"stream_name":"stderr","time":100.543539015,"data":"    Minimum and Maximum cuda capability supported by this version of PyTorch is\n"}
,{"stream_name":"stderr","time":100.543541342,"data":"    (7.0) - (12.0)\n"}
,{"stream_name":"stderr","time":100.543543649,"data":"    \n"}
,{"stream_name":"stderr","time":100.543545799,"data":"  queued_call()\n"}
,{"stream_name":"stderr","time":100.543547969,"data":"/usr/local/lib/python3.12/dist-packages/torch/cuda/__init__.py:435: UserWarning: \n"}
,{"stream_name":"stderr","time":100.543550313,"data":"    Please install PyTorch with a following CUDA\n"}
,{"stream_name":"stderr","time":100.543552576,"data":"    configurations:  12.6 following instructions at\n"}
,{"stream_name":"stderr","time":100.543554826,"data":"    https://pytorch.org/get-started/locally/\n"}
,{"stream_name":"stderr","time":100.543557055,"data":"    \n"}
,{"stream_name":"stderr","time":100.54355919,"data":"  queued_call()\n"}
,{"stream_name":"stderr","time":100.543561551,"data":"/usr/local/lib/python3.12/dist-packages/torch/cuda/__init__.py:435: UserWarning: \n"}
,{"stream_name":"stderr","time":100.543563876,"data":"Tesla P100-PCIE-16GB with CUDA capability sm_60 is not compatible with the current PyTorch installation.\n"}
,{"stream_name":"stderr","time":100.543566303,"data":"The current PyTorch install supports CUDA capabilities sm_70 sm_75 sm_80 sm_86 sm_90 sm_100 sm_120.\n"}
,{"stream_name":"stderr","time":100.543568706,"data":"If you want to use the Tesla P100-PCIE-16GB GPU with PyTorch, please check the instructions at https://pytorch.org/get-started/locally/\n"}
,{"stream_name":"stderr","time":100.543571103,"data":"\n"}
,{"stream_name":"stderr","time":100.543573433,"data":"  queued_call()\n"}
,{"stream_name":"stdout","time":100.742193535,"data":"GPU Tesla P100-PCIE-16GB  sm_60  torch 2.10.0+cu128\n"}
,{"stream_name":"stdout","time":100.860218016,"data":"UNUSABLE: CUDA error: no kernel image is available for execution on the device\n"}
,{"stream_name":"stdout","time":100.860252658,"data":"Search for `cudaErrorNoKernelImageForDevice' in https://docs.nvidia.com/cuda/cuda-runtime-api/group__CUDART__TYPES.html for more information.\n"}
,{"stream_name":"stdout","time":100.860256533,"data":"CUDA kernel errors might be asynchronously reported at some other API call, so the stacktrace below might be incorrect.\n"}
,{"stream_name":"stdout","time":100.860259715,"data":"For debugging consider passing CUDA_LAUNCH_BLOCKING=1\n"}
,{"stream_name":"stdout","time":100.860262217,"data":"Compile with `TORCH_USE_CUDA_DSA` to enable device-side assertions.\n"}
,{"stream_name":"stdout","time":100.860264566,"data":"\n"}
,{"stream_name":"stdout","time":100.860266758,"data":"installing a torch build that supports this GPU ...\n"}
,{"stream_name":"stdout","time":111.99448842,"data":"     ━━━━━━━━━━━━━━━━━━━━━━━━━━━━━━━━━━━━━━━ 780.4/780.4 MB 2.2 MB/s eta 0:00:00\n"}
,{"stream_name":"stdout","time":112.19683952,"data":"     ━━━━━━━━━━━━━━━━━━━━━━━━━━━━━━━━━━━━━━━ 780.4/780.4 MB 2.2 MB/s eta 0:00:00\n"}
,{"stream_name":"stdout","time":114.95865441,"data":"     ━━━━━━━━━━━━━━━━━━━━━━━━━━━━━━━━━━━━━━━━ 7.3/7.3 MB 98.0 MB/s eta 0:00:00\n"}
,{"stream_name":"stdout","time":115.160974464,"data":"     ━━━━━━━━━━━━━━━━━━━━━━━━━━━━━━━━━━━━━━━━ 7.3/7.3 MB 98.0 MB/s eta 0:00:00\n"}
,{"stream_name":"stdout","time":115.222549561,"data":"     ━━━━━━━━━━━━━━━━━━━━━━━━━━━━━━━━━━━━━━━ 23.7/23.7 MB 231.4 MB/s eta 0:00:00\n"}
,{"stream_name":"stdout","time":115.369236637,"data":"     ━━━━━━━━━━━━━━━━━━━━━━━━━━━━━━━━━━━━━ 823.6/823.6 kB 229.1 MB/s eta 0:00:00\n"}
,{"stream_name":"stdout","time":115.424478086,"data":"     ━━━━━━━━━━━━━━━━━━━━━━━━━━━━━━━━━━━━━━━ 23.7/23.7 MB 231.4 MB/s eta 0:00:00\n"}
,{"stream_name":"stdout","time":115.424530423,"data":"     ━━━━━━━━━━━━━━━━━━━━━━━━━━━━━━━━━━━━━ 823.6/823.6 kB 229.1 MB/s eta 0:00:00\n"}
,{"stream_name":"stdout","time":115.504432188,"data":"     ━━━━━━━━━━━━━━━━━━━━━━━━━━━━━━━━━━━━━━━ 14.1/14.1 MB 223.9 MB/s eta 0:00:00\n"}
,{"stream_name":"stdout","time":115.706615399,"data":"     ━━━━━━━━━━━━━━━━━━━━━━━━━━━━━━━━━━━━━━━ 14.1/14.1 MB 223.9 MB/s eta 0:00:00\n"}
,{"stream_name":"stdout","time":122.590300027,"data":"     ━━━━━━━━━━━━━━━━━━━━━━━━━━━━━━━━━━━━━━━ 664.8/664.8 MB 2.6 MB/s eta 0:00:00\n"}
,{"stream_name":"stdout","time":122.791635518,"data":"     ━━━━━━━━━━━━━━━━━━━━━━━━━━━━━━━━━━━━━━━ 664.8/664.8 MB 2.6 MB/s eta 0:00:00\n"}
,{"stream_name":"stdout","time":127.665581339,"data":"     ━━━━━━━━━━━━━━━━━━━━━━━━━━━━━━━━━━━━━━ 410.6/410.6 MB 83.7 MB/s eta 0:00:00\n"}
,{"stream_name":"stdout","time":127.867947762,"data":"     ━━━━━━━━━━━━━━━━━━━━━━━━━━━━━━━━━━━━━━ 410.6/410.6 MB 83.7 MB/s eta 0:00:00\n"}
,{"stream_name":"stdout","time":130.006155505,"data":"     ━━━━━━━━━━━━━━━━━━━━━━━━━━━━━━━━━━━━━ 121.6/121.6 MB 163.0 MB/s eta 0:00:00\n"}
,{"stream_name":"stdout","time":130.20831486,"data":"     ━━━━━━━━━━━━━━━━━━━━━━━━━━━━━━━━━━━━━ 121.6/121.6 MB 163.0 MB/s eta 0:00:00\n"}
,{"stream_name":"stdout","time":130.662799435,"data":"     ━━━━━━━━━━━━━━━━━━━━━━━━━━━━━━━━━━━━━━━ 56.5/56.5 MB 199.8 MB/s eta 0:00:00\n"}
,{"stream_name":"stdout","time":130.866612884,"data":"     ━━━━━━━━━━━━━━━━━━━━━━━━━━━━━━━━━━━━━━━ 56.5/56.5 MB 199.8 MB/s eta 0:00:00\n"}
,{"stream_name":"stdout","time":131.476258369,"data":"     ━━━━━━━━━━━━━━━━━━━━━━━━━━━━━━━━━━━━━ 124.2/124.2 MB 154.6 MB/s eta 0:00:00\n"}
,{"stream_name":"stdout","time":131.678249908,"data":"     ━━━━━━━━━━━━━━━━━━━━━━━━━━━━━━━━━━━━━ 124.2/124.2 MB 154.6 MB/s eta 0:00:00\n"}
,{"stream_name":"stdout","time":132.753351021,"data":"     ━━━━━━━━━━━━━━━━━━━━━━━━━━━━━━━━━━━━━ 196.0/196.0 MB 142.2 MB/s eta 0:00:00\n"}
,{"stream_name":"stdout","time":132.955632784,"data":"     ━━━━━━━━━━━━━━━━━━━━━━━━━━━━━━━━━━━━━ 196.0/196.0 MB 142.2 MB/s eta 0:00:00\n"}
,{"stream_name":"stdout","time":134.4613537,"data":"     ━━━━━━━━━━━━━━━━━━━━━━━━━━━━━━━━━━━━━ 188.7/188.7 MB 129.6 MB/s eta 0:00:00\n"}
,{"stream_name":"stdout","time":134.663197186,"data":"     ━━━━━━━━━━━━━━━━━━━━━━━━━━━━━━━━━━━━━ 188.7/188.7 MB 129.6 MB/s eta 0:00:00\n"}
,{"stream_name":"stdout","time":135.551201551,"data":"     ━━━━━━━━━━━━━━━━━━━━━━━━━━━━━━━━━━━━━━━ 99.1/99.1 kB 112.4 MB/s eta 0:00:00\n"}
,{"stream_name":"stdout","time":135.753365553,"data":"     ━━━━━━━━━━━━━━━━━━━━━━━━━━━━━━━━━━━━━━━ 99.1/99.1 kB 112.4 MB/s eta 0:00:00\n"}
,{"stream_name":"stdout","time":137.859399123,"data":"     ━━━━━━━━━━━━━━━━━━━━━━━━━━━━━━━━━━━━━━━ 209.6/209.6 MB 8.9 MB/s eta 0:00:00\n"}
,{"stream_name":"stdout","time":138.061843722,"data":"     ━━━━━━━━━━━━━━━━━━━━━━━━━━━━━━━━━━━━━━━ 209.6/209.6 MB 8.9 MB/s eta 0:00:00\n"}
,{"stream_name":"stdout","time":138.708866323,"data":"   ━━━━━━━━━━━━━━━━━━━━━━━━━━━━━━━━━━━━━━━━ 6.2/6.2 MB 82.3 MB/s eta 0:00:00\n"}
,{"stream_name":"stdout","time":138.910928052,"data":"   ━━━━━━━━━━━━━━━━━━━━━━━━━━━━━━━━━━━━━━━━ 6.2/6.2 MB 82.3 MB/s eta 0:00:00\n"}
,{"stream_name":"stderr","time":308.933980553,"data":"ERROR: pip's dependency resolver does not currently take into account all the packages that are installed. This behaviour is the source of the following dependency conflicts.\n"}
,{"stream_name":"stderr","time":308.934014324,"data":"torchaudio 2.10.0+cu128 requires torch==2.10.0, but you have torch 2.5.1+cu121 which is incompatible.\n"}
,{"stream_name":"stderr","time":309.138283321,"data":"ERROR: pip's dependency resolver does not currently take into account all the packages that are installed. This behaviour is the source of the following dependency conflicts.\n"}
,{"stream_name":"stderr","time":309.138312159,"data":"torchaudio 2.10.0+cu128 requires torch==2.10.0, but you have torch 2.5.1+cu121 which is incompatible.\n"}
,{"stream_name":"stderr","time":309.138318235,"data":"\n"}
,{"stream_name":"stderr","time":309.138323174,"data":"ERROR: pip's dependency resolver does not currently take into account all the packages that are installed. This behaviour is the source of the following dependency conflicts.\n"}
,{"stream_name":"stderr","time":309.138328486,"data":"torchaudio 2.10.0+cu128 requires torch==2.10.0, but you have torch 2.5.1+cu121 which is incompatible.\n"}
,{"stream_name":"stdout","time":309.521612296,"data":"installed -- src/train.py runs in a subprocess so it picks up the new build\n"}
,{"stream_name":"stdout","time":309.537580008,"data":"/usr/bin/python3 -u /kaggle/working/repo/src/train.py --datasets /kaggle/input --splits /kaggle/working/repo/data/splits/dev_v1.json --run-id E14MAC --out /kaggle/working/E14MAC --cache /kaggle/temp/cache560 --channels-last --resume --folds 0,1,2,3,4 --epochs 40 --size 448 --batch 16 --cache-size 560 --pretrain-corpora EyePACS --pretrain-epochs 5 --tta --macula --macula-size 224 --macula-dd 3.0 --fovea-epochs 25\n"}
,{"stream_name":"stdout","time":312.219434572,"data":"COMMIT 68563efe975d9e0a5c2da6fdf97a3dde04c5c722\n"}
,{"stream_name":"stdout","time":312.220359194,"data":"RUN E14MAC\n"}
,{"stream_name":"stdout","time":312.30021985,"data":"device=cuda  torch=2.5.1+cu121  gpu=Tesla P100-PCIE-16GB\n"}
,{"stream_name":"stdout","time":312.431080961,"data":"[gpu] sm_60 usable\n"}
,{"stream_name":"stdout","time":313.015596132,"data":"[corpora] IDRiD          516 images\n"}
,{"stream_name":"stdout","time":351.773685341,"data":"[corpora] Messidor-2    1744 images\n"}
,{"stream_name":"stdout","time":351.774616868,"data":"  IDRiD       n=   516  DR0=168 DR1=25 DR2=168 DR3=93 DR4=62   dme_supervised=  516 (exact=516)\n"}
,{"stream_name":"stdout","time":351.775750556,"data":"  Messidor-2  n=  1744  DR0=1017 DR1=270 DR2=347 DR3=75 DR4=35   dme_supervised= 1744 (exact=151)\n"}
,{"stream_name":"stdout","time":351.776946077,"data":"[split] /kaggle/working/repo/data/splits/dev_v1.json fingerprint=0cfbbfeb081999af 5 folds\n"}
,{"stream_name":"stdout","time":372.052637427,"data":"[corpora] EyePACS      35126 images\n"}
,{"stream_name":"stdout","time":372.108594219,"data":"  EyePACS     n= 35126  DR0=25810 DR1=2443 DR2=5292 DR3=873 DR4=708   dme_supervised=    0 (exact=0)\n"}
,{"stream_name":"stdout","time":372.347186948,"data":"[cache] decoding 37386 images -\u003e /kaggle/temp/cache560\n"}
,{"stream_name":"stdout","time":408.704322315,"data":"[cache]   250/37386  36s, ~5400s left\n"}
,{"stream_name":"stdout","time":446.209487596,"data":"[cache]   500/37386  74s, ~5449s left\n"}
,{"stream_name":"stdout","time":452.633480966,"data":"[cache]   750/37386  80s, ~3922s left\n"}
,{"stream_name":"stdout","time":456.921243266,"data":"[cache]   1000/37386  85s, ~3077s left\n"}
,{"stream_name":"stdout","time":460.98557621,"data":"[cache]   1250/37386  89s, ~2562s left\n"}
,{"stream_name":"stdout","time":465.101426477,"data":"[cache]   1500/37386  93s, ~2219s left\n"}
,{"stream_name":"stdout","time":468.128276429,"data":"[cache]   1750/37386  96s, ~1950s left\n"}
,{"stream_name":"stdout","time":470.806220093,"data":"[cache]   2000/37386  98s, ~1742s left\n"}
,{"stream_name":"stdout","time":473.512099383,"data":"[cache]   2250/37386  101s, ~1580s left\n"}
,{"stream_name":"stdout","time":478.279156441,"data":"[cache]   2500/37386  106s, ~1478s left\n"}
,{"stream_name":"stdout","time":483.202141401,"data":"[cache]   2750/37386  111s, ~1396s left\n"}
,{"stream_name":"stdout","time":488.121821706,"data":"[cache]   3000/37386  116s, ~1327s left\n"}
,{"stream_name":"stdout","time":493.097561259,"data":"[cache]   3250/37386  121s, ~1268s left\n"}
,{"stream_name":"stdout","time":498.267548806,"data":"[cache]   3500/37386  126s, ~1219s left\n"}
,{"stream_name":"stdout","time":503.405935509,"data":"[cache]   3750/37386  131s, ~1176s left\n"}
,{"stream_name":"stdout","time":508.320577861,"data":"[cache]   4000/37386  136s, ~1135s left\n"}
,{"stream_name":"stdout","time":513.282004618,"data":"[cache]   4250/37386  141s, ~1099s left\n"}
,{"stream_name":"stdout","time":518.145168261,"data":"[cache]   4500/37386  146s, ~1065s left\n"}
,{"stream_name":"stdout","time":522.907850918,"data":"[cache]   4750/37386  151s, ~1034s left\n"}
,{"stream_name":"stdout","time":527.771088715,"data":"[cache]   5000/37386  155s, ~1007s left\n"}
,{"stream_name":"stdout","time":532.624655282,"data":"[cache]   5250/37386  160s, ~981s left\n"}
,{"stream_name":"stdout","time":537.418199467,"data":"[cache]   5500/37386  165s, ~957s left\n"}
,{"stream_name":"stdout","time":542.347280588,"data":"[cache]   5750/37386  170s, ~935s left\n"}
,{"stream_name":"stdout","time":547.349839508,"data":"[cache]   6000/37386  175s, ~915s left\n"}
,{"stream_name":"stdout","time":552.256023587,"data":"[cache]   6250/37386  180s, ~896s left\n"}
,{"stream_name":"stdout","time":557.136530982,"data":"[cache]   6500/37386  185s, ~878s left\n"}
,{"stream_name":"stdout","time":562.098019299,"data":"[cache]   6750/37386  190s, ~861s left\n"}
,{"stream_name":"stdout","time":567.143299699,"data":"[cache]   7000/37386  195s, ~846s left\n"}
,{"stream_name":"stdout","time":572.409917251,"data":"[cache]   7250/37386  200s, ~832s left\n"}
,{"stream_name":"stdout","time":577.678246425,"data":"[cache]   7500/37386  205s, ~818s left\n"}
,{"stream_name":"stdout","time":583.10149101,"data":"[cache]   7750/37386  211s, ~806s left\n"}
,{"stream_name":"stdout","time":588.124269883,"data":"[cache]   8000/37386  216s, ~793s left\n"}
,{"stream_name":"stdout","time":593.380494993,"data":"[cache]   8250/37386  221s, ~781s left\n"}
,{"stream_name":"stdout","time":598.455690528,"data":"[cache]   8500/37386  226s, ~768s left\n"}
,{"stream_name":"stdout","time":603.736286681,"data":"[cache]   8750/37386  231s, ~757s left\n"}
,{"stream_name":"stdout","time":609.303522419,"data":"[cache]   9000/37386  237s, ~747s left\n"}
,{"stream_name":"stdout","time":614.534687864,"data":"[cache]   9250/37386  242s, ~737s left\n"}
,{"stream_name":"stdout","time":619.681833047,"data":"[cache]   9500/37386  247s, ~726s left\n"}
,{"stream_name":"stdout","time":625.008593826,"data":"[cache]   9750/37386  253s, ~716s left\n"}
,{"stream_name":"stdout","time":630.386495848,"data":"[cache]   10000/37386  258s, ~707s left\n"}
,{"stream_name":"stdout","time":635.466452561,"data":"[cache]   10250/37386  263s, ~697s left\n"}
,{"stream_name":"stdout","time":640.513466036,"data":"[cache]   10500/37386  268s, ~687s left\n"}
,{"stream_name":"stdout","time":645.653874193,"data":"[cache]   10750/37386  273s, ~677s left\n"}
,{"stream_name":"stdout","time":650.989328717,"data":"[cache]   11000/37386  279s, ~668s left\n"}
,{"stream_name":"stdout","time":656.306992339,"data":"[cache]   11250/37386  284s, ~660s left\n"}
,{"stream_name":"stdout","time":661.473178623,"data":"[cache]   11500/37386  289s, ~651s left\n"}
,{"stream_name":"stdout","time":666.682002278,"data":"[cache]   11750/37386  294s, ~642s left\n"}
,{"stream_name":"stdout","time":671.766990016,"data":"[cache]   12000/37386  299s, ~633s left\n"}
,{"stream_name":"stdout","time":676.927671783,"data":"[cache]   12250/37386  305s, ~625s left\n"}
,{"stream_name":"stdout","time":682.117189318,"data":"[cache]   12500/37386  310s, ~617s left\n"}
,{"stream_name":"stdout","time":688.635893079,"data":"[cache]   12750/37386  316s, ~611s left\n"}
,{"stream_name":"stdout","time":694.140405975,"data":"[cache]   13000/37386  322s, ~604s left\n"}
,{"stream_name":"stdout","time":699.706934661,"data":"[cache]   13250/37386  327s, ~596s left\n"}
,{"stream_name":"stdout","time":705.839124032,"data":"[cache]   13500/37386  333s, ~590s left\n"}
,{"stream_name":"stdout","time":711.303801056,"data":"[cache]   13750/37386  339s, ~583s left\n"}
,{"stream_name":"stdout","time":716.402533622,"data":"[cache]   14000/37386  344s, ~575s left\n"}
,{"stream_name":"stdout","time":721.411058465,"data":"[cache]   14250/37386  349s, ~567s left\n"}
,{"stream_name":"stdout","time":726.586350151,"data":"[cache]   14500/37386  354s, ~559s left\n"}
,{"stream_name":"stdout","time":731.683083446,"data":"[cache]   14750/37386  359s, ~551s left\n"}
,{"stream_name":"stdout","time":737.017296359,"data":"[cache]   15000/37386  365s, ~544s left\n"}
,{"stream_name":"stdout","time":741.913361043,"data":"[cache]   15250/37386  370s, ~536s left\n"}
,{"stream_name":"stdout","time":747.08778014,"data":"[cache]   15500/37386  375s, ~529s left\n"}
,{"stream_name":"stdout","time":752.26061419,"data":"[cache]   15750/37386  380s, ~522s left\n"}
,{"stream_name":"stdout","time":757.596788526,"data":"[cache]   16000/37386  385s, ~515s left\n"}
,{"stream_name":"stdout","time":762.703023599,"data":"[cache]   16250/37386  390s, ~508s left\n"}
,{"stream_name":"stdout","time":768.157629598,"data":"[cache]   16500/37386  396s, ~501s left\n"}
,{"stream_name":"stdout","time":773.754775667,"data":"[cache]   16750/37386  401s, ~495s left\n"}
,{"stream_name":"stdout","time":779.095499419,"data":"[cache]   17000/37386  407s, ~488s left\n"}
,{"stream_name":"stdout","time":784.464824014,"data":"[cache]   17250/37386  412s, ~481s left\n"}
,{"stream_name":"stdout","time":789.600685518,"data":"[cache]   17500/37386  417s, ~474s left\n"}
,{"stream_name":"stdout","time":794.962533007,"data":"[cache]   17750/37386  423s, ~468s left\n"}
,{"stream_name":"stdout","time":800.435902663,"data":"[cache]   18000/37386  428s, ~461s left\n"}
,{"stream_name":"stdout","time":806.119186197,"data":"[cache]   18250/37386  434s, ~455s left\n"}
,{"stream_name":"stdout","time":811.892142714,"data":"[cache]   18500/37386  440s, ~449s left\n"}
,{"stream_name":"stdout","time":817.398880635,"data":"[cache]   18750/37386  445s, ~442s left\n"}
,{"stream_name":"stdout","time":822.78558766,"data":"[cache]   19000/37386  450s, ~436s left\n"}
,{"stream_name":"stdout","time":828.394478462,"data":"[cache]   19250/37386  456s, ~430s left\n"}
,{"stream_name":"stdout","time":833.869281561,"data":"[cache]   19500/37386  462s, ~423s left\n"}
,{"stream_name":"stdout","time":839.397867796,"data":"[cache]   19750/37386  467s, ~417s left\n"}
,{"stream_name":"stdout","time":845.118236591,"data":"[cache]   20000/37386  473s, ~411s left\n"}
,{"stream_name":"stdout","time":850.586082365,"data":"[cache]   20250/37386  478s, ~405s left\n"}
,{"stream_name":"stdout","time":855.989909883,"data":"[cache]   20500/37386  484s, ~398s left\n"}
,{"stream_name":"stdout","time":861.404670505,"data":"[cache]   20750/37386  489s, ~392s left\n"}
,{"stream_name":"stdout","time":867.087721629,"data":"[cache]   21000/37386  495s, ~386s left\n"}
,{"stream_name":"stdout","time":872.939919243,"data":"[cache]   21250/37386  501s, ~380s left\n"}
,{"stream_name":"stdout","time":878.655514548,"data":"[cache]   21500/37386  506s, ~374s left\n"}
,{"stream_name":"stdout","time":884.117498086,"data":"[cache]   21750/37386  512s, ~368s left\n"}
,{"stream_name":"stdout","time":889.577871973,"data":"[cache]   22000/37386  517s, ~362s left\n"}
,{"stream_name":"stdout","time":895.052949628,"data":"[cache]   22250/37386  523s, ~356s left\n"}
,{"stream_name":"stdout","time":900.690304479,"data":"[cache]   22500/37386  528s, ~350s left\n"}
,{"stream_name":"stdout","time":905.924911584,"data":"[cache]   22750/37386  534s, ~343s left\n"}
,{"stream_name":"stdout","time":911.046958127,"data":"[cache]   23000/37386  539s, ~337s left\n"}
,{"stream_name":"stdout","time":916.1617023,"data":"[cache]   23250/37386  544s, ~331s left\n"}
,{"stream_name":"stdout","time":921.365861852,"data":"[cache]   23500/37386  549s, ~324s left\n"}
,{"stream_name":"stdout","time":926.625558657,"data":"[cache]   23750/37386  554s, ~318s left\n"}
,{"stream_name":"stdout","time":932.14403195,"data":"[cache]   24000/37386  560s, ~312s left\n"}
,{"stream_name":"stdout","time":937.403301486,"data":"[cache]   24250/37386  565s, ~306s left\n"}
,{"stream_name":"stdout","time":942.551745043,"data":"[cache]   24500/37386  570s, ~300s left\n"}
,{"stream_name":"stdout","time":947.925726415,"data":"[cache]   24750/37386  576s, ~294s left\n"}
,{"stream_name":"stdout","time":953.145951486,"data":"[cache]   25000/37386  581s, ~288s left\n"}
,{"stream_name":"stdout","time":958.241034075,"data":"[cache]   25250/37386  586s, ~282s left\n"}
,{"stream_name":"stdout","time":963.499646422,"data":"[cache]   25500/37386  591s, ~276s left\n"}
,{"stream_name":"stdout","time":968.757722571,"data":"[cache]   25750/37386  596s, ~270s left\n"}
,{"stream_name":"stdout","time":974.008009544,"data":"[cache]   26000/37386  602s, ~263s left\n"}
,{"stream_name":"stdout","time":979.033672185,"data":"[cache]   26250/37386  607s, ~257s left\n"}
,{"stream_name":"stdout","time":984.475611806,"data":"[cache]   26500/37386  612s, ~251s left\n"}
,{"stream_name":"stdout","time":989.624094849,"data":"[cache]   26750/37386  617s, ~245s left\n"}
,{"stream_name":"stdout","time":994.806605638,"data":"[cache]   27000/37386  622s, ~239s left\n"}
,{"stream_name":"stdout","time":1000.187567049,"data":"[cache]   27250/37386  628s, ~234s left\n"}
,{"stream_name":"stdout","time":1005.266606586,"data":"[cache]   27500/37386  633s, ~228s left\n"}
,{"stream_name":"stdout","time":1010.3884657,"data":"[cache]   27750/37386  638s, ~222s left\n"}
,{"stream_name":"stdout","time":1015.539806911,"data":"[cache]   28000/37386  643s, ~216s left\n"}
,{"stream_name":"stdout","time":1020.706188126,"data":"[cache]   28250/37386  648s, ~210s left\n"}
,{"stream_name":"stdout","time":1025.799639937,"data":"[cache]   28500/37386  653s, ~204s left\n"}
,{"stream_name":"stdout","time":1030.866181197,"data":"[cache]   28750/37386  659s, ~198s left\n"}
,{"stream_name":"stdout","time":1035.988130461,"data":"[cache]   29000/37386  664s, ~192s left\n"}
,{"stream_name":"stdout","time":1041.056515179,"data":"[cache]   29250/37386  669s, ~186s left\n"}
,{"stream_name":"stdout","time":1046.281853283,"data":"[cache]   29500/37386  674s, ~180s left\n"}
,{"stream_name":"stdout","time":1051.409544924,"data":"[cache]   29750/37386  679s, ~174s left\n"}
,{"stream_name":"stdout","time":1056.553235068,"data":"[cache]   30000/37386  684s, ~168s left\n"}
,{"stream_name":"stdout","time":1061.61385566,"data":"[cache]   30250/37386  689s, ~163s left\n"}
,{"stream_name":"stdout","time":1066.664886617,"data":"[cache]   30500/37386  694s, ~157s left\n"}
,{"stream_name":"stdout","time":1071.800364272,"data":"[cache]   30750/37386  699s, ~151s left\n"}
,{"stream_name":"stdout","time":1077.063968296,"data":"[cache]   31000/37386  705s, ~145s left\n"}
,{"stream_name":"stdout","time":1082.202332242,"data":"[cache]   31250/37386  710s, ~139s left\n"}
,{"stream_name":"stdout","time":1087.292097431,"data":"[cache]   31500/37386  715s, ~134s left\n"}
,{"stream_name":"stdout","time":1092.428048953,"data":"[cache]   31750/37386  720s, ~128s left\n"}
,{"stream_name":"stdout","time":1097.503644645,"data":"[cache]   32000/37386  725s, ~122s left\n"}
,{"stream_name":"stdout","time":1102.646900657,"data":"[cache]   32250/37386  730s, ~116s left\n"}
,{"stream_name":"stdout","time":1108.34913353,"data":"[cache]   32500/37386  736s, ~111s left\n"}
,{"stream_name":"stdout","time":1113.989754612,"data":"[cache]   32750/37386  742s, ~105s left\n"}
,{"stream_name":"stdout","time":1119.377642224,"data":"[cache]   33000/37386  747s, ~99s left\n"}
,{"stream_name":"stdout","time":1124.869854164,"data":"[cache]   33250/37386  753s, ~94s left\n"}
,{"stream_name":"stdout","time":1130.232925008,"data":"[cache]   33500/37386  758s, ~88s left\n"}
,{"stream_name":"stdout","time":1135.839906947,"data":"[cache]   33750/37386  763s, ~82s left\n"}
,{"stream_name":"stdout","time":1141.213280965,"data":"[cache]   34000/37386  769s, ~77s left\n"}
,{"stream_name":"stdout","time":1146.435486126,"data":"[cache]   34250/37386  774s, ~71s left\n"}
,{"stream_name":"stdout","time":1151.602822233,"data":"[cache]   34500/37386  779s, ~65s left\n"}
,{"stream_name":"stdout","time":1156.56814585,"data":"[cache]   34750/37386  784s, ~59s left\n"}
,{"stream_name":"stdout","time":1161.673331299,"data":"[cache]   35000/37386  789s, ~54s left\n"}
,{"stream_name":"stdout","time":1166.886860336,"data":"[cache]   35250/37386  795s, ~48s left\n"}
,{"stream_name":"stdout","time":1171.98240186,"data":"[cache]   35500/37386  800s, ~42s left\n"}
,{"stream_name":"stdout","time":1177.050896519,"data":"[cache]   35750/37386  805s, ~37s left\n"}
,{"stream_name":"stdout","time":1182.069030386,"data":"[cache]   36000/37386  810s, ~31s left\n"}
,{"stream_name":"stdout","time":1187.133209186,"data":"[cache]   36250/37386  815s, ~26s left\n"}
,{"stream_name":"stdout","time":1192.085252306,"data":"[cache]   36500/37386  820s, ~20s left\n"}
,{"stream_name":"stdout","time":1197.153002194,"data":"[cache]   36750/37386  825s, ~14s left\n"}
,{"stream_name":"stdout","time":1202.371610445,"data":"[cache]   37000/37386  830s, ~9s left\n"}
,{"stream_name":"stdout","time":1207.356051914,"data":"[cache]   37250/37386  835s, ~3s left\n"}
,{"stream_name":"stdout","time":1210.028602456,"data":"[cache]   37386/37386  838s, ~0s left\n"}
,{"stream_name":"stdout","time":1210.033115759,"data":"[fovea] training localiser on 516 labelled rows, predicting for 2260\n"}
,{"stream_name":"stdout","time":1212.147719305,"data":"Downloading: \"https://download.pytorch.org/models/resnet18-f37072fd.pth\" to /root/.cache/torch/hub/checkpoints/resnet18-f37072fd.pth\n"}
,{"stream_name":"stdout","time":1212.225241709,"data":"\n"}
,{"stream_name":"stdout","time":1212.326354222,"data":"  0%|          | 0.00/44.7M [00:00\u003c?, ?B/s]\n"}
,{"stream_name":"stdout","time":1212.426369225,"data":" 40%|████      | 17.9M/44.7M [00:00\u003c00:00, 187MB/s]\n"}
,{"stream_name":"stdout","time":1212.455001796,"data":" 86%|████████▋ | 38.6M/44.7M [00:00\u003c00:00, 205MB/s]\n"}
,{"stream_name":"stdout","time":1212.45580781,"data":"100%|██████████| 44.7M/44.7M [00:00\u003c00:00, 204MB/s]\n"}
,{"stream_name":"stdout","time":2049.745778144,"data":"[fovea] localiser trained in 837s\n"}
,{"stream_name":"stdout","time":2092.438972138,"data":"[fovea] wrote /kaggle/working/E14MAC/fovea_coords.json (2260 rows)\n"}
,{"stream_name":"stdout","time":2092.440153443,"data":"[fovea] 516 of 2260 rows have GROUND-TRUTH coordinates (IDRiD); the remaining 1744 use PREDICTED coordinates, which is unvalidated transfer -- report the IDRiD-only result too.\n"}
,{"stream_name":"stdout","time":2092.441020654,"data":"\n"}
,{"stream_name":"stdout","time":2092.441859284,"data":"==============================================================================\n"}
,{"stream_name":"stdout","time":2092.442657859,"data":"PRETRAIN on 35126 images (5 epochs)\n"}
,{"stream_name":"stdout","time":2092.443482594,"data":"==============================================================================\n"}
,{"stream_name":"stdout","time":2098.064914225,"data":"Warning: You are sending unauthenticated requests to the HF Hub. Please set a HF_TOKEN to enable higher rate limits and faster downloads.\n"}
,{"stream_name":"stdout","time":2100.78634158,"data":"/usr/local/lib/python3.12/dist-packages/torch/optim/lr_scheduler.py:224: UserWarning: Detected call of `lr_scheduler.step()` before `optimizer.step()`. In PyTorch 1.1.0 and later, you should call them in the opposite order: `optimizer.step()` before `lr_scheduler.step()`.  Failure to do this will result in PyTorch skipping the first value of the learning rate schedule. See more details at https://pytorch.org/docs/stable/optim.html#how-to-adjust-learning-rate\n"}
,{"stream_name":"stdout","time":2100.787325522,"data":"  warnings.warn(\n"}
,{"stream_name":"stdout","time":2775.323401289,"data":"  pretrain ep  0/5  loss 0.4384  676s\n"}
,{"stream_name":"stdout","time":3450.843713592,"data":"  pretrain ep  1/5  loss 0.3373  676s\n"}
,{"stream_name":"stdout","time":4125.616647664,"data":"  pretrain ep  2/5  loss 0.2836  675s\n"}
,{"stream_name":"stdout","time":4800.760882877,"data":"  pretrain ep  3/5  loss 0.2401  675s\n"}
,{"stream_name":"stdout","time":5476.576667658,"data":"  pretrain ep  4/5  loss 0.2193  676s\n"}
,{"stream_name":"stdout","time":5476.669242661,"data":"[pretrain] saved /kaggle/working/E14MAC/pretrained.pt\n"}
,{"stream_name":"stdout","time":5476.708365061,"data":"\n"}
,{"stream_name":"stdout","time":5476.709736862,"data":"==============================================================================\n"}
,{"stream_name":"stdout","time":5476.710684255,"data":"FOLD 0   train=1805  val=455\n"}
,{"stream_name":"stdout","time":5476.711592119,"data":"==============================================================================\n"}
,{"stream_name":"stdout","time":5477.201302869,"data":"  initialised from the pretrained backbone\n"}
,{"stream_name":"stdout","time":5530.207165295,"data":"  ep   0/40  loss 0.3711 (dr 0.3231 dme 0.4432)  DR qwk 0.705 acc 49.2%  DME qwk -0.454 acc 13.3%  score 0.2418  53s  *best\n"}
,{"stream_name":"stdout","time":5582.651782186,"data":"  ep   1/40  loss 0.2590 (dr 0.2664 dme 0.2478)  DR qwk 0.721 acc 50.1%  DME qwk 0.179 acc 41.0%  score 0.5042  52s  *best\n"}
,{"stream_name":"stdout","time":5635.106684093,"data":"  ep   2/40  loss 0.2296 (dr 0.2313 dme 0.2272)  DR qwk 0.740 acc 51.2%  DME qwk 0.627 acc 58.1%  score 0.6946  52s  *best\n"}
,{"stream_name":"stdout","time":5687.507600214,"data":"  ep   3/40  loss 0.2070 (dr 0.2207 dme 0.1865)  DR qwk 0.744 acc 51.6%  DME qwk 0.765 acc 67.6%  score 0.7520  52s  *best\n"}
,{"stream_name":"stdout","time":5739.929502337,"data":"  ep   4/40  loss 0.1927 (dr 0.2038 dme 0.1760)  DR qwk 0.754 acc 51.2%  DME qwk 0.778 acc 69.5%  score 0.7634  52s  *best\n"}
,{"stream_name":"stdout","time":5792.692414682,"data":"  ep   5/40  loss 0.1827 (dr 0.1904 dme 0.1712)  DR qwk 0.761 acc 51.6%  DME qwk 0.777 acc 69.5%  score 0.7678  52s  *best\n"}
,{"stream_name":"stdout","time":5844.956968071,"data":"  ep   6/40  loss 0.1720 (dr 0.1844 dme 0.1533)  DR qwk 0.768 acc 53.6%  DME qwk 0.816 acc 74.3%  score 0.7874  52s  *best\n"}
,{"stream_name":"stdout","time":5897.237671136,"data":"  ep   7/40  loss 0.1631 (dr 0.1711 dme 0.1511)  DR qwk 0.775 acc 54.5%  DME qwk 0.816 acc 74.3%  score 0.7915  52s  *best\n"}
,{"stream_name":"stdout","time":5949.556206944,"data":"  ep   8/40  loss 0.1574 (dr 0.1625 dme 0.1497)  DR qwk 0.784 acc 54.9%  DME qwk 0.840 acc 77.1%  score 0.8063  52s  *best\n"}
,{"stream_name":"stdout","time":6002.591655371,"data":"  ep   9/40  loss 0.1489 (dr 0.1566 dme 0.1372)  DR qwk 0.793 acc 55.8%  DME qwk 0.854 acc 79.0%  score 0.8175  53s  *best\n"}
,{"stream_name":"stdout","time":6055.461084214,"data":"  ep  10/40  loss 0.1463 (dr 0.1527 dme 0.1368)  DR qwk 0.799 acc 57.1%  DME qwk 0.867 acc 81.0%  score 0.8263  52s  *best\n"}
,{"stream_name":"stdout","time":6108.160820644,"data":"  ep  11/40  loss 0.1424 (dr 0.1474 dme 0.1348)  DR qwk 0.811 acc 58.9%  DME qwk 0.856 acc 79.0%  score 0.8288  52s  *best\n"}
,{"stream_name":"stdout","time":6160.921127183,"data":"  ep  12/40  loss 0.1408 (dr 0.1461 dme 0.1329)  DR qwk 0.818 acc 60.0%  DME qwk 0.851 acc 78.1%  score 0.8309  52s  *best\n"}
,{"stream_name":"stdout","time":6213.648996389,"data":"  ep  13/40  loss 0.1375 (dr 0.1400 dme 0.1337)  DR qwk 0.821 acc 60.9%  DME qwk 0.856 acc 79.0%  score 0.8348  52s  *best\n"}
,{"stream_name":"stdout","time":6266.331858726,"data":"  ep  14/40  loss 0.1362 (dr 0.1381 dme 0.1333)  DR qwk 0.820 acc 61.5%  DME qwk 0.856 acc 79.0%  score 0.8342  52s\n"}
,{"stream_name":"stdout","time":6318.81208877,"data":"  ep  15/40  loss 0.1327 (dr 0.1349 dme 0.1293)  DR qwk 0.828 acc 63.1%  DME qwk 0.853 acc 78.1%  score 0.8378  52s  *best\n"}
,{"stream_name":"stdout","time":6371.293750119,"data":"  ep  16/40  loss 0.1336 (dr 0.1372 dme 0.1281)  DR qwk 0.831 acc 64.0%  DME qwk 0.864 acc 80.0%  score 0.8445  52s  *best\n"}
,{"stream_name":"stdout","time":6423.627794366,"data":"  ep  17/40  loss 0.1339 (dr 0.1360 dme 0.1307)  DR qwk 0.834 acc 64.8%  DME qwk 0.859 acc 79.0%  score 0.8443  52s\n"}
,{"stream_name":"stdout","time":6476.202137734,"data":"  ep  18/40  loss 0.1336 (dr 0.1357 dme 0.1306)  DR qwk 0.833 acc 65.7%  DME qwk 0.866 acc 80.0%  score 0.8461  52s  *best\n"}
,{"stream_name":"stdout","time":6528.564783472,"data":"  ep  19/40  loss 0.1317 (dr 0.1332 dme 0.1294)  DR qwk 0.833 acc 65.5%  DME qwk 0.866 acc 80.0%  score 0.8465  52s  *best\n"}
,{"stream_name":"stdout","time":6581.036852706,"data":"  ep  20/40  loss 0.1299 (dr 0.1313 dme 0.1280)  DR qwk 0.823 acc 65.7%  DME qwk 0.872 acc 81.0%  score 0.8426  52s\n"}
,{"stream_name":"stdout","time":6633.921716361,"data":"  ep  21/40  loss 0.1292 (dr 0.1313 dme 0.1260)  DR qwk 0.824 acc 66.2%  DME qwk 0.872 acc 81.0%  score 0.8434  52s\n"}
,{"stream_name":"stdout","time":6686.368928593,"data":"  ep  22/40  loss 0.1289 (dr 0.1311 dme 0.1256)  DR qwk 0.823 acc 66.6%  DME qwk 0.872 acc 81.0%  score 0.8427  52s\n"}
,{"stream_name":"stdout","time":6738.876248088,"data":"  ep  23/40  loss 0.1285 (dr 0.1300 dme 0.1262)  DR qwk 0.824 acc 66.4%  DME qwk 0.879 acc 81.9%  score 0.8460  52s\n"}
,{"stream_name":"stdout","time":6791.253699822,"data":"  ep  24/40  loss 0.1279 (dr 0.1302 dme 0.1245)  DR qwk 0.821 acc 67.3%  DME qwk 0.879 acc 81.9%  score 0.8444  52s\n"}
,{"stream_name":"stdout","time":6843.677890541,"data":"  ep  25/40  loss 0.1281 (dr 0.1299 dme 0.1254)  DR qwk 0.827 acc 67.9%  DME qwk 0.896 acc 84.8%  score 0.8544  52s  *best\n"}
,{"stream_name":"stdout","time":6895.692054417,"data":"  ep  26/40  loss 0.1267 (dr 0.1281 dme 0.1245)  DR qwk 0.826 acc 67.7%  DME qwk 0.896 acc 84.8%  score 0.8540  52s\n"}
,{"stream_name":"stdout","time":6947.891312821,"data":"  ep  27/40  loss 0.1264 (dr 0.1280 dme 0.1240)  DR qwk 0.813 acc 67.9%  DME qwk 0.896 acc 84.8%  score 0.8461  52s\n"}
,{"stream_name":"stdout","time":7000.222782124,"data":"  ep  28/40  loss 0.1259 (dr 0.1272 dme 0.1240)  DR qwk 0.814 acc 68.4%  DME qwk 0.896 acc 84.8%  score 0.8465  52s\n"}
,{"stream_name":"stdout","time":7053.012043341,"data":"  ep  29/40  loss 0.1266 (dr 0.1281 dme 0.1243)  DR qwk 0.815 acc 68.6%  DME qwk 0.896 acc 84.8%  score 0.8473  52s\n"}
,{"stream_name":"stdout","time":7105.442231965,"data":"  ep  30/40  loss 0.1262 (dr 0.1277 dme 0.1240)  DR qwk 0.816 acc 69.0%  DME qwk 0.896 acc 84.8%  score 0.8483  52s\n"}
,{"stream_name":"stdout","time":7157.9525038,"data":"  ep  31/40  loss 0.1267 (dr 0.1284 dme 0.1242)  DR qwk 0.814 acc 69.0%  DME qwk 0.891 acc 83.8%  score 0.8451  52s\n"}
,{"stream_name":"stdout","time":7210.577345362,"data":"  ep  32/40  loss 0.1263 (dr 0.1275 dme 0.1244)  DR qwk 0.814 acc 69.7%  DME qwk 0.891 acc 83.8%  score 0.8451  52s\n"}
,{"stream_name":"stdout","time":7263.029463354,"data":"  ep  33/40  loss 0.1262 (dr 0.1278 dme 0.1238)  DR qwk 0.813 acc 70.1%  DME qwk 0.891 acc 83.8%  score 0.8446  52s\n"}
,{"stream_name":"stdout","time":7315.521095366,"data":"  ep  34/40  loss 0.1258 (dr 0.1266 dme 0.1246)  DR qwk 0.809 acc 69.9%  DME qwk 0.891 acc 83.8%  score 0.8420  52s\n"}
,{"stream_name":"stdout","time":7368.10080889,"data":"  ep  35/40  loss 0.1259 (dr 0.1278 dme 0.1231)  DR qwk 0.805 acc 69.7%  DME qwk 0.891 acc 83.8%  score 0.8396  52s\n"}
,{"stream_name":"stdout","time":7420.540992709,"data":"  ep  36/40  loss 0.1256 (dr 0.1270 dme 0.1234)  DR qwk 0.805 acc 69.9%  DME qwk 0.891 acc 83.8%  score 0.8398  52s\n"}
,{"stream_name":"stdout","time":7473.09229017,"data":"  ep  37/40  loss 0.1254 (dr 0.1267 dme 0.1236)  DR qwk 0.805 acc 69.9%  DME qwk 0.891 acc 83.8%  score 0.8396  52s\n"}
,{"stream_name":"stdout","time":7525.774483685,"data":"  ep  38/40  loss 0.1261 (dr 0.1278 dme 0.1236)  DR qwk 0.804 acc 69.7%  DME qwk 0.891 acc 83.8%  score 0.8388  52s\n"}
,{"stream_name":"stdout","time":7578.097165787,"data":"  ep  39/40  loss 0.1281 (dr 0.1297 dme 0.1257)  DR qwk 0.804 acc 69.7%  DME qwk 0.891 acc 83.8%  score 0.8388  52s\n"}
,{"stream_name":"stdout","time":7591.999212451,"data":"\n"}
,{"stream_name":"stdout","time":7591.999667453,"data":"  fold 0 best (selected on validation score, never on test):\n"}
,{"stream_name":"stdout","time":7592.001008325,"data":"    dr                     n=  455  acc  69.0% [64.6,73.2]  floor  52.3%  QWK  0.852  F1 0.607  BEATS\n"}
,{"stream_name":"stdout","time":7592.002071957,"data":"    dme_ungated            n=  105  acc  83.8% [76.2,90.5]  floor  48.6%  QWK  0.891  F1 0.729  BEATS\n"}
,{"stream_name":"stdout","time":7592.003197235,"data":"    dme_gated              n=   71  acc  77.5% [67.6,87.3]  floor  71.8%  QWK  0.748  F1 0.609  below-floor\n"}
,{"stream_name":"stdout","time":7592.004210399,"data":"    dme_referable_binary   n=  455  acc  95.2% [93.2,97.1]  floor  82.0%  QWK  0.828  F1 0.914  BEATS\n"}
,{"stream_name":"stdout","time":7592.056263503,"data":"\n"}
,{"stream_name":"stdout","time":7592.056602542,"data":"==============================================================================\n"}
,{"stream_name":"stdout","time":7592.057327657,"data":"FOLD 1   train=1805  val=455\n"}
,{"stream_name":"stdout","time":7592.058083719,"data":"==============================================================================\n"}
,{"stream_name":"stdout","time":7592.471729789,"data":"  initialised from the pretrained backbone\n"}
,{"stream_name":"stdout","time":7644.549545293,"data":"  ep   0/40  loss 0.3750 (dr 0.3308 dme 0.4413)  DR qwk 0.720 acc 53.4%  DME qwk -0.481 acc 10.5%  score 0.2399  52s  *best\n"}
,{"stream_name":"stdout","time":7697.012033708,"data":"  ep   1/40  loss 0.2722 (dr 0.2711 dme 0.2739)  DR qwk 0.737 acc 53.6%  DME qwk 0.233 acc 42.9%  score 0.5357  52s  *best\n"}
,{"stream_name":"stdout","time":7749.565301722,"data":"  ep   2/40  loss 0.2335 (dr 0.2379 dme 0.2268)  DR qwk 0.743 acc 54.1%  DME qwk 0.696 acc 62.9%  score 0.7244  52s  *best\n"}
,{"stream_name":"stdout","time":7802.184278084,"data":"  ep   3/40  loss 0.2104 (dr 0.2230 dme 0.1914)  DR qwk 0.751 acc 55.6%  DME qwk 0.769 acc 69.5%  score 0.7582  52s  *best\n"}
,{"stream_name":"stdout","time":7854.771038133,"data":"  ep   4/40  loss 0.1918 (dr 0.2028 dme 0.1753)  DR qwk 0.766 acc 56.9%  DME qwk 0.784 acc 71.4%  score 0.7729  52s  *best\n"}
,{"stream_name":"stdout","time":7907.709051499,"data":"  ep   5/40  loss 0.1772 (dr 0.1864 dme 0.1633)  DR qwk 0.781 acc 57.1%  DME qwk 0.806 acc 74.3%  score 0.7910  52s  *best\n"}
,{"stream_name":"stdout","time":7960.085290184,"data":"  ep   6/40  loss 0.1714 (dr 0.1775 dme 0.1623)  DR qwk 0.793 acc 57.8%  DME qwk 0.828 acc 75.2%  score 0.8066  52s  *best\n"}
,{"stream_name":"stdout","time":8012.503050108,"data":"  ep   7/40  loss 0.1583 (dr 0.1689 dme 0.1424)  DR qwk 0.796 acc 59.6%  DME qwk 0.845 acc 75.2%  score 0.8155  52s  *best\n"}
,{"stream_name":"stdout","time":8064.7963835,"data":"  ep   8/40  loss 0.1574 (dr 0.1667 dme 0.1433)  DR qwk 0.798 acc 60.9%  DME qwk 0.845 acc 75.2%  score 0.8165  52s  *best\n"}
,{"stream_name":"stdout","time":8116.946582139,"data":"  ep   9/40  loss 0.1495 (dr 0.1576 dme 0.1374)  DR qwk 0.812 acc 62.0%  DME qwk 0.858 acc 77.1%  score 0.8303  52s  *best\n"}
,{"stream_name":"stdout","time":8169.215337014,"data":"  ep  10/40  loss 0.1438 (dr 0.1504 dme 0.1338)  DR qwk 0.818 acc 62.6%  DME qwk 0.858 acc 77.1%  score 0.8342  52s  *best\n"}
,{"stream_name":"stdout","time":8221.979390293,"data":"  ep  11/40  loss 0.1401 (dr 0.1445 dme 0.1336)  DR qwk 0.826 acc 63.7%  DME qwk 0.860 acc 77.1%  score 0.8394  52s  *best\n"}
,{"stream_name":"stdout","time":8274.58197355,"data":"  ep  12/40  loss 0.1405 (dr 0.1453 dme 0.1332)  DR qwk 0.833 acc 64.2%  DME qwk 0.867 acc 78.1%  score 0.8462  52s  *best\n"}
,{"stream_name":"stdout","time":8327.090582962,"data":"  ep  13/40  loss 0.1390 (dr 0.1421 dme 0.1342)  DR qwk 0.840 acc 65.5%  DME qwk 0.878 acc 80.0%  score 0.8555  52s  *best\n"}
,{"stream_name":"stdout","time":8379.531386685,"data":"  ep  14/40  loss 0.1337 (dr 0.1373 dme 0.1282)  DR qwk 0.838 acc 65.7%  DME qwk 0.884 acc 81.0%  score 0.8561  52s  *best\n"}
,{"stream_name":"stdout","time":8431.749724822,"data":"  ep  15/40  loss 0.1346 (dr 0.1388 dme 0.1283)  DR qwk 0.842 acc 66.8%  DME qwk 0.884 acc 81.0%  score 0.8587  52s  *best\n"}
,{"stream_name":"stdout","time":8484.072861724,"data":"  ep  16/40  loss 0.1342 (dr 0.1371 dme 0.1299)  DR qwk 0.849 acc 68.1%  DME qwk 0.890 acc 81.9%  score 0.8652  52s  *best\n"}
,{"stream_name":"stdout","time":8536.413411564,"data":"  ep  17/40  loss 0.1306 (dr 0.1333 dme 0.1265)  DR qwk 0.851 acc 68.8%  DME qwk 0.890 acc 81.9%  score 0.8666  52s  *best\n"}
,{"stream_name":"stdout","time":8588.633261604,"data":"  ep  18/40  loss 0.1320 (dr 0.1349 dme 0.1276)  DR qwk 0.854 acc 70.1%  DME qwk 0.890 acc 81.9%  score 0.8682  52s  *best\n"}
,{"stream_name":"stdout","time":8640.797423762,"data":"  ep  19/40  loss 0.1327 (dr 0.1350 dme 0.1292)  DR qwk 0.856 acc 70.5%  DME qwk 0.884 acc 81.0%  score 0.8672  52s\n"}
,{"stream_name":"stdout","time":8692.918530578,"data":"  ep  20/40  loss 0.1302 (dr 0.1331 dme 0.1260)  DR qwk 0.858 acc 71.0%  DME qwk 0.884 acc 81.0%  score 0.8682  52s\n"}
,{"stream_name":"stdout","time":8745.483201328,"data":"  ep  21/40  loss 0.1285 (dr 0.1306 dme 0.1252)  DR qwk 0.856 acc 71.2%  DME qwk 0.890 acc 81.9%  score 0.8700  52s  *best\n"}
,{"stream_name":"stdout","time":8797.792422772,"data":"  ep  22/40  loss 0.1289 (dr 0.1312 dme 0.1255)  DR qwk 0.854 acc 71.2%  DME qwk 0.897 acc 82.9%  score 0.8709  52s  *best\n"}
,{"stream_name":"stdout","time":8850.451346917,"data":"  ep  23/40  loss 0.1282 (dr 0.1303 dme 0.1249)  DR qwk 0.856 acc 71.9%  DME qwk 0.897 acc 82.9%  score 0.8722  52s  *best\n"}
,{"stream_name":"stdout","time":8902.991047573,"data":"  ep  24/40  loss 0.1281 (dr 0.1299 dme 0.1253)  DR qwk 0.856 acc 71.9%  DME qwk 0.892 acc 81.9%  score 0.8702  52s\n"}
,{"stream_name":"stdout","time":8955.700986951,"data":"  ep  25/40  loss 0.1269 (dr 0.1287 dme 0.1242)  DR qwk 0.858 acc 72.3%  DME qwk 0.892 acc 81.9%  score 0.8715  52s\n"}
,{"stream_name":"stdout","time":9008.220827027,"data":"  ep  26/40  loss 0.1279 (dr 0.1299 dme 0.1248)  DR qwk 0.852 acc 71.6%  DME qwk 0.898 acc 82.9%  score 0.8706  52s\n"}
,{"stream_name":"stdout","time":9060.499697672,"data":"  ep  27/40  loss 0.1269 (dr 0.1289 dme 0.1237)  DR qwk 0.837 acc 71.4%  DME qwk 0.898 acc 82.9%  score 0.8613  52s\n"}
,{"stream_name":"stdout","time":9112.837876327,"data":"  ep  28/40  loss 0.1269 (dr 0.1289 dme 0.1239)  DR qwk 0.836 acc 71.2%  DME qwk 0.898 acc 82.9%  score 0.8609  52s\n"}
,{"stream_name":"stdout","time":9165.532435533,"data":"  ep  29/40  loss 0.1264 (dr 0.1275 dme 0.1246)  DR qwk 0.838 acc 71.6%  DME qwk 0.898 acc 82.9%  score 0.8620  52s\n"}
,{"stream_name":"stdout","time":9217.931320966,"data":"  ep  30/40  loss 0.1263 (dr 0.1280 dme 0.1238)  DR qwk 0.835 acc 72.1%  DME qwk 0.898 acc 82.9%  score 0.8600  52s\n"}
,{"stream_name":"stdout","time":9270.178091545,"data":"  ep  31/40  loss 0.1260 (dr 0.1272 dme 0.1243)  DR qwk 0.833 acc 72.3%  DME qwk 0.898 acc 82.9%  score 0.8592  52s\n"}
,{"stream_name":"stdout","time":9322.493474732,"data":"  ep  32/40  loss 0.1268 (dr 0.1271 dme 0.1263)  DR qwk 0.836 acc 73.0%  DME qwk 0.898 acc 82.9%  score 0.8608  52s\n"}
,{"stream_name":"stdout","time":9375.02995808,"data":"  ep  33/40  loss 0.1257 (dr 0.1272 dme 0.1235)  DR qwk 0.835 acc 72.7%  DME qwk 0.898 acc 82.9%  score 0.8604  52s\n"}
,{"stream_name":"stdout","time":9427.367255762,"data":"  ep  34/40  loss 0.1257 (dr 0.1274 dme 0.1233)  DR qwk 0.837 acc 73.2%  DME qwk 0.898 acc 82.9%  score 0.8614  52s\n"}
,{"stream_name":"stdout","time":9479.955326266,"data":"  ep  35/40  loss 0.1248 (dr 0.1263 dme 0.1227)  DR qwk 0.838 acc 73.4%  DME qwk 0.898 acc 82.9%  score 0.8620  52s\n"}
,{"stream_name":"stdout","time":9532.313919322,"data":"  ep  36/40  loss 0.1254 (dr 0.1273 dme 0.1227)  DR qwk 0.839 acc 73.6%  DME qwk 0.903 acc 83.8%  score 0.8646  52s\n"}
,{"stream_name":"stdout","time":9584.870467802,"data":"  ep  37/40  loss 0.1256 (dr 0.1273 dme 0.1229)  DR qwk 0.840 acc 73.8%  DME qwk 0.898 acc 82.9%  score 0.8631  52s\n"}
,{"stream_name":"stdout","time":9637.088249625,"data":"  ep  38/40  loss 0.1258 (dr 0.1270 dme 0.1239)  DR qwk 0.839 acc 73.6%  DME qwk 0.903 acc 83.8%  score 0.8646  52s\n"}
,{"stream_name":"stdout","time":9689.316013223,"data":"  ep  39/40  loss 0.1252 (dr 0.1265 dme 0.1233)  DR qwk 0.839 acc 73.6%  DME qwk 0.903 acc 83.8%  score 0.8646  52s\n"}
,{"stream_name":"stdout","time":9703.126183376,"data":"\n"}
,{"stream_name":"stdout","time":9703.127209628,"data":"  fold 1 best (selected on validation score, never on test):\n"}
,{"stream_name":"stdout","time":9703.127729294,"data":"    dr                     n=  455  acc  73.4% [69.2,77.4]  floor  52.3%  QWK  0.865  F1 0.639  BEATS\n"}
,{"stream_name":"stdout","time":9703.128818768,"data":"    dme_ungated            n=  105  acc  84.8% [77.1,91.4]  floor  46.7%  QWK  0.908  F1 0.779  BEATS\n"}
,{"stream_name":"stdout","time":9703.129818299,"data":"    dme_gated              n=   71  acc  85.9% [76.1,93.0]  floor  69.0%  QWK  0.845  F1 0.753  BEATS\n"}
,{"stream_name":"stdout","time":9703.130961608,"data":"    dme_referable_binary   n=  455  acc  95.8% [93.8,97.6]  floor  83.1%  QWK  0.852  F1 0.926  BEATS\n"}
,{"stream_name":"stdout","time":9703.189546009,"data":"\n"}
,{"stream_name":"stdout","time":9703.190428474,"data":"==============================================================================\n"}
,{"stream_name":"stdout","time":9703.191149281,"data":"FOLD 2   train=1808  val=452\n"}
,{"stream_name":"stdout","time":9703.191868012,"data":"==============================================================================\n"}
,{"stream_name":"stdout","time":9703.577633941,"data":"  initialised from the pretrained backbone\n"}
,{"stream_name":"stdout","time":9756.300513826,"data":"  ep   0/40  loss 0.3737 (dr 0.3343 dme 0.4329)  DR qwk 0.746 acc 55.5%  DME qwk -0.272 acc 18.3%  score 0.3388  53s  *best\n"}
,{"stream_name":"stdout","time":9809.282866648,"data":"  ep   1/40  loss 0.2649 (dr 0.2692 dme 0.2585)  DR qwk 0.766 acc 56.6%  DME qwk 0.182 acc 35.6%  score 0.5324  52s  *best\n"}
,{"stream_name":"stdout","time":9862.238471025,"data":"  ep   2/40  loss 0.2398 (dr 0.2456 dme 0.2311)  DR qwk 0.782 acc 58.4%  DME qwk 0.687 acc 58.7%  score 0.7437  53s  *best\n"}
,{"stream_name":"stdout","time":9915.090205361,"data":"  ep   3/40  loss 0.2069 (dr 0.2194 dme 0.1883)  DR qwk 0.796 acc 59.7%  DME qwk 0.686 acc 62.5%  score 0.7521  52s  *best\n"}
,{"stream_name":"stdout","time":9967.720129928,"data":"  ep   4/40  loss 0.1907 (dr 0.2024 dme 0.1730)  DR qwk 0.802 acc 60.8%  DME qwk 0.694 acc 65.4%  score 0.7591  52s  *best\n"}
,{"stream_name":"stdout","time":10020.689269349,"data":"  ep   5/40  loss 0.1864 (dr 0.1992 dme 0.1672)  DR qwk 0.804 acc 61.7%  DME qwk 0.718 acc 68.3%  score 0.7693  53s  *best\n"}
,{"stream_name":"stdout","time":10073.550983397,"data":"  ep   6/40  loss 0.1684 (dr 0.1808 dme 0.1499)  DR qwk 0.812 acc 62.4%  DME qwk 0.726 acc 69.2%  score 0.7772  52s  *best\n"}
,{"stream_name":"stdout","time":10126.624126577,"data":"  ep   7/40  loss 0.1638 (dr 0.1744 dme 0.1478)  DR qwk 0.813 acc 62.2%  DME qwk 0.740 acc 71.2%  score 0.7838  53s  *best\n"}
,{"stream_name":"stdout","time":10179.670570478,"data":"  ep   8/40  loss 0.1563 (dr 0.1657 dme 0.1421)  DR qwk 0.818 acc 61.7%  DME qwk 0.778 acc 72.1%  score 0.8017  53s  *best\n"}
,{"stream_name":"stdout","time":10232.541963659,"data":"  ep   9/40  loss 0.1563 (dr 0.1632 dme 0.1459)  DR qwk 0.828 acc 63.7%  DME qwk 0.770 acc 71.2%  score 0.8050  52s  *best\n"}
,{"stream_name":"stdout","time":10285.320806277,"data":"  ep  10/40  loss 0.1474 (dr 0.1530 dme 0.1390)  DR qwk 0.833 acc 63.3%  DME qwk 0.763 acc 70.2%  score 0.8050  52s  *best\n"}
,{"stream_name":"stdout","time":10338.03654496,"data":"  ep  11/40  loss 0.1421 (dr 0.1474 dme 0.1340)  DR qwk 0.839 acc 64.4%  DME qwk 0.748 acc 68.3%  score 0.8028  52s\n"}
,{"stream_name":"stdout","time":10390.988876254,"data":"  ep  12/40  loss 0.1388 (dr 0.1411 dme 0.1352)  DR qwk 0.844 acc 64.8%  DME qwk 0.740 acc 67.3%  score 0.8023  53s\n"}
,{"stream_name":"stdout","time":10443.91445742,"data":"  ep  13/40  loss 0.1393 (dr 0.1429 dme 0.1339)  DR qwk 0.848 acc 66.2%  DME qwk 0.763 acc 70.2%  score 0.8138  53s  *best\n"}
,{"stream_name":"stdout","time":10496.692639362,"data":"  ep  14/40  loss 0.1360 (dr 0.1402 dme 0.1297)  DR qwk 0.856 acc 67.5%  DME qwk 0.770 acc 71.2%  score 0.8216  52s  *best\n"}
,{"stream_name":"stdout","time":10549.769144898,"data":"  ep  15/40  loss 0.1337 (dr 0.1369 dme 0.1291)  DR qwk 0.858 acc 69.5%  DME qwk 0.790 acc 74.0%  score 0.8308  53s  *best\n"}
,{"stream_name":"stdout","time":10602.590361756,"data":"  ep  16/40  loss 0.1324 (dr 0.1356 dme 0.1276)  DR qwk 0.866 acc 70.6%  DME qwk 0.797 acc 75.0%  score 0.8384  52s  *best\n"}
,{"stream_name":"stdout","time":10655.486560568,"data":"  ep  17/40  loss 0.1326 (dr 0.1357 dme 0.1280)  DR qwk 0.876 acc 72.3%  DME qwk 0.804 acc 76.0%  score 0.8471  52s  *best\n"}
,{"stream_name":"stdout","time":10708.329374006,"data":"  ep  18/40  loss 0.1325 (dr 0.1349 dme 0.1289)  DR qwk 0.871 acc 71.2%  DME qwk 0.811 acc 76.9%  score 0.8469  52s\n"}
,{"stream_name":"stdout","time":10761.332423127,"data":"  ep  19/40  loss 0.1299 (dr 0.1318 dme 0.1272)  DR qwk 0.871 acc 71.2%  DME qwk 0.811 acc 76.9%  score 0.8469  53s\n"}
,{"stream_name":"stdout","time":10814.166141812,"data":"  ep  20/40  loss 0.1311 (dr 0.1336 dme 0.1273)  DR qwk 0.871 acc 71.9%  DME qwk 0.811 acc 76.9%  score 0.8470  52s\n"}
,{"stream_name":"stdout","time":10866.815992871,"data":"  ep  21/40  loss 0.1296 (dr 0.1309 dme 0.1278)  DR qwk 0.871 acc 72.6%  DME qwk 0.795 acc 76.9%  score 0.8407  52s\n"}
,{"stream_name":"stdout","time":10919.393801983,"data":"  ep  22/40  loss 0.1303 (dr 0.1297 dme 0.1313)  DR qwk 0.871 acc 72.6%  DME qwk 0.795 acc 76.9%  score 0.8407  52s\n"}
,{"stream_name":"stdout","time":10971.963041112,"data":"  ep  23/40  loss 0.1287 (dr 0.1305 dme 0.1262)  DR qwk 0.866 acc 71.7%  DME qwk 0.795 acc 76.9%  score 0.8375  52s\n"}
,{"stream_name":"stdout","time":11024.632307183,"data":"  ep  24/40  loss 0.1289 (dr 0.1304 dme 0.1266)  DR qwk 0.866 acc 71.7%  DME qwk 0.795 acc 76.9%  score 0.8375  52s\n"}
,{"stream_name":"stdout","time":11077.381661884,"data":"  ep  25/40  loss 0.1304 (dr 0.1291 dme 0.1325)  DR qwk 0.864 acc 71.2%  DME qwk 0.795 acc 76.9%  score 0.8367  52s\n"}
,{"stream_name":"stdout","time":11130.006682624,"data":"  ep  26/40  loss 0.1271 (dr 0.1279 dme 0.1259)  DR qwk 0.863 acc 71.0%  DME qwk 0.788 acc 76.0%  score 0.8333  52s\n"}
,{"stream_name":"stdout","time":11182.818719954,"data":"  ep  27/40  loss 0.1265 (dr 0.1274 dme 0.1252)  DR qwk 0.862 acc 71.2%  DME qwk 0.788 acc 76.0%  score 0.8326  52s\n"}
,{"stream_name":"stdout","time":11235.417560367,"data":"  ep  28/40  loss 0.1262 (dr 0.1280 dme 0.1235)  DR qwk 0.863 acc 71.5%  DME qwk 0.788 acc 76.0%  score 0.8331  52s\n"}
,{"stream_name":"stdout","time":11288.398661197,"data":"  ep  29/40  loss 0.1271 (dr 0.1282 dme 0.1255)  DR qwk 0.864 acc 71.9%  DME qwk 0.789 acc 76.0%  score 0.8341  53s\n"}
,{"stream_name":"stdout","time":11341.721776907,"data":"  ep  30/40  loss 0.1267 (dr 0.1275 dme 0.1254)  DR qwk 0.864 acc 71.9%  DME qwk 0.789 acc 76.0%  score 0.8341  53s\n"}
,{"stream_name":"stdout","time":11395.189259083,"data":"  ep  31/40  loss 0.1271 (dr 0.1277 dme 0.1262)  DR qwk 0.863 acc 71.7%  DME qwk 0.789 acc 76.0%  score 0.8336  53s\n"}
,{"stream_name":"stdout","time":11448.285775198,"data":"  ep  32/40  loss 0.1264 (dr 0.1276 dme 0.1246)  DR qwk 0.860 acc 71.5%  DME qwk 0.773 acc 76.0%  score 0.8251  53s\n"}
,{"stream_name":"stdout","time":11501.190929745,"data":"  ep  33/40  loss 0.1263 (dr 0.1279 dme 0.1239)  DR qwk 0.861 acc 71.7%  DME qwk 0.773 acc 76.0%  score 0.8257  52s\n"}
,{"stream_name":"stdout","time":11553.977068103,"data":"  ep  34/40  loss 0.1256 (dr 0.1274 dme 0.1230)  DR qwk 0.862 acc 71.9%  DME qwk 0.789 acc 76.0%  score 0.8327  52s\n"}
,{"stream_name":"stdout","time":11606.967205557,"data":"  ep  35/40  loss 0.1255 (dr 0.1271 dme 0.1231)  DR qwk 0.865 acc 72.6%  DME qwk 0.796 acc 76.9%  score 0.8372  53s\n"}
,{"stream_name":"stdout","time":11660.01415391,"data":"  ep  36/40  loss 0.1255 (dr 0.1269 dme 0.1234)  DR qwk 0.863 acc 72.1%  DME qwk 0.803 acc 77.9%  score 0.8388  52s\n"}
,{"stream_name":"stdout","time":11712.904622894,"data":"  ep  37/40  loss 0.1260 (dr 0.1278 dme 0.1233)  DR qwk 0.861 acc 72.3%  DME qwk 0.803 acc 77.9%  score 0.8378  52s\n"}
,{"stream_name":"stdout","time":11765.811532525,"data":"  ep  38/40  loss 0.1258 (dr 0.1268 dme 0.1243)  DR qwk 0.854 acc 72.3%  DME qwk 0.803 acc 77.9%  score 0.8337  52s\n"}
,{"stream_name":"stdout","time":11818.604091266,"data":"  ep  39/40  loss 0.1280 (dr 0.1306 dme 0.1241)  DR qwk 0.856 acc 72.8%  DME qwk 0.803 acc 77.9%  score 0.8349  52s\n"}
,{"stream_name":"stdout","time":11832.606811924,"data":"\n"}
,{"stream_name":"stdout","time":11832.607771986,"data":"  fold 2 best (selected on validation score, never on test):\n"}
,{"stream_name":"stdout","time":11832.608965315,"data":"    dr                     n=  452  acc  74.1% [69.9,77.9]  floor  52.4%  QWK  0.886  F1 0.677  BEATS\n"}
,{"stream_name":"stdout","time":11832.610117412,"data":"    dme_ungated            n=  104  acc  81.7% [74.0,89.4]  floor  49.0%  QWK  0.860  F1 0.710  BEATS\n"}
,{"stream_name":"stdout","time":11832.611195794,"data":"    dme_gated              n=   70  acc  78.6% [68.6,87.2]  floor  72.9%  QWK  0.654  F1 0.592  below-floor\n"}
,{"stream_name":"stdout","time":11832.612281977,"data":"    dme_referable_binary   n=  452  acc  95.1% [93.1,96.9]  floor  82.7%  QWK  0.831  F1 0.916  BEATS\n"}
,{"stream_name":"stdout","time":11832.673236941,"data":"\n"}
,{"stream_name":"stdout","time":11832.673937481,"data":"==============================================================================\n"}
,{"stream_name":"stdout","time":11832.674677033,"data":"FOLD 3   train=1811  val=449\n"}
,{"stream_name":"stdout","time":11832.675460891,"data":"==============================================================================\n"}
,{"stream_name":"stdout","time":11833.071320316,"data":"  initialised from the pretrained backbone\n"}
,{"stream_name":"stdout","time":11885.969505317,"data":"  ep   0/40  loss 0.3649 (dr 0.3232 dme 0.4274)  DR qwk 0.728 acc 53.0%  DME qwk -0.438 acc 14.9%  score 0.2615  53s  *best\n"}
,{"stream_name":"stdout","time":11938.693870266,"data":"  ep   1/40  loss 0.2635 (dr 0.2640 dme 0.2627)  DR qwk 0.737 acc 53.2%  DME qwk 0.269 acc 43.6%  score 0.5497  52s  *best\n"}
,{"stream_name":"stdout","time":11991.482630334,"data":"  ep   2/40  loss 0.2327 (dr 0.2344 dme 0.2302)  DR qwk 0.743 acc 53.9%  DME qwk 0.692 acc 63.4%  score 0.7228  52s  *best\n"}
,{"stream_name":"stdout","time":12044.512144437,"data":"  ep   3/40  loss 0.2069 (dr 0.2183 dme 0.1899)  DR qwk 0.753 acc 54.6%  DME qwk 0.768 acc 71.3%  score 0.7591  52s  *best\n"}
,{"stream_name":"stdout","time":12097.172759802,"data":"  ep   4/40  loss 0.1879 (dr 0.1967 dme 0.1747)  DR qwk 0.758 acc 56.1%  DME qwk 0.769 acc 73.3%  score 0.7624  52s  *best\n"}
,{"stream_name":"stdout","time":12149.80222237,"data":"  ep   5/40  loss 0.1811 (dr 0.1909 dme 0.1664)  DR qwk 0.766 acc 57.2%  DME qwk 0.760 acc 74.3%  score 0.7634  52s  *best\n"}
,{"stream_name":"stdout","time":12202.848479791,"data":"  ep   6/40  loss 0.1678 (dr 0.1770 dme 0.1540)  DR qwk 0.781 acc 58.8%  DME qwk 0.750 acc 73.3%  score 0.7684  53s  *best\n"}
,{"stream_name":"stdout","time":12255.618991082,"data":"  ep   7/40  loss 0.1640 (dr 0.1668 dme 0.1599)  DR qwk 0.787 acc 59.9%  DME qwk 0.776 acc 74.3%  score 0.7826  52s  *best\n"}
,{"stream_name":"stdout","time":12308.223781378,"data":"  ep   8/40  loss 0.1543 (dr 0.1596 dme 0.1463)  DR qwk 0.789 acc 61.2%  DME qwk 0.786 acc 76.2%  score 0.7878  52s  *best\n"}
,{"stream_name":"stdout","time":12360.971081389,"data":"  ep   9/40  loss 0.1507 (dr 0.1562 dme 0.1425)  DR qwk 0.795 acc 61.5%  DME qwk 0.798 acc 78.2%  score 0.7962  52s  *best\n"}
,{"stream_name":"stdout","time":12413.815168772,"data":"  ep  10/40  loss 0.1476 (dr 0.1554 dme 0.1360)  DR qwk 0.802 acc 62.6%  DME qwk 0.800 acc 78.2%  score 0.8011  52s  *best\n"}
,{"stream_name":"stdout","time":12467.021823471,"data":"  ep  11/40  loss 0.1417 (dr 0.1450 dme 0.1366)  DR qwk 0.810 acc 63.0%  DME qwk 0.805 acc 79.2%  score 0.8076  53s  *best\n"}
,{"stream_name":"stdout","time":12520.016748296,"data":"  ep  12/40  loss 0.1431 (dr 0.1484 dme 0.1350)  DR qwk 0.813 acc 63.5%  DME qwk 0.805 acc 79.2%  score 0.8100  53s  *best\n"}
,{"stream_name":"stdout","time":12573.19312812,"data":"  ep  13/40  loss 0.1363 (dr 0.1391 dme 0.1321)  DR qwk 0.832 acc 65.3%  DME qwk 0.810 acc 80.2%  score 0.8233  53s  *best\n"}
,{"stream_name":"stdout","time":12626.026362027,"data":"  ep  14/40  loss 0.1409 (dr 0.1415 dme 0.1400)  DR qwk 0.829 acc 65.9%  DME qwk 0.810 acc 80.2%  score 0.8214  52s\n"}
,{"stream_name":"stdout","time":12678.965057578,"data":"  ep  15/40  loss 0.1326 (dr 0.1342 dme 0.1301)  DR qwk 0.831 acc 65.7%  DME qwk 0.812 acc 80.2%  score 0.8233  53s  *best\n"}
,{"stream_name":"stdout","time":12732.038637132,"data":"  ep  16/40  loss 0.1329 (dr 0.1352 dme 0.1294)  DR qwk 0.831 acc 65.9%  DME qwk 0.819 acc 81.2%  score 0.8263  53s  *best\n"}
,{"stream_name":"stdout","time":12785.210013887,"data":"  ep  17/40  loss 0.1307 (dr 0.1334 dme 0.1267)  DR qwk 0.832 acc 66.1%  DME qwk 0.832 acc 83.2%  score 0.8322  53s  *best\n"}
,{"stream_name":"stdout","time":12838.273897202,"data":"  ep  18/40  loss 0.1320 (dr 0.1344 dme 0.1285)  DR qwk 0.829 acc 67.0%  DME qwk 0.819 acc 81.2%  score 0.8252  53s\n"}
,{"stream_name":"stdout","time":12891.227963051,"data":"  ep  19/40  loss 0.1310 (dr 0.1336 dme 0.1272)  DR qwk 0.831 acc 68.4%  DME qwk 0.824 acc 82.2%  score 0.8278  53s\n"}
,{"stream_name":"stdout","time":12943.983505021,"data":"  ep  20/40  loss 0.1299 (dr 0.1319 dme 0.1269)  DR qwk 0.827 acc 68.6%  DME qwk 0.847 acc 83.2%  score 0.8347  52s  *best\n"}
,{"stream_name":"stdout","time":12996.598915755,"data":"  ep  21/40  loss 0.1300 (dr 0.1321 dme 0.1267)  DR qwk 0.829 acc 69.3%  DME qwk 0.840 acc 82.2%  score 0.8334  52s\n"}
,{"stream_name":"stdout","time":13049.715403888,"data":"  ep  22/40  loss 0.1293 (dr 0.1307 dme 0.1271)  DR qwk 0.833 acc 70.4%  DME qwk 0.847 acc 83.2%  score 0.8387  53s  *best\n"}
,{"stream_name":"stdout","time":13103.207772504,"data":"  ep  23/40  loss 0.1281 (dr 0.1302 dme 0.1250)  DR qwk 0.837 acc 70.8%  DME qwk 0.840 acc 82.2%  score 0.8385  53s\n"}
,{"stream_name":"stdout","time":13156.665517754,"data":"  ep  24/40  loss 0.1283 (dr 0.1304 dme 0.1251)  DR qwk 0.839 acc 71.7%  DME qwk 0.847 acc 83.2%  score 0.8424  53s  *best\n"}
,{"stream_name":"stdout","time":13209.663783926,"data":"  ep  25/40  loss 0.1286 (dr 0.1293 dme 0.1275)  DR qwk 0.842 acc 72.4%  DME qwk 0.847 acc 83.2%  score 0.8441  53s  *best\n"}
,{"stream_name":"stdout","time":13262.76598921,"data":"  ep  26/40  loss 0.1282 (dr 0.1295 dme 0.1263)  DR qwk 0.843 acc 72.6%  DME qwk 0.847 acc 83.2%  score 0.8449  53s  *best\n"}
,{"stream_name":"stdout","time":13316.353805246,"data":"  ep  27/40  loss 0.1270 (dr 0.1286 dme 0.1245)  DR qwk 0.849 acc 73.3%  DME qwk 0.847 acc 83.2%  score 0.8479  53s  *best\n"}
,{"stream_name":"stdout","time":13370.332674391,"data":"  ep  28/40  loss 0.1266 (dr 0.1281 dme 0.1244)  DR qwk 0.845 acc 73.1%  DME qwk 0.847 acc 83.2%  score 0.8458  54s\n"}
,{"stream_name":"stdout","time":13424.004965692,"data":"  ep  29/40  loss 0.1276 (dr 0.1288 dme 0.1259)  DR qwk 0.845 acc 73.1%  DME qwk 0.860 acc 85.1%  score 0.8513  53s  *best\n"}
,{"stream_name":"stdout","time":13477.525995732,"data":"  ep  30/40  loss 0.1262 (dr 0.1274 dme 0.1244)  DR qwk 0.845 acc 73.1%  DME qwk 0.860 acc 85.1%  score 0.8513  53s\n"}
,{"stream_name":"stdout","time":13531.77412279,"data":"  ep  31/40  loss 0.1267 (dr 0.1281 dme 0.1247)  DR qwk 0.846 acc 73.3%  DME qwk 0.860 acc 85.1%  score 0.8516  54s  *best\n"}
,{"stream_name":"stdout","time":13586.101042128,"data":"  ep  32/40  loss 0.1320 (dr 0.1311 dme 0.1332)  DR qwk 0.845 acc 73.1%  DME qwk 0.860 acc 85.1%  score 0.8512  54s\n"}
,{"stream_name":"stdout","time":13640.296553259,"data":"  ep  33/40  loss 0.1258 (dr 0.1267 dme 0.1245)  DR qwk 0.843 acc 72.6%  DME qwk 0.854 acc 84.2%  score 0.8472  54s\n"}
,{"stream_name":"stdout","time":13694.860491768,"data":"  ep  34/40  loss 0.1258 (dr 0.1272 dme 0.1237)  DR qwk 0.843 acc 72.6%  DME qwk 0.860 acc 85.1%  score 0.8499  54s\n"}
,{"stream_name":"stdout","time":13749.248563106,"data":"  ep  35/40  loss 0.1254 (dr 0.1270 dme 0.1229)  DR qwk 0.845 acc 73.1%  DME qwk 0.860 acc 85.1%  score 0.8510  54s\n"}
,{"stream_name":"stdout","time":13803.504496407,"data":"  ep  36/40  loss 0.1253 (dr 0.1267 dme 0.1232)  DR qwk 0.843 acc 72.6%  DME qwk 0.867 acc 86.1%  score 0.8525  54s  *best\n"}
,{"stream_name":"stdout","time":13857.510576,"data":"  ep  37/40  loss 0.1266 (dr 0.1285 dme 0.1238)  DR qwk 0.845 acc 73.1%  DME qwk 0.867 acc 86.1%  score 0.8536  54s  *best\n"}
,{"stream_name":"stdout","time":13911.243124361,"data":"  ep  38/40  loss 0.1295 (dr 0.1275 dme 0.1326)  DR qwk 0.843 acc 72.8%  DME qwk 0.860 acc 85.1%  score 0.8503  53s\n"}
,{"stream_name":"stdout","time":13964.605792625,"data":"  ep  39/40  loss 0.1260 (dr 0.1274 dme 0.1238)  DR qwk 0.845 acc 73.1%  DME qwk 0.877 acc 85.1%  score 0.8577  53s  *best\n"}
,{"stream_name":"stdout","time":13978.624244569,"data":"\n"}
,{"stream_name":"stdout","time":13978.62484031,"data":"  fold 3 best (selected on validation score, never on test):\n"}
,{"stream_name":"stdout","time":13978.625957141,"data":"    dr                     n=  449  acc  75.1% [71.0,79.1]  floor  52.6%  QWK  0.856  F1 0.569  BEATS\n"}
,{"stream_name":"stdout","time":13978.627231204,"data":"    dme_ungated            n=  101  acc  84.2% [76.2,91.1]  floor  44.6%  QWK  0.891  F1 0.750  BEATS\n"}
,{"stream_name":"stdout","time":13978.628531784,"data":"    dme_gated              n=   68  acc  77.9% [67.6,86.8]  floor  66.2%  QWK  0.812  F1 0.704  BEATS\n"}
,{"stream_name":"stdout","time":13978.629705743,"data":"    dme_referable_binary   n=  449  acc  94.2% [91.8,96.2]  floor  82.6%  QWK  0.798  F1 0.899  BEATS\n"}
,{"stream_name":"stdout","time":13978.695809544,"data":"\n"}
,{"stream_name":"stdout","time":13978.696863486,"data":"==============================================================================\n"}
,{"stream_name":"stdout","time":13978.697790717,"data":"FOLD 4   train=1811  val=449\n"}
,{"stream_name":"stdout","time":13978.69880208,"data":"==============================================================================\n"}
,{"stream_name":"stdout","time":13979.108408202,"data":"  initialised from the pretrained backbone\n"}
,{"stream_name":"stdout","time":14032.541976191,"data":"  ep   0/40  loss 0.3697 (dr 0.3368 dme 0.4190)  DR qwk 0.734 acc 56.3%  DME qwk -0.315 acc 19.8%  score 0.3141  53s  *best\n"}
,{"stream_name":"stdout","time":14085.934701402,"data":"  ep   1/40  loss 0.2649 (dr 0.2700 dme 0.2574)  DR qwk 0.739 acc 55.7%  DME qwk 0.314 acc 45.5%  score 0.5695  53s  *best\n"}
,{"stream_name":"stdout","time":14139.407530119,"data":"  ep   2/40  loss 0.2400 (dr 0.2462 dme 0.2309)  DR qwk 0.747 acc 55.9%  DME qwk 0.768 acc 68.3%  score 0.7555  53s  *best\n"}
,{"stream_name":"stdout","time":14193.092602089,"data":"  ep   3/40  loss 0.2124 (dr 0.2240 dme 0.1950)  DR qwk 0.757 acc 55.9%  DME qwk 0.758 acc 69.3%  score 0.7576  53s  *best\n"}
,{"stream_name":"stdout","time":14246.592951916,"data":"  ep   4/40  loss 0.1936 (dr 0.2053 dme 0.1762)  DR qwk 0.764 acc 57.5%  DME qwk 0.814 acc 72.3%  score 0.7839  53s  *best\n"}
,{"stream_name":"stdout","time":14300.06667588,"data":"  ep   5/40  loss 0.1787 (dr 0.1912 dme 0.1600)  DR qwk 0.775 acc 57.9%  DME qwk 0.814 acc 72.3%  score 0.7908  53s  *best\n"}
,{"stream_name":"stdout","time":14353.451177982,"data":"  ep   6/40  loss 0.1682 (dr 0.1754 dme 0.1573)  DR qwk 0.796 acc 59.5%  DME qwk 0.807 acc 71.3%  score 0.8004  53s  *best\n"}
,{"stream_name":"stdout","time":14407.163302942,"data":"  ep   7/40  loss 0.1599 (dr 0.1720 dme 0.1418)  DR qwk 0.808 acc 60.8%  DME qwk 0.807 acc 71.3%  score 0.8072  53s  *best\n"}
,{"stream_name":"stdout","time":14460.563448213,"data":"  ep   8/40  loss 0.1551 (dr 0.1622 dme 0.1444)  DR qwk 0.817 acc 62.8%  DME qwk 0.814 acc 72.3%  score 0.8160  53s  *best\n"}
,{"stream_name":"stdout","time":14514.205728111,"data":"  ep   9/40  loss 0.1522 (dr 0.1588 dme 0.1423)  DR qwk 0.829 acc 64.6%  DME qwk 0.819 acc 73.3%  score 0.8252  53s  *best\n"}
,{"stream_name":"stdout","time":14567.553183946,"data":"  ep  10/40  loss 0.1445 (dr 0.1495 dme 0.1371)  DR qwk 0.843 acc 65.9%  DME qwk 0.826 acc 74.3%  score 0.8362  53s  *best\n"}
,{"stream_name":"stdout","time":14620.941002936,"data":"  ep  11/40  loss 0.1430 (dr 0.1474 dme 0.1365)  DR qwk 0.842 acc 66.1%  DME qwk 0.831 acc 75.2%  score 0.8378  53s  *best\n"}
,{"stream_name":"stdout","time":14674.664083672,"data":"  ep  12/40  loss 0.1419 (dr 0.1457 dme 0.1362)  DR qwk 0.843 acc 67.0%  DME qwk 0.838 acc 76.2%  score 0.8412  53s  *best\n"}
,{"stream_name":"stdout","time":14728.12937589,"data":"  ep  13/40  loss 0.1382 (dr 0.1420 dme 0.1326)  DR qwk 0.849 acc 67.3%  DME qwk 0.852 acc 78.2%  score 0.8502  53s  *best\n"}
,{"stream_name":"stdout","time":14781.513805725,"data":"  ep  14/40  loss 0.1349 (dr 0.1398 dme 0.1275)  DR qwk 0.848 acc 68.6%  DME qwk 0.852 acc 78.2%  score 0.8495  53s\n"}
,{"stream_name":"stdout","time":14835.013221469,"data":"  ep  15/40  loss 0.1352 (dr 0.1395 dme 0.1288)  DR qwk 0.847 acc 68.6%  DME qwk 0.865 acc 80.2%  score 0.8545  53s  *best\n"}
,{"stream_name":"stdout","time":14888.573895073,"data":"  ep  16/40  loss 0.1323 (dr 0.1348 dme 0.1285)  DR qwk 0.851 acc 69.7%  DME qwk 0.870 acc 81.2%  score 0.8590  53s  *best\n"}
,{"stream_name":"stdout","time":14941.953448453,"data":"  ep  17/40  loss 0.1318 (dr 0.1347 dme 0.1276)  DR qwk 0.845 acc 69.9%  DME qwk 0.870 acc 81.2%  score 0.8550  53s\n"}
,{"stream_name":"stdout","time":14995.27405302,"data":"  ep  18/40  loss 0.1328 (dr 0.1343 dme 0.1306)  DR qwk 0.845 acc 70.2%  DME qwk 0.870 acc 81.2%  score 0.8555  53s\n"}
,{"stream_name":"stdout","time":15048.753832844,"data":"  ep  19/40  loss 0.1390 (dr 0.1407 dme 0.1366)  DR qwk 0.844 acc 69.9%  DME qwk 0.870 acc 81.2%  score 0.8544  53s\n"}
,{"stream_name":"stdout","time":15102.296474256,"data":"  ep  20/40  loss 0.1291 (dr 0.1304 dme 0.1272)  DR qwk 0.842 acc 70.4%  DME qwk 0.870 acc 81.2%  score 0.8536  53s\n"}
,{"stream_name":"stdout","time":15155.993144939,"data":"  ep  21/40  loss 0.1323 (dr 0.1327 dme 0.1317)  DR qwk 0.838 acc 71.0%  DME qwk 0.864 acc 80.2%  score 0.8480  53s\n"}
,{"stream_name":"stdout","time":15209.440201831,"data":"  ep  22/40  loss 0.1288 (dr 0.1310 dme 0.1255)  DR qwk 0.839 acc 71.5%  DME qwk 0.869 acc 81.2%  score 0.8513  53s\n"}
,{"stream_name":"stdout","time":15263.036250245,"data":"  ep  23/40  loss 0.1281 (dr 0.1294 dme 0.1262)  DR qwk 0.840 acc 71.5%  DME qwk 0.869 acc 81.2%  score 0.8516  53s\n"}
,{"stream_name":"stdout","time":15316.943632852,"data":"  ep  24/40  loss 0.1293 (dr 0.1313 dme 0.1262)  DR qwk 0.840 acc 71.3%  DME qwk 0.869 acc 81.2%  score 0.8518  53s\n"}
,{"stream_name":"stdout","time":15370.670041061,"data":"  ep  25/40  loss 0.1281 (dr 0.1299 dme 0.1253)  DR qwk 0.839 acc 71.5%  DME qwk 0.869 acc 81.2%  score 0.8507  53s\n"}
,{"stream_name":"stdout","time":15424.211505845,"data":"  ep  26/40  loss 0.1263 (dr 0.1280 dme 0.1237)  DR qwk 0.839 acc 71.7%  DME qwk 0.869 acc 81.2%  score 0.8508  53s\n"}
,{"stream_name":"stdout","time":15477.664510747,"data":"  ep  27/40  loss 0.1267 (dr 0.1273 dme 0.1258)  DR qwk 0.839 acc 71.7%  DME qwk 0.876 acc 82.2%  score 0.8535  53s\n"}
,{"stream_name":"stdout","time":15531.212503373,"data":"  ep  28/40  loss 0.1270 (dr 0.1284 dme 0.1248)  DR qwk 0.839 acc 71.5%  DME qwk 0.876 acc 82.2%  score 0.8538  53s\n"}
,{"stream_name":"stdout","time":15584.69322458,"data":"  ep  29/40  loss 0.1267 (dr 0.1281 dme 0.1245)  DR qwk 0.839 acc 72.2%  DME qwk 0.876 acc 82.2%  score 0.8537  53s\n"}
,{"stream_name":"stdout","time":15638.056648515,"data":"  ep  30/40  loss 0.1269 (dr 0.1288 dme 0.1241)  DR qwk 0.836 acc 72.2%  DME qwk 0.876 acc 82.2%  score 0.8520  53s\n"}
,{"stream_name":"stdout","time":15691.687161084,"data":"  ep  31/40  loss 0.1263 (dr 0.1277 dme 0.1241)  DR qwk 0.835 acc 72.8%  DME qwk 0.876 acc 82.2%  score 0.8513  53s\n"}
,{"stream_name":"stdout","time":15745.285728907,"data":"  ep  32/40  loss 0.1264 (dr 0.1277 dme 0.1245)  DR qwk 0.834 acc 72.6%  DME qwk 0.876 acc 82.2%  score 0.8507  53s\n"}
,{"stream_name":"stdout","time":15799.175992344,"data":"  ep  33/40  loss 0.1259 (dr 0.1271 dme 0.1242)  DR qwk 0.835 acc 72.8%  DME qwk 0.876 acc 82.2%  score 0.8513  53s\n"}
,{"stream_name":"stdout","time":15852.635777176,"data":"  ep  34/40  loss 0.1265 (dr 0.1278 dme 0.1245)  DR qwk 0.837 acc 73.3%  DME qwk 0.876 acc 82.2%  score 0.8525  53s\n"}
,{"stream_name":"stdout","time":15906.122784112,"data":"  ep  35/40  loss 0.1252 (dr 0.1264 dme 0.1233)  DR qwk 0.832 acc 72.8%  DME qwk 0.893 acc 82.2%  score 0.8565  53s\n"}
,{"stream_name":"stdout","time":15959.544128268,"data":"  ep  36/40  loss 0.1254 (dr 0.1267 dme 0.1234)  DR qwk 0.831 acc 73.5%  DME qwk 0.893 acc 82.2%  score 0.8560  53s\n"}
,{"stream_name":"stdout","time":16013.056584007,"data":"  ep  37/40  loss 0.1257 (dr 0.1272 dme 0.1235)  DR qwk 0.830 acc 73.1%  DME qwk 0.893 acc 82.2%  score 0.8553  53s\n"}
,{"stream_name":"stdout","time":16066.931689764,"data":"  ep  38/40  loss 0.1272 (dr 0.1290 dme 0.1247)  DR qwk 0.833 acc 73.7%  DME qwk 0.893 acc 82.2%  score 0.8568  53s\n"}
,{"stream_name":"stdout","time":16120.318469087,"data":"  ep  39/40  loss 0.1259 (dr 0.1277 dme 0.1231)  DR qwk 0.830 acc 73.5%  DME qwk 0.893 acc 82.2%  score 0.8551  53s\n"}
,{"stream_name":"stdout","time":16134.265249678,"data":"\n"}
,{"stream_name":"stdout","time":16134.267169397,"data":"  fold 4 best (selected on validation score, never on test):\n"}
,{"stream_name":"stdout","time":16134.268610936,"data":"    dr                     n=  449  acc  69.3% [64.8,73.3]  floor  52.6%  QWK  0.864  F1 0.608  BEATS\n"}
,{"stream_name":"stdout","time":16134.27002822,"data":"    dme_ungated            n=  101  acc  82.2% [73.3,89.1]  floor  46.5%  QWK  0.865  F1 0.702  BEATS\n"}
,{"stream_name":"stdout","time":16134.271416014,"data":"    dme_gated              n=   68  acc  77.9% [67.6,88.2]  floor  69.1%  QWK  0.708  F1 0.636  below-floor\n"}
,{"stream_name":"stdout","time":16134.272787654,"data":"    dme_referable_binary   n=  449  acc  93.3% [90.9,95.3]  floor  82.4%  QWK  0.774  F1 0.887  BEATS\n"}
,{"stream_name":"stdout","time":16142.015713396,"data":"\n"}
,{"stream_name":"stdout","time":16142.016691589,"data":"==============================================================================\n"}
,{"stream_name":"stdout","time":16142.017600141,"data":"POOLED OUT-OF-FOLD (2260 images, folds [0, 1, 2, 3, 4])\n"}
,{"stream_name":"stdout","time":16142.019228668,"data":"==============================================================================\n"}
,{"stream_name":"stdout","time":16142.019519816,"data":"    dr                     n= 2260  acc  71.0% [69.2,72.8]  floor  52.4%  QWK  0.851  F1 0.616  BEATS\n"}
,{"stream_name":"stdout","time":16142.020436127,"data":"    dme_ungated            n=  516  acc  82.0% [78.5,85.3]  floor  47.1%  QWK  0.869  F1 0.739  BEATS\n"}
,{"stream_name":"stdout","time":16142.021141309,"data":"    dme_gated              n=  348  acc  79.6% [75.0,83.9]  floor  69.8%  QWK  0.749  F1 0.687  BEATS\n"}
,{"stream_name":"stdout","time":16142.021888112,"data":"    dme_referable_binary   n= 2260  acc  94.5% [93.5,95.4]  floor  82.6%  QWK  0.806  F1 0.903  BEATS\n"}
,{"stream_name":"stdout","time":16142.024437002,"data":"\n"}
,{"stream_name":"stdout","time":16142.025347802,"data":"wrote /kaggle/working/E14MAC/results.json  (15830s)\n"}
,{"stream_name":"stdout","time":16144.154637363,"data":"\n"}
,{"stream_name":"stdout","time":16144.154676631,"data":"exit=0  15835s\n"}
,{"stream_name":"stdout","time":16144.203614659,"data":"/usr/bin/python3 -u /kaggle/working/repo/src/eval_external.py --run /kaggle/working/E14MAC --datasets /kaggle/input --corpus APTOS --cache /kaggle/temp/cache_ext --tta\n"}
,{"stream_name":"stdout","time":16146.60416716,"data":"run E14MAC  commit 68563efe97  device=cuda  backbone=densenet121 head=ordinal size=448\n"}
,{"stream_name":"stdout","time":16216.50357146,"data":"[corpora] APTOS            0 images\n"}
,{"stream_name":"stdout","time":16216.504605508,"data":"APTOS matched 0 images — is it attached to this kernel?\n"}
,{"stream_name":"stdout","time":16216.854708045,"data":"external exit= 1\n"}
,{"stream_name":"stdout","time":16217.026355695,"data":"dropping ckpt_0.pt 121 MB\n"}
,{"stream_name":"stdout","time":16217.026391433,"data":"dropping ckpt_4.pt 121 MB\n"}
,{"stream_name":"stdout","time":16217.02639774,"data":"dropping ckpt_2.pt 121 MB\n"}
,{"stream_name":"stdout","time":16217.026403405,"data":"dropping ckpt_1.pt 121 MB\n"}
,{"stream_name":"stdout","time":16217.026408184,"data":"dropping ckpt_3.pt 121 MB\n"}
,{"stream_name":"stdout","time":16217.02641308,"data":"   30.64 MB  best_0.pt\n"}
,{"stream_name":"stdout","time":16217.026417705,"data":"   30.64 MB  best_1.pt\n"}
,{"stream_name":"stdout","time":16217.026422373,"data":"   30.64 MB  best_2.pt\n"}
,{"stream_name":"stdout","time":16217.026426935,"data":"   30.64 MB  best_3.pt\n"}
,{"stream_name":"stdout","time":16217.026433237,"data":"   30.64 MB  best_4.pt\n"}
,{"stream_name":"stdout","time":16217.026437691,"data":"    0.00 MB  external.log\n"}
,{"stream_name":"stdout","time":16217.026468649,"data":"    0.16 MB  fovea_coords.json\n"}
,{"stream_name":"stdout","time":16217.026473329,"data":"    0.01 MB  oof_0.npz\n"}
,{"stream_name":"stdout","time":16217.026476882,"data":"    0.01 MB  oof_1.npz\n"}
,{"stream_name":"stdout","time":16217.026480357,"data":"    0.01 MB  oof_2.npz\n"}
,{"stream_name":"stdout","time":16217.026483845,"data":"    0.01 MB  oof_3.npz\n"}
,{"stream_name":"stdout","time":16217.02648723,"data":"    0.01 MB  oof_4.npz\n"}
,{"stream_name":"stdout","time":16217.026490731,"data":"   30.51 MB  pretrained.pt\n"}
,{"stream_name":"stdout","time":16217.026494201,"data":"    0.09 MB  results.json\n"}
,{"stream_name":"stdout","time":16217.026497641,"data":"    0.04 MB  train_20260831-063346.log\n"}
,{"stream_name":"stdout","time":16217.026501111,"data":"\n"}
,{"stream_name":"stdout","time":16217.026504593,"data":"run E14MAC commit 68563efe97 | folds [0, 1, 2, 3, 4]\n"}
,{"stream_name":"stdout","time":16217.02650826,"data":"  dr                     n= 2260 acc  71.0% floor  52.4% QWK  0.851\n"}
,{"stream_name":"stdout","time":16217.026511854,"data":"  dme_ungated            n=  516 acc  82.0% floor  47.1% QWK  0.869\n"}
,{"stream_name":"stdout","time":16217.026517443,"data":"  dme_gated              n=  348 acc  79.6% floor  69.8% QWK  0.749\n"}
,{"stream_name":"stdout","time":16217.026525525,"data":"  dme_referable_binary   n= 2260 acc  94.5% floor  82.6% QWK  0.806\n"}
,{"stream_name":"stderr","time":16223.164081174,"data":"/usr/local/lib/python3.12/dist-packages/mistune.py:435: SyntaxWarning: invalid escape sequence '\\|'\n"}
,{"stream_name":"stderr","time":16223.164138996,"data":"  cells[i][c] = re.sub('\\\\\\\\\\|', '|', cell)\n"}
,{"stream_name":"stderr","time":16223.420358843,"data":"/usr/local/lib/python3.12/dist-packages/nbconvert/filters/filter_links.py:36: SyntaxWarning: invalid escape sequence '\\_'\n"}
,{"stream_name":"stderr","time":16223.420403779,"data":"  text = re.sub(r'_', '\\_', text) # Escape underscores in display text\n"}
,{"stream_name":"stderr","time":16224.247786964,"data":"[NbConvertApp] Converting notebook __notebook__.ipynb to notebook\n"}
,{"stream_name":"stderr","time":16224.627177791,"data":"[NbConvertApp] Writing 60201 bytes to __notebook__.ipynb\n"}
,{"stream_name":"stderr","time":16227.120906332,"data":"[NbConvertApp] Converting notebook __notebook__.ipynb to html\n"}
,{"stream_name":"stderr","time":16228.050620333,"data":"[NbConvertApp] Writing 352335 bytes to __results__.html\n"}
]