run ?  commit ?  device=cuda  backbone=densenet121 head=ordinal size=640
[corpora] APTOS         3662 images
  APTOS       n=  3662  DR0=1805 DR1=370 DR2=999 DR3=193 DR4=295   dme_supervised=    0 (exact=0)
[corpora] IDRiD          516 images
[corpora] Messidor-2    1744 images
[cache] decoding 3662 images -> /kaggle/temp/cache_ext
[cache]   250/3662  40s, ~553s left
[cache]   500/3662  77s, ~490s left
[cache]   750/3662  116s, ~450s left
[cache]   1000/3662  152s, ~405s left
[cache]   1250/3662  190s, ~366s left
[cache]   1500/3662  226s, ~326s left
[cache]   1750/3662  263s, ~288s left
[cache]   2000/3662  308s, ~256s left
[cache]   2250/3662  346s, ~217s left
[cache]   2500/3662  384s, ~178s left
[cache]   2750/3662  418s, ~139s left
[cache]   3000/3662  455s, ~100s left
[cache]   3250/3662  494s, ~63s left
[cache]   3500/3662  530s, ~25s left
[cache]   3662/3662  553s, ~0s left
ensembling 5 folds: ['best_0.pt', 'best_1.pt', 'best_2.pt', 'best_3.pt', 'best_4.pt']

==============================================================================
EXTERNAL — APTOS, never seen in training
==============================================================================
    dr                     n= 3662  acc  71.1% [69.7,72.6]  floor  49.3%  QWK  0.891  F1 0.513  BEATS
                          recall 96%  6%  57%  72%  48%   support [1805, 370, 999, 193, 295]
                          referable-DR sens 99.2%  spec 84.6%

wrote /kaggle/working/EXTE17NAT/external_aptos.json
wrote /kaggle/working/EXTE17NAT/external_aptos_predictions.npz
