===== launched 2026-08-29 14:14:27 =====
COMMIT 23d765e1db4ae9b1b52b4ba6a7f10bf8a5bcce45
RUN E12def
HYPOTHESIS source-control-default-only
device=cuda  torch=2.5.1+cu121  gpu=Tesla P100-PCIE-16GB
[gpu] sm_60 usable
[corpora] IDRiD          516 images
[corpora] native-resolution mirror: 1200 files (MESSIDOR_SOURCE=default-only)
[corpora] Messidor-2    1057 images
  IDRiD       n=   516  DR0=168 DR1=25 DR2=168 DR3=93 DR4=62   dme_supervised=  516 (exact=516)
  Messidor-2  n=  1057  DR0=468 DR1=207 DR2=290 DR3=71 DR4=21   dme_supervised= 1057 (exact=144)
[split] /kaggle/working/repo/data/splits/dev_v1.json fingerprint=0cfbbfeb081999af 5 folds
[corpora] EyePACS      35126 images
  EyePACS     n= 35126  DR0=25810 DR1=2443 DR2=5292 DR3=873 DR4=708   dme_supervised=    0 (exact=0)
[cache] decoding 36699 images -> /kaggle/temp/cache560
[cache]   250/36699  38s, ~5516s left
[cache]   500/36699  76s, ~5507s left
[cache]   750/36699  84s, ~4009s left
[cache]   1000/36699  89s, ~3171s left
[cache]   1250/36699  94s, ~2663s left
[cache]   1500/36699  99s, ~2333s left
[cache]   1750/36699  105s, ~2102s left
[cache]   2000/36699  112s, ~1941s left
[cache]   2250/36699  119s, ~1819s left
[cache]   2500/36699  125s, ~1716s left
[cache]   2750/36699  132s, ~1632s left
[cache]   3000/36699  139s, ~1559s left
[cache]   3250/36699  145s, ~1491s left
[cache]   3500/36699  151s, ~1437s left
[cache]   3750/36699  158s, ~1385s left
[cache]   4000/36699  164s, ~1340s left
[cache]   4250/36699  171s, ~1304s left
[cache]   4500/36699  178s, ~1272s left
[cache]   4750/36699  185s, ~1247s left
[cache]   5000/36699  193s, ~1223s left
[cache]   5250/36699  200s, ~1201s left
[cache]   5500/36699  208s, ~1179s left
[cache]   5750/36699  215s, ~1156s left
[cache]   6000/36699  222s, ~1137s left
[cache]   6250/36699  229s, ~1118s left
[cache]   6500/36699  237s, ~1100s left
[cache]   6750/36699  244s, ~1081s left
[cache]   7000/36699  252s, ~1068s left
[cache]   7250/36699  259s, ~1051s left
[cache]   7500/36699  265s, ~1032s left
[cache]   7750/36699  272s, ~1017s left
[cache]   8000/36699  279s, ~1001s left
[cache]   8250/36699  285s, ~984s left
[cache]   8500/36699  292s, ~968s left
[cache]   8750/36699  298s, ~952s left
[cache]   9000/36699  304s, ~936s left
[cache]   9250/36699  311s, ~922s left
[cache]   9500/36699  317s, ~908s left
[cache]   9750/36699  324s, ~895s left
[cache]   10000/36699  330s, ~881s left
[cache]   10250/36699  336s, ~868s left
[cache]   10500/36699  343s, ~855s left
[cache]   10750/36699  349s, ~842s left
[cache]   11000/36699  355s, ~830s left
[cache]   11250/36699  361s, ~816s left
[cache]   11500/36699  367s, ~803s left
[cache]   11750/36699  373s, ~791s left
[cache]   12000/36699  379s, ~780s left
[cache]   12250/36699  385s, ~768s left
[cache]   12500/36699  391s, ~756s left
[cache]   12750/36699  396s, ~745s left
[cache]   13000/36699  402s, ~733s left
[cache]   13250/36699  408s, ~723s left
[cache]   13500/36699  415s, ~713s left
[cache]   13750/36699  422s, ~704s left
[cache]   14000/36699  428s, ~694s left
[cache]   14250/36699  434s, ~684s left
[cache]   14500/36699  440s, ~673s left
[cache]   14750/36699  446s, ~663s left
[cache]   15000/36699  452s, ~654s left
[cache]   15250/36699  458s, ~644s left
[cache]   15500/36699  463s, ~634s left
[cache]   15750/36699  469s, ~624s left
[cache]   16000/36699  475s, ~614s left
[cache]   16250/36699  480s, ~605s left
[cache]   16500/36699  486s, ~595s left
[cache]   16750/36699  492s, ~586s left
[cache]   17000/36699  498s, ~577s left
[cache]   17250/36699  504s, ~568s left
[cache]   17500/36699  509s, ~559s left
[cache]   17750/36699  515s, ~550s left
[cache]   18000/36699  521s, ~541s left
[cache]   18250/36699  527s, ~532s left
[cache]   18500/36699  532s, ~523s left
[cache]   18750/36699  538s, ~515s left
[cache]   19000/36699  543s, ~506s left
[cache]   19250/36699  549s, ~497s left
[cache]   19500/36699  554s, ~489s left
[cache]   19750/36699  560s, ~480s left
[cache]   20000/36699  565s, ~472s left
[cache]   20250/36699  571s, ~464s left
[cache]   20500/36699  576s, ~455s left
[cache]   20750/36699  582s, ~447s left
[cache]   21000/36699  587s, ~439s left
[cache]   21250/36699  592s, ~431s left
[cache]   21500/36699  598s, ~423s left
[cache]   21750/36699  603s, ~414s left
[cache]   22000/36699  608s, ~406s left
[cache]   22250/36699  613s, ~398s left
[cache]   22500/36699  619s, ~391s left
[cache]   22750/36699  625s, ~383s left
[cache]   23000/36699  631s, ~376s left
[cache]   23250/36699  636s, ~368s left
[cache]   23500/36699  642s, ~361s left
[cache]   23750/36699  647s, ~353s left
[cache]   24000/36699  653s, ~345s left
[cache]   24250/36699  658s, ~338s left
[cache]   24500/36699  663s, ~330s left
[cache]   24750/36699  668s, ~323s left
[cache]   25000/36699  674s, ~315s left
[cache]   25250/36699  679s, ~308s left
[cache]   25500/36699  685s, ~301s left
[cache]   25750/36699  690s, ~293s left
[cache]   26000/36699  695s, ~286s left
[cache]   26250/36699  701s, ~279s left
[cache]   26500/36699  706s, ~272s left
[cache]   26750/36699  711s, ~265s left
[cache]   27000/36699  717s, ~257s left
[cache]   27250/36699  722s, ~250s left
[cache]   27500/36699  727s, ~243s left
[cache]   27750/36699  732s, ~236s left
[cache]   28000/36699  737s, ~229s left
[cache]   28250/36699  743s, ~222s left
[cache]   28500/36699  748s, ~215s left
[cache]   28750/36699  753s, ~208s left
[cache]   29000/36699  758s, ~201s left
[cache]   29250/36699  764s, ~195s left
[cache]   29500/36699  770s, ~188s left
[cache]   29750/36699  775s, ~181s left
[cache]   30000/36699  781s, ~174s left
[cache]   30250/36699  790s, ~169s left
[cache]   30500/36699  800s, ~163s left
[cache]   30750/36699  809s, ~156s left
[cache]   31000/36699  816s, ~150s left
[cache]   31250/36699  823s, ~144s left
[cache]   31500/36699  832s, ~137s left
[cache]   31750/36699  842s, ~131s left
[cache]   32000/36699  849s, ~125s left
[cache]   32250/36699  855s, ~118s left
[cache]   32500/36699  860s, ~111s left
[cache]   32750/36699  865s, ~104s left
[cache]   33000/36699  871s, ~98s left
[cache]   33250/36699  877s, ~91s left
[cache]   33500/36699  882s, ~84s left
[cache]   33750/36699  888s, ~78s left
[cache]   34000/36699  893s, ~71s left
[cache]   34250/36699  898s, ~64s left
[cache]   34500/36699  903s, ~58s left
[cache]   34750/36699  909s, ~51s left
[cache]   35000/36699  914s, ~44s left
[cache]   35250/36699  919s, ~38s left
[cache]   35500/36699  925s, ~31s left
[cache]   35750/36699  930s, ~25s left
[cache]   36000/36699  935s, ~18s left
[cache]   36250/36699  940s, ~12s left
[cache]   36500/36699  945s, ~5s left
[cache]   36699/36699  950s, ~0s left

==============================================================================
PRETRAIN on 35126 images (5 epochs)
==============================================================================
/usr/local/lib/python3.12/dist-packages/torch/optim/lr_scheduler.py:224: UserWarning: Detected call of `lr_scheduler.step()` before `optimizer.step()`. In PyTorch 1.1.0 and later, you should call them in the opposite order: `optimizer.step()` before `lr_scheduler.step()`.  Failure to do this will result in PyTorch skipping the first value of the learning rate schedule. See more details at https://pytorch.org/docs/stable/optim.html#how-to-adjust-learning-rate
  warnings.warn(
  pretrain ep  0/5  loss 0.4389  676s
  pretrain ep  1/5  loss 0.3349  675s
  pretrain ep  2/5  loss 0.2819  674s
  pretrain ep  3/5  loss 0.2375  674s
  pretrain ep  4/5  loss 0.2167  675s
[pretrain] saved /kaggle/working/E12def/pretrained.pt

==============================================================================
FOLD 0   train=1269  val=304
==============================================================================
Warning: You are sending unauthenticated requests to the HF Hub. Please set a HF_TOKEN to enable higher rate limits and faster downloads.
  initialised from the pretrained backbone
  ep   0/30  loss 0.3625 (dr 0.3258 dme 0.4177)  DR qwk 0.800 acc 60.5%  DME qwk 0.099 acc 29.5%  score 0.5197  29s  *best
  ep   1/30  loss 0.2738 (dr 0.2714 dme 0.2774)  DR qwk 0.801 acc 59.9%  DME qwk 0.763 acc 70.5%  score 0.7856  29s  *best
  ep   2/30  loss 0.2273 (dr 0.2331 dme 0.2187)  DR qwk 0.808 acc 61.5%  DME qwk 0.848 acc 81.9%  score 0.8238  29s  *best
  ep   3/30  loss 0.2117 (dr 0.2188 dme 0.2009)  DR qwk 0.809 acc 60.5%  DME qwk 0.834 acc 81.9%  score 0.8190  28s
  ep   4/30  loss 0.1983 (dr 0.2047 dme 0.1886)  DR qwk 0.816 acc 61.8%  DME qwk 0.846 acc 83.8%  score 0.8284  29s  *best
  ep   5/30  loss 0.1803 (dr 0.1901 dme 0.1656)  DR qwk 0.819 acc 62.5%  DME qwk 0.851 acc 84.8%  score 0.8315  29s  *best
  ep   6/30  loss 0.1729 (dr 0.1775 dme 0.1661)  DR qwk 0.829 acc 63.2%  DME qwk 0.857 acc 85.7%  score 0.8406  29s  *best
  ep   7/30  loss 0.1635 (dr 0.1683 dme 0.1562)  DR qwk 0.830 acc 63.5%  DME qwk 0.873 acc 85.7%  score 0.8468  29s  *best
  ep   8/30  loss 0.1575 (dr 0.1624 dme 0.1502)  DR qwk 0.836 acc 64.1%  DME qwk 0.873 acc 85.7%  score 0.8505  29s  *best
  ep   9/30  loss 0.1520 (dr 0.1552 dme 0.1473)  DR qwk 0.832 acc 64.1%  DME qwk 0.879 acc 86.7%  score 0.8505  29s
  ep  10/30  loss 0.1480 (dr 0.1507 dme 0.1438)  DR qwk 0.829 acc 63.5%  DME qwk 0.879 acc 86.7%  score 0.8491  29s
  ep  11/30  loss 0.1454 (dr 0.1472 dme 0.1428)  DR qwk 0.825 acc 64.5%  DME qwk 0.879 acc 86.7%  score 0.8462  29s
  ep  12/30  loss 0.1397 (dr 0.1413 dme 0.1374)  DR qwk 0.829 acc 65.5%  DME qwk 0.883 acc 87.6%  score 0.8505  29s
  ep  13/30  loss 0.1395 (dr 0.1413 dme 0.1368)  DR qwk 0.828 acc 65.1%  DME qwk 0.883 acc 87.6%  score 0.8501  29s
  ep  14/30  loss 0.1377 (dr 0.1383 dme 0.1368)  DR qwk 0.826 acc 63.8%  DME qwk 0.883 acc 87.6%  score 0.8491  28s
  ep  15/30  loss 0.1333 (dr 0.1358 dme 0.1296)  DR qwk 0.835 acc 65.5%  DME qwk 0.883 acc 87.6%  score 0.8544  29s  *best
  ep  16/30  loss 0.1336 (dr 0.1356 dme 0.1306)  DR qwk 0.836 acc 65.5%  DME qwk 0.883 acc 87.6%  score 0.8547  28s  *best
  ep  17/30  loss 0.1337 (dr 0.1363 dme 0.1298)  DR qwk 0.839 acc 66.4%  DME qwk 0.883 acc 87.6%  score 0.8568  29s  *best
  ep  18/30  loss 0.1322 (dr 0.1326 dme 0.1316)  DR qwk 0.844 acc 67.1%  DME qwk 0.883 acc 87.6%  score 0.8595  29s  *best
  ep  19/30  loss 0.1324 (dr 0.1353 dme 0.1280)  DR qwk 0.845 acc 67.4%  DME qwk 0.877 acc 86.7%  score 0.8580  29s
  ep  20/30  loss 0.1315 (dr 0.1332 dme 0.1288)  DR qwk 0.848 acc 68.1%  DME qwk 0.877 acc 86.7%  score 0.8597  29s  *best
  ep  21/30  loss 0.1313 (dr 0.1326 dme 0.1293)  DR qwk 0.849 acc 68.4%  DME qwk 0.882 acc 87.6%  score 0.8624  29s  *best
  ep  22/30  loss 0.1313 (dr 0.1324 dme 0.1297)  DR qwk 0.853 acc 69.1%  DME qwk 0.882 acc 87.6%  score 0.8644  29s  *best
  ep  23/30  loss 0.1290 (dr 0.1311 dme 0.1259)  DR qwk 0.852 acc 69.1%  DME qwk 0.882 acc 87.6%  score 0.8642  29s
  ep  24/30  loss 0.1297 (dr 0.1310 dme 0.1278)  DR qwk 0.854 acc 69.7%  DME qwk 0.882 acc 87.6%  score 0.8652  29s  *best
  ep  25/30  loss 0.1366 (dr 0.1354 dme 0.1383)  DR qwk 0.861 acc 70.1%  DME qwk 0.882 acc 87.6%  score 0.8694  29s  *best
  ep  26/30  loss 0.1275 (dr 0.1294 dme 0.1247)  DR qwk 0.861 acc 70.1%  DME qwk 0.878 acc 86.7%  score 0.8676  29s
  ep  27/30  loss 0.1289 (dr 0.1296 dme 0.1278)  DR qwk 0.862 acc 70.4%  DME qwk 0.878 acc 86.7%  score 0.8684  29s
  ep  28/30  loss 0.1302 (dr 0.1313 dme 0.1284)  DR qwk 0.864 acc 70.7%  DME qwk 0.878 acc 86.7%  score 0.8692  29s
  ep  29/30  loss 0.1304 (dr 0.1316 dme 0.1285)  DR qwk 0.864 acc 70.7%  DME qwk 0.878 acc 86.7%  score 0.8695  29s  *best

  fold 0 best (selected on validation score, never on test):
    dr                     n=  304  acc  71.4% [66.8,76.3]  floor  38.5%  QWK  0.872  F1 0.657  BEATS
    dme_ungated            n=  105  acc  86.7% [80.0,93.3]  floor  48.6%  QWK  0.910  F1 0.739  BEATS
    dme_gated              n=   71  acc  80.3% [71.8,88.7]  floor  71.8%  QWK  0.773  F1 0.610  below-floor
    dme_referable_binary   n=  304  acc  94.1% [91.1,96.7]  floor  73.7%  QWK  0.846  F1 0.923  BEATS

==============================================================================
FOLD 1   train=1251  val=322
==============================================================================
  initialised from the pretrained backbone
  ep   0/30  loss 0.3628 (dr 0.3219 dme 0.4241)  DR qwk 0.756 acc 59.0%  DME qwk 0.116 acc 37.1%  score 0.5001  29s  *best
  ep   1/30  loss 0.2737 (dr 0.2766 dme 0.2694)  DR qwk 0.755 acc 59.3%  DME qwk 0.682 acc 70.5%  score 0.7259  29s  *best
  ep   2/30  loss 0.2371 (dr 0.2364 dme 0.2381)  DR qwk 0.765 acc 60.2%  DME qwk 0.807 acc 79.0%  score 0.7815  29s  *best
  ep   3/30  loss 0.2112 (dr 0.2133 dme 0.2081)  DR qwk 0.770 acc 60.6%  DME qwk 0.811 acc 80.0%  score 0.7863  29s  *best
  ep   4/30  loss 0.1910 (dr 0.1972 dme 0.1818)  DR qwk 0.784 acc 60.9%  DME qwk 0.813 acc 80.0%  score 0.7954  29s  *best
  ep   5/30  loss 0.1822 (dr 0.1912 dme 0.1686)  DR qwk 0.778 acc 61.5%  DME qwk 0.815 acc 80.0%  score 0.7929  29s
  ep   6/30  loss 0.1708 (dr 0.1780 dme 0.1600)  DR qwk 0.780 acc 62.4%  DME qwk 0.868 acc 81.0%  score 0.8155  29s  *best
  ep   7/30  loss 0.1670 (dr 0.1702 dme 0.1620)  DR qwk 0.797 acc 63.0%  DME qwk 0.875 acc 81.9%  score 0.8280  29s  *best
  ep   8/30  loss 0.1602 (dr 0.1659 dme 0.1516)  DR qwk 0.799 acc 64.3%  DME qwk 0.875 acc 81.9%  score 0.8296  29s  *best
  ep   9/30  loss 0.1553 (dr 0.1580 dme 0.1511)  DR qwk 0.807 acc 64.6%  DME qwk 0.870 acc 81.0%  score 0.8322  29s  *best
  ep  10/30  loss 0.1495 (dr 0.1534 dme 0.1437)  DR qwk 0.806 acc 64.3%  DME qwk 0.870 acc 81.0%  score 0.8317  29s
  ep  11/30  loss 0.1447 (dr 0.1469 dme 0.1414)  DR qwk 0.810 acc 65.5%  DME qwk 0.870 acc 81.0%  score 0.8338  29s  *best
  ep  12/30  loss 0.1435 (dr 0.1453 dme 0.1407)  DR qwk 0.809 acc 65.5%  DME qwk 0.870 acc 81.0%  score 0.8335  29s
  ep  13/30  loss 0.1406 (dr 0.1432 dme 0.1367)  DR qwk 0.817 acc 66.1%  DME qwk 0.870 acc 81.0%  score 0.8382  29s  *best
  ep  14/30  loss 0.1352 (dr 0.1365 dme 0.1332)  DR qwk 0.817 acc 66.8%  DME qwk 0.877 acc 81.9%  score 0.8410  29s  *best
  ep  15/30  loss 0.1350 (dr 0.1371 dme 0.1319)  DR qwk 0.819 acc 67.7%  DME qwk 0.877 acc 81.9%  score 0.8417  29s  *best
  ep  16/30  loss 0.1334 (dr 0.1360 dme 0.1295)  DR qwk 0.819 acc 68.0%  DME qwk 0.883 acc 82.9%  score 0.8445  29s  *best
  ep  17/30  loss 0.1303 (dr 0.1320 dme 0.1278)  DR qwk 0.820 acc 68.3%  DME qwk 0.883 acc 82.9%  score 0.8451  29s  *best
  ep  18/30  loss 0.1301 (dr 0.1311 dme 0.1287)  DR qwk 0.822 acc 69.3%  DME qwk 0.883 acc 82.9%  score 0.8466  29s  *best
  ep  19/30  loss 0.1316 (dr 0.1333 dme 0.1292)  DR qwk 0.823 acc 69.3%  DME qwk 0.895 acc 84.8%  score 0.8517  29s  *best
  ep  20/30  loss 0.1328 (dr 0.1322 dme 0.1336)  DR qwk 0.824 acc 69.6%  DME qwk 0.895 acc 84.8%  score 0.8523  29s  *best
  ep  21/30  loss 0.1298 (dr 0.1309 dme 0.1282)  DR qwk 0.824 acc 69.3%  DME qwk 0.879 acc 84.8%  score 0.8463  29s
  ep  22/30  loss 0.1304 (dr 0.1315 dme 0.1288)  DR qwk 0.823 acc 68.9%  DME qwk 0.879 acc 84.8%  score 0.8458  29s
  ep  23/30  loss 0.1303 (dr 0.1312 dme 0.1291)  DR qwk 0.820 acc 68.9%  DME qwk 0.886 acc 85.7%  score 0.8463  30s
  ep  24/30  loss 0.1292 (dr 0.1308 dme 0.1268)  DR qwk 0.824 acc 68.9%  DME qwk 0.886 acc 85.7%  score 0.8486  29s
  ep  25/30  loss 0.1296 (dr 0.1299 dme 0.1293)  DR qwk 0.828 acc 69.3%  DME qwk 0.886 acc 85.7%  score 0.8513  29s
  ep  26/30  loss 0.1304 (dr 0.1305 dme 0.1303)  DR qwk 0.833 acc 69.6%  DME qwk 0.886 acc 85.7%  score 0.8539  29s  *best
  ep  27/30  loss 0.1285 (dr 0.1294 dme 0.1271)  DR qwk 0.834 acc 69.9%  DME qwk 0.892 acc 86.7%  score 0.8572  29s  *best
  ep  28/30  loss 0.1302 (dr 0.1289 dme 0.1323)  DR qwk 0.833 acc 69.6%  DME qwk 0.898 acc 87.6%  score 0.8591  30s  *best
  ep  29/30  loss 0.1307 (dr 0.1321 dme 0.1287)  DR qwk 0.836 acc 70.2%  DME qwk 0.898 acc 87.6%  score 0.8608  30s  *best

  fold 1 best (selected on validation score, never on test):
    dr                     n=  322  acc  72.0% [67.1,77.0]  floor  40.7%  QWK  0.845  F1 0.669  BEATS
    dme_ungated            n=  105  acc  87.6% [81.0,93.3]  floor  46.7%  QWK  0.913  F1 0.782  BEATS
    dme_gated              n=   71  acc  83.1% [73.2,91.5]  floor  69.0%  QWK  0.780  F1 0.684  BEATS
    dme_referable_binary   n=  322  acc  94.4% [91.9,96.9]  floor  76.4%  QWK  0.848  F1 0.924  BEATS

==============================================================================
FOLD 2   train=1246  val=327
==============================================================================
  initialised from the pretrained backbone
  ep   0/30  loss 0.3646 (dr 0.3281 dme 0.4194)  DR qwk 0.841 acc 67.6%  DME qwk 0.089 acc 26.0%  score 0.5403  30s  *best
  ep   1/30  loss 0.2696 (dr 0.2693 dme 0.2699)  DR qwk 0.832 acc 68.2%  DME qwk 0.705 acc 69.2%  score 0.7812  29s  *best
  ep   2/30  loss 0.2392 (dr 0.2473 dme 0.2270)  DR qwk 0.838 acc 68.2%  DME qwk 0.760 acc 78.8%  score 0.8068  29s  *best
  ep   3/30  loss 0.2221 (dr 0.2247 dme 0.2182)  DR qwk 0.847 acc 69.1%  DME qwk 0.817 acc 80.8%  score 0.8349  29s  *best
  ep   4/30  loss 0.1969 (dr 0.2026 dme 0.1883)  DR qwk 0.849 acc 69.7%  DME qwk 0.817 acc 80.8%  score 0.8360  29s  *best
  ep   5/30  loss 0.1878 (dr 0.1918 dme 0.1818)  DR qwk 0.852 acc 71.3%  DME qwk 0.823 acc 81.7%  score 0.8406  29s  *best
  ep   6/30  loss 0.1719 (dr 0.1804 dme 0.1591)  DR qwk 0.856 acc 70.6%  DME qwk 0.811 acc 79.8%  score 0.8378  29s
  ep   7/30  loss 0.1711 (dr 0.1789 dme 0.1593)  DR qwk 0.855 acc 70.3%  DME qwk 0.839 acc 79.8%  score 0.8487  29s  *best
  ep   8/30  loss 0.1582 (dr 0.1608 dme 0.1542)  DR qwk 0.857 acc 70.9%  DME qwk 0.839 acc 79.8%  score 0.8498  29s  *best
  ep   9/30  loss 0.1512 (dr 0.1531 dme 0.1483)  DR qwk 0.856 acc 70.9%  DME qwk 0.839 acc 79.8%  score 0.8493  29s
  ep  10/30  loss 0.1495 (dr 0.1571 dme 0.1381)  DR qwk 0.856 acc 71.6%  DME qwk 0.845 acc 80.8%  score 0.8515  29s  *best
  ep  11/30  loss 0.1394 (dr 0.1432 dme 0.1337)  DR qwk 0.857 acc 71.9%  DME qwk 0.845 acc 80.8%  score 0.8520  29s  *best
  ep  12/30  loss 0.1432 (dr 0.1444 dme 0.1413)  DR qwk 0.860 acc 72.8%  DME qwk 0.844 acc 80.8%  score 0.8534  29s  *best
  ep  13/30  loss 0.1384 (dr 0.1383 dme 0.1385)  DR qwk 0.861 acc 73.1%  DME qwk 0.850 acc 81.7%  score 0.8565  30s  *best
  ep  14/30  loss 0.1359 (dr 0.1379 dme 0.1329)  DR qwk 0.861 acc 73.1%  DME qwk 0.870 acc 82.7%  score 0.8649  29s  *best
  ep  15/30  loss 0.1356 (dr 0.1381 dme 0.1318)  DR qwk 0.866 acc 73.1%  DME qwk 0.870 acc 82.7%  score 0.8673  29s  *best
  ep  16/30  loss 0.1413 (dr 0.1417 dme 0.1408)  DR qwk 0.868 acc 73.7%  DME qwk 0.870 acc 82.7%  score 0.8687  29s  *best
  ep  17/30  loss 0.1309 (dr 0.1319 dme 0.1293)  DR qwk 0.869 acc 74.3%  DME qwk 0.891 acc 86.5%  score 0.8779  29s  *best
  ep  18/30  loss 0.1360 (dr 0.1385 dme 0.1322)  DR qwk 0.867 acc 74.3%  DME qwk 0.891 acc 86.5%  score 0.8762  29s
  ep  19/30  loss 0.1345 (dr 0.1369 dme 0.1310)  DR qwk 0.869 acc 74.3%  DME qwk 0.891 acc 86.5%  score 0.8776  29s
  ep  20/30  loss 0.1314 (dr 0.1324 dme 0.1300)  DR qwk 0.871 acc 74.9%  DME qwk 0.897 acc 87.5%  score 0.8811  29s  *best
  ep  21/30  loss 0.1308 (dr 0.1321 dme 0.1289)  DR qwk 0.874 acc 75.5%  DME qwk 0.897 acc 87.5%  score 0.8828  29s  *best
  ep  22/30  loss 0.1300 (dr 0.1308 dme 0.1287)  DR qwk 0.873 acc 75.5%  DME qwk 0.897 acc 87.5%  score 0.8825  29s
  ep  23/30  loss 0.1291 (dr 0.1294 dme 0.1286)  DR qwk 0.873 acc 75.5%  DME qwk 0.897 acc 87.5%  score 0.8825  30s
  ep  24/30  loss 0.1307 (dr 0.1313 dme 0.1298)  DR qwk 0.871 acc 75.5%  DME qwk 0.897 acc 87.5%  score 0.8811  29s
  ep  25/30  loss 0.1306 (dr 0.1309 dme 0.1301)  DR qwk 0.869 acc 74.9%  DME qwk 0.897 acc 87.5%  score 0.8798  29s
  ep  26/30  loss 0.1295 (dr 0.1308 dme 0.1275)  DR qwk 0.869 acc 74.9%  DME qwk 0.881 acc 87.5%  score 0.8736  29s
  ep  27/30  loss 0.1304 (dr 0.1308 dme 0.1299)  DR qwk 0.872 acc 75.8%  DME qwk 0.881 acc 87.5%  score 0.8757  29s
  ep  28/30  loss 0.1281 (dr 0.1291 dme 0.1266)  DR qwk 0.872 acc 75.8%  DME qwk 0.866 acc 87.5%  score 0.8696  29s
  ep  29/30  loss 0.1298 (dr 0.1315 dme 0.1274)  DR qwk 0.875 acc 75.8%  DME qwk 0.866 acc 87.5%  score 0.8713  29s

  fold 2 best (selected on validation score, never on test):
    dr                     n=  327  acc  76.1% [71.6,80.7]  floor  42.2%  QWK  0.890  F1 0.717  BEATS
    dme_ungated            n=  104  acc  86.5% [79.8,93.3]  floor  49.0%  QWK  0.875  F1 0.779  BEATS
    dme_gated              n=   70  acc  81.4% [71.4,90.0]  floor  72.9%  QWK  0.675  F1 0.682  below-floor
    dme_referable_binary   n=  327  acc  93.9% [91.1,96.3]  floor  76.5%  QWK  0.835  F1 0.917  BEATS

==============================================================================
POOLED OUT-OF-FOLD (953 images, folds [0, 1, 2])
==============================================================================
    dr                     n=  953  acc  72.2% [69.3,75.0]  floor  40.5%  QWK  0.858  F1 0.666  BEATS
    dme_ungated            n=  314  acc  87.3% [83.4,90.8]  floor  48.1%  QWK  0.891  F1 0.780  BEATS
    dme_gated              n=  212  acc  82.5% [77.4,87.7]  floor  71.2%  QWK  0.730  F1 0.698  BEATS
    dme_referable_binary   n=  953  acc  93.2% [91.5,94.8]  floor  75.6%  QWK  0.818  F1 0.909  BEATS

wrote /kaggle/working/E12def/results.json  (7288s)
