[I22] restricting the ensemble to ['best_0.pt'] of 5 available
run ?  commit ?  device=cuda  backbone=densenet121 head=ordinal size=448
[corpora] APTOS         3662 images
  APTOS       n=  3662  DR0=1805 DR1=370 DR2=999 DR3=193 DR4=295   dme_supervised=    0 (exact=0)
[corpora] IDRiD          516 images
[corpora] Messidor-2    1744 images
[cache] decoding 3662 images -> /kaggle/temp/cache_ext
[cache]   250/3662  34s, ~462s left
[cache]   500/3662  65s, ~410s left
[cache]   750/3662  96s, ~374s left
[cache]   1000/3662  125s, ~334s left
[cache]   1250/3662  157s, ~302s left
[cache]   1500/3662  186s, ~269s left
[cache]   1750/3662  217s, ~237s left
[cache]   2000/3662  246s, ~204s left
[cache]   2250/3662  274s, ~172s left
[cache]   2500/3662  305s, ~142s left
[cache]   2750/3662  334s, ~111s left
[cache]   3000/3662  365s, ~80s left
[cache]   3250/3662  396s, ~50s left
[cache]   3500/3662  427s, ~20s left
[cache]   3662/3662  447s, ~0s left
ensembling 1 folds: ['best_0.pt']

==============================================================================
EXTERNAL — APTOS, never seen in training
==============================================================================
    dr                     n= 3662  acc  71.9% [70.4,73.3]  floor  49.3%  QWK  0.887  F1 0.509  BEATS
                          recall 96%  4%  61%  61%  53%   support [1805, 370, 999, 193, 295]
                          referable-DR sens 99.3%  spec 84.6%

wrote /kaggle/working/E18RECIPE/external_aptos_f0_notta.json
wrote /kaggle/working/E18RECIPE/external_aptos_f0_notta_predictions.npz
