===== launched 2026-09-05 07:32:50 =====
COMMIT 568ee7e4135ece035ccb7fad0fd623f333bfb1a9
RUN E19E11C
device=cuda  torch=2.5.1+cu121  gpu=Tesla P100-PCIE-16GB
[gpu] sm_60 usable
[corpora] IDRiD          516 images
[corpora] native-resolution mirror: 1200 files (MESSIDOR_SOURCE=prefer-native)
[corpora] Messidor-2    1744 images
  IDRiD       n=   516  DR0=168 DR1=25 DR2=168 DR3=93 DR4=62   dme_supervised=  516 (exact=516)
  Messidor-2  n=  1744  DR0=1017 DR1=270 DR2=347 DR3=75 DR4=35   dme_supervised= 1744 (exact=151)
[split] /kaggle/working/repo/data/splits/dev_v1.json fingerprint=0cfbbfeb081999af 5 folds
[corpora] EyePACS      35126 images
  EyePACS     n= 35126  DR0=25810 DR1=2443 DR2=5292 DR3=873 DR4=708   dme_supervised=    0 (exact=0)
[cache] decoding 37386 images -> /kaggle/temp/cache560
[cache]   250/37386  36s, ~5400s left
[cache]   500/37386  71s, ~5261s left
[cache]   750/37386  77s, ~3763s left
[cache]   1000/37386  81s, ~2937s left
[cache]   1250/37386  84s, ~2438s left
[cache]   1500/37386  88s, ~2102s left
[cache]   1750/37386  90s, ~1840s left
[cache]   2000/37386  92s, ~1636s left
[cache]   2250/37386  94s, ~1476s left
[cache]   2500/37386  99s, ~1378s left
[cache]   2750/37386  103s, ~1300s left
[cache]   3000/37386  108s, ~1234s left
[cache]   3250/37386  112s, ~1177s left
[cache]   3500/37386  117s, ~1130s left
[cache]   3750/37386  121s, ~1088s left
[cache]   4000/37386  126s, ~1050s left
[cache]   4250/37386  130s, ~1016s left
[cache]   4500/37386  135s, ~985s left
[cache]   4750/37386  139s, ~958s left
[cache]   5000/37386  144s, ~933s left
[cache]   5250/37386  149s, ~910s left
[cache]   5500/37386  153s, ~888s left
[cache]   5750/37386  158s, ~867s left
[cache]   6000/37386  162s, ~847s left
[cache]   6250/37386  166s, ~829s left
[cache]   6500/37386  171s, ~810s left
[cache]   6750/37386  175s, ~794s left
[cache]   7000/37386  179s, ~778s left
[cache]   7250/37386  184s, ~763s left
[cache]   7500/37386  188s, ~749s left
[cache]   7750/37386  192s, ~735s left
[cache]   8000/37386  197s, ~722s left
[cache]   8250/37386  201s, ~710s left
[cache]   8500/37386  205s, ~698s left
[cache]   8750/37386  210s, ~686s left
[cache]   9000/37386  214s, ~675s left
[cache]   9250/37386  218s, ~665s left
[cache]   9500/37386  223s, ~654s left
[cache]   9750/37386  227s, ~644s left
[cache]   10000/37386  232s, ~635s left
[cache]   10250/37386  236s, ~625s left
[cache]   10500/37386  241s, ~617s left
[cache]   10750/37386  245s, ~608s left
[cache]   11000/37386  250s, ~599s left
[cache]   11250/37386  254s, ~590s left
[cache]   11500/37386  258s, ~582s left
[cache]   11750/37386  263s, ~574s left
[cache]   12000/37386  267s, ~566s left
[cache]   12250/37386  272s, ~558s left
[cache]   12500/37386  277s, ~551s left
[cache]   12750/37386  281s, ~544s left
[cache]   13000/37386  286s, ~536s left
[cache]   13250/37386  290s, ~529s left
[cache]   13500/37386  295s, ~522s left
[cache]   13750/37386  299s, ~515s left
[cache]   14000/37386  304s, ~508s left
[cache]   14250/37386  308s, ~501s left
[cache]   14500/37386  313s, ~494s left
[cache]   14750/37386  318s, ~488s left
[cache]   15000/37386  322s, ~481s left
[cache]   15250/37386  327s, ~475s left
[cache]   15500/37386  331s, ~468s left
[cache]   15750/37386  336s, ~461s left
[cache]   16000/37386  340s, ~455s left
[cache]   16250/37386  345s, ~448s left
[cache]   16500/37386  349s, ~442s left
[cache]   16750/37386  353s, ~435s left
[cache]   17000/37386  358s, ~429s left
[cache]   17250/37386  362s, ~422s left
[cache]   17500/37386  366s, ~416s left
[cache]   17750/37386  371s, ~410s left
[cache]   18000/37386  375s, ~404s left
[cache]   18250/37386  379s, ~398s left
[cache]   18500/37386  384s, ~392s left
[cache]   18750/37386  388s, ~385s left
[cache]   19000/37386  392s, ~380s left
[cache]   19250/37386  397s, ~374s left
[cache]   19500/37386  401s, ~368s left
[cache]   19750/37386  406s, ~362s left
[cache]   20000/37386  410s, ~357s left
[cache]   20250/37386  415s, ~351s left
[cache]   20500/37386  419s, ~345s left
[cache]   20750/37386  423s, ~339s left
[cache]   21000/37386  428s, ~334s left
[cache]   21250/37386  432s, ~328s left
[cache]   21500/37386  436s, ~323s left
[cache]   21750/37386  441s, ~317s left
[cache]   22000/37386  445s, ~311s left
[cache]   22250/37386  450s, ~306s left
[cache]   22500/37386  454s, ~300s left
[cache]   22750/37386  458s, ~295s left
[cache]   23000/37386  463s, ~289s left
[cache]   23250/37386  467s, ~284s left
[cache]   23500/37386  472s, ~279s left
[cache]   23750/37386  476s, ~273s left
[cache]   24000/37386  481s, ~268s left
[cache]   24250/37386  485s, ~263s left
[cache]   24500/37386  490s, ~258s left
[cache]   24750/37386  494s, ~252s left
[cache]   25000/37386  499s, ~247s left
[cache]   25250/37386  503s, ~242s left
[cache]   25500/37386  508s, ~237s left
[cache]   25750/37386  513s, ~232s left
[cache]   26000/37386  517s, ~226s left
[cache]   26250/37386  522s, ~221s left
[cache]   26500/37386  526s, ~216s left
[cache]   26750/37386  531s, ~211s left
[cache]   27000/37386  536s, ~206s left
[cache]   27250/37386  540s, ~201s left
[cache]   27500/37386  545s, ~196s left
[cache]   27750/37386  549s, ~191s left
[cache]   28000/37386  554s, ~186s left
[cache]   28250/37386  558s, ~181s left
[cache]   28500/37386  563s, ~176s left
[cache]   28750/37386  567s, ~170s left
[cache]   29000/37386  572s, ~165s left
[cache]   29250/37386  576s, ~160s left
[cache]   29500/37386  581s, ~155s left
[cache]   29750/37386  586s, ~150s left
[cache]   30000/37386  590s, ~145s left
[cache]   30250/37386  595s, ~140s left
[cache]   30500/37386  600s, ~135s left
[cache]   30750/37386  604s, ~130s left
[cache]   31000/37386  609s, ~125s left
[cache]   31250/37386  613s, ~120s left
[cache]   31500/37386  618s, ~115s left
[cache]   31750/37386  622s, ~110s left
[cache]   32000/37386  626s, ~105s left
[cache]   32250/37386  631s, ~100s left
[cache]   32500/37386  635s, ~95s left
[cache]   32750/37386  640s, ~91s left
[cache]   33000/37386  644s, ~86s left
[cache]   33250/37386  649s, ~81s left
[cache]   33500/37386  653s, ~76s left
[cache]   33750/37386  657s, ~71s left
[cache]   34000/37386  662s, ~66s left
[cache]   34250/37386  666s, ~61s left
[cache]   34500/37386  671s, ~56s left
[cache]   34750/37386  675s, ~51s left
[cache]   35000/37386  680s, ~46s left
[cache]   35250/37386  684s, ~41s left
[cache]   35500/37386  688s, ~37s left
[cache]   35750/37386  694s, ~32s left
[cache]   36000/37386  698s, ~27s left
[cache]   36250/37386  703s, ~22s left
[cache]   36500/37386  707s, ~17s left
[cache]   36750/37386  712s, ~12s left
[cache]   37000/37386  716s, ~7s left
[cache]   37250/37386  720s, ~3s left
[cache]   37386/37386  722s, ~0s left

==============================================================================
PRETRAIN on 35126 images (5 epochs)
==============================================================================
  pretrain ep  0/5  loss 0.3965  3341s
  pretrain ep  1/5  loss 0.2900  3346s
  pretrain ep  2/5  loss 0.2405  3349s
  pretrain ep  3/5  loss 0.2068  3346s
  pretrain ep  4/5  loss 0.1866  3350s
[pretrain] saved /kaggle/working/E19E11C/pretrained.pt

==============================================================================
FOLD 3   train=1811  val=449
==============================================================================
  initialised from the pretrained backbone
  ep   0/30  loss 0.3598 (dr 0.3198 dme 0.4200)  DR qwk 0.734 acc 60.1%  DME qwk 0.655 acc 61.4%  score 0.7023  177s  *best
  ep   1/30  loss 0.2735 (dr 0.2655 dme 0.2854)  DR qwk 0.751 acc 60.4%  DME qwk 0.763 acc 71.3%  score 0.7560  177s  *best
  ep   2/30  loss 0.2229 (dr 0.2328 dme 0.2080)  DR qwk 0.773 acc 61.7%  DME qwk 0.800 acc 74.3%  score 0.7840  177s  *best
  ep   3/30  loss 0.1885 (dr 0.2000 dme 0.1712)  DR qwk 0.790 acc 63.3%  DME qwk 0.838 acc 80.2%  score 0.8091  178s  *best
  ep   4/30  loss 0.1794 (dr 0.1869 dme 0.1681)  DR qwk 0.811 acc 65.0%  DME qwk 0.843 acc 81.2%  score 0.8235  177s  *best
  ep   5/30  loss 0.1676 (dr 0.1760 dme 0.1551)  DR qwk 0.823 acc 66.8%  DME qwk 0.862 acc 82.2%  score 0.8388  177s  *best
  ep   6/30  loss 0.1605 (dr 0.1681 dme 0.1492)  DR qwk 0.837 acc 68.2%  DME qwk 0.862 acc 82.2%  score 0.8469  177s  *best
  ep   7/30  loss 0.1513 (dr 0.1538 dme 0.1475)  DR qwk 0.849 acc 69.0%  DME qwk 0.855 acc 81.2%  score 0.8514  177s  *best
  ep   8/30  loss 0.1467 (dr 0.1528 dme 0.1377)  DR qwk 0.859 acc 71.3%  DME qwk 0.839 acc 81.2%  score 0.8513  177s
  ep   9/30  loss 0.1455 (dr 0.1492 dme 0.1400)  DR qwk 0.861 acc 71.7%  DME qwk 0.839 acc 81.2%  score 0.8525  177s  *best
  ep  10/30  loss 0.1429 (dr 0.1449 dme 0.1399)  DR qwk 0.866 acc 72.8%  DME qwk 0.847 acc 82.2%  score 0.8587  177s  *best
  ep  11/30  loss 0.1386 (dr 0.1413 dme 0.1347)  DR qwk 0.870 acc 73.7%  DME qwk 0.847 acc 82.2%  score 0.8612  177s  *best
  ep  12/30  loss 0.1420 (dr 0.1417 dme 0.1425)  DR qwk 0.865 acc 72.8%  DME qwk 0.816 acc 82.2%  score 0.8453  177s
  ep  13/30  loss 0.1384 (dr 0.1391 dme 0.1373)  DR qwk 0.868 acc 73.7%  DME qwk 0.831 acc 82.2%  score 0.8536  177s
  ep  14/30  loss 0.1353 (dr 0.1360 dme 0.1343)  DR qwk 0.866 acc 73.7%  DME qwk 0.831 acc 82.2%  score 0.8522  177s
  ep  15/30  loss 0.1336 (dr 0.1355 dme 0.1308)  DR qwk 0.869 acc 74.4%  DME qwk 0.831 acc 82.2%  score 0.8538  177s
  ep  16/30  loss 0.1333 (dr 0.1365 dme 0.1284)  DR qwk 0.873 acc 74.8%  DME qwk 0.838 acc 83.2%  score 0.8590  177s
  ep  17/30  loss 0.1316 (dr 0.1341 dme 0.1279)  DR qwk 0.871 acc 74.4%  DME qwk 0.838 acc 83.2%  score 0.8579  177s
  ep  18/30  loss 0.1323 (dr 0.1328 dme 0.1315)  DR qwk 0.871 acc 74.8%  DME qwk 0.838 acc 83.2%  score 0.8576  177s
  ep  19/30  loss 0.1318 (dr 0.1337 dme 0.1290)  DR qwk 0.873 acc 75.5%  DME qwk 0.838 acc 83.2%  score 0.8592  177s
  ep  20/30  loss 0.1289 (dr 0.1306 dme 0.1264)  DR qwk 0.875 acc 75.9%  DME qwk 0.843 acc 84.2%  score 0.8622  177s  *best
  ep  21/30  loss 0.1342 (dr 0.1364 dme 0.1310)  DR qwk 0.875 acc 75.9%  DME qwk 0.830 acc 82.2%  score 0.8570  177s
  ep  22/30  loss 0.1284 (dr 0.1294 dme 0.1270)  DR qwk 0.875 acc 75.9%  DME qwk 0.830 acc 82.2%  score 0.8568  177s
  ep  23/30  loss 0.1320 (dr 0.1334 dme 0.1298)  DR qwk 0.873 acc 75.5%  DME qwk 0.830 acc 82.2%  score 0.8557  177s
  ep  24/30  loss 0.1300 (dr 0.1310 dme 0.1285)  DR qwk 0.875 acc 75.9%  DME qwk 0.830 acc 82.2%  score 0.8569  177s
  ep  25/30  loss 0.1300 (dr 0.1311 dme 0.1283)  DR qwk 0.873 acc 75.5%  DME qwk 0.825 acc 81.2%  score 0.8538  177s
  ep  26/30  loss 0.1334 (dr 0.1335 dme 0.1332)  DR qwk 0.874 acc 75.7%  DME qwk 0.825 acc 81.2%  score 0.8544  178s
  ep  27/30  loss 0.1286 (dr 0.1295 dme 0.1274)  DR qwk 0.873 acc 75.5%  DME qwk 0.825 acc 81.2%  score 0.8538  178s
  ep  28/30  loss 0.1298 (dr 0.1314 dme 0.1275)  DR qwk 0.873 acc 75.5%  DME qwk 0.825 acc 81.2%  score 0.8540  177s
  ep  29/30  loss 0.1307 (dr 0.1301 dme 0.1317)  DR qwk 0.873 acc 75.5%  DME qwk 0.825 acc 81.2%  score 0.8540  177s

  fold 3 best (selected on validation score, never on test):
    dr                     n=  449  acc  76.8% [72.6,80.6]  floor  52.6%  QWK  0.877  F1 0.661  BEATS
    dme_ungated            n=  101  acc  83.2% [75.2,90.1]  floor  44.6%  QWK  0.870  F1 0.728  BEATS
    dme_gated              n=   68  acc  75.0% [64.7,85.3]  floor  66.2%  QWK  0.690  F1 0.600  below-floor
    dme_referable_binary   n=  449  acc  95.1% [93.1,96.9]  floor  82.6%  QWK  0.824  F1 0.912  BEATS

==============================================================================
FOLD 4   train=1811  val=449
==============================================================================
Warning: You are sending unauthenticated requests to the HF Hub. Please set a HF_TOKEN to enable higher rate limits and faster downloads.
  initialised from the pretrained backbone
  ep   0/30  loss 0.3618 (dr 0.3271 dme 0.4139)  DR qwk 0.755 acc 60.8%  DME qwk 0.485 acc 53.5%  score 0.6469  178s  *best
  ep   1/30  loss 0.2749 (dr 0.2789 dme 0.2688)  DR qwk 0.775 acc 61.9%  DME qwk 0.741 acc 76.2%  score 0.7614  178s  *best
  ep   2/30  loss 0.2296 (dr 0.2336 dme 0.2236)  DR qwk 0.792 acc 63.3%  DME qwk 0.784 acc 78.2%  score 0.7890  178s  *best
  ep   3/30  loss 0.2077 (dr 0.2126 dme 0.2005)  DR qwk 0.792 acc 63.0%  DME qwk 0.832 acc 81.2%  score 0.8079  177s  *best
  ep   4/30  loss 0.1859 (dr 0.1924 dme 0.1761)  DR qwk 0.797 acc 63.3%  DME qwk 0.832 acc 81.2%  score 0.8112  177s  *best
  ep   5/30  loss 0.1660 (dr 0.1745 dme 0.1534)  DR qwk 0.813 acc 64.8%  DME qwk 0.838 acc 82.2%  score 0.8232  177s  *best
  ep   6/30  loss 0.1612 (dr 0.1649 dme 0.1556)  DR qwk 0.818 acc 66.1%  DME qwk 0.865 acc 84.2%  score 0.8364  177s  *best
  ep   7/30  loss 0.1533 (dr 0.1600 dme 0.1432)  DR qwk 0.827 acc 67.0%  DME qwk 0.902 acc 85.1%  score 0.8569  177s  *best
  ep   8/30  loss 0.1479 (dr 0.1523 dme 0.1413)  DR qwk 0.830 acc 68.8%  DME qwk 0.902 acc 85.1%  score 0.8590  177s  *best
  ep   9/30  loss 0.1463 (dr 0.1508 dme 0.1397)  DR qwk 0.839 acc 69.9%  DME qwk 0.907 acc 86.1%  score 0.8660  177s  *best
  ep  10/30  loss 0.1429 (dr 0.1452 dme 0.1393)  DR qwk 0.847 acc 71.0%  DME qwk 0.907 acc 86.1%  score 0.8712  177s  *best
  ep  11/30  loss 0.1451 (dr 0.1479 dme 0.1408)  DR qwk 0.854 acc 72.6%  DME qwk 0.907 acc 86.1%  score 0.8751  177s  *best
  ep  12/30  loss 0.1391 (dr 0.1394 dme 0.1386)  DR qwk 0.863 acc 74.6%  DME qwk 0.912 acc 87.1%  score 0.8826  178s  *best
  ep  13/30  loss 0.1375 (dr 0.1392 dme 0.1350)  DR qwk 0.859 acc 74.8%  DME qwk 0.912 acc 87.1%  score 0.8803  178s
  ep  14/30  loss 0.1344 (dr 0.1376 dme 0.1295)  DR qwk 0.860 acc 75.1%  DME qwk 0.912 acc 87.1%  score 0.8809  178s
  ep  15/30  loss 0.1335 (dr 0.1356 dme 0.1304)  DR qwk 0.864 acc 75.9%  DME qwk 0.912 acc 87.1%  score 0.8830  178s  *best
  ep  16/30  loss 0.1318 (dr 0.1336 dme 0.1291)  DR qwk 0.865 acc 76.4%  DME qwk 0.918 acc 88.1%  score 0.8861  178s  *best
  ep  17/30  loss 0.1320 (dr 0.1348 dme 0.1277)  DR qwk 0.870 acc 77.1%  DME qwk 0.918 acc 88.1%  score 0.8890  178s  *best
  ep  18/30  loss 0.1344 (dr 0.1347 dme 0.1339)  DR qwk 0.871 acc 77.5%  DME qwk 0.918 acc 88.1%  score 0.8901  181s  *best
  ep  19/30  loss 0.1360 (dr 0.1373 dme 0.1339)  DR qwk 0.872 acc 77.5%  DME qwk 0.902 acc 88.1%  score 0.8842  178s
  ep  20/30  loss 0.1286 (dr 0.1298 dme 0.1269)  DR qwk 0.876 acc 77.7%  DME qwk 0.902 acc 88.1%  score 0.8866  177s
  ep  21/30  loss 0.1362 (dr 0.1361 dme 0.1364)  DR qwk 0.873 acc 77.1%  DME qwk 0.908 acc 89.1%  score 0.8871  177s
  ep  22/30  loss 0.1289 (dr 0.1308 dme 0.1260)  DR qwk 0.871 acc 77.3%  DME qwk 0.908 acc 89.1%  score 0.8858  177s
  ep  23/30  loss 0.1301 (dr 0.1298 dme 0.1305)  DR qwk 0.871 acc 77.3%  DME qwk 0.908 acc 89.1%  score 0.8858  177s
  ep  24/30  loss 0.1340 (dr 0.1305 dme 0.1392)  DR qwk 0.874 acc 76.8%  DME qwk 0.908 acc 89.1%  score 0.8874  177s
  ep  25/30  loss 0.1309 (dr 0.1324 dme 0.1286)  DR qwk 0.875 acc 77.3%  DME qwk 0.914 acc 90.1%  score 0.8905  178s  *best
  ep  26/30  loss 0.1297 (dr 0.1317 dme 0.1266)  DR qwk 0.881 acc 77.5%  DME qwk 0.914 acc 90.1%  score 0.8942  177s  *best
  ep  27/30  loss 0.1293 (dr 0.1312 dme 0.1265)  DR qwk 0.884 acc 78.4%  DME qwk 0.914 acc 90.1%  score 0.8958  177s  *best
  ep  28/30  loss 0.1275 (dr 0.1287 dme 0.1256)  DR qwk 0.882 acc 77.7%  DME qwk 0.920 acc 91.1%  score 0.8970  177s  *best
  ep  29/30  loss 0.1305 (dr 0.1318 dme 0.1286)  DR qwk 0.883 acc 78.2%  DME qwk 0.920 acc 91.1%  score 0.8978  178s  *best

  fold 4 best (selected on validation score, never on test):
    dr                     n=  449  acc  82.2% [78.6,85.5]  floor  52.6%  QWK  0.902  F1 0.710  BEATS
    dme_ungated            n=  101  acc  89.1% [83.2,94.1]  floor  46.5%  QWK  0.924  F1 0.772  BEATS
    dme_gated              n=   68  acc  83.8% [75.0,92.6]  floor  69.1%  QWK  0.825  F1 0.718  BEATS
    dme_referable_binary   n=  449  acc  94.9% [92.9,96.9]  floor  82.4%  QWK  0.824  F1 0.912  BEATS

==============================================================================
POOLED OUT-OF-FOLD (898 images, folds [3, 4])
==============================================================================
    dr                     n=  898  acc  77.1% [74.4,79.7]  floor  52.6%  QWK  0.879  F1 0.661  BEATS
    dme_ungated            n=  202  acc  87.6% [82.7,92.1]  floor  45.5%  QWK  0.882  F1 0.781  BEATS
    dme_gated              n=  136  acc  81.6% [75.0,88.2]  floor  67.6%  QWK  0.728  F1 0.698  BEATS
    dme_referable_binary   n=  898  acc  94.2% [92.5,95.7]  floor  82.5%  QWK  0.798  F1 0.899  BEATS

wrote /kaggle/working/E19E11C/results.json  (28262s)
