[{"stream_name":"stderr","time":6.393699853,"data":"0.00s - Debugger warning: It seems that frozen modules are being used, which may\n"}
,{"stream_name":"stderr","time":6.39447932,"data":"0.00s - make the debugger miss breakpoints. Please pass -Xfrozen_modules=off\n"}
,{"stream_name":"stderr","time":6.394486925,"data":"0.00s - to python to disable frozen modules.\n"}
,{"stream_name":"stderr","time":6.394490678,"data":"0.00s - Note: Debugging will proceed. Set PYDEVD_DISABLE_FILE_VALIDATION=1 to disable this validation.\n"}
,{"stream_name":"stderr","time":6.960505041,"data":"0.00s - Debugger warning: It seems that frozen modules are being used, which may\n"}
,{"stream_name":"stderr","time":6.960534469,"data":"0.00s - make the debugger miss breakpoints. Please pass -Xfrozen_modules=off\n"}
,{"stream_name":"stderr","time":6.960538088,"data":"0.00s - to python to disable frozen modules.\n"}
,{"stream_name":"stderr","time":6.960540624,"data":"0.00s - Note: Debugging will proceed. Set PYDEVD_DISABLE_FILE_VALIDATION=1 to disable this validation.\n"}
,{"stream_name":"stdout","time":9.069492451,"data":"CODE COMMIT 0a0902182ebed43dc38f1f13ab1e52e884866b93\n"}
,{"stream_name":"stdout","time":9.069537949,"data":"I23: pre-specify the externally-checkable ensemble before any external number is computed\n"}
,{"stream_name":"stdout","time":12.938363874,"data":"aptos2019                                                  3665 files\n"}
,{"stream_name":"stdout","time":12.93840209,"data":"dr-dme-e15lpft                                              188 files\n"}
,{"stream_name":"stdout","time":16.591637221,"data":"indian-diabetic-retinopathy-image-dataset                  1488 files\n"}
,{"stream_name":"stdout","time":16.591673162,"data":"messidor2-dr-grades                                           2 files\n"}
,{"stream_name":"stdout","time":19.450372367,"data":"messidor2preprocess                                        1745 files\n"}
,{"stream_name":"stdout","time":23.027190281,"data":"torch 2.10.0+cu128 | cuda True | Tesla P100-PCIE-16GB\n"}
,{"stream_name":"stderr","time":23.028352954,"data":"/usr/local/lib/python3.12/dist-packages/torch/cuda/__init__.py:435: UserWarning: \n"}
,{"stream_name":"stderr","time":23.028381447,"data":"    Found GPU0 Tesla P100-PCIE-16GB which is of cuda capability 6.0.\n"}
,{"stream_name":"stderr","time":23.02838607,"data":"    Minimum and Maximum cuda capability supported by this version of PyTorch is\n"}
,{"stream_name":"stderr","time":23.028389409,"data":"    (7.0) - (12.0)\n"}
,{"stream_name":"stderr","time":23.028392604,"data":"    \n"}
,{"stream_name":"stderr","time":23.028396051,"data":"  queued_call()\n"}
,{"stream_name":"stderr","time":23.028399246,"data":"/usr/local/lib/python3.12/dist-packages/torch/cuda/__init__.py:435: UserWarning: \n"}
,{"stream_name":"stderr","time":23.028402409,"data":"    Please install PyTorch with a following CUDA\n"}
,{"stream_name":"stderr","time":23.028406407,"data":"    configurations:  12.6 following instructions at\n"}
,{"stream_name":"stderr","time":23.028424128,"data":"    https://pytorch.org/get-started/locally/\n"}
,{"stream_name":"stderr","time":23.028429285,"data":"    \n"}
,{"stream_name":"stderr","time":23.028433956,"data":"  queued_call()\n"}
,{"stream_name":"stderr","time":23.028438976,"data":"/usr/local/lib/python3.12/dist-packages/torch/cuda/__init__.py:435: UserWarning: \n"}
,{"stream_name":"stderr","time":23.028443597,"data":"Tesla P100-PCIE-16GB with CUDA capability sm_60 is not compatible with the current PyTorch installation.\n"}
,{"stream_name":"stderr","time":23.028448132,"data":"The current PyTorch install supports CUDA capabilities sm_70 sm_75 sm_80 sm_86 sm_90 sm_100 sm_120.\n"}
,{"stream_name":"stderr","time":23.02846867,"data":"If you want to use the Tesla P100-PCIE-16GB GPU with PyTorch, please check the instructions at https://pytorch.org/get-started/locally/\n"}
,{"stream_name":"stderr","time":23.028472106,"data":"\n"}
,{"stream_name":"stderr","time":23.028474378,"data":"  queued_call()\n"}
,{"stream_name":"stderr","time":23.028476729,"data":"\n"}
,{"stream_name":"stderr","time":23.028478976,"data":"/usr/local/lib/python3.12/dist-packages/torch/cuda/__init__.py:435: UserWarning: \n"}
,{"stream_name":"stderr","time":23.02848145,"data":"    Found GPU0 Tesla P100-PCIE-16GB which is of cuda capability 6.0.\n"}
,{"stream_name":"stderr","time":23.028483785,"data":"    Minimum and Maximum cuda capability supported by this version of PyTorch is\n"}
,{"stream_name":"stderr","time":23.028486242,"data":"    (7.0) - (12.0)\n"}
,{"stream_name":"stderr","time":23.028488496,"data":"    \n"}
,{"stream_name":"stderr","time":23.028490733,"data":"  queued_call()\n"}
,{"stream_name":"stderr","time":23.028492979,"data":"/usr/local/lib/python3.12/dist-packages/torch/cuda/__init__.py:435: UserWarning: \n"}
,{"stream_name":"stderr","time":23.028495408,"data":"    Please install PyTorch with a following CUDA\n"}
,{"stream_name":"stderr","time":23.02849771,"data":"    configurations:  12.6 following instructions at\n"}
,{"stream_name":"stderr","time":23.028500029,"data":"    https://pytorch.org/get-started/locally/\n"}
,{"stream_name":"stderr","time":23.028502327,"data":"    \n"}
,{"stream_name":"stderr","time":23.028505425,"data":"  queued_call()\n"}
,{"stream_name":"stderr","time":23.028519891,"data":"/usr/local/lib/python3.12/dist-packages/torch/cuda/__init__.py:435: UserWarning: \n"}
,{"stream_name":"stderr","time":23.028524332,"data":"Tesla P100-PCIE-16GB with CUDA capability sm_60 is not compatible with the current PyTorch installation.\n"}
,{"stream_name":"stderr","time":23.028528364,"data":"The current PyTorch install supports CUDA capabilities sm_70 sm_75 sm_80 sm_86 sm_90 sm_100 sm_120.\n"}
,{"stream_name":"stderr","time":23.028532773,"data":"If you want to use the Tesla P100-PCIE-16GB GPU with PyTorch, please check the instructions at https://pytorch.org/get-started/locally/\n"}
,{"stream_name":"stderr","time":23.028537099,"data":"\n"}
,{"stream_name":"stderr","time":23.028540327,"data":"  queued_call()\n"}
,{"stream_name":"stdout","time":23.227508699,"data":"GPU Tesla P100-PCIE-16GB  sm_60  torch 2.10.0+cu128\n"}
,{"stream_name":"stdout","time":23.247417983,"data":"UNUSABLE: CUDA error: no kernel image is available for execution on the device\n"}
,{"stream_name":"stdout","time":23.247441923,"data":"Search for `cudaErrorNoKernelImageForDevice' in https://docs.nvidia.com/cuda/cuda-runtime-api/group__CUDART__TYPES.html for more information.\n"}
,{"stream_name":"stdout","time":23.247447411,"data":"CUDA kernel errors might be asynchronously reported at some other API call, so the stacktrace below might be incorrect.\n"}
,{"stream_name":"stdout","time":23.247451748,"data":"For debugging consider passing CUDA_LAUNCH_BLOCKING=1\n"}
,{"stream_name":"stdout","time":23.247455266,"data":"Compile with `TORCH_USE_CUDA_DSA` to enable device-side assertions.\n"}
,{"stream_name":"stdout","time":23.247458743,"data":"\n"}
,{"stream_name":"stdout","time":23.247462044,"data":"installing a torch build that supports this GPU ...\n"}
,{"stream_name":"stdout","time":32.761898197,"data":"     ━━━━━━━━━━━━━━━━━━━━━━━━━━━━━━━━━━━━━━━ 780.4/780.4 MB 2.4 MB/s eta 0:00:00\n"}
,{"stream_name":"stdout","time":32.964019499,"data":"     ━━━━━━━━━━━━━━━━━━━━━━━━━━━━━━━━━━━━━━━ 780.4/780.4 MB 2.4 MB/s eta 0:00:00\n"}
,{"stream_name":"stdout","time":35.29867281,"data":"     ━━━━━━━━━━━━━━━━━━━━━━━━━━━━━━━━━━━━━━━━ 7.3/7.3 MB 106.4 MB/s eta 0:00:00\n"}
,{"stream_name":"stdout","time":35.500631085,"data":"     ━━━━━━━━━━━━━━━━━━━━━━━━━━━━━━━━━━━━━━━━ 7.3/7.3 MB 106.4 MB/s eta 0:00:00\n"}
,{"stream_name":"stdout","time":35.61243374,"data":"     ━━━━━━━━━━━━━━━━━━━━━━━━━━━━━━━━━━━━━━━ 23.7/23.7 MB 225.7 MB/s eta 0:00:00\n"}
,{"stream_name":"stdout","time":35.742843481,"data":"     ━━━━━━━━━━━━━━━━━━━━━━━━━━━━━━━━━━━━━ 823.6/823.6 kB 240.2 MB/s eta 0:00:00\n"}
,{"stream_name":"stdout","time":35.814135537,"data":"     ━━━━━━━━━━━━━━━━━━━━━━━━━━━━━━━━━━━━━━━ 23.7/23.7 MB 225.7 MB/s eta 0:00:00\n"}
,{"stream_name":"stdout","time":35.81415889,"data":"     ━━━━━━━━━━━━━━━━━━━━━━━━━━━━━━━━━━━━━ 823.6/823.6 kB 240.2 MB/s eta 0:00:00\n"}
,{"stream_name":"stdout","time":35.901219074,"data":"     ━━━━━━━━━━━━━━━━━━━━━━━━━━━━━━━━━━━━━━━ 14.1/14.1 MB 224.6 MB/s eta 0:00:00\n"}
,{"stream_name":"stdout","time":36.103227599,"data":"     ━━━━━━━━━━━━━━━━━━━━━━━━━━━━━━━━━━━━━━━ 14.1/14.1 MB 224.6 MB/s eta 0:00:00\n"}
,{"stream_name":"stdout","time":42.811418655,"data":"     ━━━━━━━━━━━━━━━━━━━━━━━━━━━━━━━━━━━━━━━ 664.8/664.8 MB 2.6 MB/s eta 0:00:00\n"}
,{"stream_name":"stdout","time":43.012815517,"data":"     ━━━━━━━━━━━━━━━━━━━━━━━━━━━━━━━━━━━━━━━ 664.8/664.8 MB 2.6 MB/s eta 0:00:00\n"}
,{"stream_name":"stdout","time":48.184176329,"data":"     ━━━━━━━━━━━━━━━━━━━━━━━━━━━━━━━━━━━━━━ 410.6/410.6 MB 83.2 MB/s eta 0:00:00\n"}
,{"stream_name":"stdout","time":48.38645765,"data":"     ━━━━━━━━━━━━━━━━━━━━━━━━━━━━━━━━━━━━━━ 410.6/410.6 MB 83.2 MB/s eta 0:00:00\n"}
,{"stream_name":"stdout","time":50.581016394,"data":"     ━━━━━━━━━━━━━━━━━━━━━━━━━━━━━━━━━━━━━ 121.6/121.6 MB 132.7 MB/s eta 0:00:00\n"}
,{"stream_name":"stdout","time":50.783621768,"data":"     ━━━━━━━━━━━━━━━━━━━━━━━━━━━━━━━━━━━━━ 121.6/121.6 MB 132.7 MB/s eta 0:00:00\n"}
,{"stream_name":"stdout","time":51.339870128,"data":"     ━━━━━━━━━━━━━━━━━━━━━━━━━━━━━━━━━━━━━━━ 56.5/56.5 MB 156.6 MB/s eta 0:00:00\n"}
,{"stream_name":"stdout","time":51.541853458,"data":"     ━━━━━━━━━━━━━━━━━━━━━━━━━━━━━━━━━━━━━━━ 56.5/56.5 MB 156.6 MB/s eta 0:00:00\n"}
,{"stream_name":"stdout","time":52.304289346,"data":"     ━━━━━━━━━━━━━━━━━━━━━━━━━━━━━━━━━━━━━ 124.2/124.2 MB 133.6 MB/s eta 0:00:00\n"}
,{"stream_name":"stdout","time":52.507080535,"data":"     ━━━━━━━━━━━━━━━━━━━━━━━━━━━━━━━━━━━━━ 124.2/124.2 MB 133.6 MB/s eta 0:00:00\n"}
,{"stream_name":"stdout","time":53.864785252,"data":"     ━━━━━━━━━━━━━━━━━━━━━━━━━━━━━━━━━━━━━ 196.0/196.0 MB 117.9 MB/s eta 0:00:00\n"}
,{"stream_name":"stdout","time":54.070248751,"data":"     ━━━━━━━━━━━━━━━━━━━━━━━━━━━━━━━━━━━━━ 196.0/196.0 MB 117.9 MB/s eta 0:00:00\n"}
,{"stream_name":"stdout","time":56.350756724,"data":"     ━━━━━━━━━━━━━━━━━━━━━━━━━━━━━━━━━━━━━ 188.7/188.7 MB 113.3 MB/s eta 0:00:00\n"}
,{"stream_name":"stdout","time":56.553101341,"data":"     ━━━━━━━━━━━━━━━━━━━━━━━━━━━━━━━━━━━━━ 188.7/188.7 MB 113.3 MB/s eta 0:00:00\n"}
,{"stream_name":"stdout","time":56.955505341,"data":"     ━━━━━━━━━━━━━━━━━━━━━━━━━━━━━━━━━━━━━━━ 99.1/99.1 kB 108.4 MB/s eta 0:00:00\n"}
,{"stream_name":"stdout","time":57.157717088,"data":"     ━━━━━━━━━━━━━━━━━━━━━━━━━━━━━━━━━━━━━━━ 99.1/99.1 kB 108.4 MB/s eta 0:00:00\n"}
,{"stream_name":"stdout","time":58.956150856,"data":"     ━━━━━━━━━━━━━━━━━━━━━━━━━━━━━━━━━━━━━━━ 209.6/209.6 MB 8.9 MB/s eta 0:00:00\n"}
,{"stream_name":"stdout","time":59.158555639,"data":"     ━━━━━━━━━━━━━━━━━━━━━━━━━━━━━━━━━━━━━━━ 209.6/209.6 MB 8.9 MB/s eta 0:00:00\n"}
,{"stream_name":"stdout","time":60.023556217,"data":"   ━━━━━━━━━━━━━━━━━━━━━━━━━━━━━━━━━━━━━━━━ 6.2/6.2 MB 25.0 MB/s eta 0:00:00\n"}
,{"stream_name":"stdout","time":60.226402456,"data":"   ━━━━━━━━━━━━━━━━━━━━━━━━━━━━━━━━━━━━━━━━ 6.2/6.2 MB 25.0 MB/s eta 0:00:00\n"}
,{"stream_name":"stderr","time":185.572033029,"data":"ERROR: pip's dependency resolver does not currently take into account all the packages that are installed. This behaviour is the source of the following dependency conflicts.\n"}
,{"stream_name":"stderr","time":185.572073042,"data":"torchaudio 2.10.0+cu128 requires torch==2.10.0, but you have torch 2.5.1+cu121 which is incompatible.\n"}
,{"stream_name":"stderr","time":185.779740463,"data":"ERROR: pip's dependency resolver does not currently take into account all the packages that are installed. This behaviour is the source of the following dependency conflicts.\n"}
,{"stream_name":"stderr","time":185.779763044,"data":"torchaudio 2.10.0+cu128 requires torch==2.10.0, but you have torch 2.5.1+cu121 which is incompatible.\n"}
,{"stream_name":"stderr","time":185.779767429,"data":"\n"}
,{"stream_name":"stderr","time":185.779780632,"data":"ERROR: pip's dependency resolver does not currently take into account all the packages that are installed. This behaviour is the source of the following dependency conflicts.\n"}
,{"stream_name":"stderr","time":185.779786368,"data":"torchaudio 2.10.0+cu128 requires torch==2.10.0, but you have torch 2.5.1+cu121 which is incompatible.\n"}
,{"stream_name":"stdout","time":186.160624638,"data":"installed -- src/train.py runs in a subprocess so it picks up the new build\n"}
,{"stream_name":"stdout","time":189.645405465,"data":"found 5 fold weights from ah22reza/dr-dme-e15lpft\n"}
,{"stream_name":"stdout","time":191.87063221,"data":"/usr/bin/python3 -u /kaggle/working/repo/src/eval_external.py --run /kaggle/working/EXTE15LPFT --datasets /kaggle/input --corpus APTOS --cache /kaggle/temp/cache_ext --tta\n"}
,{"stream_name":"stdout","time":194.094544677,"data":"run ?  commit ?  device=cuda  backbone=densenet121 head=ordinal size=448\n"}
,{"stream_name":"stdout","time":196.507473333,"data":"[corpora] APTOS         3662 images\n"}
,{"stream_name":"stdout","time":196.510753883,"data":"  APTOS       n=  3662  DR0=1805 DR1=370 DR2=999 DR3=193 DR4=295   dme_supervised=    0 (exact=0)\n"}
,{"stream_name":"stdout","time":196.709922398,"data":"[corpora] IDRiD          516 images\n"}
,{"stream_name":"stdout","time":196.871745712,"data":"[corpora] Messidor-2    1744 images\n"}
,{"stream_name":"stdout","time":196.895483446,"data":"[cache] decoding 3662 images -\u003e /kaggle/temp/cache_ext\n"}
,{"stream_name":"stdout","time":228.859005481,"data":"[cache]   250/3662  32s, ~436s left\n"}
,{"stream_name":"stdout","time":257.517710485,"data":"[cache]   500/3662  61s, ~383s left\n"}
,{"stream_name":"stdout","time":287.153777156,"data":"[cache]   750/3662  90s, ~350s left\n"}
,{"stream_name":"stdout","time":314.352311759,"data":"[cache]   1000/3662  117s, ~313s left\n"}
,{"stream_name":"stdout","time":343.024897047,"data":"[cache]   1250/3662  146s, ~282s left\n"}
,{"stream_name":"stdout","time":370.463362718,"data":"[cache]   1500/3662  174s, ~250s left\n"}
,{"stream_name":"stdout","time":398.230943268,"data":"[cache]   1750/3662  201s, ~220s left\n"}
,{"stream_name":"stdout","time":426.234042892,"data":"[cache]   2000/3662  229s, ~191s left\n"}
,{"stream_name":"stdout","time":453.545063389,"data":"[cache]   2250/3662  257s, ~161s left\n"}
,{"stream_name":"stdout","time":483.196024891,"data":"[cache]   2500/3662  286s, ~133s left\n"}
,{"stream_name":"stdout","time":511.056908696,"data":"[cache]   2750/3662  314s, ~104s left\n"}
,{"stream_name":"stdout","time":540.170781042,"data":"[cache]   3000/3662  343s, ~76s left\n"}
,{"stream_name":"stdout","time":570.273305054,"data":"[cache]   3250/3662  373s, ~47s left\n"}
,{"stream_name":"stdout","time":599.545239444,"data":"[cache]   3500/3662  403s, ~19s left\n"}
,{"stream_name":"stdout","time":619.346900657,"data":"[cache]   3662/3662  422s, ~0s left\n"}
,{"stream_name":"stdout","time":619.347790698,"data":"ensembling 5 folds: ['best_0.pt', 'best_1.pt', 'best_2.pt', 'best_3.pt', 'best_4.pt']\n"}
,{"stream_name":"stdout","time":1002.807979168,"data":"\n"}
,{"stream_name":"stdout","time":1002.808800501,"data":"==============================================================================\n"}
,{"stream_name":"stdout","time":1002.809484838,"data":"EXTERNAL — APTOS, never seen in training\n"}
,{"stream_name":"stdout","time":1002.81015736,"data":"==============================================================================\n"}
,{"stream_name":"stdout","time":1002.810860188,"data":"    dr                     n= 3662  acc  65.3% [63.7,66.9]  floor  49.3%  QWK  0.874  F1 0.484  BEATS\n"}
,{"stream_name":"stdout","time":1002.811559629,"data":"                          recall 90%  5%  45%  70%  58%   support [1805, 370, 999, 193, 295]\n"}
,{"stream_name":"stdout","time":1002.812260717,"data":"                          referable-DR sens 99.2%  spec 84.2%\n"}
,{"stream_name":"stdout","time":1002.840710197,"data":"\n"}
,{"stream_name":"stdout","time":1002.841396464,"data":"wrote /kaggle/working/EXTE15LPFT/external_aptos.json\n"}
,{"stream_name":"stdout","time":1002.842061206,"data":"wrote /kaggle/working/EXTE15LPFT/external_aptos_predictions.npz\n"}
,{"stream_name":"stdout","time":1004.079640353,"data":"exit= 0\n"}
,{"stream_name":"stderr","time":1008.033393762,"data":"/usr/local/lib/python3.12/dist-packages/mistune.py:435: SyntaxWarning: invalid escape sequence '\\|'\n"}
,{"stream_name":"stderr","time":1008.033441012,"data":"  cells[i][c] = re.sub('\\\\\\\\\\|', '|', cell)\n"}
,{"stream_name":"stderr","time":1008.179146171,"data":"/usr/local/lib/python3.12/dist-packages/nbconvert/filters/filter_links.py:36: SyntaxWarning: invalid escape sequence '\\_'\n"}
,{"stream_name":"stderr","time":1008.179179087,"data":"  text = re.sub(r'_', '\\_', text) # Escape underscores in display text\n"}
,{"stream_name":"stderr","time":1008.774540037,"data":"[NbConvertApp] Converting notebook __notebook__.ipynb to notebook\n"}
,{"stream_name":"stderr","time":1009.075257012,"data":"[NbConvertApp] Writing 15294 bytes to __notebook__.ipynb\n"}
,{"stream_name":"stderr","time":1011.450215401,"data":"[NbConvertApp] Converting notebook __notebook__.ipynb to html\n"}
,{"stream_name":"stderr","time":1012.260571159,"data":"[NbConvertApp] Writing 302810 bytes to __results__.html\n"}
]