[{"stream_name":"stderr","time":6.127182153,"data":"0.00s - Debugger warning: It seems that frozen modules are being used, which may\n"}
,{"stream_name":"stderr","time":6.127922079,"data":"0.00s - make the debugger miss breakpoints. Please pass -Xfrozen_modules=off\n"}
,{"stream_name":"stderr","time":6.127935123,"data":"0.00s - to python to disable frozen modules.\n"}
,{"stream_name":"stderr","time":6.127954939,"data":"0.00s - Note: Debugging will proceed. Set PYDEVD_DISABLE_FILE_VALIDATION=1 to disable this validation.\n"}
,{"stream_name":"stderr","time":6.701920597,"data":"0.00s - Debugger warning: It seems that frozen modules are being used, which may\n"}
,{"stream_name":"stderr","time":6.701953402,"data":"0.00s - make the debugger miss breakpoints. Please pass -Xfrozen_modules=off\n"}
,{"stream_name":"stderr","time":6.701958061,"data":"0.00s - to python to disable frozen modules.\n"}
,{"stream_name":"stderr","time":6.7019635300000004,"data":"0.00s - Note: Debugging will proceed. Set PYDEVD_DISABLE_FILE_VALIDATION=1 to disable this validation.\n"}
,{"stream_name":"stdout","time":8.573913087,"data":"CODE COMMIT cebfc2067c53d879a07d5126d8c3685be63e8f09\n"}
,{"stream_name":"stdout","time":8.573970301,"data":"External validation on APTOS: the ranking transfers, the calibration does not\n"}
,{"stream_name":"stdout","time":117.268705637,"data":"datasets                                                  73471 files\n"}
,{"stream_name":"stdout","time":120.813887851,"data":"torch 2.10.0+cu128 | cuda True | Tesla P100-PCIE-16GB\n"}
,{"stream_name":"stderr","time":120.815293275,"data":"/usr/local/lib/python3.12/dist-packages/torch/cuda/__init__.py:435: UserWarning: \n"}
,{"stream_name":"stderr","time":120.815319165,"data":"    Found GPU0 Tesla P100-PCIE-16GB which is of cuda capability 6.0.\n"}
,{"stream_name":"stderr","time":120.815326259,"data":"    Minimum and Maximum cuda capability supported by this version of PyTorch is\n"}
,{"stream_name":"stderr","time":120.815332352,"data":"    (7.0) - (12.0)\n"}
,{"stream_name":"stderr","time":120.815337999,"data":"    \n"}
,{"stream_name":"stderr","time":120.815343093,"data":"  queued_call()\n"}
,{"stream_name":"stderr","time":120.815348732,"data":"/usr/local/lib/python3.12/dist-packages/torch/cuda/__init__.py:435: UserWarning: \n"}
,{"stream_name":"stderr","time":120.81535431,"data":"    Please install PyTorch with a following CUDA\n"}
,{"stream_name":"stderr","time":120.815359485,"data":"    configurations:  12.6 following instructions at\n"}
,{"stream_name":"stderr","time":120.815365996,"data":"    https://pytorch.org/get-started/locally/\n"}
,{"stream_name":"stderr","time":120.815371488,"data":"    \n"}
,{"stream_name":"stderr","time":120.815376682,"data":"  queued_call()\n"}
,{"stream_name":"stderr","time":120.815382331,"data":"/usr/local/lib/python3.12/dist-packages/torch/cuda/__init__.py:435: UserWarning: \n"}
,{"stream_name":"stderr","time":120.815387905,"data":"Tesla P100-PCIE-16GB with CUDA capability sm_60 is not compatible with the current PyTorch installation.\n"}
,{"stream_name":"stderr","time":120.815393181,"data":"The current PyTorch install supports CUDA capabilities sm_70 sm_75 sm_80 sm_86 sm_90 sm_100 sm_120.\n"}
,{"stream_name":"stderr","time":120.815398761,"data":"If you want to use the Tesla P100-PCIE-16GB GPU with PyTorch, please check the instructions at https://pytorch.org/get-started/locally/\n"}
,{"stream_name":"stderr","time":120.815404402,"data":"\n"}
,{"stream_name":"stderr","time":120.815409316,"data":"  queued_call()\n"}
,{"stream_name":"stderr","time":120.815414565,"data":"\n"}
,{"stream_name":"stderr","time":120.81542014,"data":"/usr/local/lib/python3.12/dist-packages/torch/cuda/__init__.py:435: UserWarning: \n"}
,{"stream_name":"stderr","time":120.815460494,"data":"    Found GPU0 Tesla P100-PCIE-16GB which is of cuda capability 6.0.\n"}
,{"stream_name":"stderr","time":120.815464959,"data":"    Minimum and Maximum cuda capability supported by this version of PyTorch is\n"}
,{"stream_name":"stderr","time":120.815468954,"data":"    (7.0) - (12.0)\n"}
,{"stream_name":"stderr","time":120.815473449,"data":"    \n"}
,{"stream_name":"stderr","time":120.815477106,"data":"  queued_call()\n"}
,{"stream_name":"stderr","time":120.815480895,"data":"/usr/local/lib/python3.12/dist-packages/torch/cuda/__init__.py:435: UserWarning: \n"}
,{"stream_name":"stderr","time":120.815485276,"data":"    Please install PyTorch with a following CUDA\n"}
,{"stream_name":"stderr","time":120.815489283,"data":"    configurations:  12.6 following instructions at\n"}
,{"stream_name":"stderr","time":120.815493356,"data":"    https://pytorch.org/get-started/locally/\n"}
,{"stream_name":"stderr","time":120.815497324,"data":"    \n"}
,{"stream_name":"stderr","time":120.815500945,"data":"  queued_call()\n"}
,{"stream_name":"stderr","time":120.815504581,"data":"/usr/local/lib/python3.12/dist-packages/torch/cuda/__init__.py:435: UserWarning: \n"}
,{"stream_name":"stderr","time":120.815508561,"data":"Tesla P100-PCIE-16GB with CUDA capability sm_60 is not compatible with the current PyTorch installation.\n"}
,{"stream_name":"stderr","time":120.815512464,"data":"The current PyTorch install supports CUDA capabilities sm_70 sm_75 sm_80 sm_86 sm_90 sm_100 sm_120.\n"}
,{"stream_name":"stderr","time":120.815516629,"data":"If you want to use the Tesla P100-PCIE-16GB GPU with PyTorch, please check the instructions at https://pytorch.org/get-started/locally/\n"}
,{"stream_name":"stderr","time":120.815520923,"data":"\n"}
,{"stream_name":"stderr","time":120.815524578,"data":"  queued_call()\n"}
,{"stream_name":"stdout","time":121.014420317,"data":"GPU Tesla P100-PCIE-16GB  sm_60  torch 2.10.0+cu128\n"}
,{"stream_name":"stdout","time":121.047681583,"data":"UNUSABLE: CUDA error: no kernel image is available for execution on the device\n"}
,{"stream_name":"stdout","time":121.047709854,"data":"Search for `cudaErrorNoKernelImageForDevice' in https://docs.nvidia.com/cuda/cuda-runtime-api/group__CUDART__TYPES.html for more information.\n"}
,{"stream_name":"stdout","time":121.047714387,"data":"CUDA kernel errors might be asynchronously reported at some other API call, so the stacktrace below might be incorrect.\n"}
,{"stream_name":"stdout","time":121.047718076,"data":"For debugging consider passing CUDA_LAUNCH_BLOCKING=1\n"}
,{"stream_name":"stdout","time":121.047721676,"data":"Compile with `TORCH_USE_CUDA_DSA` to enable device-side assertions.\n"}
,{"stream_name":"stdout","time":121.047725621,"data":"\n"}
,{"stream_name":"stdout","time":121.047745461,"data":"installing a torch build that supports this GPU ...\n"}
,{"stream_name":"stdout","time":132.129150052,"data":"     ━━━━━━━━━━━━━━━━━━━━━━━━━━━━━━━━━━━━━━━ 780.4/780.4 MB 2.2 MB/s eta 0:00:00\n"}
,{"stream_name":"stdout","time":132.330811063,"data":"     ━━━━━━━━━━━━━━━━━━━━━━━━━━━━━━━━━━━━━━━ 780.4/780.4 MB 2.2 MB/s eta 0:00:00\n"}
,{"stream_name":"stdout","time":134.777305788,"data":"     ━━━━━━━━━━━━━━━━━━━━━━━━━━━━━━━━━━━━━━━━ 7.3/7.3 MB 110.3 MB/s eta 0:00:00\n"}
,{"stream_name":"stdout","time":134.979211989,"data":"     ━━━━━━━━━━━━━━━━━━━━━━━━━━━━━━━━━━━━━━━━ 7.3/7.3 MB 110.3 MB/s eta 0:00:00\n"}
,{"stream_name":"stdout","time":135.102375264,"data":"     ━━━━━━━━━━━━━━━━━━━━━━━━━━━━━━━━━━━━━━━ 23.7/23.7 MB 159.9 MB/s eta 0:00:00\n"}
,{"stream_name":"stdout","time":135.226544181,"data":"     ━━━━━━━━━━━━━━━━━━━━━━━━━━━━━━━━━━━━━ 823.6/823.6 kB 215.7 MB/s eta 0:00:00\n"}
,{"stream_name":"stdout","time":135.304392297,"data":"     ━━━━━━━━━━━━━━━━━━━━━━━━━━━━━━━━━━━━━━━ 23.7/23.7 MB 159.9 MB/s eta 0:00:00\n"}
,{"stream_name":"stdout","time":135.304418285,"data":"     ━━━━━━━━━━━━━━━━━━━━━━━━━━━━━━━━━━━━━ 823.6/823.6 kB 215.7 MB/s eta 0:00:00\n"}
,{"stream_name":"stdout","time":135.392827954,"data":"     ━━━━━━━━━━━━━━━━━━━━━━━━━━━━━━━━━━━━━━━ 14.1/14.1 MB 120.4 MB/s eta 0:00:00\n"}
,{"stream_name":"stdout","time":135.595155576,"data":"     ━━━━━━━━━━━━━━━━━━━━━━━━━━━━━━━━━━━━━━━ 14.1/14.1 MB 120.4 MB/s eta 0:00:00\n"}
,{"stream_name":"stdout","time":142.342995049,"data":"     ━━━━━━━━━━━━━━━━━━━━━━━━━━━━━━━━━━━━━━━ 664.8/664.8 MB 2.4 MB/s eta 0:00:00\n"}
,{"stream_name":"stdout","time":142.545403777,"data":"     ━━━━━━━━━━━━━━━━━━━━━━━━━━━━━━━━━━━━━━━ 664.8/664.8 MB 2.4 MB/s eta 0:00:00\n"}
,{"stream_name":"stdout","time":149.920337309,"data":"     ━━━━━━━━━━━━━━━━━━━━━━━━━━━━━━━━━━━━━━ 410.6/410.6 MB 35.8 MB/s eta 0:00:00\n"}
,{"stream_name":"stdout","time":150.121324635,"data":"     ━━━━━━━━━━━━━━━━━━━━━━━━━━━━━━━━━━━━━━ 410.6/410.6 MB 35.8 MB/s eta 0:00:00\n"}
,{"stream_name":"stdout","time":153.749984091,"data":"     ━━━━━━━━━━━━━━━━━━━━━━━━━━━━━━━━━━━━━━ 121.6/121.6 MB 97.7 MB/s eta 0:00:00\n"}
,{"stream_name":"stdout","time":153.954232389,"data":"     ━━━━━━━━━━━━━━━━━━━━━━━━━━━━━━━━━━━━━━ 121.6/121.6 MB 97.7 MB/s eta 0:00:00\n"}
,{"stream_name":"stdout","time":155.44845717,"data":"     ━━━━━━━━━━━━━━━━━━━━━━━━━━━━━━━━━━━━━━━ 56.5/56.5 MB 147.1 MB/s eta 0:00:00\n"}
,{"stream_name":"stdout","time":155.650437005,"data":"     ━━━━━━━━━━━━━━━━━━━━━━━━━━━━━━━━━━━━━━━ 56.5/56.5 MB 147.1 MB/s eta 0:00:00\n"}
,{"stream_name":"stdout","time":158.550602031,"data":"     ━━━━━━━━━━━━━━━━━━━━━━━━━━━━━━━━━━━━━━ 124.2/124.2 MB 50.8 MB/s eta 0:00:00\n"}
,{"stream_name":"stdout","time":158.753125696,"data":"     ━━━━━━━━━━━━━━━━━━━━━━━━━━━━━━━━━━━━━━ 124.2/124.2 MB 50.8 MB/s eta 0:00:00\n"}
,{"stream_name":"stdout","time":160.291855809,"data":"     ━━━━━━━━━━━━━━━━━━━━━━━━━━━━━━━━━━━━━ 196.0/196.0 MB 125.3 MB/s eta 0:00:00\n"}
,{"stream_name":"stdout","time":160.493831009,"data":"     ━━━━━━━━━━━━━━━━━━━━━━━━━━━━━━━━━━━━━ 196.0/196.0 MB 125.3 MB/s eta 0:00:00\n"}
,{"stream_name":"stdout","time":162.689299639,"data":"     ━━━━━━━━━━━━━━━━━━━━━━━━━━━━━━━━━━━━━ 188.7/188.7 MB 117.5 MB/s eta 0:00:00\n"}
,{"stream_name":"stdout","time":162.891496387,"data":"     ━━━━━━━━━━━━━━━━━━━━━━━━━━━━━━━━━━━━━ 188.7/188.7 MB 117.5 MB/s eta 0:00:00\n"}
,{"stream_name":"stdout","time":163.294007279,"data":"     ━━━━━━━━━━━━━━━━━━━━━━━━━━━━━━━━━━━━━━━ 99.1/99.1 kB 114.8 MB/s eta 0:00:00\n"}
,{"stream_name":"stdout","time":163.496147404,"data":"     ━━━━━━━━━━━━━━━━━━━━━━━━━━━━━━━━━━━━━━━ 99.1/99.1 kB 114.8 MB/s eta 0:00:00\n"}
,{"stream_name":"stdout","time":165.831307744,"data":"     ━━━━━━━━━━━━━━━━━━━━━━━━━━━━━━━━━━━━━━━ 209.6/209.6 MB 7.8 MB/s eta 0:00:00\n"}
,{"stream_name":"stdout","time":166.03589259,"data":"     ━━━━━━━━━━━━━━━━━━━━━━━━━━━━━━━━━━━━━━━ 209.6/209.6 MB 7.8 MB/s eta 0:00:00\n"}
,{"stream_name":"stdout","time":168.854691507,"data":"   ━━━━━━━━━━━━━━━━━━━━━━━━━━━━━━━━━━━━━━━━ 6.2/6.2 MB 61.7 MB/s eta 0:00:00\n"}
,{"stream_name":"stdout","time":169.056660886,"data":"   ━━━━━━━━━━━━━━━━━━━━━━━━━━━━━━━━━━━━━━━━ 6.2/6.2 MB 61.7 MB/s eta 0:00:00\n"}
,{"stream_name":"stderr","time":280.440307506,"data":"ERROR: pip's dependency resolver does not currently take into account all the packages that are installed. This behaviour is the source of the following dependency conflicts.\n"}
,{"stream_name":"stderr","time":280.440347257,"data":"torchaudio 2.10.0+cu128 requires torch==2.10.0, but you have torch 2.5.1+cu121 which is incompatible.\n"}
,{"stream_name":"stderr","time":280.648413388,"data":"ERROR: pip's dependency resolver does not currently take into account all the packages that are installed. This behaviour is the source of the following dependency conflicts.\n"}
,{"stream_name":"stderr","time":280.648442365,"data":"torchaudio 2.10.0+cu128 requires torch==2.10.0, but you have torch 2.5.1+cu121 which is incompatible.\n"}
,{"stream_name":"stderr","time":280.648453501,"data":"\n"}
,{"stream_name":"stderr","time":280.648471172,"data":"ERROR: pip's dependency resolver does not currently take into account all the packages that are installed. This behaviour is the source of the following dependency conflicts.\n"}
,{"stream_name":"stderr","time":280.648477154,"data":"torchaudio 2.10.0+cu128 requires torch==2.10.0, but you have torch 2.5.1+cu121 which is incompatible.\n"}
,{"stream_name":"stdout","time":281.067600467,"data":"installed -- src/train.py runs in a subprocess so it picks up the new build\n"}
,{"stream_name":"stdout","time":281.084382853,"data":"/usr/bin/python3 -u /kaggle/working/repo/src/train.py --datasets /kaggle/input --splits /kaggle/working/repo/data/splits/dev_v1.json --run-id E09 --out /kaggle/working/E09 --cache /kaggle/temp/cache560 --channels-last --resume --folds 0,1,2,3,4 --epochs 40 --size 224 --batch 16 --backbone densenet121 --head ordinal --workers 2 --tta --pretrain-corpora EyePACS --pretrain-epochs 5 --hypothesis halving-resolution-tests-whether-mild-recall-is-resolution-bound\n"}
,{"stream_name":"stdout","time":283.276791597,"data":"COMMIT cebfc2067c53d879a07d5126d8c3685be63e8f09\n"}
,{"stream_name":"stdout","time":283.277981582,"data":"RUN E09\n"}
,{"stream_name":"stdout","time":283.27908585,"data":"HYPOTHESIS halving-resolution-tests-whether-mild-recall-is-resolution-bound\n"}
,{"stream_name":"stdout","time":283.33100666,"data":"device=cuda  torch=2.5.1+cu121  gpu=Tesla P100-PCIE-16GB\n"}
,{"stream_name":"stdout","time":283.462369401,"data":"[gpu] sm_60 usable\n"}
,{"stream_name":"stdout","time":398.509976223,"data":"[corpora] IDRiD          516 images\n"}
,{"stream_name":"stdout","time":399.008389079,"data":"[corpora] Messidor-2    1744 images\n"}
,{"stream_name":"stdout","time":399.010813157,"data":"  IDRiD       n=   516  DR0=168 DR1=25 DR2=168 DR3=93 DR4=62   dme_supervised=  516 (exact=516)\n"}
,{"stream_name":"stdout","time":399.011684783,"data":"  Messidor-2  n=  1744  DR0=1017 DR1=270 DR2=347 DR3=75 DR4=35   dme_supervised= 1744 (exact=151)\n"}
,{"stream_name":"stdout","time":399.013523047,"data":"[split] /kaggle/working/repo/data/splits/dev_v1.json fingerprint=0cfbbfeb081999af 5 folds\n"}
,{"stream_name":"stdout","time":400.141073287,"data":"[corpora] EyePACS      35126 images\n"}
,{"stream_name":"stdout","time":400.183265374,"data":"  EyePACS     n= 35126  DR0=25810 DR1=2443 DR2=5292 DR3=873 DR4=708   dme_supervised=    0 (exact=0)\n"}
,{"stream_name":"stdout","time":400.408547909,"data":"[cache] decoding 37386 images -\u003e /kaggle/temp/cache560\n"}
,{"stream_name":"stdout","time":436.341751996,"data":"[cache]   250/37386  36s, ~5337s left\n"}
,{"stream_name":"stdout","time":471.890965932,"data":"[cache]   500/37386  71s, ~5273s left\n"}
,{"stream_name":"stdout","time":478.009293883,"data":"[cache]   750/37386  78s, ~3791s left\n"}
,{"stream_name":"stdout","time":482.188525899,"data":"[cache]   1000/37386  82s, ~2976s left\n"}
,{"stream_name":"stdout","time":486.100166842,"data":"[cache]   1250/37386  86s, ~2477s left\n"}
,{"stream_name":"stdout","time":489.946568986,"data":"[cache]   1500/37386  90s, ~2142s left\n"}
,{"stream_name":"stdout","time":492.7978978,"data":"[cache]   1750/37386  92s, ~1881s left\n"}
,{"stream_name":"stdout","time":495.228419563,"data":"[cache]   2000/37386  95s, ~1678s left\n"}
,{"stream_name":"stdout","time":497.638512901,"data":"[cache]   2250/37386  97s, ~1518s left\n"}
,{"stream_name":"stdout","time":501.866825003,"data":"[cache]   2500/37386  101s, ~1416s left\n"}
,{"stream_name":"stdout","time":506.157269071,"data":"[cache]   2750/37386  106s, ~1332s left\n"}
,{"stream_name":"stdout","time":510.541697299,"data":"[cache]   3000/37386  110s, ~1262s left\n"}
,{"stream_name":"stdout","time":514.902045714,"data":"[cache]   3250/37386  114s, ~1203s left\n"}
,{"stream_name":"stdout","time":519.337159776,"data":"[cache]   3500/37386  119s, ~1151s left\n"}
,{"stream_name":"stdout","time":523.613045221,"data":"[cache]   3750/37386  123s, ~1105s left\n"}
,{"stream_name":"stdout","time":527.868884993,"data":"[cache]   4000/37386  127s, ~1064s left\n"}
,{"stream_name":"stdout","time":532.142011403,"data":"[cache]   4250/37386  132s, ~1027s left\n"}
,{"stream_name":"stdout","time":536.385205239,"data":"[cache]   4500/37386  136s, ~994s left\n"}
,{"stream_name":"stdout","time":540.802348323,"data":"[cache]   4750/37386  140s, ~965s left\n"}
,{"stream_name":"stdout","time":545.170756453,"data":"[cache]   5000/37386  145s, ~938s left\n"}
,{"stream_name":"stdout","time":549.682512059,"data":"[cache]   5250/37386  149s, ~914s left\n"}
,{"stream_name":"stdout","time":554.114542671,"data":"[cache]   5500/37386  154s, ~891s left\n"}
,{"stream_name":"stdout","time":558.505458491,"data":"[cache]   5750/37386  158s, ~870s left\n"}
,{"stream_name":"stdout","time":562.911611984,"data":"[cache]   6000/37386  163s, ~850s left\n"}
,{"stream_name":"stdout","time":567.211201635,"data":"[cache]   6250/37386  167s, ~831s left\n"}
,{"stream_name":"stdout","time":571.511771135,"data":"[cache]   6500/37386  171s, ~813s left\n"}
,{"stream_name":"stdout","time":575.917666077,"data":"[cache]   6750/37386  176s, ~797s left\n"}
,{"stream_name":"stdout","time":580.215757112,"data":"[cache]   7000/37386  180s, ~781s left\n"}
,{"stream_name":"stdout","time":584.495253081,"data":"[cache]   7250/37386  184s, ~765s left\n"}
,{"stream_name":"stdout","time":588.814045847,"data":"[cache]   7500/37386  188s, ~751s left\n"}
,{"stream_name":"stdout","time":593.141764109,"data":"[cache]   7750/37386  193s, ~737s left\n"}
,{"stream_name":"stdout","time":597.58590614,"data":"[cache]   8000/37386  197s, ~724s left\n"}
,{"stream_name":"stdout","time":601.934968704,"data":"[cache]   8250/37386  202s, ~712s left\n"}
,{"stream_name":"stdout","time":606.504458937,"data":"[cache]   8500/37386  206s, ~700s left\n"}
,{"stream_name":"stdout","time":610.887864033,"data":"[cache]   8750/37386  210s, ~689s left\n"}
,{"stream_name":"stdout","time":615.187808133,"data":"[cache]   9000/37386  215s, ~677s left\n"}
,{"stream_name":"stdout","time":619.587220282,"data":"[cache]   9250/37386  219s, ~667s left\n"}
,{"stream_name":"stdout","time":624.098417036,"data":"[cache]   9500/37386  224s, ~657s left\n"}
,{"stream_name":"stdout","time":628.39020404,"data":"[cache]   9750/37386  228s, ~646s left\n"}
,{"stream_name":"stdout","time":632.729144944,"data":"[cache]   10000/37386  232s, ~636s left\n"}
,{"stream_name":"stdout","time":637.028881854,"data":"[cache]   10250/37386  237s, ~626s left\n"}
,{"stream_name":"stdout","time":641.452893194,"data":"[cache]   10500/37386  241s, ~617s left\n"}
,{"stream_name":"stdout","time":645.898748652,"data":"[cache]   10750/37386  245s, ~608s left\n"}
,{"stream_name":"stdout","time":650.435648919,"data":"[cache]   11000/37386  250s, ~600s left\n"}
,{"stream_name":"stdout","time":655.152197709,"data":"[cache]   11250/37386  255s, ~592s left\n"}
,{"stream_name":"stdout","time":659.710422326,"data":"[cache]   11500/37386  259s, ~584s left\n"}
,{"stream_name":"stdout","time":664.239002913,"data":"[cache]   11750/37386  264s, ~576s left\n"}
,{"stream_name":"stdout","time":668.691186994,"data":"[cache]   12000/37386  268s, ~568s left\n"}
,{"stream_name":"stdout","time":673.323181361,"data":"[cache]   12250/37386  273s, ~560s left\n"}
,{"stream_name":"stdout","time":678.267664118,"data":"[cache]   12500/37386  278s, ~553s left\n"}
,{"stream_name":"stdout","time":682.744468203,"data":"[cache]   12750/37386  282s, ~546s left\n"}
,{"stream_name":"stdout","time":687.269825347,"data":"[cache]   13000/37386  287s, ~538s left\n"}
,{"stream_name":"stdout","time":691.750079845,"data":"[cache]   13250/37386  291s, ~531s left\n"}
,{"stream_name":"stdout","time":696.198627411,"data":"[cache]   13500/37386  296s, ~523s left\n"}
,{"stream_name":"stdout","time":701.218083362,"data":"[cache]   13750/37386  301s, ~517s left\n"}
,{"stream_name":"stdout","time":705.824790848,"data":"[cache]   14000/37386  305s, ~510s left\n"}
,{"stream_name":"stdout","time":710.426338829,"data":"[cache]   14250/37386  310s, ~503s left\n"}
,{"stream_name":"stdout","time":714.954835656,"data":"[cache]   14500/37386  315s, ~496s left\n"}
,{"stream_name":"stdout","time":719.409185636,"data":"[cache]   14750/37386  319s, ~490s left\n"}
,{"stream_name":"stdout","time":723.964479146,"data":"[cache]   15000/37386  324s, ~483s left\n"}
,{"stream_name":"stdout","time":728.41971829,"data":"[cache]   15250/37386  328s, ~476s left\n"}
,{"stream_name":"stdout","time":733.159543709,"data":"[cache]   15500/37386  333s, ~470s left\n"}
,{"stream_name":"stdout","time":737.709505445,"data":"[cache]   15750/37386  337s, ~463s left\n"}
,{"stream_name":"stdout","time":742.201288461,"data":"[cache]   16000/37386  342s, ~457s left\n"}
,{"stream_name":"stdout","time":746.779133759,"data":"[cache]   16250/37386  346s, ~451s left\n"}
,{"stream_name":"stdout","time":751.326222156,"data":"[cache]   16500/37386  351s, ~444s left\n"}
,{"stream_name":"stdout","time":755.730269055,"data":"[cache]   16750/37386  355s, ~438s left\n"}
,{"stream_name":"stdout","time":760.225070851,"data":"[cache]   17000/37386  360s, ~431s left\n"}
,{"stream_name":"stdout","time":764.70024354,"data":"[cache]   17250/37386  364s, ~425s left\n"}
,{"stream_name":"stdout","time":769.141061012,"data":"[cache]   17500/37386  369s, ~419s left\n"}
,{"stream_name":"stdout","time":773.815770791,"data":"[cache]   17750/37386  373s, ~413s left\n"}
,{"stream_name":"stdout","time":778.384270609,"data":"[cache]   18000/37386  378s, ~407s left\n"}
,{"stream_name":"stdout","time":783.078338901,"data":"[cache]   18250/37386  383s, ~401s left\n"}
,{"stream_name":"stdout","time":787.947855872,"data":"[cache]   18500/37386  388s, ~396s left\n"}
,{"stream_name":"stdout","time":792.462474936,"data":"[cache]   18750/37386  392s, ~390s left\n"}
,{"stream_name":"stdout","time":797.001206287,"data":"[cache]   19000/37386  397s, ~384s left\n"}
,{"stream_name":"stdout","time":801.697654327,"data":"[cache]   19250/37386  401s, ~378s left\n"}
,{"stream_name":"stdout","time":806.506589749,"data":"[cache]   19500/37386  406s, ~372s left\n"}
,{"stream_name":"stdout","time":811.368889638,"data":"[cache]   19750/37386  411s, ~367s left\n"}
,{"stream_name":"stdout","time":816.10527745,"data":"[cache]   20000/37386  416s, ~361s left\n"}
,{"stream_name":"stdout","time":820.905232973,"data":"[cache]   20250/37386  420s, ~356s left\n"}
,{"stream_name":"stdout","time":825.942168493,"data":"[cache]   20500/37386  426s, ~351s left\n"}
,{"stream_name":"stdout","time":831.064674446,"data":"[cache]   20750/37386  431s, ~345s left\n"}
,{"stream_name":"stdout","time":835.741021094,"data":"[cache]   21000/37386  435s, ~340s left\n"}
,{"stream_name":"stdout","time":840.534565024,"data":"[cache]   21250/37386  440s, ~334s left\n"}
,{"stream_name":"stdout","time":845.332573661,"data":"[cache]   21500/37386  445s, ~329s left\n"}
,{"stream_name":"stdout","time":850.348912981,"data":"[cache]   21750/37386  450s, ~323s left\n"}
,{"stream_name":"stdout","time":855.414834437,"data":"[cache]   22000/37386  455s, ~318s left\n"}
,{"stream_name":"stdout","time":860.489263449,"data":"[cache]   22250/37386  460s, ~313s left\n"}
,{"stream_name":"stdout","time":865.284447329,"data":"[cache]   22500/37386  465s, ~308s left\n"}
,{"stream_name":"stdout","time":870.232166483,"data":"[cache]   22750/37386  470s, ~302s left\n"}
,{"stream_name":"stdout","time":875.174787495,"data":"[cache]   23000/37386  475s, ~297s left\n"}
,{"stream_name":"stdout","time":880.042884262,"data":"[cache]   23250/37386  480s, ~292s left\n"}
,{"stream_name":"stdout","time":884.838823832,"data":"[cache]   23500/37386  484s, ~286s left\n"}
,{"stream_name":"stdout","time":889.479499493,"data":"[cache]   23750/37386  489s, ~281s left\n"}
,{"stream_name":"stdout","time":894.287778577,"data":"[cache]   24000/37386  494s, ~275s left\n"}
,{"stream_name":"stdout","time":898.990758853,"data":"[cache]   24250/37386  499s, ~270s left\n"}
,{"stream_name":"stdout","time":903.727133261,"data":"[cache]   24500/37386  503s, ~265s left\n"}
,{"stream_name":"stdout","time":908.361870232,"data":"[cache]   24750/37386  508s, ~259s left\n"}
,{"stream_name":"stdout","time":913.210814177,"data":"[cache]   25000/37386  513s, ~254s left\n"}
,{"stream_name":"stdout","time":917.954771031,"data":"[cache]   25250/37386  518s, ~249s left\n"}
,{"stream_name":"stdout","time":922.799957452,"data":"[cache]   25500/37386  522s, ~243s left\n"}
,{"stream_name":"stdout","time":927.528622714,"data":"[cache]   25750/37386  527s, ~238s left\n"}
,{"stream_name":"stdout","time":932.595957092,"data":"[cache]   26000/37386  532s, ~233s left\n"}
,{"stream_name":"stdout","time":937.258129251,"data":"[cache]   26250/37386  537s, ~228s left\n"}
,{"stream_name":"stdout","time":941.913832086,"data":"[cache]   26500/37386  542s, ~222s left\n"}
,{"stream_name":"stdout","time":946.433119428,"data":"[cache]   26750/37386  546s, ~217s left\n"}
,{"stream_name":"stdout","time":950.955986627,"data":"[cache]   27000/37386  551s, ~212s left\n"}
,{"stream_name":"stdout","time":955.723647831,"data":"[cache]   27250/37386  555s, ~207s left\n"}
,{"stream_name":"stdout","time":960.231815971,"data":"[cache]   27500/37386  560s, ~201s left\n"}
,{"stream_name":"stdout","time":964.850522216,"data":"[cache]   27750/37386  564s, ~196s left\n"}
,{"stream_name":"stdout","time":969.350522211,"data":"[cache]   28000/37386  569s, ~191s left\n"}
,{"stream_name":"stdout","time":973.913888723,"data":"[cache]   28250/37386  574s, ~185s left\n"}
,{"stream_name":"stdout","time":978.479974523,"data":"[cache]   28500/37386  578s, ~180s left\n"}
,{"stream_name":"stdout","time":983.184780096,"data":"[cache]   28750/37386  583s, ~175s left\n"}
,{"stream_name":"stdout","time":988.083374148,"data":"[cache]   29000/37386  588s, ~170s left\n"}
,{"stream_name":"stdout","time":992.663046954,"data":"[cache]   29250/37386  592s, ~165s left\n"}
,{"stream_name":"stdout","time":997.157525377,"data":"[cache]   29500/37386  597s, ~160s left\n"}
,{"stream_name":"stdout","time":1001.745688747,"data":"[cache]   29750/37386  601s, ~154s left\n"}
,{"stream_name":"stdout","time":1006.324119803,"data":"[cache]   30000/37386  606s, ~149s left\n"}
,{"stream_name":"stdout","time":1010.907785253,"data":"[cache]   30250/37386  610s, ~144s left\n"}
,{"stream_name":"stdout","time":1015.678714029,"data":"[cache]   30500/37386  615s, ~139s left\n"}
,{"stream_name":"stdout","time":1020.80615206,"data":"[cache]   30750/37386  620s, ~134s left\n"}
,{"stream_name":"stdout","time":1025.906474324,"data":"[cache]   31000/37386  625s, ~129s left\n"}
,{"stream_name":"stdout","time":1030.904869611,"data":"[cache]   31250/37386  630s, ~124s left\n"}
,{"stream_name":"stdout","time":1035.536386305,"data":"[cache]   31500/37386  635s, ~119s left\n"}
,{"stream_name":"stdout","time":1040.276138028,"data":"[cache]   31750/37386  640s, ~114s left\n"}
,{"stream_name":"stdout","time":1045.198268824,"data":"[cache]   32000/37386  645s, ~109s left\n"}
,{"stream_name":"stdout","time":1050.291546852,"data":"[cache]   32250/37386  650s, ~103s left\n"}
,{"stream_name":"stdout","time":1055.121200431,"data":"[cache]   32500/37386  655s, ~98s left\n"}
,{"stream_name":"stdout","time":1059.687640169,"data":"[cache]   32750/37386  659s, ~93s left\n"}
,{"stream_name":"stdout","time":1064.178369015,"data":"[cache]   33000/37386  664s, ~88s left\n"}
,{"stream_name":"stdout","time":1068.729886456,"data":"[cache]   33250/37386  668s, ~83s left\n"}
,{"stream_name":"stdout","time":1073.362183017,"data":"[cache]   33500/37386  673s, ~78s left\n"}
,{"stream_name":"stdout","time":1078.108928578,"data":"[cache]   33750/37386  678s, ~73s left\n"}
,{"stream_name":"stdout","time":1082.679328187,"data":"[cache]   34000/37386  682s, ~68s left\n"}
,{"stream_name":"stdout","time":1087.622499062,"data":"[cache]   34250/37386  687s, ~63s left\n"}
,{"stream_name":"stdout","time":1092.331419469,"data":"[cache]   34500/37386  692s, ~58s left\n"}
,{"stream_name":"stdout","time":1097.111642457,"data":"[cache]   34750/37386  697s, ~53s left\n"}
,{"stream_name":"stdout","time":1101.869529274,"data":"[cache]   35000/37386  701s, ~48s left\n"}
,{"stream_name":"stdout","time":1106.41566797,"data":"[cache]   35250/37386  706s, ~43s left\n"}
,{"stream_name":"stdout","time":1111.140165248,"data":"[cache]   35500/37386  711s, ~38s left\n"}
,{"stream_name":"stdout","time":1115.760463828,"data":"[cache]   35750/37386  715s, ~33s left\n"}
,{"stream_name":"stdout","time":1120.163570807,"data":"[cache]   36000/37386  720s, ~28s left\n"}
,{"stream_name":"stdout","time":1124.577588424,"data":"[cache]   36250/37386  724s, ~23s left\n"}
,{"stream_name":"stdout","time":1128.968640682,"data":"[cache]   36500/37386  729s, ~18s left\n"}
,{"stream_name":"stdout","time":1133.473694231,"data":"[cache]   36750/37386  733s, ~13s left\n"}
,{"stream_name":"stdout","time":1138.134439367,"data":"[cache]   37000/37386  738s, ~8s left\n"}
,{"stream_name":"stdout","time":1142.713492441,"data":"[cache]   37250/37386  742s, ~3s left\n"}
,{"stream_name":"stdout","time":1145.190281559,"data":"[cache]   37386/37386  745s, ~0s left\n"}
,{"stream_name":"stdout","time":1145.195863591,"data":"\n"}
,{"stream_name":"stdout","time":1145.196635973,"data":"==============================================================================\n"}
,{"stream_name":"stdout","time":1145.197540499,"data":"PRETRAIN on 35126 images (5 epochs)\n"}
,{"stream_name":"stdout","time":1145.198338231,"data":"==============================================================================\n"}
,{"stream_name":"stdout","time":1151.605036936,"data":"Warning: You are sending unauthenticated requests to the HF Hub. Please set a HF_TOKEN to enable higher rate limits and faster downloads.\n"}
,{"stream_name":"stdout","time":1447.001713193,"data":"  pretrain ep  0/5  loss 0.4529  294s\n"}
,{"stream_name":"stdout","time":1740.283806694,"data":"  pretrain ep  1/5  loss 0.3397  293s\n"}
,{"stream_name":"stdout","time":2029.656380013,"data":"  pretrain ep  2/5  loss 0.2875  289s\n"}
,{"stream_name":"stdout","time":2321.837817948,"data":"  pretrain ep  3/5  loss 0.2467  292s\n"}
,{"stream_name":"stdout","time":2616.078313816,"data":"  pretrain ep  4/5  loss 0.2263  294s\n"}
,{"stream_name":"stdout","time":2616.168951855,"data":"[pretrain] saved /kaggle/working/E09/pretrained.pt\n"}
,{"stream_name":"stdout","time":2616.203934163,"data":"\n"}
,{"stream_name":"stdout","time":2616.204711199,"data":"==============================================================================\n"}
,{"stream_name":"stdout","time":2616.205375968,"data":"FOLD 0   train=1805  val=455\n"}
,{"stream_name":"stdout","time":2616.206102931,"data":"==============================================================================\n"}
,{"stream_name":"stdout","time":2616.584235014,"data":"  initialised from the pretrained backbone\n"}
,{"stream_name":"stdout","time":2636.177669872,"data":"  ep   0/40  loss 0.3759 (dr 0.3487 dme 0.4168)  DR qwk 0.719 acc 52.3%  DME qwk 0.656 acc 57.1%  score 0.6938  19s  *best\n"}
,{"stream_name":"stdout","time":2655.997493082,"data":"  ep   1/40  loss 0.2799 (dr 0.2871 dme 0.2691)  DR qwk 0.719 acc 51.0%  DME qwk 0.799 acc 76.2%  score 0.7508  19s  *best\n"}
,{"stream_name":"stdout","time":2675.54034413,"data":"  ep   2/40  loss 0.2423 (dr 0.2480 dme 0.2339)  DR qwk 0.731 acc 51.6%  DME qwk 0.825 acc 75.2%  score 0.7686  19s  *best\n"}
,{"stream_name":"stdout","time":2695.235791782,"data":"  ep   3/40  loss 0.2182 (dr 0.2360 dme 0.1915)  DR qwk 0.728 acc 51.0%  DME qwk 0.825 acc 75.2%  score 0.7668  19s\n"}
,{"stream_name":"stdout","time":2714.958479527,"data":"  ep   4/40  loss 0.1984 (dr 0.2159 dme 0.1723)  DR qwk 0.722 acc 50.5%  DME qwk 0.837 acc 77.1%  score 0.7678  19s\n"}
,{"stream_name":"stdout","time":2735.303573822,"data":"  ep   5/40  loss 0.1891 (dr 0.1994 dme 0.1736)  DR qwk 0.717 acc 50.1%  DME qwk 0.844 acc 78.1%  score 0.7679  20s\n"}
,{"stream_name":"stdout","time":2754.752781993,"data":"  ep   6/40  loss 0.1758 (dr 0.1901 dme 0.1543)  DR qwk 0.738 acc 53.0%  DME qwk 0.885 acc 83.8%  score 0.7970  19s  *best\n"}
,{"stream_name":"stdout","time":2774.336663965,"data":"  ep   7/40  loss 0.1676 (dr 0.1794 dme 0.1499)  DR qwk 0.743 acc 53.4%  DME qwk 0.891 acc 84.8%  score 0.8026  19s  *best\n"}
,{"stream_name":"stdout","time":2794.324874358,"data":"  ep   8/40  loss 0.1579 (dr 0.1642 dme 0.1485)  DR qwk 0.766 acc 55.8%  DME qwk 0.899 acc 85.7%  score 0.8194  20s  *best\n"}
,{"stream_name":"stdout","time":2814.34829812,"data":"  ep   9/40  loss 0.1511 (dr 0.1599 dme 0.1379)  DR qwk 0.776 acc 57.1%  DME qwk 0.899 acc 85.7%  score 0.8249  20s  *best\n"}
,{"stream_name":"stdout","time":2834.214058272,"data":"  ep  10/40  loss 0.1469 (dr 0.1550 dme 0.1348)  DR qwk 0.780 acc 58.2%  DME qwk 0.905 acc 86.7%  score 0.8300  19s  *best\n"}
,{"stream_name":"stdout","time":2853.947866023,"data":"  ep  11/40  loss 0.1465 (dr 0.1542 dme 0.1350)  DR qwk 0.783 acc 58.5%  DME qwk 0.899 acc 85.7%  score 0.8296  19s\n"}
,{"stream_name":"stdout","time":2873.384343214,"data":"  ep  12/40  loss 0.1458 (dr 0.1545 dme 0.1327)  DR qwk 0.781 acc 58.0%  DME qwk 0.893 acc 84.8%  score 0.8256  19s\n"}
,{"stream_name":"stdout","time":2893.612299862,"data":"  ep  13/40  loss 0.1364 (dr 0.1396 dme 0.1315)  DR qwk 0.785 acc 58.5%  DME qwk 0.866 acc 82.9%  score 0.8170  20s\n"}
,{"stream_name":"stdout","time":2912.860806627,"data":"  ep  14/40  loss 0.1406 (dr 0.1426 dme 0.1377)  DR qwk 0.787 acc 59.6%  DME qwk 0.861 acc 81.9%  score 0.8164  19s\n"}
,{"stream_name":"stdout","time":2931.739903485,"data":"  ep  15/40  loss 0.1362 (dr 0.1402 dme 0.1302)  DR qwk 0.792 acc 60.7%  DME qwk 0.886 acc 85.7%  score 0.8294  18s\n"}
,{"stream_name":"stdout","time":2950.460390383,"data":"  ep  16/40  loss 0.1358 (dr 0.1397 dme 0.1298)  DR qwk 0.787 acc 60.7%  DME qwk 0.886 acc 85.7%  score 0.8265  18s\n"}
,{"stream_name":"stdout","time":2970.818935053,"data":"  ep  17/40  loss 0.1323 (dr 0.1355 dme 0.1276)  DR qwk 0.796 acc 63.1%  DME qwk 0.886 acc 85.7%  score 0.8322  20s  *best\n"}
,{"stream_name":"stdout","time":2990.832941428,"data":"  ep  18/40  loss 0.1347 (dr 0.1373 dme 0.1308)  DR qwk 0.803 acc 64.4%  DME qwk 0.892 acc 86.7%  score 0.8388  20s  *best\n"}
,{"stream_name":"stdout","time":3010.191864046,"data":"  ep  19/40  loss 0.1332 (dr 0.1358 dme 0.1292)  DR qwk 0.802 acc 65.1%  DME qwk 0.892 acc 86.7%  score 0.8378  19s\n"}
,{"stream_name":"stdout","time":3029.931444872,"data":"  ep  20/40  loss 0.1306 (dr 0.1324 dme 0.1278)  DR qwk 0.801 acc 65.1%  DME qwk 0.908 acc 86.7%  score 0.8439  19s  *best\n"}
,{"stream_name":"stdout","time":3049.566437714,"data":"  ep  21/40  loss 0.1298 (dr 0.1319 dme 0.1268)  DR qwk 0.802 acc 65.5%  DME qwk 0.908 acc 86.7%  score 0.8441  19s  *best\n"}
,{"stream_name":"stdout","time":3069.77056126,"data":"  ep  22/40  loss 0.1303 (dr 0.1329 dme 0.1262)  DR qwk 0.803 acc 65.7%  DME qwk 0.908 acc 86.7%  score 0.8450  20s  *best\n"}
,{"stream_name":"stdout","time":3089.395515539,"data":"  ep  23/40  loss 0.1298 (dr 0.1317 dme 0.1268)  DR qwk 0.803 acc 66.4%  DME qwk 0.908 acc 86.7%  score 0.8450  19s\n"}
,{"stream_name":"stdout","time":3108.847644925,"data":"  ep  24/40  loss 0.1291 (dr 0.1312 dme 0.1259)  DR qwk 0.803 acc 66.4%  DME qwk 0.908 acc 86.7%  score 0.8448  19s\n"}
,{"stream_name":"stdout","time":3128.420241684,"data":"  ep  25/40  loss 0.1300 (dr 0.1327 dme 0.1261)  DR qwk 0.804 acc 66.6%  DME qwk 0.902 acc 85.7%  score 0.8434  19s\n"}
,{"stream_name":"stdout","time":3148.142806441,"data":"  ep  26/40  loss 0.1284 (dr 0.1296 dme 0.1267)  DR qwk 0.802 acc 66.6%  DME qwk 0.902 acc 85.7%  score 0.8419  19s\n"}
,{"stream_name":"stdout","time":3167.140994523,"data":"  ep  27/40  loss 0.1275 (dr 0.1295 dme 0.1245)  DR qwk 0.804 acc 67.0%  DME qwk 0.902 acc 85.7%  score 0.8430  19s\n"}
,{"stream_name":"stdout","time":3186.829942011,"data":"  ep  28/40  loss 0.1273 (dr 0.1288 dme 0.1251)  DR qwk 0.808 acc 67.5%  DME qwk 0.897 acc 84.8%  score 0.8438  19s\n"}
,{"stream_name":"stdout","time":3206.255486879,"data":"  ep  29/40  loss 0.1271 (dr 0.1286 dme 0.1248)  DR qwk 0.813 acc 67.5%  DME qwk 0.892 acc 83.8%  score 0.8447  19s\n"}
,{"stream_name":"stdout","time":3226.124066424,"data":"  ep  30/40  loss 0.1264 (dr 0.1278 dme 0.1242)  DR qwk 0.812 acc 67.3%  DME qwk 0.892 acc 83.8%  score 0.8442  19s\n"}
,{"stream_name":"stdout","time":3245.502304331,"data":"  ep  31/40  loss 0.1281 (dr 0.1295 dme 0.1261)  DR qwk 0.816 acc 67.9%  DME qwk 0.893 acc 83.8%  score 0.8468  19s  *best\n"}
,{"stream_name":"stdout","time":3264.71678671,"data":"  ep  32/40  loss 0.1272 (dr 0.1284 dme 0.1253)  DR qwk 0.815 acc 67.9%  DME qwk 0.893 acc 83.8%  score 0.8459  19s\n"}
,{"stream_name":"stdout","time":3283.955749125,"data":"  ep  33/40  loss 0.1273 (dr 0.1284 dme 0.1255)  DR qwk 0.817 acc 68.4%  DME qwk 0.887 acc 82.9%  score 0.8446  19s\n"}
,{"stream_name":"stdout","time":3304.055945863,"data":"  ep  34/40  loss 0.1266 (dr 0.1272 dme 0.1257)  DR qwk 0.818 acc 68.1%  DME qwk 0.887 acc 82.9%  score 0.8455  20s\n"}
,{"stream_name":"stdout","time":3323.731100409,"data":"  ep  35/40  loss 0.1271 (dr 0.1293 dme 0.1239)  DR qwk 0.817 acc 67.9%  DME qwk 0.887 acc 82.9%  score 0.8451  19s\n"}
,{"stream_name":"stdout","time":3343.221620363,"data":"  ep  36/40  loss 0.1261 (dr 0.1277 dme 0.1237)  DR qwk 0.817 acc 67.9%  DME qwk 0.887 acc 82.9%  score 0.8451  19s\n"}
,{"stream_name":"stdout","time":3362.370212653,"data":"  ep  37/40  loss 0.1256 (dr 0.1270 dme 0.1235)  DR qwk 0.820 acc 68.1%  DME qwk 0.887 acc 82.9%  score 0.8468  19s\n"}
,{"stream_name":"stdout","time":3382.298146036,"data":"  ep  38/40  loss 0.1266 (dr 0.1285 dme 0.1237)  DR qwk 0.816 acc 68.1%  DME qwk 0.887 acc 82.9%  score 0.8444  20s\n"}
,{"stream_name":"stdout","time":3402.357348806,"data":"  ep  39/40  loss 0.1288 (dr 0.1300 dme 0.1270)  DR qwk 0.821 acc 68.8%  DME qwk 0.887 acc 82.9%  score 0.8471  20s  *best\n"}
,{"stream_name":"stdout","time":3414.558814823,"data":"\n"}
,{"stream_name":"stdout","time":3414.561939893,"data":"  fold 0 best (selected on validation score, never on test):\n"}
,{"stream_name":"stdout","time":3414.562935499,"data":"    dr                     n=  455  acc  70.8% [66.6,74.7]  floor  52.3%  QWK  0.826  F1 0.585  BEATS\n"}
,{"stream_name":"stdout","time":3414.563848399,"data":"    dme_ungated            n=  105  acc  82.9% [75.2,90.5]  floor  48.6%  QWK  0.872  F1 0.686  BEATS\n"}
,{"stream_name":"stdout","time":3414.56477107,"data":"    dme_gated              n=   71  acc  76.1% [64.8,85.9]  floor  71.8%  QWK  0.726  F1 0.592  below-floor\n"}
,{"stream_name":"stdout","time":3414.565722016,"data":"    dme_referable_binary   n=  455  acc  94.1% [91.9,96.3]  floor  82.0%  QWK  0.790  F1 0.895  BEATS\n"}
,{"stream_name":"stdout","time":3414.61039439,"data":"\n"}
,{"stream_name":"stdout","time":3414.611024954,"data":"==============================================================================\n"}
,{"stream_name":"stdout","time":3414.611800113,"data":"FOLD 1   train=1805  val=455\n"}
,{"stream_name":"stdout","time":3414.612595954,"data":"==============================================================================\n"}
,{"stream_name":"stdout","time":3414.985639532,"data":"  initialised from the pretrained backbone\n"}
,{"stream_name":"stdout","time":3434.312757726,"data":"  ep   0/40  loss 0.3772 (dr 0.3519 dme 0.4153)  DR qwk 0.730 acc 54.1%  DME qwk 0.618 acc 51.4%  score 0.6853  19s  *best\n"}
,{"stream_name":"stdout","time":3453.956338902,"data":"  ep   1/40  loss 0.2806 (dr 0.2868 dme 0.2713)  DR qwk 0.734 acc 53.6%  DME qwk 0.757 acc 67.6%  score 0.7433  19s  *best\n"}
,{"stream_name":"stdout","time":3474.03405001,"data":"  ep   2/40  loss 0.2422 (dr 0.2503 dme 0.2300)  DR qwk 0.732 acc 53.4%  DME qwk 0.765 acc 68.6%  score 0.7451  20s  *best\n"}
,{"stream_name":"stdout","time":3493.584094436,"data":"  ep   3/40  loss 0.2212 (dr 0.2373 dme 0.1972)  DR qwk 0.742 acc 54.1%  DME qwk 0.760 acc 67.6%  score 0.7495  19s  *best\n"}
,{"stream_name":"stdout","time":3513.689148768,"data":"  ep   4/40  loss 0.2038 (dr 0.2185 dme 0.1817)  DR qwk 0.748 acc 54.9%  DME qwk 0.777 acc 67.6%  score 0.7598  20s  *best\n"}
,{"stream_name":"stdout","time":3533.637677197,"data":"  ep   5/40  loss 0.1897 (dr 0.2008 dme 0.1729)  DR qwk 0.762 acc 56.3%  DME qwk 0.779 acc 67.6%  score 0.7689  20s  *best\n"}
,{"stream_name":"stdout","time":3553.545432724,"data":"  ep   6/40  loss 0.1788 (dr 0.1943 dme 0.1555)  DR qwk 0.763 acc 56.5%  DME qwk 0.752 acc 66.7%  score 0.7587  19s\n"}
,{"stream_name":"stdout","time":3573.60021621,"data":"  ep   7/40  loss 0.1657 (dr 0.1770 dme 0.1487)  DR qwk 0.768 acc 57.4%  DME qwk 0.759 acc 67.6%  score 0.7642  20s\n"}
,{"stream_name":"stdout","time":3593.475309997,"data":"  ep   8/40  loss 0.1629 (dr 0.1713 dme 0.1503)  DR qwk 0.769 acc 58.7%  DME qwk 0.759 acc 67.6%  score 0.7653  19s\n"}
,{"stream_name":"stdout","time":3613.057016542,"data":"  ep   9/40  loss 0.1562 (dr 0.1665 dme 0.1409)  DR qwk 0.778 acc 60.0%  DME qwk 0.779 acc 67.6%  score 0.7786  19s  *best\n"}
,{"stream_name":"stdout","time":3632.604285469,"data":"  ep  10/40  loss 0.1533 (dr 0.1616 dme 0.1407)  DR qwk 0.783 acc 61.1%  DME qwk 0.801 acc 70.5%  score 0.7898  19s  *best\n"}
,{"stream_name":"stdout","time":3652.466613497,"data":"  ep  11/40  loss 0.1436 (dr 0.1489 dme 0.1358)  DR qwk 0.787 acc 62.4%  DME qwk 0.815 acc 72.4%  score 0.7982  19s  *best\n"}
,{"stream_name":"stdout","time":3672.687690495,"data":"  ep  12/40  loss 0.1439 (dr 0.1487 dme 0.1366)  DR qwk 0.790 acc 63.3%  DME qwk 0.822 acc 73.3%  score 0.8026  20s  *best\n"}
,{"stream_name":"stdout","time":3692.663914386,"data":"  ep  13/40  loss 0.1431 (dr 0.1477 dme 0.1362)  DR qwk 0.793 acc 63.7%  DME qwk 0.849 acc 77.1%  score 0.8153  20s  *best\n"}
,{"stream_name":"stdout","time":3712.950166314,"data":"  ep  14/40  loss 0.1381 (dr 0.1417 dme 0.1326)  DR qwk 0.798 acc 64.8%  DME qwk 0.844 acc 79.0%  score 0.8168  20s  *best\n"}
,{"stream_name":"stdout","time":3732.69893094,"data":"  ep  15/40  loss 0.1358 (dr 0.1392 dme 0.1307)  DR qwk 0.799 acc 65.3%  DME qwk 0.844 acc 79.0%  score 0.8169  19s  *best\n"}
,{"stream_name":"stdout","time":3752.969049175,"data":"  ep  16/40  loss 0.1388 (dr 0.1434 dme 0.1320)  DR qwk 0.807 acc 66.4%  DME qwk 0.857 acc 81.0%  score 0.8268  20s  *best\n"}
,{"stream_name":"stdout","time":3773.608486381,"data":"  ep  17/40  loss 0.1334 (dr 0.1365 dme 0.1287)  DR qwk 0.802 acc 65.3%  DME qwk 0.873 acc 83.8%  score 0.8303  20s  *best\n"}
,{"stream_name":"stdout","time":3793.772721478,"data":"  ep  18/40  loss 0.1345 (dr 0.1387 dme 0.1284)  DR qwk 0.803 acc 65.3%  DME qwk 0.873 acc 83.8%  score 0.8312  20s  *best\n"}
,{"stream_name":"stdout","time":3814.30682841,"data":"  ep  19/40  loss 0.1346 (dr 0.1381 dme 0.1294)  DR qwk 0.808 acc 66.2%  DME qwk 0.879 acc 84.8%  score 0.8367  20s  *best\n"}
,{"stream_name":"stdout","time":3834.324572482,"data":"  ep  20/40  loss 0.1321 (dr 0.1358 dme 0.1265)  DR qwk 0.810 acc 66.6%  DME qwk 0.875 acc 83.8%  score 0.8356  20s\n"}
,{"stream_name":"stdout","time":3854.175743468,"data":"  ep  21/40  loss 0.1303 (dr 0.1331 dme 0.1261)  DR qwk 0.809 acc 67.0%  DME qwk 0.875 acc 83.8%  score 0.8354  19s\n"}
,{"stream_name":"stdout","time":3874.428481039,"data":"  ep  22/40  loss 0.1306 (dr 0.1331 dme 0.1267)  DR qwk 0.809 acc 67.3%  DME qwk 0.881 acc 84.8%  score 0.8379  20s  *best\n"}
,{"stream_name":"stdout","time":3894.140783407,"data":"  ep  23/40  loss 0.1293 (dr 0.1319 dme 0.1256)  DR qwk 0.816 acc 67.3%  DME qwk 0.887 acc 85.7%  score 0.8441  19s  *best\n"}
,{"stream_name":"stdout","time":3914.05588215,"data":"  ep  24/40  loss 0.1293 (dr 0.1313 dme 0.1263)  DR qwk 0.816 acc 67.3%  DME qwk 0.892 acc 86.7%  score 0.8462  19s  *best\n"}
,{"stream_name":"stdout","time":3933.837530685,"data":"  ep  25/40  loss 0.1284 (dr 0.1304 dme 0.1255)  DR qwk 0.810 acc 66.8%  DME qwk 0.886 acc 85.7%  score 0.8405  19s\n"}
,{"stream_name":"stdout","time":3953.714542037,"data":"  ep  26/40  loss 0.1296 (dr 0.1314 dme 0.1267)  DR qwk 0.812 acc 67.3%  DME qwk 0.886 acc 85.7%  score 0.8418  19s\n"}
,{"stream_name":"stdout","time":3973.638553741,"data":"  ep  27/40  loss 0.1280 (dr 0.1302 dme 0.1246)  DR qwk 0.816 acc 67.7%  DME qwk 0.886 acc 85.7%  score 0.8441  20s\n"}
,{"stream_name":"stdout","time":3993.493022765,"data":"  ep  28/40  loss 0.1280 (dr 0.1303 dme 0.1245)  DR qwk 0.819 acc 68.4%  DME qwk 0.886 acc 85.7%  score 0.8457  19s\n"}
,{"stream_name":"stdout","time":4013.464823063,"data":"  ep  29/40  loss 0.1267 (dr 0.1280 dme 0.1247)  DR qwk 0.820 acc 68.8%  DME qwk 0.886 acc 85.7%  score 0.8465  20s  *best\n"}
,{"stream_name":"stdout","time":4033.312423769,"data":"  ep  30/40  loss 0.1277 (dr 0.1299 dme 0.1245)  DR qwk 0.821 acc 69.0%  DME qwk 0.886 acc 85.7%  score 0.8472  19s  *best\n"}
,{"stream_name":"stdout","time":4053.126043948,"data":"  ep  31/40  loss 0.1276 (dr 0.1288 dme 0.1257)  DR qwk 0.822 acc 68.8%  DME qwk 0.886 acc 85.7%  score 0.8473  19s  *best\n"}
,{"stream_name":"stdout","time":4072.866978105,"data":"  ep  32/40  loss 0.1278 (dr 0.1278 dme 0.1278)  DR qwk 0.822 acc 69.0%  DME qwk 0.886 acc 85.7%  score 0.8478  19s  *best\n"}
,{"stream_name":"stdout","time":4092.679874337,"data":"  ep  33/40  loss 0.1266 (dr 0.1282 dme 0.1243)  DR qwk 0.824 acc 69.7%  DME qwk 0.886 acc 85.7%  score 0.8489  19s  *best\n"}
,{"stream_name":"stdout","time":4112.951025613,"data":"  ep  34/40  loss 0.1266 (dr 0.1281 dme 0.1242)  DR qwk 0.822 acc 69.5%  DME qwk 0.886 acc 85.7%  score 0.8472  20s\n"}
,{"stream_name":"stdout","time":4133.211065428,"data":"  ep  35/40  loss 0.1254 (dr 0.1267 dme 0.1235)  DR qwk 0.821 acc 69.5%  DME qwk 0.886 acc 85.7%  score 0.8469  20s\n"}
,{"stream_name":"stdout","time":4153.056859395,"data":"  ep  36/40  loss 0.1269 (dr 0.1285 dme 0.1245)  DR qwk 0.820 acc 69.7%  DME qwk 0.886 acc 85.7%  score 0.8462  19s\n"}
,{"stream_name":"stdout","time":4172.559147543,"data":"  ep  37/40  loss 0.1266 (dr 0.1280 dme 0.1244)  DR qwk 0.820 acc 69.7%  DME qwk 0.886 acc 85.7%  score 0.8462  19s\n"}
,{"stream_name":"stdout","time":4192.347576012,"data":"  ep  38/40  loss 0.1265 (dr 0.1278 dme 0.1245)  DR qwk 0.819 acc 69.5%  DME qwk 0.881 acc 84.8%  score 0.8439  19s\n"}
,{"stream_name":"stdout","time":4212.52142339,"data":"  ep  39/40  loss 0.1260 (dr 0.1274 dme 0.1238)  DR qwk 0.819 acc 69.5%  DME qwk 0.881 acc 84.8%  score 0.8439  20s\n"}
,{"stream_name":"stdout","time":4225.054638574,"data":"\n"}
,{"stream_name":"stdout","time":4225.055949781,"data":"  fold 1 best (selected on validation score, never on test):\n"}
,{"stream_name":"stdout","time":4225.057134957,"data":"    dr                     n=  455  acc  73.4% [69.2,77.4]  floor  52.3%  QWK  0.852  F1 0.628  BEATS\n"}
,{"stream_name":"stdout","time":4225.058281737,"data":"    dme_ungated            n=  105  acc  87.6% [81.9,94.3]  floor  46.7%  QWK  0.913  F1 0.783  BEATS\n"}
,{"stream_name":"stdout","time":4225.059270854,"data":"    dme_gated              n=   71  acc  84.5% [76.1,91.6]  floor  69.0%  QWK  0.807  F1 0.738  BEATS\n"}
,{"stream_name":"stdout","time":4225.060224839,"data":"    dme_referable_binary   n=  455  acc  95.8% [93.6,97.6]  floor  83.1%  QWK  0.849  F1 0.925  BEATS\n"}
,{"stream_name":"stdout","time":4225.088381313,"data":"\n"}
,{"stream_name":"stdout","time":4225.089416427,"data":"==============================================================================\n"}
,{"stream_name":"stdout","time":4225.090271252,"data":"FOLD 2   train=1808  val=452\n"}
,{"stream_name":"stdout","time":4225.09109786,"data":"==============================================================================\n"}
,{"stream_name":"stdout","time":4225.472462929,"data":"  initialised from the pretrained backbone\n"}
,{"stream_name":"stdout","time":4245.843910948,"data":"  ep   0/40  loss 0.3825 (dr 0.3566 dme 0.4212)  DR qwk 0.741 acc 54.9%  DME qwk 0.494 acc 42.3%  score 0.6420  20s  *best\n"}
,{"stream_name":"stdout","time":4266.061610226,"data":"  ep   1/40  loss 0.2774 (dr 0.2856 dme 0.2650)  DR qwk 0.732 acc 53.3%  DME qwk 0.676 acc 58.7%  score 0.7093  20s  *best\n"}
,{"stream_name":"stdout","time":4286.282063,"data":"  ep   2/40  loss 0.2474 (dr 0.2634 dme 0.2233)  DR qwk 0.739 acc 54.0%  DME qwk 0.785 acc 70.2%  score 0.7573  20s  *best\n"}
,{"stream_name":"stdout","time":4305.985304318,"data":"  ep   3/40  loss 0.2289 (dr 0.2395 dme 0.2129)  DR qwk 0.745 acc 53.3%  DME qwk 0.813 acc 74.0%  score 0.7720  19s  *best\n"}
,{"stream_name":"stdout","time":4325.796507759,"data":"  ep   4/40  loss 0.2009 (dr 0.2117 dme 0.1846)  DR qwk 0.750 acc 53.8%  DME qwk 0.813 acc 74.0%  score 0.7748  19s  *best\n"}
,{"stream_name":"stdout","time":4345.483984575,"data":"  ep   5/40  loss 0.1893 (dr 0.2084 dme 0.1607)  DR qwk 0.752 acc 54.6%  DME qwk 0.805 acc 73.1%  score 0.7731  19s\n"}
,{"stream_name":"stdout","time":4365.005408259,"data":"  ep   6/40  loss 0.1797 (dr 0.1905 dme 0.1635)  DR qwk 0.766 acc 55.3%  DME qwk 0.807 acc 73.1%  score 0.7824  19s  *best\n"}
,{"stream_name":"stdout","time":4385.220872338,"data":"  ep   7/40  loss 0.1715 (dr 0.1850 dme 0.1513)  DR qwk 0.776 acc 56.2%  DME qwk 0.814 acc 74.0%  score 0.7908  20s  *best\n"}
,{"stream_name":"stdout","time":4405.063205875,"data":"  ep   8/40  loss 0.1596 (dr 0.1682 dme 0.1466)  DR qwk 0.784 acc 58.8%  DME qwk 0.838 acc 77.9%  score 0.8056  19s  *best\n"}
,{"stream_name":"stdout","time":4424.768209207,"data":"  ep   9/40  loss 0.1571 (dr 0.1667 dme 0.1427)  DR qwk 0.791 acc 59.7%  DME qwk 0.870 acc 82.7%  score 0.8225  19s  *best\n"}
,{"stream_name":"stdout","time":4445.16672695,"data":"  ep  10/40  loss 0.1498 (dr 0.1579 dme 0.1375)  DR qwk 0.804 acc 61.5%  DME qwk 0.883 acc 84.6%  score 0.8357  20s  *best\n"}
,{"stream_name":"stdout","time":4465.475686964,"data":"  ep  11/40  loss 0.1470 (dr 0.1549 dme 0.1351)  DR qwk 0.809 acc 62.4%  DME qwk 0.877 acc 83.7%  score 0.8359  20s  *best\n"}
,{"stream_name":"stdout","time":4485.218621009,"data":"  ep  12/40  loss 0.1439 (dr 0.1488 dme 0.1365)  DR qwk 0.812 acc 63.3%  DME qwk 0.866 acc 84.6%  score 0.8338  19s\n"}
,{"stream_name":"stdout","time":4505.020391231,"data":"  ep  13/40  loss 0.1408 (dr 0.1455 dme 0.1339)  DR qwk 0.815 acc 63.5%  DME qwk 0.866 acc 84.6%  score 0.8357  19s\n"}
,{"stream_name":"stdout","time":4524.683339581,"data":"  ep  14/40  loss 0.1359 (dr 0.1402 dme 0.1294)  DR qwk 0.814 acc 63.7%  DME qwk 0.866 acc 84.6%  score 0.8347  19s\n"}
,{"stream_name":"stdout","time":4544.500701001,"data":"  ep  15/40  loss 0.1350 (dr 0.1392 dme 0.1289)  DR qwk 0.820 acc 64.8%  DME qwk 0.872 acc 85.6%  score 0.8411  19s  *best\n"}
,{"stream_name":"stdout","time":4564.164176464,"data":"  ep  16/40  loss 0.1340 (dr 0.1372 dme 0.1291)  DR qwk 0.821 acc 65.0%  DME qwk 0.868 acc 84.6%  score 0.8399  19s\n"}
,{"stream_name":"stdout","time":4584.255361878,"data":"  ep  17/40  loss 0.1341 (dr 0.1376 dme 0.1290)  DR qwk 0.823 acc 65.5%  DME qwk 0.868 acc 84.6%  score 0.8410  20s\n"}
,{"stream_name":"stdout","time":4604.520057725,"data":"  ep  18/40  loss 0.1322 (dr 0.1348 dme 0.1284)  DR qwk 0.823 acc 66.6%  DME qwk 0.852 acc 84.6%  score 0.8345  20s\n"}
,{"stream_name":"stdout","time":4624.726624185,"data":"  ep  19/40  loss 0.1306 (dr 0.1328 dme 0.1272)  DR qwk 0.821 acc 66.6%  DME qwk 0.868 acc 84.6%  score 0.8398  20s\n"}
,{"stream_name":"stdout","time":4644.604606564,"data":"  ep  20/40  loss 0.1310 (dr 0.1336 dme 0.1272)  DR qwk 0.823 acc 66.8%  DME qwk 0.883 acc 84.6%  score 0.8468  19s  *best\n"}
,{"stream_name":"stdout","time":4664.871557105,"data":"  ep  21/40  loss 0.1296 (dr 0.1312 dme 0.1273)  DR qwk 0.826 acc 67.9%  DME qwk 0.888 acc 85.6%  score 0.8510  20s  *best\n"}
,{"stream_name":"stdout","time":4685.491534394,"data":"  ep  22/40  loss 0.1315 (dr 0.1317 dme 0.1313)  DR qwk 0.828 acc 68.4%  DME qwk 0.888 acc 85.6%  score 0.8521  20s  *best\n"}
,{"stream_name":"stdout","time":4705.834877591,"data":"  ep  23/40  loss 0.1296 (dr 0.1314 dme 0.1270)  DR qwk 0.828 acc 68.4%  DME qwk 0.888 acc 85.6%  score 0.8521  20s\n"}
,{"stream_name":"stdout","time":4726.036903417,"data":"  ep  24/40  loss 0.1300 (dr 0.1314 dme 0.1279)  DR qwk 0.828 acc 68.1%  DME qwk 0.893 acc 86.5%  score 0.8537  20s  *best\n"}
,{"stream_name":"stdout","time":4746.480841957,"data":"  ep  25/40  loss 0.1300 (dr 0.1293 dme 0.1312)  DR qwk 0.829 acc 69.0%  DME qwk 0.899 acc 87.5%  score 0.8567  20s  *best\n"}
,{"stream_name":"stdout","time":4766.276140669,"data":"  ep  26/40  loss 0.1278 (dr 0.1288 dme 0.1262)  DR qwk 0.830 acc 69.5%  DME qwk 0.899 acc 87.5%  score 0.8578  19s  *best\n"}
,{"stream_name":"stdout","time":4786.243223338,"data":"  ep  27/40  loss 0.1269 (dr 0.1280 dme 0.1253)  DR qwk 0.831 acc 69.5%  DME qwk 0.904 acc 88.5%  score 0.8599  20s  *best\n"}
,{"stream_name":"stdout","time":4805.912875133,"data":"  ep  28/40  loss 0.1271 (dr 0.1291 dme 0.1240)  DR qwk 0.832 acc 69.9%  DME qwk 0.904 acc 88.5%  score 0.8608  19s  *best\n"}
,{"stream_name":"stdout","time":4825.691298025,"data":"  ep  29/40  loss 0.1276 (dr 0.1288 dme 0.1259)  DR qwk 0.831 acc 69.7%  DME qwk 0.904 acc 88.5%  score 0.8601  19s\n"}
,{"stream_name":"stdout","time":4845.727850443,"data":"  ep  30/40  loss 0.1268 (dr 0.1279 dme 0.1251)  DR qwk 0.828 acc 69.7%  DME qwk 0.904 acc 88.5%  score 0.8583  20s\n"}
,{"stream_name":"stdout","time":4865.998554774,"data":"  ep  31/40  loss 0.1265 (dr 0.1280 dme 0.1243)  DR qwk 0.827 acc 69.9%  DME qwk 0.882 acc 87.5%  score 0.8492  20s\n"}
,{"stream_name":"stdout","time":4886.21150446,"data":"  ep  32/40  loss 0.1270 (dr 0.1276 dme 0.1260)  DR qwk 0.828 acc 70.4%  DME qwk 0.882 acc 87.5%  score 0.8499  20s\n"}
,{"stream_name":"stdout","time":4905.950887397,"data":"  ep  33/40  loss 0.1266 (dr 0.1282 dme 0.1242)  DR qwk 0.832 acc 70.6%  DME qwk 0.888 acc 88.5%  score 0.8543  19s\n"}
,{"stream_name":"stdout","time":4926.024153039,"data":"  ep  34/40  loss 0.1254 (dr 0.1269 dme 0.1232)  DR qwk 0.831 acc 70.4%  DME qwk 0.888 acc 88.5%  score 0.8539  20s\n"}
,{"stream_name":"stdout","time":4946.530347937,"data":"  ep  35/40  loss 0.1266 (dr 0.1285 dme 0.1237)  DR qwk 0.834 acc 71.0%  DME qwk 0.888 acc 88.5%  score 0.8554  20s\n"}
,{"stream_name":"stdout","time":4965.978866661,"data":"  ep  36/40  loss 0.1256 (dr 0.1269 dme 0.1236)  DR qwk 0.836 acc 71.7%  DME qwk 0.888 acc 88.5%  score 0.8566  19s\n"}
,{"stream_name":"stdout","time":4985.730407734,"data":"  ep  37/40  loss 0.1257 (dr 0.1272 dme 0.1234)  DR qwk 0.834 acc 71.2%  DME qwk 0.888 acc 88.5%  score 0.8556  19s\n"}
,{"stream_name":"stdout","time":5005.612982346,"data":"  ep  38/40  loss 0.1262 (dr 0.1274 dme 0.1245)  DR qwk 0.830 acc 70.8%  DME qwk 0.888 acc 88.5%  score 0.8530  19s\n"}
,{"stream_name":"stdout","time":5025.87157035,"data":"  ep  39/40  loss 0.1277 (dr 0.1298 dme 0.1247)  DR qwk 0.827 acc 70.6%  DME qwk 0.878 acc 86.5%  score 0.8471  20s\n"}
,{"stream_name":"stdout","time":5038.073402882,"data":"\n"}
,{"stream_name":"stdout","time":5038.075184093,"data":"  fold 2 best (selected on validation score, never on test):\n"}
,{"stream_name":"stdout","time":5038.076270614,"data":"    dr                     n=  452  acc  73.7% [69.5,77.9]  floor  52.4%  QWK  0.863  F1 0.656  BEATS\n"}
,{"stream_name":"stdout","time":5038.077664534,"data":"    dme_ungated            n=  104  acc  90.4% [85.6,96.2]  floor  49.0%  QWK  0.915  F1 0.810  BEATS\n"}
,{"stream_name":"stdout","time":5038.078934563,"data":"    dme_gated              n=   70  acc  85.7% [77.1,92.9]  floor  72.9%  QWK  0.777  F1 0.741  BEATS\n"}
,{"stream_name":"stdout","time":5038.079996248,"data":"    dme_referable_binary   n=  452  acc  95.6% [93.6,97.3]  floor  82.7%  QWK  0.842  F1 0.921  BEATS\n"}
,{"stream_name":"stdout","time":5038.134867112,"data":"\n"}
,{"stream_name":"stdout","time":5038.135602636,"data":"==============================================================================\n"}
,{"stream_name":"stdout","time":5038.136544083,"data":"FOLD 3   train=1811  val=449\n"}
,{"stream_name":"stdout","time":5038.137344499,"data":"==============================================================================\n"}
,{"stream_name":"stdout","time":5038.508121324,"data":"  initialised from the pretrained backbone\n"}
,{"stream_name":"stdout","time":5058.770254587,"data":"  ep   0/40  loss 0.3742 (dr 0.3506 dme 0.4097)  DR qwk 0.723 acc 52.8%  DME qwk 0.540 acc 49.5%  score 0.6498  20s  *best\n"}
,{"stream_name":"stdout","time":5078.748131752,"data":"  ep   1/40  loss 0.2860 (dr 0.2826 dme 0.2911)  DR qwk 0.729 acc 53.7%  DME qwk 0.693 acc 63.4%  score 0.7147  20s  *best\n"}
,{"stream_name":"stdout","time":5099.297415658,"data":"  ep   2/40  loss 0.2456 (dr 0.2512 dme 0.2370)  DR qwk 0.734 acc 54.1%  DME qwk 0.693 acc 62.4%  score 0.7173  20s  *best\n"}
,{"stream_name":"stdout","time":5119.697379345,"data":"  ep   3/40  loss 0.2173 (dr 0.2300 dme 0.1983)  DR qwk 0.730 acc 52.3%  DME qwk 0.658 acc 62.4%  score 0.7014  20s\n"}
,{"stream_name":"stdout","time":5139.637553443,"data":"  ep   4/40  loss 0.2006 (dr 0.2137 dme 0.1810)  DR qwk 0.745 acc 53.7%  DME qwk 0.684 acc 65.3%  score 0.7202  20s  *best\n"}
,{"stream_name":"stdout","time":5159.101881154,"data":"  ep   5/40  loss 0.1885 (dr 0.2031 dme 0.1666)  DR qwk 0.753 acc 55.7%  DME qwk 0.734 acc 67.3%  score 0.7457  19s  *best\n"}
,{"stream_name":"stdout","time":5178.88137336,"data":"  ep   6/40  loss 0.1742 (dr 0.1858 dme 0.1569)  DR qwk 0.763 acc 57.2%  DME qwk 0.758 acc 70.3%  score 0.7608  19s  *best\n"}
,{"stream_name":"stdout","time":5199.36208807,"data":"  ep   7/40  loss 0.1667 (dr 0.1747 dme 0.1548)  DR qwk 0.766 acc 57.5%  DME qwk 0.776 acc 72.3%  score 0.7701  20s  *best\n"}
,{"stream_name":"stdout","time":5219.373286701,"data":"  ep   8/40  loss 0.1574 (dr 0.1663 dme 0.1441)  DR qwk 0.778 acc 59.2%  DME qwk 0.783 acc 73.3%  score 0.7801  20s  *best\n"}
,{"stream_name":"stdout","time":5239.365999903,"data":"  ep   9/40  loss 0.1508 (dr 0.1565 dme 0.1422)  DR qwk 0.778 acc 59.0%  DME qwk 0.762 acc 72.3%  score 0.7715  20s\n"}
,{"stream_name":"stdout","time":5259.592549779,"data":"  ep  10/40  loss 0.1497 (dr 0.1578 dme 0.1375)  DR qwk 0.786 acc 59.9%  DME qwk 0.762 acc 72.3%  score 0.7766  20s\n"}
,{"stream_name":"stdout","time":5279.293977119,"data":"  ep  11/40  loss 0.1458 (dr 0.1517 dme 0.1368)  DR qwk 0.796 acc 61.0%  DME qwk 0.769 acc 73.3%  score 0.7852  19s  *best\n"}
,{"stream_name":"stdout","time":5299.480641449,"data":"  ep  12/40  loss 0.1467 (dr 0.1507 dme 0.1408)  DR qwk 0.795 acc 61.5%  DME qwk 0.776 acc 74.3%  score 0.7875  20s  *best\n"}
,{"stream_name":"stdout","time":5319.40934891,"data":"  ep  13/40  loss 0.1377 (dr 0.1407 dme 0.1331)  DR qwk 0.792 acc 61.9%  DME qwk 0.784 acc 75.2%  score 0.7884  20s  *best\n"}
,{"stream_name":"stdout","time":5339.152831643,"data":"  ep  14/40  loss 0.1425 (dr 0.1435 dme 0.1409)  DR qwk 0.799 acc 63.5%  DME qwk 0.788 acc 76.2%  score 0.7947  19s  *best\n"}
,{"stream_name":"stdout","time":5359.330881268,"data":"  ep  15/40  loss 0.1340 (dr 0.1366 dme 0.1301)  DR qwk 0.806 acc 64.8%  DME qwk 0.788 acc 76.2%  score 0.7989  20s  *best\n"}
,{"stream_name":"stdout","time":5379.917841227,"data":"  ep  16/40  loss 0.1348 (dr 0.1378 dme 0.1301)  DR qwk 0.805 acc 65.0%  DME qwk 0.775 acc 76.2%  score 0.7926  20s\n"}
,{"stream_name":"stdout","time":5400.416077844,"data":"  ep  17/40  loss 0.1318 (dr 0.1346 dme 0.1275)  DR qwk 0.804 acc 65.3%  DME qwk 0.782 acc 77.2%  score 0.7948  20s\n"}
,{"stream_name":"stdout","time":5420.167671817,"data":"  ep  18/40  loss 0.1341 (dr 0.1371 dme 0.1295)  DR qwk 0.807 acc 65.7%  DME qwk 0.789 acc 78.2%  score 0.7997  19s  *best\n"}
,{"stream_name":"stdout","time":5440.749431665,"data":"  ep  19/40  loss 0.1324 (dr 0.1342 dme 0.1296)  DR qwk 0.811 acc 66.1%  DME qwk 0.789 acc 78.2%  score 0.8022  20s  *best\n"}
,{"stream_name":"stdout","time":5461.064524175,"data":"  ep  20/40  loss 0.1315 (dr 0.1342 dme 0.1276)  DR qwk 0.809 acc 66.1%  DME qwk 0.793 acc 79.2%  score 0.8028  20s  *best\n"}
,{"stream_name":"stdout","time":5481.536343103,"data":"  ep  21/40  loss 0.1300 (dr 0.1319 dme 0.1273)  DR qwk 0.811 acc 66.4%  DME qwk 0.793 acc 79.2%  score 0.8041  20s  *best\n"}
,{"stream_name":"stdout","time":5501.765313963,"data":"  ep  22/40  loss 0.1284 (dr 0.1300 dme 0.1260)  DR qwk 0.808 acc 66.6%  DME qwk 0.800 acc 80.2%  score 0.8046  20s  *best\n"}
,{"stream_name":"stdout","time":5521.730092728,"data":"  ep  23/40  loss 0.1295 (dr 0.1320 dme 0.1259)  DR qwk 0.811 acc 67.0%  DME qwk 0.800 acc 80.2%  score 0.8069  20s  *best\n"}
,{"stream_name":"stdout","time":5542.015006754,"data":"  ep  24/40  loss 0.1285 (dr 0.1308 dme 0.1250)  DR qwk 0.817 acc 68.4%  DME qwk 0.800 acc 80.2%  score 0.8104  20s  *best\n"}
,{"stream_name":"stdout","time":5562.545978229,"data":"  ep  25/40  loss 0.1311 (dr 0.1299 dme 0.1330)  DR qwk 0.814 acc 68.2%  DME qwk 0.800 acc 80.2%  score 0.8084  20s\n"}
,{"stream_name":"stdout","time":5582.301024503,"data":"  ep  26/40  loss 0.1291 (dr 0.1308 dme 0.1266)  DR qwk 0.802 acc 67.3%  DME qwk 0.800 acc 80.2%  score 0.8010  19s\n"}
,{"stream_name":"stdout","time":5602.508122382,"data":"  ep  27/40  loss 0.1271 (dr 0.1282 dme 0.1255)  DR qwk 0.803 acc 67.5%  DME qwk 0.800 acc 80.2%  score 0.8018  20s\n"}
,{"stream_name":"stdout","time":5622.361072203,"data":"  ep  28/40  loss 0.1270 (dr 0.1285 dme 0.1248)  DR qwk 0.802 acc 68.4%  DME qwk 0.800 acc 80.2%  score 0.8012  19s\n"}
,{"stream_name":"stdout","time":5642.560999041,"data":"  ep  29/40  loss 0.1277 (dr 0.1293 dme 0.1253)  DR qwk 0.800 acc 68.6%  DME qwk 0.777 acc 79.2%  score 0.7910  20s\n"}
,{"stream_name":"stdout","time":5662.531187338,"data":"  ep  30/40  loss 0.1264 (dr 0.1280 dme 0.1240)  DR qwk 0.802 acc 69.3%  DME qwk 0.777 acc 79.2%  score 0.7922  20s\n"}
,{"stream_name":"stdout","time":5682.595058341,"data":"  ep  31/40  loss 0.1271 (dr 0.1287 dme 0.1246)  DR qwk 0.805 acc 70.2%  DME qwk 0.777 acc 79.2%  score 0.7940  20s\n"}
,{"stream_name":"stdout","time":5702.160008169,"data":"  ep  32/40  loss 0.1301 (dr 0.1319 dme 0.1273)  DR qwk 0.803 acc 69.5%  DME qwk 0.777 acc 79.2%  score 0.7926  19s\n"}
,{"stream_name":"stdout","time":5722.528843351,"data":"  ep  33/40  loss 0.1260 (dr 0.1270 dme 0.1243)  DR qwk 0.798 acc 69.7%  DME qwk 0.777 acc 79.2%  score 0.7899  20s\n"}
,{"stream_name":"stdout","time":5742.612667938,"data":"  ep  34/40  loss 0.1261 (dr 0.1276 dme 0.1238)  DR qwk 0.798 acc 69.5%  DME qwk 0.777 acc 79.2%  score 0.7897  20s\n"}
,{"stream_name":"stdout","time":5762.937217852,"data":"  ep  35/40  loss 0.1254 (dr 0.1267 dme 0.1235)  DR qwk 0.798 acc 69.5%  DME qwk 0.777 acc 79.2%  score 0.7897  20s\n"}
,{"stream_name":"stdout","time":5783.162714974,"data":"  ep  36/40  loss 0.1257 (dr 0.1270 dme 0.1238)  DR qwk 0.798 acc 69.5%  DME qwk 0.777 acc 79.2%  score 0.7897  20s\n"}
,{"stream_name":"stdout","time":5803.472614442,"data":"  ep  37/40  loss 0.1273 (dr 0.1294 dme 0.1241)  DR qwk 0.799 acc 69.7%  DME qwk 0.777 acc 79.2%  score 0.7905  20s\n"}
,{"stream_name":"stdout","time":5823.903055574,"data":"  ep  38/40  loss 0.1284 (dr 0.1270 dme 0.1305)  DR qwk 0.799 acc 69.7%  DME qwk 0.777 acc 79.2%  score 0.7905  20s\n"}
,{"stream_name":"stdout","time":5844.787002747,"data":"  ep  39/40  loss 0.1265 (dr 0.1277 dme 0.1246)  DR qwk 0.799 acc 69.7%  DME qwk 0.777 acc 79.2%  score 0.7905  20s\n"}
,{"stream_name":"stdout","time":5857.231853272,"data":"\n"}
,{"stream_name":"stdout","time":5857.23312269,"data":"  fold 3 best (selected on validation score, never on test):\n"}
,{"stream_name":"stdout","time":5857.234254686,"data":"    dr                     n=  449  acc  70.6% [66.4,74.6]  floor  52.6%  QWK  0.827  F1 0.589  BEATS\n"}
,{"stream_name":"stdout","time":5857.235276532,"data":"    dme_ungated            n=  101  acc  83.2% [75.2,90.1]  floor  44.6%  QWK  0.854  F1 0.731  BEATS\n"}
,{"stream_name":"stdout","time":5857.236309486,"data":"    dme_gated              n=   68  acc  75.0% [64.7,85.3]  floor  66.2%  QWK  0.683  F1 0.629  below-floor\n"}
,{"stream_name":"stdout","time":5857.237192717,"data":"    dme_referable_binary   n=  449  acc  94.2% [92.0,96.2]  floor  82.6%  QWK  0.790  F1 0.895  BEATS\n"}
,{"stream_name":"stdout","time":5857.261768884,"data":"\n"}
,{"stream_name":"stdout","time":5857.262696835,"data":"==============================================================================\n"}
,{"stream_name":"stdout","time":5857.263384391,"data":"FOLD 4   train=1811  val=449\n"}
,{"stream_name":"stdout","time":5857.264131918,"data":"==============================================================================\n"}
,{"stream_name":"stdout","time":5857.659007761,"data":"  initialised from the pretrained backbone\n"}
,{"stream_name":"stdout","time":5877.688387068,"data":"  ep   0/40  loss 0.3641 (dr 0.3445 dme 0.3934)  DR qwk 0.721 acc 54.3%  DME qwk 0.538 acc 48.5%  score 0.6483  20s  *best\n"}
,{"stream_name":"stdout","time":5898.009624127,"data":"  ep   1/40  loss 0.2796 (dr 0.2885 dme 0.2663)  DR qwk 0.721 acc 53.7%  DME qwk 0.743 acc 67.3%  score 0.7302  20s  *best\n"}
,{"stream_name":"stdout","time":5918.793984024,"data":"  ep   2/40  loss 0.2520 (dr 0.2642 dme 0.2338)  DR qwk 0.724 acc 53.2%  DME qwk 0.769 acc 70.3%  score 0.7418  20s  *best\n"}
,{"stream_name":"stdout","time":5938.838050784,"data":"  ep   3/40  loss 0.2142 (dr 0.2254 dme 0.1974)  DR qwk 0.727 acc 52.8%  DME qwk 0.772 acc 70.3%  score 0.7445  20s  *best\n"}
,{"stream_name":"stdout","time":5959.202327679,"data":"  ep   4/40  loss 0.2058 (dr 0.2198 dme 0.1848)  DR qwk 0.732 acc 53.2%  DME qwk 0.779 acc 71.3%  score 0.7509  20s  *best\n"}
,{"stream_name":"stdout","time":5979.379359793,"data":"  ep   5/40  loss 0.1852 (dr 0.1997 dme 0.1635)  DR qwk 0.751 acc 55.5%  DME qwk 0.783 acc 72.3%  score 0.7641  20s  *best\n"}
,{"stream_name":"stdout","time":5999.650617107,"data":"  ep   6/40  loss 0.1743 (dr 0.1868 dme 0.1556)  DR qwk 0.764 acc 56.6%  DME qwk 0.804 acc 75.2%  score 0.7798  20s  *best\n"}
,{"stream_name":"stdout","time":6019.700785224,"data":"  ep   7/40  loss 0.1730 (dr 0.1862 dme 0.1533)  DR qwk 0.776 acc 56.8%  DME qwk 0.818 acc 77.2%  score 0.7926  20s  *best\n"}
,{"stream_name":"stdout","time":6039.955431005,"data":"  ep   8/40  loss 0.1605 (dr 0.1686 dme 0.1483)  DR qwk 0.779 acc 57.9%  DME qwk 0.818 acc 77.2%  score 0.7944  20s  *best\n"}
,{"stream_name":"stdout","time":6060.455015807,"data":"  ep   9/40  loss 0.1579 (dr 0.1657 dme 0.1462)  DR qwk 0.783 acc 59.5%  DME qwk 0.836 acc 80.2%  score 0.8044  20s  *best\n"}
,{"stream_name":"stdout","time":6080.403633511,"data":"  ep  10/40  loss 0.1487 (dr 0.1559 dme 0.1380)  DR qwk 0.783 acc 60.1%  DME qwk 0.813 acc 79.2%  score 0.7953  19s\n"}
,{"stream_name":"stdout","time":6100.945700537,"data":"  ep  11/40  loss 0.1480 (dr 0.1549 dme 0.1376)  DR qwk 0.787 acc 61.2%  DME qwk 0.820 acc 80.2%  score 0.8003  20s\n"}
,{"stream_name":"stdout","time":6121.42369851,"data":"  ep  12/40  loss 0.1432 (dr 0.1483 dme 0.1357)  DR qwk 0.788 acc 61.5%  DME qwk 0.820 acc 80.2%  score 0.8010  20s\n"}
,{"stream_name":"stdout","time":6141.791523797,"data":"  ep  13/40  loss 0.1395 (dr 0.1450 dme 0.1313)  DR qwk 0.784 acc 61.5%  DME qwk 0.827 acc 81.2%  score 0.8010  20s\n"}
,{"stream_name":"stdout","time":6161.606708192,"data":"  ep  14/40  loss 0.1374 (dr 0.1424 dme 0.1300)  DR qwk 0.790 acc 62.8%  DME qwk 0.822 acc 80.2%  score 0.8029  19s\n"}
,{"stream_name":"stdout","time":6181.777395031,"data":"  ep  15/40  loss 0.1366 (dr 0.1407 dme 0.1304)  DR qwk 0.793 acc 64.1%  DME qwk 0.835 acc 82.2%  score 0.8096  20s  *best\n"}
,{"stream_name":"stdout","time":6201.514663577,"data":"  ep  16/40  loss 0.1340 (dr 0.1372 dme 0.1292)  DR qwk 0.803 acc 65.7%  DME qwk 0.813 acc 81.2%  score 0.8070  19s\n"}
,{"stream_name":"stdout","time":6221.256224032,"data":"  ep  17/40  loss 0.1345 (dr 0.1394 dme 0.1271)  DR qwk 0.804 acc 65.7%  DME qwk 0.813 acc 81.2%  score 0.8075  19s\n"}
,{"stream_name":"stdout","time":6240.959841128,"data":"  ep  18/40  loss 0.1340 (dr 0.1379 dme 0.1283)  DR qwk 0.805 acc 65.7%  DME qwk 0.813 acc 81.2%  score 0.8080  19s\n"}
,{"stream_name":"stdout","time":6260.869467513,"data":"  ep  19/40  loss 0.1399 (dr 0.1430 dme 0.1351)  DR qwk 0.808 acc 66.4%  DME qwk 0.813 acc 81.2%  score 0.8099  19s  *best\n"}
,{"stream_name":"stdout","time":6281.267030953,"data":"  ep  20/40  loss 0.1304 (dr 0.1328 dme 0.1269)  DR qwk 0.807 acc 66.1%  DME qwk 0.820 acc 82.2%  score 0.8123  20s  *best\n"}
,{"stream_name":"stdout","time":6301.712035698,"data":"  ep  21/40  loss 0.1313 (dr 0.1327 dme 0.1291)  DR qwk 0.808 acc 66.6%  DME qwk 0.820 acc 82.2%  score 0.8124  20s  *best\n"}
,{"stream_name":"stdout","time":6321.578669712,"data":"  ep  22/40  loss 0.1297 (dr 0.1325 dme 0.1255)  DR qwk 0.802 acc 66.1%  DME qwk 0.835 acc 82.2%  score 0.8154  19s  *best\n"}
,{"stream_name":"stdout","time":6341.725797014,"data":"  ep  23/40  loss 0.1286 (dr 0.1302 dme 0.1262)  DR qwk 0.808 acc 67.0%  DME qwk 0.835 acc 82.2%  score 0.8188  20s  *best\n"}
,{"stream_name":"stdout","time":6361.306560144,"data":"  ep  24/40  loss 0.1294 (dr 0.1309 dme 0.1270)  DR qwk 0.807 acc 67.0%  DME qwk 0.835 acc 82.2%  score 0.8184  19s\n"}
,{"stream_name":"stdout","time":6380.765856089,"data":"  ep  25/40  loss 0.1290 (dr 0.1311 dme 0.1259)  DR qwk 0.808 acc 67.3%  DME qwk 0.841 acc 83.2%  score 0.8215  19s  *best\n"}
,{"stream_name":"stdout","time":6401.070590661,"data":"  ep  26/40  loss 0.1271 (dr 0.1291 dme 0.1241)  DR qwk 0.804 acc 67.3%  DME qwk 0.841 acc 83.2%  score 0.8190  20s\n"}
,{"stream_name":"stdout","time":6420.939809953,"data":"  ep  27/40  loss 0.1286 (dr 0.1301 dme 0.1264)  DR qwk 0.805 acc 68.2%  DME qwk 0.848 acc 84.2%  score 0.8219  19s  *best\n"}
,{"stream_name":"stdout","time":6440.776897515,"data":"  ep  28/40  loss 0.1282 (dr 0.1300 dme 0.1256)  DR qwk 0.799 acc 67.7%  DME qwk 0.854 acc 85.1%  score 0.8207  19s\n"}
,{"stream_name":"stdout","time":6460.385775366,"data":"  ep  29/40  loss 0.1271 (dr 0.1286 dme 0.1248)  DR qwk 0.798 acc 67.5%  DME qwk 0.854 acc 85.1%  score 0.8203  19s\n"}
,{"stream_name":"stdout","time":6481.174924133,"data":"  ep  30/40  loss 0.1274 (dr 0.1296 dme 0.1241)  DR qwk 0.799 acc 67.9%  DME qwk 0.854 acc 85.1%  score 0.8209  20s\n"}
,{"stream_name":"stdout","time":6501.672743929,"data":"  ep  31/40  loss 0.1269 (dr 0.1281 dme 0.1251)  DR qwk 0.798 acc 68.2%  DME qwk 0.854 acc 85.1%  score 0.8203  20s\n"}
,{"stream_name":"stdout","time":6521.574522255,"data":"  ep  32/40  loss 0.1274 (dr 0.1286 dme 0.1256)  DR qwk 0.794 acc 68.4%  DME qwk 0.854 acc 85.1%  score 0.8181  20s\n"}
,{"stream_name":"stdout","time":6541.984264944,"data":"  ep  33/40  loss 0.1268 (dr 0.1276 dme 0.1255)  DR qwk 0.794 acc 68.8%  DME qwk 0.848 acc 84.2%  score 0.8156  20s\n"}
,{"stream_name":"stdout","time":6562.792510893,"data":"  ep  34/40  loss 0.1269 (dr 0.1282 dme 0.1248)  DR qwk 0.795 acc 69.0%  DME qwk 0.848 acc 84.2%  score 0.8162  20s\n"}
,{"stream_name":"stdout","time":6582.844054521,"data":"  ep  35/40  loss 0.1259 (dr 0.1270 dme 0.1242)  DR qwk 0.793 acc 69.0%  DME qwk 0.848 acc 84.2%  score 0.8150  20s\n"}
,{"stream_name":"stdout","time":6602.465503078,"data":"  ep  36/40  loss 0.1257 (dr 0.1270 dme 0.1238)  DR qwk 0.795 acc 69.5%  DME qwk 0.848 acc 84.2%  score 0.8162  19s\n"}
,{"stream_name":"stdout","time":6622.467294233,"data":"  ep  37/40  loss 0.1265 (dr 0.1283 dme 0.1239)  DR qwk 0.796 acc 69.7%  DME qwk 0.848 acc 84.2%  score 0.8168  20s\n"}
,{"stream_name":"stdout","time":6642.228277545,"data":"  ep  38/40  loss 0.1272 (dr 0.1289 dme 0.1248)  DR qwk 0.797 acc 69.9%  DME qwk 0.848 acc 84.2%  score 0.8174  19s\n"}
,{"stream_name":"stdout","time":6662.228047376,"data":"  ep  39/40  loss 0.1262 (dr 0.1279 dme 0.1237)  DR qwk 0.797 acc 69.9%  DME qwk 0.848 acc 84.2%  score 0.8174  19s\n"}
,{"stream_name":"stdout","time":6674.427369125,"data":"\n"}
,{"stream_name":"stdout","time":6674.428359892,"data":"  fold 4 best (selected on validation score, never on test):\n"}
,{"stream_name":"stdout","time":6674.429464287,"data":"    dr                     n=  449  acc  73.1% [68.8,76.8]  floor  52.6%  QWK  0.842  F1 0.581  BEATS\n"}
,{"stream_name":"stdout","time":6674.431146597,"data":"    dme_ungated            n=  101  acc  85.1% [78.2,91.1]  floor  46.5%  QWK  0.854  F1 0.716  BEATS\n"}
,{"stream_name":"stdout","time":6674.432267931,"data":"    dme_gated              n=   68  acc  79.4% [69.1,88.2]  floor  69.1%  QWK  0.698  F1 0.654  below-floor\n"}
,{"stream_name":"stdout","time":6674.433234309,"data":"    dme_referable_binary   n=  449  acc  93.8% [91.3,96.0]  floor  82.4%  QWK  0.781  F1 0.890  BEATS\n"}
,{"stream_name":"stdout","time":6785.850940994,"data":"\n"}
,{"stream_name":"stdout","time":6785.851995794,"data":"==============================================================================\n"}
,{"stream_name":"stdout","time":6785.85266966,"data":"POOLED OUT-OF-FOLD (2260 images, folds [0, 1, 2, 3, 4])\n"}
,{"stream_name":"stdout","time":6785.853342743,"data":"==============================================================================\n"}
,{"stream_name":"stdout","time":6785.854070808,"data":"    dr                     n= 2260  acc  69.0% [67.2,70.9]  floor  52.4%  QWK  0.820  F1 0.584  BEATS\n"}
,{"stream_name":"stdout","time":6785.85471189,"data":"    dme_ungated            n=  516  acc  84.3% [81.0,87.2]  floor  47.1%  QWK  0.866  F1 0.737  BEATS\n"}
,{"stream_name":"stdout","time":6785.855382494,"data":"    dme_gated              n=  348  acc  79.6% [75.0,83.6]  floor  69.8%  QWK  0.720  F1 0.678  BEATS\n"}
,{"stream_name":"stdout","time":6785.856078949,"data":"    dme_referable_binary   n= 2260  acc  94.6% [93.5,95.5]  floor  82.6%  QWK  0.803  F1 0.901  BEATS\n"}
,{"stream_name":"stdout","time":6785.856720225,"data":"\n"}
,{"stream_name":"stdout","time":6785.85738249,"data":"wrote /kaggle/working/E09/results.json  (6503s)\n"}
,{"stream_name":"stdout","time":6787.38557033,"data":"\n"}
,{"stream_name":"stdout","time":6787.385605942,"data":"exit=0  6506s\n"}
,{"stream_name":"stdout","time":6787.428974807,"data":"/usr/bin/python3 -u /kaggle/working/repo/src/eval_external.py --run /kaggle/working/E09 --datasets /kaggle/input --corpus APTOS --cache /kaggle/temp/cache_ext --tta\n"}
,{"stream_name":"stdout","time":6789.571840787,"data":"run E09  commit cebfc2067c  device=cuda  backbone=densenet121 head=ordinal size=224\n"}
,{"stream_name":"stdout","time":6868.328494514,"data":"[corpora] APTOS            0 images\n"}
,{"stream_name":"stdout","time":6868.329562198,"data":"APTOS matched 0 images — is it attached to this kernel?\n"}
,{"stream_name":"stdout","time":6868.647980855,"data":"external exit= 1\n"}
,{"stream_name":"stdout","time":6868.806260898,"data":"dropping ckpt_2.pt 121 MB\n"}
,{"stream_name":"stdout","time":6868.80632401,"data":"dropping ckpt_0.pt 121 MB\n"}
,{"stream_name":"stdout","time":6868.806331905,"data":"dropping ckpt_1.pt 121 MB\n"}
,{"stream_name":"stdout","time":6868.806337023,"data":"dropping ckpt_3.pt 121 MB\n"}
,{"stream_name":"stdout","time":6868.806342131,"data":"dropping ckpt_4.pt 121 MB\n"}
,{"stream_name":"stdout","time":6868.806346457,"data":"   30.50 MB  best_0.pt\n"}
,{"stream_name":"stdout","time":6868.806350777,"data":"   30.50 MB  best_1.pt\n"}
,{"stream_name":"stdout","time":6868.80635498,"data":"   30.50 MB  best_2.pt\n"}
,{"stream_name":"stdout","time":6868.806359204,"data":"   30.50 MB  best_3.pt\n"}
,{"stream_name":"stdout","time":6868.806363456,"data":"   30.50 MB  best_4.pt\n"}
,{"stream_name":"stdout","time":6868.806373401,"data":"    0.00 MB  external.log\n"}
,{"stream_name":"stdout","time":6868.806376778,"data":"    0.01 MB  oof_0.npz\n"}
,{"stream_name":"stdout","time":6868.806379665,"data":"    0.01 MB  oof_1.npz\n"}
,{"stream_name":"stdout","time":6868.806382596,"data":"    0.01 MB  oof_2.npz\n"}
,{"stream_name":"stdout","time":6868.806385576,"data":"    0.01 MB  oof_3.npz\n"}
,{"stream_name":"stdout","time":6868.806388471,"data":"    0.01 MB  oof_4.npz\n"}
,{"stream_name":"stdout","time":6868.80639137,"data":"   30.51 MB  pretrained.pt\n"}
,{"stream_name":"stdout","time":6868.8063943,"data":"    0.09 MB  results.json\n"}
,{"stream_name":"stdout","time":6868.806397383,"data":"    0.04 MB  train_20260826-060719.log\n"}
,{"stream_name":"stdout","time":6868.806400424,"data":"\n"}
,{"stream_name":"stdout","time":6868.806403231,"data":"run E09 commit cebfc2067c | folds [0, 1, 2, 3, 4]\n"}
,{"stream_name":"stdout","time":6868.80640627,"data":"  dr                     n= 2260 acc  69.0% floor  52.4% QWK  0.820\n"}
,{"stream_name":"stdout","time":6868.8064093,"data":"  dme_ungated            n=  516 acc  84.3% floor  47.1% QWK  0.866\n"}
,{"stream_name":"stdout","time":6868.806412232,"data":"  dme_gated              n=  348 acc  79.6% floor  69.8% QWK  0.720\n"}
,{"stream_name":"stdout","time":6868.806415232,"data":"  dme_referable_binary   n= 2260 acc  94.6% floor  82.6% QWK  0.803\n"}
,{"stream_name":"stderr","time":6872.988400214,"data":"/usr/local/lib/python3.12/dist-packages/mistune.py:435: SyntaxWarning: invalid escape sequence '\\|'\n"}
,{"stream_name":"stderr","time":6872.988434853,"data":"  cells[i][c] = re.sub('\\\\\\\\\\|', '|', cell)\n"}
,{"stream_name":"stderr","time":6873.133798707,"data":"/usr/local/lib/python3.12/dist-packages/nbconvert/filters/filter_links.py:36: SyntaxWarning: invalid escape sequence '\\_'\n"}
,{"stream_name":"stderr","time":6873.133831324,"data":"  text = re.sub(r'_', '\\_', text) # Escape underscores in display text\n"}
,{"stream_name":"stderr","time":6873.739927642,"data":"[NbConvertApp] Converting notebook __notebook__.ipynb to notebook\n"}
,{"stream_name":"stderr","time":6874.091203717,"data":"[NbConvertApp] Writing 58968 bytes to __notebook__.ipynb\n"}
,{"stream_name":"stderr","time":6876.430370238,"data":"[NbConvertApp] Converting notebook __notebook__.ipynb to html\n"}
,{"stream_name":"stderr","time":6877.259033102,"data":"[NbConvertApp] Writing 351161 bytes to __results__.html\n"}
]