run ?  commit ?  device=cuda  backbone=tf_efficientnet_b3 head=ordinal size=448
[corpora] APTOS         3662 images
  APTOS       n=  3662  DR0=1805 DR1=370 DR2=999 DR3=193 DR4=295   dme_supervised=    0 (exact=0)
[corpora] IDRiD          516 images
[corpora] Messidor-2    1744 images
[cache] decoding 3662 images -> /kaggle/temp/cache_ext
[cache]   250/3662  31s, ~421s left
[cache]   500/3662  59s, ~372s left
[cache]   750/3662  88s, ~342s left
[cache]   1000/3662  115s, ~306s left
[cache]   1250/3662  144s, ~277s left
[cache]   1500/3662  171s, ~246s left
[cache]   1750/3662  198s, ~217s left
[cache]   2000/3662  226s, ~188s left
[cache]   2250/3662  253s, ~159s left
[cache]   2500/3662  283s, ~131s left
[cache]   2750/3662  310s, ~103s left
[cache]   3000/3662  339s, ~75s left
[cache]   3250/3662  369s, ~47s left
[cache]   3500/3662  397s, ~18s left
[cache]   3662/3662  416s, ~0s left
ensembling 5 folds: ['best_0.pt', 'best_1.pt', 'best_2.pt', 'best_3.pt', 'best_4.pt']

==============================================================================
EXTERNAL — APTOS, never seen in training
==============================================================================
    dr                     n= 3662  acc  74.9% [73.5,76.3]  floor  49.3%  QWK  0.903  F1 0.545  BEATS
                          recall 98%  5%  66%  63%  60%   support [1805, 370, 999, 193, 295]
                          referable-DR sens 99.3%  spec 84.3%

wrote /kaggle/working/EXTE11FULL/external_aptos.json
wrote /kaggle/working/EXTE11FULL/external_aptos_predictions.npz
