run ?  commit ?  device=cuda  backbone=densenet121 head=ordinal size=448
[corpora] APTOS         3662 images
  APTOS       n=  3662  DR0=1805 DR1=370 DR2=999 DR3=193 DR4=295   dme_supervised=    0 (exact=0)
[corpora] IDRiD          516 images
[corpora] Messidor-2    1744 images
[cache] decoding 3662 images -> /kaggle/temp/cache_ext
[cache]   250/3662  32s, ~435s left
[cache]   500/3662  61s, ~386s left
[cache]   750/3662  91s, ~354s left
[cache]   1000/3662  119s, ~317s left
[cache]   1250/3662  149s, ~287s left
[cache]   1500/3662  177s, ~255s left
[cache]   1750/3662  205s, ~224s left
[cache]   2000/3662  232s, ~193s left
[cache]   2250/3662  259s, ~162s left
[cache]   2500/3662  288s, ~134s left
[cache]   2750/3662  315s, ~105s left
[cache]   3000/3662  344s, ~76s left
[cache]   3250/3662  374s, ~47s left
[cache]   3500/3662  403s, ~19s left
[cache]   3662/3662  421s, ~0s left
ensembling 5 folds: ['best_0.pt', 'best_1.pt', 'best_2.pt', 'best_3.pt', 'best_4.pt']

==============================================================================
EXTERNAL — APTOS, never seen in training
==============================================================================
    dr                     n= 3662  acc  68.7% [67.2,70.2]  floor  49.3%  QWK  0.880  F1 0.473  BEATS
                          recall 96%  6%  54%  73%  32%   support [1805, 370, 999, 193, 295]
                          referable-DR sens 98.7%  spec 84.3%

wrote /kaggle/working/EXTE14MAC/external_aptos.json
wrote /kaggle/working/EXTE14MAC/external_aptos_predictions.npz
